143.110.222.166 - - [04/Feb/2023:17:06:02 -0600] "GET / HTTP/1.1" 301 241 "-" "Mozilla/5.0 (iPhone; CPU iPhone OS 16_1 like Mac OS X) AppleWebKit/605.1.15 (KHTML, like Gecko) Version/16.1 Mobile/15E148 Safari/604.1"
193.32.162.159 - - [04/Feb/2023:17:41:07 -0600] "GET / HTTP/1.1" 301 241 "-" "Mozilla/5.0 (Windows NT 10.0; Win64; x64) AppleWebKit/537.36 (KHTML, like Gecko) Chrome/90.0.4430.85 Safari/537.36 Edg/90.0.818.46"
107.170.227.21 - - [04/Feb/2023:18:03:36 -0600] "GET /portal/redlion HTTP/1.1" 301 255 "-" "Mozilla/5.0 zgrab/0.x"
143.110.222.166 - - [04/Feb/2023:18:10:44 -0600] "GET / HTTP/1.1" 301 241 "-" "Mozilla/5.0 (iPhone; CPU iPhone OS 16_1 like Mac OS X) AppleWebKit/605.1.15 (KHTML, like Gecko) Version/16.1 Mobile/15E148 Safari/604.1"
183.136.225.32 - - [04/Feb/2023:18:40:16 -0600] "GET / HTTP/1.1" 301 241 "-" "Mozilla/5.0 (Macintosh; Intel Mac OS X 10.11; rv:47.0) Gecko/20100101 Firefox/47.0"
193.32.162.159 - - [04/Feb/2023:18:45:44 -0600] "GET / HTTP/1.1" 301 241 "-" "Mozilla/5.0 (Windows NT 10.0; Win64; x64) AppleWebKit/537.36 (KHTML, like Gecko) Chrome/90.0.4430.85 Safari/537.36 Edg/90.0.818.46"
183.136.225.32 - - [04/Feb/2023:18:46:45 -0600] "GET / HTTP/1.1" 301 241 "-" "Mozilla/5.0 (Windows NT 6.1; WOW64) AppleWebKit/537.36 (KHTML, like Gecko) Chrome/63.0.3239.132 Safari/537.36 QIHU 360SE"
183.136.225.32 - - [04/Feb/2023:18:47:08 -0600] "GET /favicon.ico HTTP/1.1" 301 252 "-" "Mozilla/5.0 (Windows NT 6.1; WOW64) AppleWebKit/537.36 (KHTML, like Gecko) Chrome/63.0.3239.132 Safari/537.36 QIHU 360SE"
183.136.225.32 - - [04/Feb/2023:18:47:51 -0600] "GET /robots.txt HTTP/1.1" 301 251 "-" "Mozilla/5.0 (Windows NT 6.1; WOW64) AppleWebKit/537.36 (KHTML, like Gecko) Chrome/63.0.3239.132 Safari/537.36 QIHU 360SE"
179.43.177.242 - - [04/Feb/2023:19:00:03 -0600] "POST /boaform/admin/formLogin HTTP/1.1" 301 264 "http://194.195.210.97:80/admin/login.asp" "Mozilla/5.0 (X11; Ubuntu; Linux x86_64; rv:71.0) Gecko/20100101 Firefox/71.0"
23.20.233.193 - - [04/Feb/2023:19:50:52 -0600] "GET / HTTP/1.1" 301 241 "-" "Mozilla/5.0 (Windows NT 6.2;en-US) AppleWebKit/537.32.36 (KHTML, live Gecko) Chrome/51.0.3001.95 Safari/537.32"
179.43.177.242 - - [04/Feb/2023:20:02:28 -0600] "GET / HTTP/1.1" 301 241 "-" "Hello World"
143.110.222.166 - - [04/Feb/2023:20:05:45 -0600] "GET / HTTP/1.1" 301 241 "-" "Mozilla/5.0 (iPhone; CPU iPhone OS 16_1 like Mac OS X) AppleWebKit/605.1.15 (KHTML, like Gecko) Version/16.1 Mobile/15E148 Safari/604.1"
107.150.102.186 - - [04/Feb/2023:20:08:12 -0600] "GET / HTTP/1.1" 301 241 "-" "curl/7.29.0"
107.150.102.186 - - [04/Feb/2023:20:08:13 -0600] "\x16\x03\x01" 400 226 "-" "-"
193.118.53.210 - - [04/Feb/2023:20:08:13 -0600] "GET / HTTP/1.1" 301 241 "-" "Mozilla/5.0 (Windows NT 10.0; Win64; x64) AppleWebKit/537.36 (KHTML, like Gecko) Chrome/60.0.3112.113 Safari/537.36"
109.237.98.226 - - [04/Feb/2023:20:25:43 -0600] "GET /.env HTTP/1.1" 301 245 "-" "Mozilla/5.0 (X11; Linux x86_64) AppleWebKit/537.36 (KHTML, like Gecko) Chrome/81.0.4044.129 Safari/537.36"
109.237.98.226 - - [04/Feb/2023:20:25:43 -0600] "\x16\x03\x01\x01H\x01" 400 226 "-" "-"
109.237.98.226 - - [04/Feb/2023:20:25:44 -0600] "POST /.env HTTP/1.1" 301 245 "-" "Mozilla/5.0 (X11; Linux x86_64) AppleWebKit/537.36 (KHTML, like Gecko) Chrome/81.0.4044.129 Safari/537.36"
109.237.98.226 - - [04/Feb/2023:20:25:44 -0600] "GET /.aws/credentials HTTP/1.1" 301 257 "-" "Mozilla/5.0 (X11; Linux x86_64) AppleWebKit/537.36 (KHTML, like Gecko) Chrome/81.0.4044.129 Safari/537.36"
109.237.98.226 - - [04/Feb/2023:20:25:44 -0600] "POST /.aws/credentials HTTP/1.1" 301 257 "-" "Mozilla/5.0 (X11; Linux x86_64) AppleWebKit/537.36 (KHTML, like Gecko) Chrome/81.0.4044.129 Safari/537.36"
109.237.98.226 - - [04/Feb/2023:20:25:45 -0600] "GET /.aws/config HTTP/1.1" 301 252 "-" "Mozilla/5.0 (X11; Linux x86_64) AppleWebKit/537.36 (KHTML, like Gecko) Chrome/81.0.4044.129 Safari/537.36"
109.237.98.226 - - [04/Feb/2023:20:25:45 -0600] "POST /.aws/config HTTP/1.1" 301 252 "-" "Mozilla/5.0 (X11; Linux x86_64) AppleWebKit/537.36 (KHTML, like Gecko) Chrome/81.0.4044.129 Safari/537.36"
109.237.98.226 - - [04/Feb/2023:20:25:45 -0600] "GET /aws/credentials HTTP/1.1" 301 256 "-" "Mozilla/5.0 (X11; Linux x86_64) AppleWebKit/537.36 (KHTML, like Gecko) Chrome/81.0.4044.129 Safari/537.36"
109.237.98.226 - - [04/Feb/2023:20:25:46 -0600] "POST /aws/credentials HTTP/1.1" 301 256 "-" "Mozilla/5.0 (X11; Linux x86_64) AppleWebKit/537.36 (KHTML, like Gecko) Chrome/81.0.4044.129 Safari/537.36"
109.237.98.226 - - [04/Feb/2023:20:25:46 -0600] "GET /credentials HTTP/1.1" 301 252 "-" "Mozilla/5.0 (X11; Linux x86_64) AppleWebKit/537.36 (KHTML, like Gecko) Chrome/81.0.4044.129 Safari/537.36"
109.237.98.226 - - [04/Feb/2023:20:25:46 -0600] "POST /credentials HTTP/1.1" 301 252 "-" "Mozilla/5.0 (X11; Linux x86_64) AppleWebKit/537.36 (KHTML, like Gecko) Chrome/81.0.4044.129 Safari/537.36"
109.237.98.226 - - [04/Feb/2023:20:25:46 -0600] "GET /test.php HTTP/1.1" 301 249 "-" "Mozilla/5.0 (X11; Linux x86_64) AppleWebKit/537.36 (KHTML, like Gecko) Chrome/81.0.4044.129 Safari/537.36"
109.237.98.226 - - [04/Feb/2023:20:25:47 -0600] "POST /test.php HTTP/1.1" 301 249 "-" "Mozilla/5.0 (X11; Linux x86_64) AppleWebKit/537.36 (KHTML, like Gecko) Chrome/81.0.4044.129 Safari/537.36"
109.237.98.226 - - [04/Feb/2023:20:25:47 -0600] "GET /laravel/.env HTTP/1.1" 301 253 "-" "Mozilla/5.0 (X11; Linux x86_64) AppleWebKit/537.36 (KHTML, like Gecko) Chrome/81.0.4044.129 Safari/537.36"
109.237.98.226 - - [04/Feb/2023:20:25:47 -0600] "POST /laravel/.env HTTP/1.1" 301 253 "-" "Mozilla/5.0 (X11; Linux x86_64) AppleWebKit/537.36 (KHTML, like Gecko) Chrome/81.0.4044.129 Safari/537.36"
109.237.98.226 - - [04/Feb/2023:20:25:48 -0600] "GET /demo/.env HTTP/1.1" 301 250 "-" "Mozilla/5.0 (X11; Linux x86_64) AppleWebKit/537.36 (KHTML, like Gecko) Chrome/81.0.4044.129 Safari/537.36"
109.237.98.226 - - [04/Feb/2023:20:25:48 -0600] "POST /demo/.env HTTP/1.1" 301 250 "-" "Mozilla/5.0 (X11; Linux x86_64) AppleWebKit/537.36 (KHTML, like Gecko) Chrome/81.0.4044.129 Safari/537.36"
109.237.98.226 - - [04/Feb/2023:20:25:48 -0600] "GET /web/.env HTTP/1.1" 301 249 "-" "Mozilla/5.0 (X11; Linux x86_64) AppleWebKit/537.36 (KHTML, like Gecko) Chrome/81.0.4044.129 Safari/537.36"
109.237.98.226 - - [04/Feb/2023:20:25:49 -0600] "POST /web/.env HTTP/1.1" 301 249 "-" "Mozilla/5.0 (X11; Linux x86_64) AppleWebKit/537.36 (KHTML, like Gecko) Chrome/81.0.4044.129 Safari/537.36"
109.237.98.226 - - [04/Feb/2023:20:25:49 -0600] "GET /phpinfo HTTP/1.1" 301 248 "-" "Mozilla/5.0 (X11; Linux x86_64) AppleWebKit/537.36 (KHTML, like Gecko) Chrome/81.0.4044.129 Safari/537.36"
109.237.98.226 - - [04/Feb/2023:20:25:49 -0600] "POST /phpinfo HTTP/1.1" 301 248 "-" "Mozilla/5.0 (X11; Linux x86_64) AppleWebKit/537.36 (KHTML, like Gecko) Chrome/81.0.4044.129 Safari/537.36"
194.87.151.204 - - [04/Feb/2023:20:34:32 -0600] "GET / HTTP/1.1" 301 241 "http://194.195.210.97:80/left.html" "Mozilla/5.0 (X11; Ubuntu; Linux x86_64; rv:77.0) Gecko/20100101 Firefox/77.0"
216.218.206.69 - - [04/Feb/2023:20:38:55 -0600] "GET / HTTP/1.1" 301 241 "-" "Mozilla/5.0 (Windows NT 10.0; Win64; x64) AppleWebKit/537.36 (KHTML, like Gecko) Chrome/103.0.0.0 Safari/537.36"
216.218.206.69 - - [04/Feb/2023:20:40:32 -0600] "GET / HTTP/1.1" 301 241 "-" "Mozilla/5.0 (X11; Linux x86_64) AppleWebKit/537.36 (KHTML, like Gecko) Chrome/105.0.0.0 Safari/537.36"
216.218.206.69 - - [04/Feb/2023:20:41:19 -0600] "GET /favicon.ico HTTP/1.1" 301 252 "-" "Mozilla/5.0 (Windows NT 10.0; Win64; x64) AppleWebKit/537.36 (KHTML, like Gecko) Chrome/105.0.0.0 Safari/537.36 Edg/105.0.1343.50"
193.32.162.159 - - [04/Feb/2023:20:48:50 -0600] "GET / HTTP/1.1" 301 241 "-" "Mozilla/5.0 (Windows NT 10.0; Win64; x64) AppleWebKit/537.36 (KHTML, like Gecko) Chrome/90.0.4430.85 Safari/537.36 Edg/90.0.818.46"
185.224.128.219 - - [04/Feb/2023:20:56:36 -0600] "GET /admin/config.php HTTP/1.1" 301 257 "-" "python-requests/2.22.0"
143.110.222.166 - - [04/Feb/2023:21:05:08 -0600] "GET / HTTP/1.1" 301 241 "-" "Mozilla/5.0 (iPhone; CPU iPhone OS 16_1 like Mac OS X) AppleWebKit/605.1.15 (KHTML, like Gecko) Version/16.1 Mobile/15E148 Safari/604.1"
185.224.128.219 - - [04/Feb/2023:21:08:28 -0600] "GET /admin/config.php HTTP/1.1" 301 257 "-" "python-requests/2.22.0"
5.161.189.9 - - [04/Feb/2023:21:13:41 -0600] "GET /wp-login.php HTTP/1.1" 301 253 "-" "Mozilla/5.0 (Windows NT 10.0; Win64; x64) AppleWebKit/537.36 (KHTML, like Gecko) Chrome/64.0.3282.140 Safari/537.36 Edge/18.17763"
206.189.3.165 - - [04/Feb/2023:21:36:11 -0600] "\x16\x03\x01" 400 226 "-" "-"
206.189.3.165 - - [04/Feb/2023:21:36:12 -0600] "\x16\x03\x01" 400 226 "-" "-"
206.189.3.165 - - [04/Feb/2023:21:36:12 -0600] "GET / HTTP/1.1" 301 241 "-" "Mozilla/5.0 (Windows NT 10.0; Win64; x64) AppleWebKit/537.36 (KHTML, like Gecko) Chrome/108.0.0.0 Safari/537.36"
193.32.162.159 - - [04/Feb/2023:21:37:25 -0600] "GET / HTTP/1.1" 301 241 "-" "Mozilla/5.0 (Windows NT 10.0; Win64; x64) AppleWebKit/537.36 (KHTML, like Gecko) Chrome/90.0.4430.85 Safari/537.36 Edg/90.0.818.46"
35.90.231.248 - - [04/Feb/2023:21:52:42 -0600] "GET / HTTP/1.1" 301 241 "-" "Mozilla/5.0 (X11; Linux x86_64) AppleWebKit/537.36 (KHTML, like Gecko) Chrome/83.0.4103.97 Safari/537.36"
54.201.137.57 - - [04/Feb/2023:21:53:19 -0600] "GET /favicon.ico HTTP/1.1" 301 252 "-" "Mozilla/5.0 (X11; Linux x86_64) AppleWebKit/537.36 (KHTML, like Gecko) Chrome/83.0.4103.97 Safari/537.36"
54.201.137.57 - - [04/Feb/2023:21:53:20 -0600] "GET / HTTP/1.1" 301 241 "-" "Mozilla/5.0 (X11; Linux x86_64) AppleWebKit/537.36 (KHTML, like Gecko) Chrome/83.0.4103.97 Safari/537.36"
143.110.222.166 - - [04/Feb/2023:22:05:27 -0600] "GET / HTTP/1.1" 301 241 "-" "Mozilla/5.0 (iPhone; CPU iPhone OS 16_1 like Mac OS X) AppleWebKit/605.1.15 (KHTML, like Gecko) Version/16.1 Mobile/15E148 Safari/604.1"
35.195.93.98 - - [04/Feb/2023:22:15:22 -0600] "GET / HTTP/1.1" 301 241 "-" "python-requests/2.28.2"
193.32.162.159 - - [04/Feb/2023:22:15:24 -0600] "GET / HTTP/1.1" 301 241 "-" "Mozilla/5.0 (Windows NT 10.0; Win64; x64) AppleWebKit/537.36 (KHTML, like Gecko) Chrome/90.0.4430.85 Safari/537.36 Edg/90.0.818.46"
138.197.201.118 - - [04/Feb/2023:22:16:12 -0600] "GET / HTTP/1.0" 301 241 "-" "-"
193.32.162.159 - - [04/Feb/2023:23:19:09 -0600] "GET / HTTP/1.1" 301 241 "-" "Mozilla/5.0 (Windows NT 10.0; Win64; x64) AppleWebKit/537.36 (KHTML, like Gecko) Chrome/90.0.4430.85 Safari/537.36 Edg/90.0.818.46"
45.9.110.186 - - [04/Feb/2023:23:52:28 -0600] "GET / HTTP/1.1" 301 241 "-" "Mozilla/5.0 (Macintosh; Intel Mac OS X 10.11; rv:47.0) Gecko/20100101 Firefox/47.0"
45.9.110.186 - - [04/Feb/2023:23:52:30 -0600] "GET / HTTP/1.1" 301 241 "-" "Mozilla/5.0 (Windows NT 6.1; WOW64) AppleWebKit/537.36 (KHTML, like Gecko) Chrome/63.0.3239.132 Safari/537.36 QIHU 360SE"
45.9.110.186 - - [04/Feb/2023:23:52:31 -0600] "GET /favicon.ico HTTP/1.1" 301 252 "-" "Mozilla/5.0 (Windows NT 6.1; WOW64) AppleWebKit/537.36 (KHTML, like Gecko) Chrome/63.0.3239.132 Safari/537.36 QIHU 360SE"
45.9.110.186 - - [04/Feb/2023:23:52:32 -0600] "GET /robots.txt HTTP/1.1" 301 251 "-" "Mozilla/5.0 (Windows NT 6.1; WOW64) AppleWebKit/537.36 (KHTML, like Gecko) Chrome/63.0.3239.132 Safari/537.36 QIHU 360SE"
20.172.164.82 - - [04/Feb/2023:23:52:47 -0600] "GET /.env HTTP/1.1" 301 245 "-" "Mozilla/5.0 (X11; Linux x86_64) AppleWebKit/537.36 (KHTML, like Gecko) Chrome/81.0.4044.129 Safari/537.36"
20.172.164.82 - - [04/Feb/2023:23:52:47 -0600] "POST / HTTP/1.1" 301 241 "-" "Mozilla/5.0 (X11; Linux x86_64) AppleWebKit/537.36 (KHTML, like Gecko) Chrome/81.0.4044.129 Safari/537.36"
162.243.144.9 - - [05/Feb/2023:00:00:13 -0600] "GET / HTTP/1.1" 301 241 "-" "Mozilla/5.0 zgrab/0.x"
143.110.222.166 - - [05/Feb/2023:00:04:15 -0600] "GET / HTTP/1.1" 301 241 "-" "Mozilla/5.0 (iPhone; CPU iPhone OS 16_1 like Mac OS X) AppleWebKit/605.1.15 (KHTML, like Gecko) Version/16.1 Mobile/15E148 Safari/604.1"
162.142.125.8 - - [05/Feb/2023:00:50:17 -0600] "GET / HTTP/1.1" 301 241 "-" "-"
162.142.125.8 - - [05/Feb/2023:00:50:17 -0600] "GET / HTTP/1.1" 301 241 "-" "Mozilla/5.0 (compatible; CensysInspect/1.1; +https://about.censys.io/)"
162.142.125.8 - - [05/Feb/2023:00:50:17 -0600] "PRI * HTTP/2.0" 400 226 "-" "-"
193.32.162.159 - - [05/Feb/2023:01:09:01 -0600] "GET / HTTP/1.1" 301 241 "-" "Mozilla/5.0 (Windows NT 10.0; Win64; x64) AppleWebKit/537.36 (KHTML, like Gecko) Chrome/90.0.4430.85 Safari/537.36 Edg/90.0.818.46"
67.21.36.5 - - [05/Feb/2023:01:17:03 -0600] "\x05I" 400 226 "-" "-"
152.89.196.211 - - [05/Feb/2023:01:18:48 -0600] "POST /vendor/phpunit/phpunit/src/Util/PHP/eval-stdin.php HTTP/1.1" 301 291 "-" "Mozilla/5.0 (Windows NT 10.0; Win64; x64) AppleWebKit/537.36 (KHTML, like Gecko) Chrome/78.0.3904.108 Safari/537.36"
103.60.60.186 - - [05/Feb/2023:01:18:51 -0600] "GET /.env HTTP/1.1" 301 245 "-" "Mozilla/5.0 (X11; Linux x86_64) AppleWebKit/537.36 (KHTML, like Gecko) Chrome/81.0.4044.129 Safari/537.36"
103.60.60.186 - - [05/Feb/2023:01:18:51 -0600] "POST / HTTP/1.1" 301 241 "-" "Mozilla/5.0 (X11; Linux x86_64) AppleWebKit/537.36 (KHTML, like Gecko) Chrome/81.0.4044.129 Safari/537.36"
143.110.222.166 - - [05/Feb/2023:01:24:11 -0600] "GET / HTTP/1.1" 301 241 "-" "Mozilla/5.0 (iPhone; CPU iPhone OS 16_1 like Mac OS X) AppleWebKit/605.1.15 (KHTML, like Gecko) Version/16.1 Mobile/15E148 Safari/604.1"
152.89.196.211 - - [05/Feb/2023:01:31:07 -0600] "GET /vendor/phpunit/phpunit/src/Util/PHP/eval-stdin.php HTTP/1.1" 301 291 "-" "Mozilla/5.0 (Windows NT 10.0; Win64; x64) AppleWebKit/537.36 (KHTML, like Gecko) Chrome/78.0.3904.108 Safari/537.36"
167.94.145.57 - - [05/Feb/2023:01:33:47 -0600] "GET / HTTP/1.1" 301 241 "-" "-"
167.94.145.57 - - [05/Feb/2023:01:33:47 -0600] "GET / HTTP/1.1" 301 241 "-" "Mozilla/5.0 (compatible; CensysInspect/1.1; +https://about.censys.io/)"
167.94.145.57 - - [05/Feb/2023:01:33:47 -0600] "PRI * HTTP/2.0" 400 226 "-" "-"
152.89.196.211 - - [05/Feb/2023:01:35:45 -0600] "GET /solr/admin/info/system?wt=json HTTP/1.1" 301 271 "-" "Mozilla/5.0 (Windows NT 10.0; Win64; x64) AppleWebKit/537.36 (KHTML, like Gecko) Chrome/78.0.3904.108 Safari/537.36"
152.89.196.211 - - [05/Feb/2023:01:44:00 -0600] "GET /index.php?s=/Index/\\think\\app/invokefunction&function=call_user_func_array&vars[0]=md5&vars[1][]=HelloThinkPHP21 HTTP/1.1" 301 365 "-" "Mozilla/5.0 (Windows NT 10.0; Win64; x64) AppleWebKit/537.36 (KHTML, like Gecko) Chrome/78.0.3904.108 Safari/537.36"
143.110.222.166 - - [05/Feb/2023:02:04:51 -0600] "GET / HTTP/1.1" 301 241 "-" "Mozilla/5.0 (iPhone; CPU iPhone OS 16_1 like Mac OS X) AppleWebKit/605.1.15 (KHTML, like Gecko) Version/16.1 Mobile/15E148 Safari/604.1"
152.89.196.211 - - [05/Feb/2023:02:22:48 -0600] "GET /?XDEBUG_SESSION_START=phpstorm HTTP/1.1" 301 271 "-" "Mozilla/5.0 (Windows NT 10.0; Win64; x64) AppleWebKit/537.36 (KHTML, like Gecko) Chrome/78.0.3904.108 Safari/537.36"
185.224.128.219 - - [05/Feb/2023:02:23:57 -0600] "GET /admin/config.php HTTP/1.1" 301 257 "-" "python-requests/2.22.0"
104.152.52.85 - - [05/Feb/2023:02:26:14 -0600] "GET / HTTP/1.0" 301 241 "-" "masscan/1.3 (https://github.com/robertdavidgraham/masscan)"
152.89.196.211 - - [05/Feb/2023:02:26:57 -0600] "GET /console/ HTTP/1.1" 301 249 "-" "Mozilla/5.0 (Windows NT 10.0; Win64; x64) AppleWebKit/537.36 (KHTML, like Gecko) Chrome/78.0.3904.108 Safari/537.36"
185.246.220.98 - - [05/Feb/2023:02:37:18 -0600] "POST /boaform/admin/formLogin HTTP/1.1" 301 264 "http://194.195.210.97:80/admin/login.asp" "Mozilla/5.0 (X11; Ubuntu; Linux x86_64; rv:71.0) Gecko/20100101 Firefox/71.0"
152.89.196.211 - - [05/Feb/2023:02:46:46 -0600] "POST /Autodiscover/Autodiscover.xml HTTP/1.1" 301 270 "-" "Mozilla/5.0 (Windows NT 10.0; Win64; x64) AppleWebKit/537.36 (KHTML, like Gecko) Chrome/78.0.3904.108 Safari/537.36"
185.246.220.98 - - [05/Feb/2023:02:49:08 -0600] "GET / HTTP/1.1" 301 241 "-" "Mozilla/5.0 (X11; Ubuntu; Linux x86_64; rv:76.0) Gecko/20100101 Firefox/76.0"
167.248.133.119 - - [05/Feb/2023:02:49:53 -0600] "GET / HTTP/1.1" 301 241 "-" "-"
167.248.133.119 - - [05/Feb/2023:02:49:53 -0600] "GET / HTTP/1.1" 301 241 "-" "Mozilla/5.0 (compatible; CensysInspect/1.1; +https://about.censys.io/)"
167.248.133.119 - - [05/Feb/2023:02:49:53 -0600] "PRI * HTTP/2.0" 400 226 "-" "-"
152.89.196.211 - - [05/Feb/2023:02:50:04 -0600] "GET /_ignition/execute-solution HTTP/1.1" 301 267 "-" "Mozilla/5.0 (Windows NT 10.0; Win64; x64) AppleWebKit/537.36 (KHTML, like Gecko) Chrome/78.0.3904.108 Safari/537.36"
152.89.196.211 - - [05/Feb/2023:03:02:37 -0600] "GET / HTTP/1.1" 301 241 "-" "Mozilla/5.0 (Windows NT 10.0; Win64; x64) AppleWebKit/537.36 (KHTML, like Gecko) Chrome/78.0.3904.108 Safari/537.36"
115.90.104.10 - - [05/Feb/2023:03:04:19 -0600] "GET / HTTP/1.1" 301 241 "-" "Hello World"
143.110.222.166 - - [05/Feb/2023:03:08:30 -0600] "GET / HTTP/1.1" 301 241 "-" "Mozilla/5.0 (iPhone; CPU iPhone OS 16_1 like Mac OS X) AppleWebKit/605.1.15 (KHTML, like Gecko) Version/16.1 Mobile/15E148 Safari/604.1"
195.144.235.42 - - [05/Feb/2023:03:18:37 -0600] "GET / HTTP/1.1" 301 241 "-" "Mozilla/5.0 (Windows NT 10.0; WOW64) AppleWebKit/537.36 (KHTML, like Gecko) Chrome/52.0.2743.116 Safari/537.36"
5.253.86.248 - - [05/Feb/2023:03:22:49 -0600] "CONNECT www.google.com:443 HTTP/1.1" 301 241 "-" "Go-http-client/1.1"
193.32.162.159 - - [05/Feb/2023:03:23:39 -0600] "GET / HTTP/1.1" 301 241 "-" "Mozilla/5.0 (Windows NT 10.0; Win64; x64) AppleWebKit/537.36 (KHTML, like Gecko) Chrome/90.0.4430.85 Safari/537.36 Edg/90.0.818.46"
152.89.196.211 - - [05/Feb/2023:03:29:06 -0600] "GET / HTTP/1.1" 301 241 "-" "Mozilla/5.0 (Windows NT 10.0; Win64; x64) AppleWebKit/537.36 (KHTML, like Gecko) Chrome/78.0.3904.108 Safari/537.36"
94.102.61.10 - - [05/Feb/2023:03:30:03 -0600] "GET / HTTP/1.1" 301 241 "-" "Mozilla/5.0 (Windows NT 10.0; Win64; x64) AppleWebKit/537.36 (KHTML, like Gecko) Chrome/88.0.4324.190 Safari/537.36"
179.43.177.242 - - [05/Feb/2023:03:45:19 -0600] "GET / HTTP/1.1" 301 241 "-" "Hello World"
